Initialized native services in: /Users/admin/.gradle/native
Initialized jansi services in: /Users/admin/.gradle/native
The client will now receive all logging from the daemon (pid: 54803). The daemon log file: /Users/admin/.gradle/daemon/8.14.3/daemon-54803.out.log
Starting 25th build in daemon [uptime: 56 mins 33.352 secs, performance: 99%, GC rate: 0.00/s, heap usage: 2% of 512 MiB, non-heap usage: 27% of 384 MiB]
Using 8 worker leases.
Now considering [/Users/admin/Documents/codepresso-cafe-platform] as hierarchies to watch
Watching the file system is configured to be enabled if available
File system watching is active
Starting Build
Settings evaluated using settings file '/Users/admin/Documents/codepresso-cafe-platform/settings.gradle'.
Projects loaded. Root project using build file '/Users/admin/Documents/codepresso-cafe-platform/build.gradle'.
Included projects: [root project 'codepresso']

> Configure project :
Evaluating root project 'codepresso' using build file '/Users/admin/Documents/codepresso-cafe-platform/build.gradle'.
Resolved plugin [id: 'java']
Resolved plugin [id: 'org.springframework.boot', version: '3.5.5']
Resolved plugin [id: 'io.spring.dependency-management', version: '1.1.7']
Applying dependency management to configuration 'annotationProcessor' in project 'codepresso'
Applying dependency management to configuration 'apiElements' in project 'codepresso'
Applying dependency management to configuration 'archives' in project 'codepresso'
Applying dependency management to configuration 'bootArchives' in project 'codepresso'
Applying dependency management to configuration 'compileClasspath' in project 'codepresso'
Applying dependency management to configuration 'compileOnly' in project 'codepresso'
Applying dependency management to configuration 'default' in project 'codepresso'
Applying dependency management to configuration 'developmentOnly' in project 'codepresso'
Applying dependency management to configuration 'implementation' in project 'codepresso'
Applying dependency management to configuration 'mainSourceElements' in project 'codepresso'
Applying dependency management to configuration 'productionRuntimeClasspath' in project 'codepresso'
Applying dependency management to configuration 'runtimeClasspath' in project 'codepresso'
Applying dependency management to configuration 'runtimeElements' in project 'codepresso'
Applying dependency management to configuration 'runtimeOnly' in project 'codepresso'
Applying dependency management to configuration 'testAndDevelopmentOnly' in project 'codepresso'
Applying dependency management to configuration 'testAnnotationProcessor' in project 'codepresso'
Applying dependency management to configuration 'testCompileClasspath' in project 'codepresso'
Applying dependency management to configuration 'testCompileOnly' in project 'codepresso'
Applying dependency management to configuration 'testImplementation' in project 'codepresso'
Applying dependency management to configuration 'testResultsElementsForTest' in project 'codepresso'
Applying dependency management to configuration 'testRuntimeClasspath' in project 'codepresso'
Applying dependency management to configuration 'testRuntimeOnly' in project 'codepresso'
All projects evaluated.
Task name matched 'test'
Selected primary task 'test' from project :
Starting process 'command '/usr/libexec/java_home''. Working directory: /Users/admin/.gradle/daemon/8.14.3 Command: /usr/libexec/java_home -V
Successfully started process 'command '/usr/libexec/java_home''
Resolving global dependency management for project 'codepresso'
Excluding [com.google.protobuf:protobuf-java]
Excluding []
Excluding []
Excluding []
Excluding []
Excluding []
Tasks to be executed: [task ':compileJava', task ':processResources', task ':classes', task ':compileTestJava', task ':processTestResources', task ':testClasses', task ':test']
Tasks that were excluded: []
Resolve mutations for :compileJava (Thread[#2726,Execution worker,5,main]) started.
:compileJava (Thread[#2726,Execution worker,5,main]) started.

> Task :compileJava UP-TO-DATE
Custom actions are attached to task ':compileJava'.
Caching disabled for task ':compileJava' because:
  Build cache is disabled
Skipping task ':compileJava' as it is up-to-date.
Resolve mutations for :processResources (Thread[#2726,Execution worker,5,main]) started.
:processResources (Thread[#2726,Execution worker,5,main]) started.

> Task :processResources UP-TO-DATE
Caching disabled for task ':processResources' because:
  Build cache is disabled
  Not worth caching
Skipping task ':processResources' as it is up-to-date.
Resolve mutations for :classes (Thread[#2726,Execution worker,5,main]) started.
:classes (Thread[#2726,Execution worker,5,main]) started.

> Task :classes UP-TO-DATE
Skipping task ':classes' as it has no actions.
Resolve mutations for :compileTestJava (Thread[#2726,Execution worker,5,main]) started.
:compileTestJava (Thread[#2726,Execution worker,5,main]) started.

> Task :compileTestJava UP-TO-DATE
Custom actions are attached to task ':compileTestJava'.
Caching disabled for task ':compileTestJava' because:
  Build cache is disabled
Skipping task ':compileTestJava' as it is up-to-date.
Resolve mutations for :processTestResources (Thread[#2726,Execution worker,5,main]) started.
:processTestResources (Thread[#2726,Execution worker,5,main]) started.

> Task :processTestResources UP-TO-DATE
Caching disabled for task ':processTestResources' because:
  Build cache is disabled
  Not worth caching
Skipping task ':processTestResources' as it is up-to-date.
Resolve mutations for :testClasses (Thread[#2726,Execution worker,5,main]) started.
:testClasses (Thread[#2726,Execution worker,5,main]) started.

> Task :testClasses UP-TO-DATE
Skipping task ':testClasses' as it has no actions.
Resolve mutations for :test (Thread[#2726,Execution worker,5,main]) started.
:test (Thread[#2726,Execution worker,5,main]) started.
Gradle Test Executor 10 started executing tests.

> Task :test
Caching disabled for task ':test' because:
  Build cache is disabled
Task ':test' is not up-to-date because:
  Task has failed previously.
Starting process 'Gradle Test Executor 10'. Working directory: /Users/admin/Documents/codepresso-cafe-platform Command: /Users/admin/Library/Java/JavaVirtualMachines/ms-21.0.8/Contents/Home/bin/java -Dorg.gradle.internal.worker.tmpdir=/Users/admin/Documents/codepresso-cafe-platform/build/tmp/test/work @/Users/admin/.gradle/.tmp/gradle-worker-classpath15418088550303027027txt -Xmx512m -Dfile.encoding=UTF-8 -Duser.country=KR -Duser.language=ko -Duser.variant -ea worker.org.gradle.process.internal.worker.GradleWorkerMain 'Gradle Test Executor 10'
Successfully started process 'Gradle Test Executor 10'

FavoriteConcurrencyTest STANDARD_OUT
    16:24:23.477 [Test worker] INFO org.springframework.test.context.support.AnnotationConfigContextLoaderUtils -- Could not detect default configuration classes for test class [com.codepresso.codepresso.service.member.FavoriteConcurrencyTest]: FavoriteConcurrencyTest does not declare any static, non-private, non-final, nested classes annotated with @Configuration.
    16:24:23.581 [Test worker] INFO org.springframework.boot.test.context.SpringBootTestContextBootstrapper -- Found @SpringBootConfiguration com.codepresso.codepresso.CodepressoApplication for test class com.codepresso.codepresso.service.member.FavoriteConcurrencyTest

      .   ____          _            __ _ _
     /\\ / ___'_ __ _ _(_)_ __  __ _ \ \ \ \
    ( ( )\___ | '_ | '_| | '_ \/ _` | \ \ \ \
     \\/  ___)| |_)| | | | | || (_| |  ) ) ) )
      '  |____| .__|_| |_|_| |_\__, | / / / /
     =========|_|==============|___/=/_/_/_/

     :: Spring Boot ::                (v3.5.5)

    16:24:23.910 [Test worker] INFO  c.c.c.s.m.FavoriteConcurrencyTest - Starting FavoriteConcurrencyTest using Java 21.0.8 with PID 57526 (started by admin in /Users/admin/Documents/codepresso-cafe-platform)
    16:24:23.911 [Test worker] DEBUG c.c.c.s.m.FavoriteConcurrencyTest - Running with Spring Boot v3.5.5, Spring v6.2.10
    16:24:23.911 [Test worker] INFO  c.c.c.s.m.FavoriteConcurrencyTest - The following 1 profile is active: "test"
    16:24:24.634 [Test worker] INFO  o.s.d.r.c.RepositoryConfigurationDelegate - Bootstrapping Spring Data JPA repositories in DEFAULT mode.
    16:24:24.697 [Test worker] INFO  o.s.d.r.c.RepositoryConfigurationDelegate - Finished Spring Data repository scanning in 56 ms. Found 20 JPA repository interfaces.
    16:24:25.060 [Test worker] INFO  o.h.jpa.internal.util.LogHelper - HHH000204: Processing PersistenceUnitInfo [name: default]
    16:24:25.088 [Test worker] INFO  org.hibernate.Version - HHH000412: Hibernate ORM core version 6.6.26.Final
    16:24:25.107 [Test worker] INFO  o.h.c.i.RegionFactoryInitiator - HHH000026: Second-level cache disabled
    16:24:25.276 [Test worker] INFO  o.s.o.j.p.SpringPersistenceUnitInfo - No LoadTimeWeaver setup: ignoring JPA class transformer
    16:24:25.292 [Test worker] INFO  com.zaxxer.hikari.HikariDataSource - HikariPool-1 - Starting...
    16:24:25.444 [Test worker] INFO  com.zaxxer.hikari.pool.HikariPool - HikariPool-1 - Added connection conn0: url=jdbc:h2:mem:testdb user=SA
    16:24:25.445 [Test worker] INFO  com.zaxxer.hikari.HikariDataSource - HikariPool-1 - Start completed.
    16:24:25.459 [Test worker] WARN  org.hibernate.orm.deprecation - HHH90000025: H2Dialect does not need to be specified explicitly using 'hibernate.dialect' (remove the property setting and it will be selected by default)
    16:24:25.473 [Test worker] INFO  o.hibernate.orm.connections.pooling - HHH10001005: Database info:
    	Database JDBC URL [Connecting through datasource 'HikariDataSource (HikariPool-1)']
    	Database driver: undefined/unknown
    	Database version: 2.3.232
    	Autocommit mode: undefined/unknown
    	Isolation level: undefined/unknown
    	Minimum pool size: undefined/unknown
    	Maximum pool size: undefined/unknown
    16:24:26.335 [Test worker] INFO  o.h.e.t.j.p.i.JtaPlatformInitiator - HHH000489: No JTA platform available (set 'hibernate.transaction.jta.platform' to enable JTA platform integration)
    16:24:26.344 [Test worker] DEBUG org.hibernate.SQL - 
        drop table if exists allergen cascade 
    16:24:26.346 [Test worker] DEBUG org.hibernate.SQL - 
        drop table if exists board cascade 
    16:24:26.346 [Test worker] DEBUG org.hibernate.SQL - 
        drop table if exists board_type cascade 
    16:24:26.347 [Test worker] DEBUG org.hibernate.SQL - 
        drop table if exists branch cascade 
    16:24:26.347 [Test worker] DEBUG org.hibernate.SQL - 
        drop table if exists cart cascade 
    16:24:26.347 [Test worker] DEBUG org.hibernate.SQL - 
        drop table if exists cart_item cascade 
    16:24:26.347 [Test worker] DEBUG org.hibernate.SQL - 
        drop table if exists cart_option cascade 
    16:24:26.347 [Test worker] DEBUG org.hibernate.SQL - 
        drop table if exists category cascade 
    16:24:26.347 [Test worker] DEBUG org.hibernate.SQL - 
        drop table if exists coupon_type cascade 
    16:24:26.347 [Test worker] DEBUG org.hibernate.SQL - 
        drop table if exists favorite cascade 
    16:24:26.347 [Test worker] DEBUG org.hibernate.SQL - 
        drop table if exists hashtag cascade 
    16:24:26.347 [Test worker] DEBUG org.hibernate.SQL - 
        drop table if exists member cascade 
    16:24:26.348 [Test worker] DEBUG org.hibernate.SQL - 
        drop table if exists member_coupon cascade 
    16:24:26.348 [Test worker] DEBUG org.hibernate.SQL - 
        drop table if exists nutrition_info cascade 
    16:24:26.348 [Test worker] DEBUG org.hibernate.SQL - 
        drop table if exists option_name cascade 
    16:24:26.348 [Test worker] DEBUG org.hibernate.SQL - 
        drop table if exists option_style cascade 
    16:24:26.348 [Test worker] DEBUG org.hibernate.SQL - 
        drop table if exists order_detail cascade 
    16:24:26.348 [Test worker] DEBUG org.hibernate.SQL - 
        drop table if exists order_item_options cascade 
    16:24:26.348 [Test worker] DEBUG org.hibernate.SQL - 
        drop table if exists orders cascade 
    16:24:26.348 [Test worker] DEBUG org.hibernate.SQL - 
        drop table if exists payment cascade 
    16:24:26.349 [Test worker] DEBUG org.hibernate.SQL - 
        drop table if exists payment_detail cascade 
    16:24:26.349 [Test worker] DEBUG org.hibernate.SQL - 
        drop table if exists payment_type cascade 
    16:24:26.349 [Test worker] DEBUG org.hibernate.SQL - 
        drop table if exists product cascade 
    16:24:26.349 [Test worker] DEBUG org.hibernate.SQL - 
        drop table if exists product_option cascade 
    16:24:26.349 [Test worker] DEBUG org.hibernate.SQL - 
        drop table if exists review cascade 
    16:24:26.349 [Test worker] DEBUG org.hibernate.SQL - 
        drop table if exists stamp cascade 
    16:24:26.353 [Test worker] DEBUG org.hibernate.SQL - 
        create table allergen (
            allergen_id bigint generated by default as identity,
            product_id bigint,
            allergen_code varchar(255),
            allergen_name varchar(255) not null,
            primary key (allergen_id)
        )
    16:24:26.358 [Test worker] DEBUG org.hibernate.SQL - 
        create table board (
            board_id bigint generated by default as identity,
            board_type_id bigint not null,
            field timestamp(6),
            member_id bigint not null,
            parent_id bigint,
            status_tag varchar(20),
            title varchar(200),
            content TEXT,
            primary key (board_id)
        )
    16:24:26.359 [Test worker] DEBUG org.hibernate.SQL - 
        create table board_type (
            board_type_id bigint generated by default as identity,
            board_type_name varchar(100),
            board_type_description varchar(500),
            primary key (board_type_id)
        )
    16:24:26.360 [Test worker] DEBUG org.hibernate.SQL - 
        create table branch (
            closing_time time(6),
            latitude float(53),
            longitude float(53),
            open boolean,
            opening_time time(6),
            branch_id bigint generated by default as identity,
            branch_number varchar(20),
            branch_name varchar(100),
            photo_url varchar(500),
            address varchar(255),
            primary key (branch_id)
        )
    16:24:26.361 [Test worker] DEBUG org.hibernate.SQL - 
        create table cart (
            cart_id bigint generated by default as identity,
            member_id bigint not null unique,
            primary key (cart_id)
        )
    16:24:26.362 [Test worker] DEBUG org.hibernate.SQL - 
        create table cart_item (
            price integer not null,
            quantity integer not null,
            cart_id bigint not null,
            cart_item_id bigint generated by default as identity,
            product_id bigint not null,
            primary key (cart_item_id)
        )
    16:24:26.363 [Test worker] DEBUG org.hibernate.SQL - 
        create table cart_option (
            cart_item_id bigint not null,
            cart_option_id bigint generated by default as identity,
            product_option_id bigint not null,
            primary key (cart_option_id)
        )
    16:24:26.364 [Test worker] DEBUG org.hibernate.SQL - 
        create table category (
            display_order tinyint,
            level tinyint,
            category_id bigint generated by default as identity,
            parent_category_id bigint,
            category_code varchar(255),
            category_name varchar(255),
            primary key (category_id)
        )
    16:24:26.365 [Test worker] DEBUG org.hibernate.SQL - 
        create table coupon_type (
            coupon_id bigint generated by default as identity,
            valid_period timestamp(6),
            coupon_type varchar(30),
            available_menu varchar(255),
            primary key (coupon_id)
        )
    16:24:26.365 [Test worker] DEBUG org.hibernate.SQL - 
        create table favorite (
            orderby integer,
            member_id bigint not null,
            product_id bigint not null,
            primary key (member_id, product_id)
        )
    16:24:26.366 [Test worker] DEBUG org.hibernate.SQL - 
        create table hashtag (
            hashtag_id bigint generated by default as identity,
            product_id bigint,
            hashtag_name varchar(255),
            primary key (hashtag_id)
        )
    16:24:26.367 [Test worker] DEBUG org.hibernate.SQL - 
        create table member (
            birth_date date,
            last_login_at datetime,
            member_id bigint generated by default as identity,
            phone varchar(20),
            account_id varchar(50) not null,
            name varchar(50),
            nickname varchar(50) not null,
            password varchar(100),
            email varchar(255),
            profile_image varchar(255),
            role enum ('ADMIN','USER') not null,
            primary key (member_id),
            constraint uq_member_account unique (account_id),
            constraint uq_member_nickname unique (nickname),
            constraint uq_member_email unique (email)
        )
    16:24:26.369 [Test worker] DEBUG org.hibernate.SQL - 
        create table member_coupon (
            coupon_id bigint not null,
            expiry_date timestamp(6),
            issued_date timestamp(6),
            member_coupon_id bigint generated by default as identity,
            member_id bigint not null,
            status enum ('UNUSED','USED'),
            primary key (member_coupon_id)
        )
    16:24:26.370 [Test worker] DEBUG org.hibernate.SQL - 
        create table nutrition_info (
            caffeine DECIMAL(5,1) DEFAULT 0.0,
            calories float(53) not null,
            carbohydrate float(53) not null,
            cholesterol integer not null,
            fat float(53) not null,
            protein float(53) not null,
            saturated_fat float(53) not null,
            sodium float(53) not null,
            sugar float(53) not null,
            trans_fat float(53) not null,
            nutrition_info_id bigint generated by default as identity,
            product_id bigint unique,
            primary key (nutrition_info_id)
        )
    16:24:26.371 [Test worker] DEBUG org.hibernate.SQL - 
        create table option_name (
            option_name_id bigint generated by default as identity,
            option_name varchar(30),
            primary key (option_name_id)
        )
    16:24:26.372 [Test worker] DEBUG org.hibernate.SQL - 
        create table option_style (
            extra_price integer,
            option_name_id bigint not null,
            option_style_id bigint generated by default as identity,
            option_style varchar(100),
            primary key (option_style_id)
        )
    16:24:26.372 [Test worker] DEBUG org.hibernate.SQL - 
        create table order_detail (
            is_representative boolean,
            price integer,
            quantity integer,
            order_detail_id bigint generated by default as identity,
            order_id bigint not null,
            product_id bigint not null,
            primary key (order_detail_id)
        )
    16:24:26.373 [Test worker] DEBUG org.hibernate.SQL - 
        create table order_item_options (
            option_id bigint not null,
            order_detail_id bigint not null,
            order_item_options_id bigint generated by default as identity,
            primary key (order_item_options_id)
        )
    16:24:26.374 [Test worker] DEBUG org.hibernate.SQL - 
        create table orders (
            discount_amount integer,
            final_amount integer,
            pickup boolean,
            takeout boolean,
            total_amount integer,
            branch_id bigint not null,
            member_id bigint not null,
            order_date timestamp(6),
            order_id bigint generated by default as identity,
            pickup_time timestamp(6),
            used_coupon_id bigint,
            production_status varchar(50),
            request_note varchar(100),
            primary key (order_id)
        )
    16:24:26.374 [Test worker] DEBUG org.hibernate.SQL - 
        create table payment (
            order_id bigint not null unique,
            payment_id bigint generated by default as identity,
            primary key (payment_id)
        )
    16:24:26.378 [Test worker] DEBUG org.hibernate.SQL - 
        create table payment_detail (
            payment_amt integer,
            payment_date timestamp(6),
            payment_detail_id bigint generated by default as identity,
            payment_id bigint not null,
            payment_type_id bigint not null,
            pg_id varchar(50),
            primary key (payment_detail_id)
        )
    16:24:26.380 [Test worker] DEBUG org.hibernate.SQL - 
        create table payment_type (
            payment_type_id bigint generated by default as identity,
            payment_type_name varchar(100),
            description varchar(500),
            primary key (payment_type_id)
        )
    16:24:26.381 [Test worker] DEBUG org.hibernate.SQL - 
        create table product (
            price integer,
            category_id bigint not null,
            favorite_count bigint default 0 not null,
            product_id bigint generated by default as identity,
            version bigint,
            product_content varchar(255),
            product_name varchar(255),
            product_photo varchar(255),
            primary key (product_id)
        )
    16:24:26.381 [Test worker] DEBUG org.hibernate.SQL - 
        create table product_option (
            option_style_id bigint,
            product_id bigint not null,
            product_option_id bigint generated by default as identity,
            primary key (product_option_id)
        )
    16:24:26.382 [Test worker] DEBUG org.hibernate.SQL - 
        create table review (
            rating numeric(38,2),
            created_at timestamp(6) not null,
            member_id bigint not null,
            order_detail_id bigint not null unique,
            review_id bigint generated by default as identity,
            content varchar(500) not null,
            photo_url varchar(500),
            primary key (review_id)
        )
    16:24:26.383 [Test worker] DEBUG org.hibernate.SQL - 
        create table stamp (
            quantity integer,
            earned_date timestamp(6),
            member_id bigint not null,
            stamp_id bigint generated by default as identity,
            primary key (stamp_id)
        )
    16:24:26.384 [Test worker] DEBUG org.hibernate.SQL - 
        alter table if exists allergen 
           add constraint FK1kgkxv2lv1lf42503a3rifyfr 
           foreign key (product_id) 
           references product
    16:24:26.392 [Test worker] DEBUG org.hibernate.SQL - 
        alter table if exists board 
           add constraint FK59iw5qt320s9l10vbxey9as5p 
           foreign key (board_type_id) 
           references board_type
    16:24:26.393 [Test worker] DEBUG org.hibernate.SQL - 
        alter table if exists board 
           add constraint FKsds8ox89wwf6aihinar49rmfy 
           foreign key (member_id) 
           references member
    16:24:26.394 [Test worker] DEBUG org.hibernate.SQL - 
        alter table if exists board 
           add constraint FK9c47kd43wyyj09mk784cgxtky 
           foreign key (parent_id) 
           references board
    16:24:26.395 [Test worker] DEBUG org.hibernate.SQL - 
        alter table if exists cart 
           add constraint FKix170nytunweovf2v9137mx2o 
           foreign key (member_id) 
           references member
    16:24:26.396 [Test worker] DEBUG org.hibernate.SQL - 
        alter table if exists cart_item 
           add constraint FK1uobyhgl1wvgt1jpccia8xxs3 
           foreign key (cart_id) 
           references cart
    16:24:26.397 [Test worker] DEBUG org.hibernate.SQL - 
        alter table if exists cart_item 
           add constraint FKjcyd5wv4igqnw413rgxbfu4nv 
           foreign key (product_id) 
           references product
    16:24:26.398 [Test worker] DEBUG org.hibernate.SQL - 
        alter table if exists cart_option 
           add constraint FKq32smv1bsccrmkr0sh1tee2uf 
           foreign key (cart_item_id) 
           references cart_item
    16:24:26.399 [Test worker] DEBUG org.hibernate.SQL - 
        alter table if exists cart_option 
           add constraint FK8gp3nc32b0f4rdo5fgtqmhu2q 
           foreign key (product_option_id) 
           references product_option
    16:24:26.400 [Test worker] DEBUG org.hibernate.SQL - 
        alter table if exists category 
           add constraint FKs2ride9gvilxy2tcuv7witnxc 
           foreign key (parent_category_id) 
           references category
    16:24:26.401 [Test worker] DEBUG org.hibernate.SQL - 
        alter table if exists favorite 
           add constraint FK5w3q9ljpthkixo71hetx3ired 
           foreign key (member_id) 
           references member
    16:24:26.402 [Test worker] DEBUG org.hibernate.SQL - 
        alter table if exists favorite 
           add constraint FKbg4txsew6x3gl6r9swcq190hg 
           foreign key (product_id) 
           references product
    16:24:26.403 [Test worker] DEBUG org.hibernate.SQL - 
        alter table if exists hashtag 
           add constraint FKdukpsv1k6av71j5923ce5ns8k 
           foreign key (product_id) 
           references product
    16:24:26.404 [Test worker] DEBUG org.hibernate.SQL - 
        alter table if exists member_coupon 
           add constraint FK56n3lcfas5nsppa4bw9xuxmn7 
           foreign key (coupon_id) 
           references coupon_type
    16:24:26.404 [Test worker] DEBUG org.hibernate.SQL - 
        alter table if exists member_coupon 
           add constraint FKf8n3lu0dfwmhvcikamg220lgg 
           foreign key (member_id) 
           references member
    16:24:26.405 [Test worker] DEBUG org.hibernate.SQL - 
        alter table if exists nutrition_info 
           add constraint FK3pa05mtb51eckxf1whj9huh4d 
           foreign key (product_id) 
           references product
    16:24:26.406 [Test worker] DEBUG org.hibernate.SQL - 
        alter table if exists option_style 
           add constraint FKpji7oajln7roo70nby3w70vj7 
           foreign key (option_name_id) 
           references option_name
    16:24:26.406 [Test worker] DEBUG org.hibernate.SQL - 
        alter table if exists order_detail 
           add constraint FKrws2q0si6oyd6il8gqe2aennc 
           foreign key (order_id) 
           references orders
    16:24:26.407 [Test worker] DEBUG org.hibernate.SQL - 
        alter table if exists order_detail 
           add constraint FKb8bg2bkty0oksa3wiq5mp5qnc 
           foreign key (product_id) 
           references product
    16:24:26.408 [Test worker] DEBUG org.hibernate.SQL - 
        alter table if exists order_item_options 
           add constraint FKhi73i7c1pn8cu80lrakosc0r0 
           foreign key (option_id) 
           references product_option
    16:24:26.409 [Test worker] DEBUG org.hibernate.SQL - 
        alter table if exists order_item_options 
           add constraint FKlqgeawr74mxn5jqqp8rd58gru 
           foreign key (order_detail_id) 
           references order_detail
    16:24:26.410 [Test worker] DEBUG org.hibernate.SQL - 
        alter table if exists orders 
           add constraint FK53yogclg5ufvhbm3n14lsn2vo 
           foreign key (branch_id) 
           references branch
    16:24:26.411 [Test worker] DEBUG org.hibernate.SQL - 
        alter table if exists orders 
           add constraint FKpktxwhj3x9m4gth5ff6bkqgeb 
           foreign key (member_id) 
           references member
    16:24:26.412 [Test worker] DEBUG org.hibernate.SQL - 
        alter table if exists payment 
           add constraint FKlouu98csyullos9k25tbpk4va 
           foreign key (order_id) 
           references orders
    16:24:26.412 [Test worker] DEBUG org.hibernate.SQL - 
        alter table if exists payment_detail 
           add constraint FKmny2wqemxismhkold0jayp814 
           foreign key (payment_id) 
           references payment
    16:24:26.413 [Test worker] DEBUG org.hibernate.SQL - 
        alter table if exists payment_detail 
           add constraint FKj3r4xknao655t57qk21cv09ty 
           foreign key (payment_type_id) 
           references payment_type
    16:24:26.414 [Test worker] DEBUG org.hibernate.SQL - 
        alter table if exists product 
           add constraint FK1mtsbur82frn64de7balymq9s 
           foreign key (category_id) 
           references category
    16:24:26.415 [Test worker] DEBUG org.hibernate.SQL - 
        alter table if exists product_option 
           add constraint FK2eux9q2bq23k45h5rrd3qynak 
           foreign key (option_style_id) 
           references option_style
    16:24:26.415 [Test worker] DEBUG org.hibernate.SQL - 
        alter table if exists product_option 
           add constraint FKn4hmm6ex1vgn60c6uiqte400f 
           foreign key (product_id) 
           references product
    16:24:26.416 [Test worker] DEBUG org.hibernate.SQL - 
        alter table if exists review 
           add constraint FKk0ccx5i4ci2wd70vegug074w1 
           foreign key (member_id) 
           references member
    16:24:26.417 [Test worker] DEBUG org.hibernate.SQL - 
        alter table if exists review 
           add constraint FKcueyxqruikr81ahlxl18e6s0y 
           foreign key (order_detail_id) 
           references order_detail
    16:24:26.418 [Test worker] DEBUG org.hibernate.SQL - 
        alter table if exists stamp 
           add constraint FK1oscorlxc4ywlhvbucl1j2q9q 
           foreign key (member_id) 
           references member
    16:24:26.421 [Test worker] INFO  o.s.o.j.LocalContainerEntityManagerFactoryBean - Initialized JPA EntityManagerFactory for persistence unit 'default'
    16:24:26.647 [Test worker] INFO  o.s.d.j.r.query.QueryEnhancerFactory - Hibernate is in classpath; If applicable, HQL parser will be used.
    16:24:27.892 [Test worker] WARN  o.s.b.a.o.j.JpaBaseConfiguration$JpaWebConfiguration - spring.jpa.open-in-view is enabled by default. Therefore, database queries may be performed during view rendering. Explicitly configure spring.jpa.open-in-view to disable this warning
    16:24:27.912 [Test worker] INFO  o.s.b.a.w.s.WelcomePageHandlerMapping - Adding welcome page template: index
    16:24:28.079 [Test worker] INFO  o.s.s.c.a.a.c.InitializeUserDetailsBeanManagerConfigurer$InitializeUserDetailsManagerConfigurer - Global AuthenticationManager configured with UserDetailsService bean with name customUserDetailsService
    16:24:28.419 [Test worker] INFO  c.c.c.s.m.FavoriteConcurrencyTest - Started FavoriteConcurrencyTest in 4.709 seconds (process running for 5.533)
    16:24:28.425 [Test worker] INFO  c.c.c.config.init.MemberInitializer - [Init] MemberInitializer start
    16:24:28.466 [Test worker] DEBUG org.hibernate.SQL - 
        /* <criteria> */ select
            m1_0.member_id,
            m1_0.account_id,
            m1_0.birth_date,
            m1_0.email,
            m1_0.last_login_at,
            m1_0.name,
            m1_0.nickname,
            m1_0.password,
            m1_0.phone,
            m1_0.profile_image,
            m1_0.role 
        from
            member m1_0 
        where
            m1_0.account_id=?
    16:24:28.503 [Test worker] DEBUG org.hibernate.SQL - 
        /* insert for
            com.codepresso.codepresso.entity.member.Member */insert 
        into
            member (account_id, birth_date, email, last_login_at, name, nickname, password, phone, profile_image, role, member_id) 
        values
            (?, ?, ?, ?, ?, ?, ?, ?, ?, ?, default)
    16:24:28.511 [Test worker] INFO  c.c.c.config.init.MemberInitializer - [Init] default admin created
    16:24:28.515 [Test worker] DEBUG org.hibernate.SQL - 
        /* <criteria> */ select
            m1_0.member_id,
            m1_0.account_id,
            m1_0.birth_date,
            m1_0.email,
            m1_0.last_login_at,
            m1_0.name,
            m1_0.nickname,
            m1_0.password,
            m1_0.phone,
            m1_0.profile_image,
            m1_0.role 
        from
            member m1_0 
        where
            m1_0.account_id=?
    16:24:28.516 [Test worker] DEBUG org.hibernate.SQL - 
        /* insert for
            com.codepresso.codepresso.entity.member.Member */insert 
        into
            member (account_id, birth_date, email, last_login_at, name, nickname, password, phone, profile_image, role, member_id) 
        values
            (?, ?, ?, ?, ?, ?, ?, ?, ?, ?, default)
    16:24:28.517 [Test worker] INFO  c.c.c.config.init.MemberInitializer - [Init] default user created
    16:24:28.517 [Test worker] INFO  c.c.c.config.init.MemberInitializer - [Init] MemberInitializer done
    16:24:28.519 [Test worker] DEBUG org.hibernate.SQL - 
        /* <criteria> */ select
            m1_0.member_id 
        from
            member m1_0 
        where
            m1_0.account_id=? 
        fetch
            first ? rows only
    16:24:28.520 [Test worker] DEBUG org.hibernate.SQL - 
        /* insert for
            com.codepresso.codepresso.entity.member.Member */insert 
        into
            member (account_id, birth_date, email, last_login_at, name, nickname, password, phone, profile_image, role, member_id) 
        values
            (?, ?, ?, ?, ?, ?, ?, ?, ?, ?, default)
    16:24:28.521 [Test worker] DEBUG org.hibernate.SQL - 
        /* <criteria> */ select
            m1_0.member_id 
        from
            member m1_0 
        where
            m1_0.account_id=? 
        fetch
            first ? rows only
    16:24:28.522 [Test worker] DEBUG org.hibernate.SQL - 
        /* insert for
            com.codepresso.codepresso.entity.member.Member */insert 
        into
            member (account_id, birth_date, email, last_login_at, name, nickname, password, phone, profile_image, role, member_id) 
        values
            (?, ?, ?, ?, ?, ?, ?, ?, ?, ?, default)
    16:24:28.523 [Test worker] DEBUG org.hibernate.SQL - 
        /* <criteria> */ select
            m1_0.member_id 
        from
            member m1_0 
        where
            m1_0.account_id=? 
        fetch
            first ? rows only
    16:24:28.523 [Test worker] DEBUG org.hibernate.SQL - 
        /* insert for
            com.codepresso.codepresso.entity.member.Member */insert 
        into
            member (account_id, birth_date, email, last_login_at, name, nickname, password, phone, profile_image, role, member_id) 
        values
            (?, ?, ?, ?, ?, ?, ?, ?, ?, ?, default)
    16:24:28.524 [Test worker] DEBUG org.hibernate.SQL - 
        /* <criteria> */ select
            m1_0.member_id 
        from
            member m1_0 
        where
            m1_0.account_id=? 
        fetch
            first ? rows only
    16:24:28.525 [Test worker] DEBUG org.hibernate.SQL - 
        /* insert for
            com.codepresso.codepresso.entity.member.Member */insert 
        into
            member (account_id, birth_date, email, last_login_at, name, nickname, password, phone, profile_image, role, member_id) 
        values
            (?, ?, ?, ?, ?, ?, ?, ?, ?, ?, default)
    16:24:28.526 [Test worker] DEBUG org.hibernate.SQL - 
        /* <criteria> */ select
            m1_0.member_id 
        from
            member m1_0 
        where
            m1_0.account_id=? 
        fetch
            first ? rows only
    16:24:28.527 [Test worker] DEBUG org.hibernate.SQL - 
        /* insert for
            com.codepresso.codepresso.entity.member.Member */insert 
        into
            member (account_id, birth_date, email, last_login_at, name, nickname, password, phone, profile_image, role, member_id) 
        values
            (?, ?, ?, ?, ?, ?, ?, ?, ?, ?, default)
    16:24:28.528 [Test worker] DEBUG org.hibernate.SQL - 
        /* <criteria> */ select
            m1_0.member_id 
        from
            member m1_0 
        where
            m1_0.account_id=? 
        fetch
            first ? rows only
    16:24:28.529 [Test worker] DEBUG org.hibernate.SQL - 
        /* insert for
            com.codepresso.codepresso.entity.member.Member */insert 
        into
            member (account_id, birth_date, email, last_login_at, name, nickname, password, phone, profile_image, role, member_id) 
        values
            (?, ?, ?, ?, ?, ?, ?, ?, ?, ?, default)
    16:24:28.530 [Test worker] DEBUG org.hibernate.SQL - 
        /* <criteria> */ select
            m1_0.member_id 
        from
            member m1_0 
        where
            m1_0.account_id=? 
        fetch
            first ? rows only
    16:24:28.530 [Test worker] DEBUG org.hibernate.SQL - 
        /* insert for
            com.codepresso.codepresso.entity.member.Member */insert 
        into
            member (account_id, birth_date, email, last_login_at, name, nickname, password, phone, profile_image, role, member_id) 
        values
            (?, ?, ?, ?, ?, ?, ?, ?, ?, ?, default)
    16:24:28.532 [Test worker] DEBUG org.hibernate.SQL - 
        /* <criteria> */ select
            m1_0.member_id 
        from
            member m1_0 
        where
            m1_0.account_id=? 
        fetch
            first ? rows only
    16:24:28.532 [Test worker] DEBUG org.hibernate.SQL - 
        /* insert for
            com.codepresso.codepresso.entity.member.Member */insert 
        into
            member (account_id, birth_date, email, last_login_at, name, nickname, password, phone, profile_image, role, member_id) 
        values
            (?, ?, ?, ?, ?, ?, ?, ?, ?, ?, default)
    16:24:28.533 [Test worker] DEBUG org.hibernate.SQL - 
        /* <criteria> */ select
            m1_0.member_id 
        from
            member m1_0 
        where
            m1_0.account_id=? 
        fetch
            first ? rows only
    16:24:28.534 [Test worker] DEBUG org.hibernate.SQL - 
        /* insert for
            com.codepresso.codepresso.entity.member.Member */insert 
        into
            member (account_id, birth_date, email, last_login_at, name, nickname, password, phone, profile_image, role, member_id) 
        values
            (?, ?, ?, ?, ?, ?, ?, ?, ?, ?, default)
    16:24:28.536 [Test worker] DEBUG org.hibernate.SQL - 
        /* <criteria> */ select
            m1_0.member_id 
        from
            member m1_0 
        where
            m1_0.account_id=? 
        fetch
            first ? rows only
    16:24:28.536 [Test worker] DEBUG org.hibernate.SQL - 
        /* insert for
            com.codepresso.codepresso.entity.member.Member */insert 
        into
            member (account_id, birth_date, email, last_login_at, name, nickname, password, phone, profile_image, role, member_id) 
        values
            (?, ?, ?, ?, ?, ?, ?, ?, ?, ?, default)
    16:24:28.537 [Test worker] DEBUG org.hibernate.SQL - 
        /* <criteria> */ select
            m1_0.member_id 
        from
            member m1_0 
        where
            m1_0.account_id=? 
        fetch
            first ? rows only
    16:24:28.537 [Test worker] DEBUG org.hibernate.SQL - 
        /* insert for
            com.codepresso.codepresso.entity.member.Member */insert 
        into
            member (account_id, birth_date, email, last_login_at, name, nickname, password, phone, profile_image, role, member_id) 
        values
            (?, ?, ?, ?, ?, ?, ?, ?, ?, ?, default)
    16:24:28.538 [Test worker] DEBUG org.hibernate.SQL - 
        /* <criteria> */ select
            m1_0.member_id 
        from
            member m1_0 
        where
            m1_0.account_id=? 
        fetch
            first ? rows only
    16:24:28.539 [Test worker] DEBUG org.hibernate.SQL - 
        /* insert for
            com.codepresso.codepresso.entity.member.Member */insert 
        into
            member (account_id, birth_date, email, last_login_at, name, nickname, password, phone, profile_image, role, member_id) 
        values
            (?, ?, ?, ?, ?, ?, ?, ?, ?, ?, default)
    16:24:28.540 [Test worker] DEBUG org.hibernate.SQL - 
        /* <criteria> */ select
            m1_0.member_id 
        from
            member m1_0 
        where
            m1_0.account_id=? 
        fetch
            first ? rows only
    16:24:28.541 [Test worker] DEBUG org.hibernate.SQL - 
        /* insert for
            com.codepresso.codepresso.entity.member.Member */insert 
        into
            member (account_id, birth_date, email, last_login_at, name, nickname, password, phone, profile_image, role, member_id) 
        values
            (?, ?, ?, ?, ?, ?, ?, ?, ?, ?, default)
    16:24:28.542 [Test worker] DEBUG org.hibernate.SQL - 
        /* <criteria> */ select
            m1_0.member_id 
        from
            member m1_0 
        where
            m1_0.account_id=? 
        fetch
            first ? rows only
    16:24:28.543 [Test worker] DEBUG org.hibernate.SQL - 
        /* insert for
            com.codepresso.codepresso.entity.member.Member */insert 
        into
            member (account_id, birth_date, email, last_login_at, name, nickname, password, phone, profile_image, role, member_id) 
        values
            (?, ?, ?, ?, ?, ?, ?, ?, ?, ?, default)
    16:24:28.544 [Test worker] DEBUG org.hibernate.SQL - 
        /* <criteria> */ select
            m1_0.member_id 
        from
            member m1_0 
        where
            m1_0.account_id=? 
        fetch
            first ? rows only
    16:24:28.545 [Test worker] DEBUG org.hibernate.SQL - 
        /* insert for
            com.codepresso.codepresso.entity.member.Member */insert 
        into
            member (account_id, birth_date, email, last_login_at, name, nickname, password, phone, profile_image, role, member_id) 
        values
            (?, ?, ?, ?, ?, ?, ?, ?, ?, ?, default)
    16:24:28.546 [Test worker] DEBUG org.hibernate.SQL - 
        /* <criteria> */ select
            m1_0.member_id 
        from
            member m1_0 
        where
            m1_0.account_id=? 
        fetch
            first ? rows only
    16:24:28.548 [Test worker] DEBUG org.hibernate.SQL - 
        /* insert for
            com.codepresso.codepresso.entity.member.Member */insert 
        into
            member (account_id, birth_date, email, last_login_at, name, nickname, password, phone, profile_image, role, member_id) 
        values
            (?, ?, ?, ?, ?, ?, ?, ?, ?, ?, default)
    16:24:28.551 [Test worker] DEBUG org.hibernate.SQL - 
        /* <criteria> */ select
            m1_0.member_id 
        from
            member m1_0 
        where
            m1_0.account_id=? 
        fetch
            first ? rows only
    16:24:28.552 [Test worker] DEBUG org.hibernate.SQL - 
        /* insert for
            com.codepresso.codepresso.entity.member.Member */insert 
        into
            member (account_id, birth_date, email, last_login_at, name, nickname, password, phone, profile_image, role, member_id) 
        values
            (?, ?, ?, ?, ?, ?, ?, ?, ?, ?, default)
    16:24:28.554 [Test worker] DEBUG org.hibernate.SQL - 
        /* <criteria> */ select
            m1_0.member_id 
        from
            member m1_0 
        where
            m1_0.account_id=? 
        fetch
            first ? rows only
    16:24:28.555 [Test worker] DEBUG org.hibernate.SQL - 
        /* insert for
            com.codepresso.codepresso.entity.member.Member */insert 
        into
            member (account_id, birth_date, email, last_login_at, name, nickname, password, phone, profile_image, role, member_id) 
        values
            (?, ?, ?, ?, ?, ?, ?, ?, ?, ?, default)
    16:24:28.556 [Test worker] DEBUG org.hibernate.SQL - 
        /* <criteria> */ select
            m1_0.member_id 
        from
            member m1_0 
        where
            m1_0.account_id=? 
        fetch
            first ? rows only
    16:24:28.557 [Test worker] DEBUG org.hibernate.SQL - 
        /* insert for
            com.codepresso.codepresso.entity.member.Member */insert 
        into
            member (account_id, birth_date, email, last_login_at, name, nickname, password, phone, profile_image, role, member_id) 
        values
            (?, ?, ?, ?, ?, ?, ?, ?, ?, ?, default)
    16:24:28.558 [Test worker] DEBUG org.hibernate.SQL - 
        /* <criteria> */ select
            m1_0.member_id 
        from
            member m1_0 
        where
            m1_0.account_id=? 
        fetch
            first ? rows only
    16:24:28.558 [Test worker] DEBUG org.hibernate.SQL - 
        /* insert for
            com.codepresso.codepresso.entity.member.Member */insert 
        into
            member (account_id, birth_date, email, last_login_at, name, nickname, password, phone, profile_image, role, member_id) 
        values
            (?, ?, ?, ?, ?, ?, ?, ?, ?, ?, default)
    16:24:28.559 [Test worker] DEBUG org.hibernate.SQL - 
        /* <criteria> */ select
            m1_0.member_id 
        from
            member m1_0 
        where
            m1_0.account_id=? 
        fetch
            first ? rows only
    16:24:28.560 [Test worker] DEBUG org.hibernate.SQL - 
        /* insert for
            com.codepresso.codepresso.entity.member.Member */insert 
        into
            member (account_id, birth_date, email, last_login_at, name, nickname, password, phone, profile_image, role, member_id) 
        values
            (?, ?, ?, ?, ?, ?, ?, ?, ?, ?, default)
    16:24:28.561 [Test worker] DEBUG org.hibernate.SQL - 
        /* <criteria> */ select
            m1_0.member_id 
        from
            member m1_0 
        where
            m1_0.account_id=? 
        fetch
            first ? rows only
    16:24:28.562 [Test worker] DEBUG org.hibernate.SQL - 
        /* insert for
            com.codepresso.codepresso.entity.member.Member */insert 
        into
            member (account_id, birth_date, email, last_login_at, name, nickname, password, phone, profile_image, role, member_id) 
        values
            (?, ?, ?, ?, ?, ?, ?, ?, ?, ?, default)
    16:24:28.563 [Test worker] DEBUG org.hibernate.SQL - 
        /* <criteria> */ select
            m1_0.member_id 
        from
            member m1_0 
        where
            m1_0.account_id=? 
        fetch
            first ? rows only
    16:24:28.563 [Test worker] DEBUG org.hibernate.SQL - 
        /* insert for
            com.codepresso.codepresso.entity.member.Member */insert 
        into
            member (account_id, birth_date, email, last_login_at, name, nickname, password, phone, profile_image, role, member_id) 
        values
            (?, ?, ?, ?, ?, ?, ?, ?, ?, ?, default)
    16:24:28.565 [Test worker] DEBUG org.hibernate.SQL - 
        /* <criteria> */ select
            m1_0.member_id 
        from
            member m1_0 
        where
            m1_0.account_id=? 
        fetch
            first ? rows only
    16:24:28.565 [Test worker] DEBUG org.hibernate.SQL - 
        /* insert for
            com.codepresso.codepresso.entity.member.Member */insert 
        into
            member (account_id, birth_date, email, last_login_at, name, nickname, password, phone, profile_image, role, member_id) 
        values
            (?, ?, ?, ?, ?, ?, ?, ?, ?, ?, default)
    16:24:28.566 [Test worker] DEBUG org.hibernate.SQL - 
        /* <criteria> */ select
            m1_0.member_id 
        from
            member m1_0 
        where
            m1_0.account_id=? 
        fetch
            first ? rows only
    16:24:28.567 [Test worker] DEBUG org.hibernate.SQL - 
        /* insert for
            com.codepresso.codepresso.entity.member.Member */insert 
        into
            member (account_id, birth_date, email, last_login_at, name, nickname, password, phone, profile_image, role, member_id) 
        values
            (?, ?, ?, ?, ?, ?, ?, ?, ?, ?, default)
    16:24:28.568 [Test worker] DEBUG org.hibernate.SQL - 
        /* <criteria> */ select
            m1_0.member_id 
        from
            member m1_0 
        where
            m1_0.account_id=? 
        fetch
            first ? rows only
    16:24:28.568 [Test worker] DEBUG org.hibernate.SQL - 
        /* insert for
            com.codepresso.codepresso.entity.member.Member */insert 
        into
            member (account_id, birth_date, email, last_login_at, name, nickname, password, phone, profile_image, role, member_id) 
        values
            (?, ?, ?, ?, ?, ?, ?, ?, ?, ?, default)
    16:24:28.570 [Test worker] DEBUG org.hibernate.SQL - 
        /* <criteria> */ select
            m1_0.member_id 
        from
            member m1_0 
        where
            m1_0.account_id=? 
        fetch
            first ? rows only
    16:24:28.571 [Test worker] DEBUG org.hibernate.SQL - 
        /* insert for
            com.codepresso.codepresso.entity.member.Member */insert 
        into
            member (account_id, birth_date, email, last_login_at, name, nickname, password, phone, profile_image, role, member_id) 
        values
            (?, ?, ?, ?, ?, ?, ?, ?, ?, ?, default)
    16:24:28.573 [Test worker] DEBUG org.hibernate.SQL - 
        /* <criteria> */ select
            m1_0.member_id 
        from
            member m1_0 
        where
            m1_0.account_id=? 
        fetch
            first ? rows only
    16:24:28.573 [Test worker] DEBUG org.hibernate.SQL - 
        /* insert for
            com.codepresso.codepresso.entity.member.Member */insert 
        into
            member (account_id, birth_date, email, last_login_at, name, nickname, password, phone, profile_image, role, member_id) 
        values
            (?, ?, ?, ?, ?, ?, ?, ?, ?, ?, default)
    16:24:28.574 [Test worker] DEBUG org.hibernate.SQL - 
        /* <criteria> */ select
            m1_0.member_id 
        from
            member m1_0 
        where
            m1_0.account_id=? 
        fetch
            first ? rows only
    16:24:28.575 [Test worker] DEBUG org.hibernate.SQL - 
        /* insert for
            com.codepresso.codepresso.entity.member.Member */insert 
        into
            member (account_id, birth_date, email, last_login_at, name, nickname, password, phone, profile_image, role, member_id) 
        values
            (?, ?, ?, ?, ?, ?, ?, ?, ?, ?, default)
    16:24:28.577 [Test worker] DEBUG org.hibernate.SQL - 
        /* <criteria> */ select
            m1_0.member_id 
        from
            member m1_0 
        where
            m1_0.account_id=? 
        fetch
            first ? rows only
    16:24:28.578 [Test worker] DEBUG org.hibernate.SQL - 
        /* insert for
            com.codepresso.codepresso.entity.member.Member */insert 
        into
            member (account_id, birth_date, email, last_login_at, name, nickname, password, phone, profile_image, role, member_id) 
        values
            (?, ?, ?, ?, ?, ?, ?, ?, ?, ?, default)
    16:24:28.580 [Test worker] DEBUG org.hibernate.SQL - 
        /* <criteria> */ select
            m1_0.member_id 
        from
            member m1_0 
        where
            m1_0.account_id=? 
        fetch
            first ? rows only
    16:24:28.581 [Test worker] DEBUG org.hibernate.SQL - 
        /* insert for
            com.codepresso.codepresso.entity.member.Member */insert 
        into
            member (account_id, birth_date, email, last_login_at, name, nickname, password, phone, profile_image, role, member_id) 
        values
            (?, ?, ?, ?, ?, ?, ?, ?, ?, ?, default)
    16:24:28.582 [Test worker] DEBUG org.hibernate.SQL - 
        /* <criteria> */ select
            m1_0.member_id 
        from
            member m1_0 
        where
            m1_0.account_id=? 
        fetch
            first ? rows only
    16:24:28.582 [Test worker] DEBUG org.hibernate.SQL - 
        /* insert for
            com.codepresso.codepresso.entity.member.Member */insert 
        into
            member (account_id, birth_date, email, last_login_at, name, nickname, password, phone, profile_image, role, member_id) 
        values
            (?, ?, ?, ?, ?, ?, ?, ?, ?, ?, default)
    16:24:28.583 [Test worker] DEBUG org.hibernate.SQL - 
        /* <criteria> */ select
            m1_0.member_id 
        from
            member m1_0 
        where
            m1_0.account_id=? 
        fetch
            first ? rows only
    16:24:28.585 [Test worker] DEBUG org.hibernate.SQL - 
        /* insert for
            com.codepresso.codepresso.entity.member.Member */insert 
        into
            member (account_id, birth_date, email, last_login_at, name, nickname, password, phone, profile_image, role, member_id) 
        values
            (?, ?, ?, ?, ?, ?, ?, ?, ?, ?, default)
    16:24:28.586 [Test worker] DEBUG org.hibernate.SQL - 
        /* <criteria> */ select
            m1_0.member_id 
        from
            member m1_0 
        where
            m1_0.account_id=? 
        fetch
            first ? rows only
    16:24:28.586 [Test worker] DEBUG org.hibernate.SQL - 
        /* insert for
            com.codepresso.codepresso.entity.member.Member */insert 
        into
            member (account_id, birth_date, email, last_login_at, name, nickname, password, phone, profile_image, role, member_id) 
        values
            (?, ?, ?, ?, ?, ?, ?, ?, ?, ?, default)
    16:24:28.587 [Test worker] DEBUG org.hibernate.SQL - 
        /* <criteria> */ select
            m1_0.member_id 
        from
            member m1_0 
        where
            m1_0.account_id=? 
        fetch
            first ? rows only
    16:24:28.588 [Test worker] DEBUG org.hibernate.SQL - 
        /* insert for
            com.codepresso.codepresso.entity.member.Member */insert 
        into
            member (account_id, birth_date, email, last_login_at, name, nickname, password, phone, profile_image, role, member_id) 
        values
            (?, ?, ?, ?, ?, ?, ?, ?, ?, ?, default)
    16:24:28.589 [Test worker] DEBUG org.hibernate.SQL - 
        /* <criteria> */ select
            m1_0.member_id 
        from
            member m1_0 
        where
            m1_0.account_id=? 
        fetch
            first ? rows only
    16:24:28.590 [Test worker] DEBUG org.hibernate.SQL - 
        /* insert for
            com.codepresso.codepresso.entity.member.Member */insert 
        into
            member (account_id, birth_date, email, last_login_at, name, nickname, password, phone, profile_image, role, member_id) 
        values
            (?, ?, ?, ?, ?, ?, ?, ?, ?, ?, default)
    16:24:28.591 [Test worker] DEBUG org.hibernate.SQL - 
        /* <criteria> */ select
            m1_0.member_id 
        from
            member m1_0 
        where
            m1_0.account_id=? 
        fetch
            first ? rows only
    16:24:28.591 [Test worker] DEBUG org.hibernate.SQL - 
        /* insert for
            com.codepresso.codepresso.entity.member.Member */insert 
        into
            member (account_id, birth_date, email, last_login_at, name, nickname, password, phone, profile_image, role, member_id) 
        values
            (?, ?, ?, ?, ?, ?, ?, ?, ?, ?, default)
    16:24:28.592 [Test worker] DEBUG org.hibernate.SQL - 
        /* <criteria> */ select
            m1_0.member_id 
        from
            member m1_0 
        where
            m1_0.account_id=? 
        fetch
            first ? rows only
    16:24:28.593 [Test worker] DEBUG org.hibernate.SQL - 
        /* insert for
            com.codepresso.codepresso.entity.member.Member */insert 
        into
            member (account_id, birth_date, email, last_login_at, name, nickname, password, phone, profile_image, role, member_id) 
        values
            (?, ?, ?, ?, ?, ?, ?, ?, ?, ?, default)
    16:24:28.594 [Test worker] DEBUG org.hibernate.SQL - 
        /* <criteria> */ select
            m1_0.member_id 
        from
            member m1_0 
        where
            m1_0.account_id=? 
        fetch
            first ? rows only
    16:24:28.594 [Test worker] DEBUG org.hibernate.SQL - 
        /* insert for
            com.codepresso.codepresso.entity.member.Member */insert 
        into
            member (account_id, birth_date, email, last_login_at, name, nickname, password, phone, profile_image, role, member_id) 
        values
            (?, ?, ?, ?, ?, ?, ?, ?, ?, ?, default)
    16:24:28.595 [Test worker] DEBUG org.hibernate.SQL - 
        /* <criteria> */ select
            m1_0.member_id 
        from
            member m1_0 
        where
            m1_0.account_id=? 
        fetch
            first ? rows only
    16:24:28.596 [Test worker] DEBUG org.hibernate.SQL - 
        /* insert for
            com.codepresso.codepresso.entity.member.Member */insert 
        into
            member (account_id, birth_date, email, last_login_at, name, nickname, password, phone, profile_image, role, member_id) 
        values
            (?, ?, ?, ?, ?, ?, ?, ?, ?, ?, default)
    16:24:28.596 [Test worker] DEBUG org.hibernate.SQL - 
        /* <criteria> */ select
            m1_0.member_id 
        from
            member m1_0 
        where
            m1_0.account_id=? 
        fetch
            first ? rows only
    16:24:28.597 [Test worker] DEBUG org.hibernate.SQL - 
        /* insert for
            com.codepresso.codepresso.entity.member.Member */insert 
        into
            member (account_id, birth_date, email, last_login_at, name, nickname, password, phone, profile_image, role, member_id) 
        values
            (?, ?, ?, ?, ?, ?, ?, ?, ?, ?, default)
    16:24:28.598 [Test worker] DEBUG org.hibernate.SQL - 
        /* <criteria> */ select
            m1_0.member_id 
        from
            member m1_0 
        where
            m1_0.account_id=? 
        fetch
            first ? rows only
    16:24:28.598 [Test worker] DEBUG org.hibernate.SQL - 
        /* insert for
            com.codepresso.codepresso.entity.member.Member */insert 
        into
            member (account_id, birth_date, email, last_login_at, name, nickname, password, phone, profile_image, role, member_id) 
        values
            (?, ?, ?, ?, ?, ?, ?, ?, ?, ?, default)
    16:24:28.599 [Test worker] DEBUG org.hibernate.SQL - 
        /* <criteria> */ select
            m1_0.member_id 
        from
            member m1_0 
        where
            m1_0.account_id=? 
        fetch
            first ? rows only
    16:24:28.599 [Test worker] DEBUG org.hibernate.SQL - 
        /* insert for
            com.codepresso.codepresso.entity.member.Member */insert 
        into
            member (account_id, birth_date, email, last_login_at, name, nickname, password, phone, profile_image, role, member_id) 
        values
            (?, ?, ?, ?, ?, ?, ?, ?, ?, ?, default)
    16:24:28.600 [Test worker] DEBUG org.hibernate.SQL - 
        /* <criteria> */ select
            m1_0.member_id 
        from
            member m1_0 
        where
            m1_0.account_id=? 
        fetch
            first ? rows only
    16:24:28.600 [Test worker] DEBUG org.hibernate.SQL - 
        /* insert for
            com.codepresso.codepresso.entity.member.Member */insert 
        into
            member (account_id, birth_date, email, last_login_at, name, nickname, password, phone, profile_image, role, member_id) 
        values
            (?, ?, ?, ?, ?, ?, ?, ?, ?, ?, default)
    16:24:28.602 [Test worker] DEBUG org.hibernate.SQL - 
        /* <criteria> */ select
            m1_0.member_id 
        from
            member m1_0 
        where
            m1_0.account_id=? 
        fetch
            first ? rows only
    16:24:28.602 [Test worker] DEBUG org.hibernate.SQL - 
        /* insert for
            com.codepresso.codepresso.entity.member.Member */insert 
        into
            member (account_id, birth_date, email, last_login_at, name, nickname, password, phone, profile_image, role, member_id) 
        values
            (?, ?, ?, ?, ?, ?, ?, ?, ?, ?, default)
    16:24:28.603 [Test worker] DEBUG org.hibernate.SQL - 
        /* <criteria> */ select
            m1_0.member_id 
        from
            member m1_0 
        where
            m1_0.account_id=? 
        fetch
            first ? rows only
    16:24:28.604 [Test worker] DEBUG org.hibernate.SQL - 
        /* insert for
            com.codepresso.codepresso.entity.member.Member */insert 
        into
            member (account_id, birth_date, email, last_login_at, name, nickname, password, phone, profile_image, role, member_id) 
        values
            (?, ?, ?, ?, ?, ?, ?, ?, ?, ?, default)
    16:24:28.605 [Test worker] DEBUG org.hibernate.SQL - 
        /* <criteria> */ select
            m1_0.member_id 
        from
            member m1_0 
        where
            m1_0.account_id=? 
        fetch
            first ? rows only
    16:24:28.605 [Test worker] DEBUG org.hibernate.SQL - 
        /* insert for
            com.codepresso.codepresso.entity.member.Member */insert 
        into
            member (account_id, birth_date, email, last_login_at, name, nickname, password, phone, profile_image, role, member_id) 
        values
            (?, ?, ?, ?, ?, ?, ?, ?, ?, ?, default)
    16:24:28.606 [Test worker] DEBUG org.hibernate.SQL - 
        /* <criteria> */ select
            m1_0.member_id 
        from
            member m1_0 
        where
            m1_0.account_id=? 
        fetch
            first ? rows only
    16:24:28.607 [Test worker] DEBUG org.hibernate.SQL - 
        /* insert for
            com.codepresso.codepresso.entity.member.Member */insert 
        into
            member (account_id, birth_date, email, last_login_at, name, nickname, password, phone, profile_image, role, member_id) 
        values
            (?, ?, ?, ?, ?, ?, ?, ?, ?, ?, default)
    16:24:28.608 [Test worker] DEBUG org.hibernate.SQL - 
        /* <criteria> */ select
            m1_0.member_id 
        from
            member m1_0 
        where
            m1_0.account_id=? 
        fetch
            first ? rows only
    16:24:28.608 [Test worker] DEBUG org.hibernate.SQL - 
        /* insert for
            com.codepresso.codepresso.entity.member.Member */insert 
        into
            member (account_id, birth_date, email, last_login_at, name, nickname, password, phone, profile_image, role, member_id) 
        values
            (?, ?, ?, ?, ?, ?, ?, ?, ?, ?, default)
    16:24:28.609 [Test worker] DEBUG org.hibernate.SQL - 
        /* <criteria> */ select
            m1_0.member_id 
        from
            member m1_0 
        where
            m1_0.account_id=? 
        fetch
            first ? rows only
    16:24:28.609 [Test worker] DEBUG org.hibernate.SQL - 
        /* insert for
            com.codepresso.codepresso.entity.member.Member */insert 
        into
            member (account_id, birth_date, email, last_login_at, name, nickname, password, phone, profile_image, role, member_id) 
        values
            (?, ?, ?, ?, ?, ?, ?, ?, ?, ?, default)
    16:24:28.610 [Test worker] DEBUG org.hibernate.SQL - 
        /* <criteria> */ select
            m1_0.member_id 
        from
            member m1_0 
        where
            m1_0.account_id=? 
        fetch
            first ? rows only
    16:24:28.611 [Test worker] DEBUG org.hibernate.SQL - 
        /* insert for
            com.codepresso.codepresso.entity.member.Member */insert 
        into
            member (account_id, birth_date, email, last_login_at, name, nickname, password, phone, profile_image, role, member_id) 
        values
            (?, ?, ?, ?, ?, ?, ?, ?, ?, ?, default)
    16:24:28.612 [Test worker] DEBUG org.hibernate.SQL - 
        /* <criteria> */ select
            m1_0.member_id 
        from
            member m1_0 
        where
            m1_0.account_id=? 
        fetch
            first ? rows only
    16:24:28.612 [Test worker] DEBUG org.hibernate.SQL - 
        /* insert for
            com.codepresso.codepresso.entity.member.Member */insert 
        into
            member (account_id, birth_date, email, last_login_at, name, nickname, password, phone, profile_image, role, member_id) 
        values
            (?, ?, ?, ?, ?, ?, ?, ?, ?, ?, default)
    16:24:28.613 [Test worker] DEBUG org.hibernate.SQL - 
        /* <criteria> */ select
            m1_0.member_id 
        from
            member m1_0 
        where
            m1_0.account_id=? 
        fetch
            first ? rows only
    16:24:28.613 [Test worker] DEBUG org.hibernate.SQL - 
        /* insert for
            com.codepresso.codepresso.entity.member.Member */insert 
        into
            member (account_id, birth_date, email, last_login_at, name, nickname, password, phone, profile_image, role, member_id) 
        values
            (?, ?, ?, ?, ?, ?, ?, ?, ?, ?, default)
    16:24:28.615 [Test worker] DEBUG org.hibernate.SQL - 
        /* <criteria> */ select
            m1_0.member_id 
        from
            member m1_0 
        where
            m1_0.account_id=? 
        fetch
            first ? rows only
    16:24:28.615 [Test worker] DEBUG org.hibernate.SQL - 
        /* insert for
            com.codepresso.codepresso.entity.member.Member */insert 
        into
            member (account_id, birth_date, email, last_login_at, name, nickname, password, phone, profile_image, role, member_id) 
        values
            (?, ?, ?, ?, ?, ?, ?, ?, ?, ?, default)
    16:24:28.616 [Test worker] DEBUG org.hibernate.SQL - 
        /* <criteria> */ select
            m1_0.member_id 
        from
            member m1_0 
        where
            m1_0.account_id=? 
        fetch
            first ? rows only
    16:24:28.617 [Test worker] DEBUG org.hibernate.SQL - 
        /* insert for
            com.codepresso.codepresso.entity.member.Member */insert 
        into
            member (account_id, birth_date, email, last_login_at, name, nickname, password, phone, profile_image, role, member_id) 
        values
            (?, ?, ?, ?, ?, ?, ?, ?, ?, ?, default)
    16:24:28.618 [Test worker] DEBUG org.hibernate.SQL - 
        /* <criteria> */ select
            m1_0.member_id 
        from
            member m1_0 
        where
            m1_0.account_id=? 
        fetch
            first ? rows only
    16:24:28.619 [Test worker] DEBUG org.hibernate.SQL - 
        /* insert for
            com.codepresso.codepresso.entity.member.Member */insert 
        into
            member (account_id, birth_date, email, last_login_at, name, nickname, password, phone, profile_image, role, member_id) 
        values
            (?, ?, ?, ?, ?, ?, ?, ?, ?, ?, default)
    16:24:28.620 [Test worker] DEBUG org.hibernate.SQL - 
        /* <criteria> */ select
            m1_0.member_id 
        from
            member m1_0 
        where
            m1_0.account_id=? 
        fetch
            first ? rows only
    16:24:28.621 [Test worker] DEBUG org.hibernate.SQL - 
        /* insert for
            com.codepresso.codepresso.entity.member.Member */insert 
        into
            member (account_id, birth_date, email, last_login_at, name, nickname, password, phone, profile_image, role, member_id) 
        values
            (?, ?, ?, ?, ?, ?, ?, ?, ?, ?, default)
    16:24:28.622 [Test worker] DEBUG org.hibernate.SQL - 
        /* <criteria> */ select
            m1_0.member_id 
        from
            member m1_0 
        where
            m1_0.account_id=? 
        fetch
            first ? rows only
    16:24:28.622 [Test worker] DEBUG org.hibernate.SQL - 
        /* insert for
            com.codepresso.codepresso.entity.member.Member */insert 
        into
            member (account_id, birth_date, email, last_login_at, name, nickname, password, phone, profile_image, role, member_id) 
        values
            (?, ?, ?, ?, ?, ?, ?, ?, ?, ?, default)
    16:24:28.623 [Test worker] DEBUG org.hibernate.SQL - 
        /* <criteria> */ select
            m1_0.member_id 
        from
            member m1_0 
        where
            m1_0.account_id=? 
        fetch
            first ? rows only
    16:24:28.624 [Test worker] DEBUG org.hibernate.SQL - 
        /* insert for
            com.codepresso.codepresso.entity.member.Member */insert 
        into
            member (account_id, birth_date, email, last_login_at, name, nickname, password, phone, profile_image, role, member_id) 
        values
            (?, ?, ?, ?, ?, ?, ?, ?, ?, ?, default)
    16:24:28.625 [Test worker] DEBUG org.hibernate.SQL - 
        /* <criteria> */ select
            m1_0.member_id 
        from
            member m1_0 
        where
            m1_0.account_id=? 
        fetch
            first ? rows only
    16:24:28.626 [Test worker] DEBUG org.hibernate.SQL - 
        /* insert for
            com.codepresso.codepresso.entity.member.Member */insert 
        into
            member (account_id, birth_date, email, last_login_at, name, nickname, password, phone, profile_image, role, member_id) 
        values
            (?, ?, ?, ?, ?, ?, ?, ?, ?, ?, default)
    16:24:28.627 [Test worker] DEBUG org.hibernate.SQL - 
        /* <criteria> */ select
            m1_0.member_id 
        from
            member m1_0 
        where
            m1_0.account_id=? 
        fetch
            first ? rows only
    16:24:28.628 [Test worker] DEBUG org.hibernate.SQL - 
        /* insert for
            com.codepresso.codepresso.entity.member.Member */insert 
        into
            member (account_id, birth_date, email, last_login_at, name, nickname, password, phone, profile_image, role, member_id) 
        values
            (?, ?, ?, ?, ?, ?, ?, ?, ?, ?, default)
    16:24:28.630 [Test worker] DEBUG org.hibernate.SQL - 
        /* <criteria> */ select
            m1_0.member_id 
        from
            member m1_0 
        where
            m1_0.account_id=? 
        fetch
            first ? rows only
    16:24:28.631 [Test worker] DEBUG org.hibernate.SQL - 
        /* insert for
            com.codepresso.codepresso.entity.member.Member */insert 
        into
            member (account_id, birth_date, email, last_login_at, name, nickname, password, phone, profile_image, role, member_id) 
        values
            (?, ?, ?, ?, ?, ?, ?, ?, ?, ?, default)
    16:24:28.632 [Test worker] DEBUG org.hibernate.SQL - 
        /* <criteria> */ select
            m1_0.member_id 
        from
            member m1_0 
        where
            m1_0.account_id=? 
        fetch
            first ? rows only
    16:24:28.633 [Test worker] DEBUG org.hibernate.SQL - 
        /* insert for
            com.codepresso.codepresso.entity.member.Member */insert 
        into
            member (account_id, birth_date, email, last_login_at, name, nickname, password, phone, profile_image, role, member_id) 
        values
            (?, ?, ?, ?, ?, ?, ?, ?, ?, ?, default)
    16:24:28.635 [Test worker] DEBUG org.hibernate.SQL - 
        /* <criteria> */ select
            m1_0.member_id 
        from
            member m1_0 
        where
            m1_0.account_id=? 
        fetch
            first ? rows only
    16:24:28.635 [Test worker] DEBUG org.hibernate.SQL - 
        /* insert for
            com.codepresso.codepresso.entity.member.Member */insert 
        into
            member (account_id, birth_date, email, last_login_at, name, nickname, password, phone, profile_image, role, member_id) 
        values
            (?, ?, ?, ?, ?, ?, ?, ?, ?, ?, default)
    16:24:28.636 [Test worker] DEBUG org.hibernate.SQL - 
        /* <criteria> */ select
            m1_0.member_id 
        from
            member m1_0 
        where
            m1_0.account_id=? 
        fetch
            first ? rows only
    16:24:28.637 [Test worker] DEBUG org.hibernate.SQL - 
        /* insert for
            com.codepresso.codepresso.entity.member.Member */insert 
        into
            member (account_id, birth_date, email, last_login_at, name, nickname, password, phone, profile_image, role, member_id) 
        values
            (?, ?, ?, ?, ?, ?, ?, ?, ?, ?, default)
    16:24:28.637 [Test worker] DEBUG org.hibernate.SQL - 
        /* <criteria> */ select
            m1_0.member_id 
        from
            member m1_0 
        where
            m1_0.account_id=? 
        fetch
            first ? rows only
    16:24:28.638 [Test worker] DEBUG org.hibernate.SQL - 
        /* insert for
            com.codepresso.codepresso.entity.member.Member */insert 
        into
            member (account_id, birth_date, email, last_login_at, name, nickname, password, phone, profile_image, role, member_id) 
        values
            (?, ?, ?, ?, ?, ?, ?, ?, ?, ?, default)
    16:24:28.639 [Test worker] DEBUG org.hibernate.SQL - 
        /* <criteria> */ select
            m1_0.member_id 
        from
            member m1_0 
        where
            m1_0.account_id=? 
        fetch
            first ? rows only
    16:24:28.639 [Test worker] DEBUG org.hibernate.SQL - 
        /* insert for
            com.codepresso.codepresso.entity.member.Member */insert 
        into
            member (account_id, birth_date, email, last_login_at, name, nickname, password, phone, profile_image, role, member_id) 
        values
            (?, ?, ?, ?, ?, ?, ?, ?, ?, ?, default)
    16:24:28.640 [Test worker] DEBUG org.hibernate.SQL - 
        /* <criteria> */ select
            m1_0.member_id 
        from
            member m1_0 
        where
            m1_0.account_id=? 
        fetch
            first ? rows only
    16:24:28.640 [Test worker] DEBUG org.hibernate.SQL - 
        /* insert for
            com.codepresso.codepresso.entity.member.Member */insert 
        into
            member (account_id, birth_date, email, last_login_at, name, nickname, password, phone, profile_image, role, member_id) 
        values
            (?, ?, ?, ?, ?, ?, ?, ?, ?, ?, default)
    16:24:28.641 [Test worker] DEBUG org.hibernate.SQL - 
        /* <criteria> */ select
            m1_0.member_id 
        from
            member m1_0 
        where
            m1_0.account_id=? 
        fetch
            first ? rows only
    16:24:28.642 [Test worker] DEBUG org.hibernate.SQL - 
        /* insert for
            com.codepresso.codepresso.entity.member.Member */insert 
        into
            member (account_id, birth_date, email, last_login_at, name, nickname, password, phone, profile_image, role, member_id) 
        values
            (?, ?, ?, ?, ?, ?, ?, ?, ?, ?, default)
    16:24:28.644 [Test worker] DEBUG org.hibernate.SQL - 
        /* <criteria> */ select
            m1_0.member_id 
        from
            member m1_0 
        where
            m1_0.account_id=? 
        fetch
            first ? rows only
    16:24:28.644 [Test worker] DEBUG org.hibernate.SQL - 
        /* insert for
            com.codepresso.codepresso.entity.member.Member */insert 
        into
            member (account_id, birth_date, email, last_login_at, name, nickname, password, phone, profile_image, role, member_id) 
        values
            (?, ?, ?, ?, ?, ?, ?, ?, ?, ?, default)
    16:24:28.646 [Test worker] DEBUG org.hibernate.SQL - 
        /* <criteria> */ select
            m1_0.member_id 
        from
            member m1_0 
        where
            m1_0.account_id=? 
        fetch
            first ? rows only
    16:24:28.648 [Test worker] DEBUG org.hibernate.SQL - 
        /* insert for
            com.codepresso.codepresso.entity.member.Member */insert 
        into
            member (account_id, birth_date, email, last_login_at, name, nickname, password, phone, profile_image, role, member_id) 
        values
            (?, ?, ?, ?, ?, ?, ?, ?, ?, ?, default)
    16:24:28.649 [Test worker] DEBUG org.hibernate.SQL - 
        /* <criteria> */ select
            m1_0.member_id 
        from
            member m1_0 
        where
            m1_0.account_id=? 
        fetch
            first ? rows only
    16:24:28.650 [Test worker] DEBUG org.hibernate.SQL - 
        /* insert for
            com.codepresso.codepresso.entity.member.Member */insert 
        into
            member (account_id, birth_date, email, last_login_at, name, nickname, password, phone, profile_image, role, member_id) 
        values
            (?, ?, ?, ?, ?, ?, ?, ?, ?, ?, default)
    16:24:28.651 [Test worker] DEBUG org.hibernate.SQL - 
        /* <criteria> */ select
            m1_0.member_id 
        from
            member m1_0 
        where
            m1_0.account_id=? 
        fetch
            first ? rows only
    16:24:28.651 [Test worker] DEBUG org.hibernate.SQL - 
        /* insert for
            com.codepresso.codepresso.entity.member.Member */insert 
        into
            member (account_id, birth_date, email, last_login_at, name, nickname, password, phone, profile_image, role, member_id) 
        values
            (?, ?, ?, ?, ?, ?, ?, ?, ?, ?, default)
    16:24:28.652 [Test worker] DEBUG org.hibernate.SQL - 
        /* <criteria> */ select
            m1_0.member_id 
        from
            member m1_0 
        where
            m1_0.account_id=? 
        fetch
            first ? rows only
    16:24:28.652 [Test worker] DEBUG org.hibernate.SQL - 
        /* insert for
            com.codepresso.codepresso.entity.member.Member */insert 
        into
            member (account_id, birth_date, email, last_login_at, name, nickname, password, phone, profile_image, role, member_id) 
        values
            (?, ?, ?, ?, ?, ?, ?, ?, ?, ?, default)
    16:24:28.654 [Test worker] DEBUG org.hibernate.SQL - 
        /* <criteria> */ select
            m1_0.member_id 
        from
            member m1_0 
        where
            m1_0.account_id=? 
        fetch
            first ? rows only
    16:24:28.654 [Test worker] DEBUG org.hibernate.SQL - 
        /* insert for
            com.codepresso.codepresso.entity.member.Member */insert 
        into
            member (account_id, birth_date, email, last_login_at, name, nickname, password, phone, profile_image, role, member_id) 
        values
            (?, ?, ?, ?, ?, ?, ?, ?, ?, ?, default)
    16:24:28.655 [Test worker] DEBUG org.hibernate.SQL - 
        /* <criteria> */ select
            m1_0.member_id 
        from
            member m1_0 
        where
            m1_0.account_id=? 
        fetch
            first ? rows only
    16:24:28.655 [Test worker] DEBUG org.hibernate.SQL - 
        /* insert for
            com.codepresso.codepresso.entity.member.Member */insert 
        into
            member (account_id, birth_date, email, last_login_at, name, nickname, password, phone, profile_image, role, member_id) 
        values
            (?, ?, ?, ?, ?, ?, ?, ?, ?, ?, default)
    16:24:28.657 [Test worker] DEBUG org.hibernate.SQL - 
        /* <criteria> */ select
            m1_0.member_id 
        from
            member m1_0 
        where
            m1_0.account_id=? 
        fetch
            first ? rows only
    16:24:28.658 [Test worker] DEBUG org.hibernate.SQL - 
        /* insert for
            com.codepresso.codepresso.entity.member.Member */insert 
        into
            member (account_id, birth_date, email, last_login_at, name, nickname, password, phone, profile_image, role, member_id) 
        values
            (?, ?, ?, ?, ?, ?, ?, ?, ?, ?, default)
    16:24:28.659 [Test worker] DEBUG org.hibernate.SQL - 
        /* <criteria> */ select
            m1_0.member_id 
        from
            member m1_0 
        where
            m1_0.account_id=? 
        fetch
            first ? rows only
    16:24:28.659 [Test worker] DEBUG org.hibernate.SQL - 
        /* insert for
            com.codepresso.codepresso.entity.member.Member */insert 
        into
            member (account_id, birth_date, email, last_login_at, name, nickname, password, phone, profile_image, role, member_id) 
        values
            (?, ?, ?, ?, ?, ?, ?, ?, ?, ?, default)
    16:24:28.660 [Test worker] DEBUG org.hibernate.SQL - 
        /* <criteria> */ select
            m1_0.member_id 
        from
            member m1_0 
        where
            m1_0.account_id=? 
        fetch
            first ? rows only
    16:24:28.660 [Test worker] DEBUG org.hibernate.SQL - 
        /* insert for
            com.codepresso.codepresso.entity.member.Member */insert 
        into
            member (account_id, birth_date, email, last_login_at, name, nickname, password, phone, profile_image, role, member_id) 
        values
            (?, ?, ?, ?, ?, ?, ?, ?, ?, ?, default)
    16:24:28.662 [Test worker] DEBUG org.hibernate.SQL - 
        /* <criteria> */ select
            m1_0.member_id 
        from
            member m1_0 
        where
            m1_0.account_id=? 
        fetch
            first ? rows only
    16:24:28.662 [Test worker] DEBUG org.hibernate.SQL - 
        /* insert for
            com.codepresso.codepresso.entity.member.Member */insert 
        into
            member (account_id, birth_date, email, last_login_at, name, nickname, password, phone, profile_image, role, member_id) 
        values
            (?, ?, ?, ?, ?, ?, ?, ?, ?, ?, default)
    16:24:28.663 [Test worker] DEBUG org.hibernate.SQL - 
        /* <criteria> */ select
            m1_0.member_id 
        from
            member m1_0 
        where
            m1_0.account_id=? 
        fetch
            first ? rows only
    16:24:28.664 [Test worker] DEBUG org.hibernate.SQL - 
        /* insert for
            com.codepresso.codepresso.entity.member.Member */insert 
        into
            member (account_id, birth_date, email, last_login_at, name, nickname, password, phone, profile_image, role, member_id) 
        values
            (?, ?, ?, ?, ?, ?, ?, ?, ?, ?, default)
    16:24:28.665 [Test worker] DEBUG org.hibernate.SQL - 
        /* <criteria> */ select
            m1_0.member_id 
        from
            member m1_0 
        where
            m1_0.account_id=? 
        fetch
            first ? rows only
    16:24:28.665 [Test worker] DEBUG org.hibernate.SQL - 
        /* insert for
            com.codepresso.codepresso.entity.member.Member */insert 
        into
            member (account_id, birth_date, email, last_login_at, name, nickname, password, phone, profile_image, role, member_id) 
        values
            (?, ?, ?, ?, ?, ?, ?, ?, ?, ?, default)
    16:24:28.666 [Test worker] DEBUG org.hibernate.SQL - 
        /* <criteria> */ select
            m1_0.member_id 
        from
            member m1_0 
        where
            m1_0.account_id=? 
        fetch
            first ? rows only
    16:24:28.667 [Test worker] DEBUG org.hibernate.SQL - 
        /* insert for
            com.codepresso.codepresso.entity.member.Member */insert 
        into
            member (account_id, birth_date, email, last_login_at, name, nickname, password, phone, profile_image, role, member_id) 
        values
            (?, ?, ?, ?, ?, ?, ?, ?, ?, ?, default)
    16:24:28.668 [Test worker] DEBUG org.hibernate.SQL - 
        /* <criteria> */ select
            m1_0.member_id 
        from
            member m1_0 
        where
            m1_0.account_id=? 
        fetch
            first ? rows only
    16:24:28.668 [Test worker] DEBUG org.hibernate.SQL - 
        /* insert for
            com.codepresso.codepresso.entity.member.Member */insert 
        into
            member (account_id, birth_date, email, last_login_at, name, nickname, password, phone, profile_image, role, member_id) 
        values
            (?, ?, ?, ?, ?, ?, ?, ?, ?, ?, default)
    16:24:28.669 [Test worker] DEBUG org.hibernate.SQL - 
        /* <criteria> */ select
            m1_0.member_id 
        from
            member m1_0 
        where
            m1_0.account_id=? 
        fetch
            first ? rows only
    16:24:28.670 [Test worker] DEBUG org.hibernate.SQL - 
        /* insert for
            com.codepresso.codepresso.entity.member.Member */insert 
        into
            member (account_id, birth_date, email, last_login_at, name, nickname, password, phone, profile_image, role, member_id) 
        values
            (?, ?, ?, ?, ?, ?, ?, ?, ?, ?, default)
    16:24:28.671 [Test worker] DEBUG org.hibernate.SQL - 
        /* <criteria> */ select
            m1_0.member_id 
        from
            member m1_0 
        where
            m1_0.account_id=? 
        fetch
            first ? rows only
    16:24:28.671 [Test worker] DEBUG org.hibernate.SQL - 
        /* insert for
            com.codepresso.codepresso.entity.member.Member */insert 
        into
            member (account_id, birth_date, email, last_login_at, name, nickname, password, phone, profile_image, role, member_id) 
        values
            (?, ?, ?, ?, ?, ?, ?, ?, ?, ?, default)
    16:24:28.672 [Test worker] DEBUG org.hibernate.SQL - 
        /* <criteria> */ select
            m1_0.member_id 
        from
            member m1_0 
        where
            m1_0.account_id=? 
        fetch
            first ? rows only
    16:24:28.673 [Test worker] DEBUG org.hibernate.SQL - 
        /* insert for
            com.codepresso.codepresso.entity.member.Member */insert 
        into
            member (account_id, birth_date, email, last_login_at, name, nickname, password, phone, profile_image, role, member_id) 
        values
            (?, ?, ?, ?, ?, ?, ?, ?, ?, ?, default)
    16:24:28.674 [Test worker] DEBUG org.hibernate.SQL - 
        /* <criteria> */ select
            m1_0.member_id 
        from
            member m1_0 
        where
            m1_0.account_id=? 
        fetch
            first ? rows only
    16:24:28.674 [Test worker] DEBUG org.hibernate.SQL - 
        /* insert for
            com.codepresso.codepresso.entity.member.Member */insert 
        into
            member (account_id, birth_date, email, last_login_at, name, nickname, password, phone, profile_image, role, member_id) 
        values
            (?, ?, ?, ?, ?, ?, ?, ?, ?, ?, default)
    16:24:28.675 [Test worker] DEBUG org.hibernate.SQL - 
        /* <criteria> */ select
            m1_0.member_id 
        from
            member m1_0 
        where
            m1_0.account_id=? 
        fetch
            first ? rows only
    16:24:28.676 [Test worker] DEBUG org.hibernate.SQL - 
        /* insert for
            com.codepresso.codepresso.entity.member.Member */insert 
        into
            member (account_id, birth_date, email, last_login_at, name, nickname, password, phone, profile_image, role, member_id) 
        values
            (?, ?, ?, ?, ?, ?, ?, ?, ?, ?, default)
    16:24:28.677 [Test worker] DEBUG org.hibernate.SQL - 
        /* <criteria> */ select
            m1_0.member_id 
        from
            member m1_0 
        where
            m1_0.account_id=? 
        fetch
            first ? rows only
    16:24:28.677 [Test worker] DEBUG org.hibernate.SQL - 
        /* insert for
            com.codepresso.codepresso.entity.member.Member */insert 
        into
            member (account_id, birth_date, email, last_login_at, name, nickname, password, phone, profile_image, role, member_id) 
        values
            (?, ?, ?, ?, ?, ?, ?, ?, ?, ?, default)
    16:24:28.679 [Test worker] DEBUG org.hibernate.SQL - 
        /* <criteria> */ select
            m1_0.member_id 
        from
            member m1_0 
        where
            m1_0.account_id=? 
        fetch
            first ? rows only
    16:24:28.679 [Test worker] DEBUG org.hibernate.SQL - 
        /* insert for
            com.codepresso.codepresso.entity.member.Member */insert 
        into
            member (account_id, birth_date, email, last_login_at, name, nickname, password, phone, profile_image, role, member_id) 
        values
            (?, ?, ?, ?, ?, ?, ?, ?, ?, ?, default)
    16:24:28.680 [Test worker] DEBUG org.hibernate.SQL - 
        /* <criteria> */ select
            m1_0.member_id 
        from
            member m1_0 
        where
            m1_0.account_id=? 
        fetch
            first ? rows only
    16:24:28.681 [Test worker] DEBUG org.hibernate.SQL - 
        /* insert for
            com.codepresso.codepresso.entity.member.Member */insert 
        into
            member (account_id, birth_date, email, last_login_at, name, nickname, password, phone, profile_image, role, member_id) 
        values
            (?, ?, ?, ?, ?, ?, ?, ?, ?, ?, default)
    16:24:28.681 [Test worker] DEBUG org.hibernate.SQL - 
        /* <criteria> */ select
            m1_0.member_id 
        from
            member m1_0 
        where
            m1_0.account_id=? 
        fetch
            first ? rows only
    16:24:28.682 [Test worker] DEBUG org.hibernate.SQL - 
        /* insert for
            com.codepresso.codepresso.entity.member.Member */insert 
        into
            member (account_id, birth_date, email, last_login_at, name, nickname, password, phone, profile_image, role, member_id) 
        values
            (?, ?, ?, ?, ?, ?, ?, ?, ?, ?, default)
    16:24:28.683 [Test worker] DEBUG org.hibernate.SQL - 
        /* <criteria> */ select
            m1_0.member_id 
        from
            member m1_0 
        where
            m1_0.account_id=? 
        fetch
            first ? rows only
    16:24:28.683 [Test worker] DEBUG org.hibernate.SQL - 
        /* insert for
            com.codepresso.codepresso.entity.member.Member */insert 
        into
            member (account_id, birth_date, email, last_login_at, name, nickname, password, phone, profile_image, role, member_id) 
        values
            (?, ?, ?, ?, ?, ?, ?, ?, ?, ?, default)
    16:24:28.684 [Test worker] DEBUG org.hibernate.SQL - 
        /* <criteria> */ select
            m1_0.member_id 
        from
            member m1_0 
        where
            m1_0.account_id=? 
        fetch
            first ? rows only
    16:24:28.685 [Test worker] DEBUG org.hibernate.SQL - 
        /* insert for
            com.codepresso.codepresso.entity.member.Member */insert 
        into
            member (account_id, birth_date, email, last_login_at, name, nickname, password, phone, profile_image, role, member_id) 
        values
            (?, ?, ?, ?, ?, ?, ?, ?, ?, ?, default)
    16:24:28.686 [Test worker] DEBUG org.hibernate.SQL - 
        /* <criteria> */ select
            m1_0.member_id 
        from
            member m1_0 
        where
            m1_0.account_id=? 
        fetch
            first ? rows only
    16:24:28.687 [Test worker] DEBUG org.hibernate.SQL - 
        /* insert for
            com.codepresso.codepresso.entity.member.Member */insert 
        into
            member (account_id, birth_date, email, last_login_at, name, nickname, password, phone, profile_image, role, member_id) 
        values
            (?, ?, ?, ?, ?, ?, ?, ?, ?, ?, default)
    16:24:28.688 [Test worker] DEBUG org.hibernate.SQL - 
        /* <criteria> */ select
            m1_0.member_id 
        from
            member m1_0 
        where
            m1_0.account_id=? 
        fetch
            first ? rows only
    16:24:28.689 [Test worker] DEBUG org.hibernate.SQL - 
        /* insert for
            com.codepresso.codepresso.entity.member.Member */insert 
        into
            member (account_id, birth_date, email, last_login_at, name, nickname, password, phone, profile_image, role, member_id) 
        values
            (?, ?, ?, ?, ?, ?, ?, ?, ?, ?, default)
    16:24:28.690 [Test worker] DEBUG org.hibernate.SQL - 
        /* <criteria> */ select
            m1_0.member_id 
        from
            member m1_0 
        where
            m1_0.account_id=? 
        fetch
            first ? rows only
    16:24:28.690 [Test worker] DEBUG org.hibernate.SQL - 
        /* insert for
            com.codepresso.codepresso.entity.member.Member */insert 
        into
            member (account_id, birth_date, email, last_login_at, name, nickname, password, phone, profile_image, role, member_id) 
        values
            (?, ?, ?, ?, ?, ?, ?, ?, ?, ?, default)
    16:24:28.691 [Test worker] DEBUG org.hibernate.SQL - 
        /* <criteria> */ select
            m1_0.member_id 
        from
            member m1_0 
        where
            m1_0.account_id=? 
        fetch
            first ? rows only
    16:24:28.691 [Test worker] DEBUG org.hibernate.SQL - 
        /* insert for
            com.codepresso.codepresso.entity.member.Member */insert 
        into
            member (account_id, birth_date, email, last_login_at, name, nickname, password, phone, profile_image, role, member_id) 
        values
            (?, ?, ?, ?, ?, ?, ?, ?, ?, ?, default)
    16:24:28.692 [Test worker] DEBUG org.hibernate.SQL - 
        /* <criteria> */ select
            m1_0.member_id 
        from
            member m1_0 
        where
            m1_0.account_id=? 
        fetch
            first ? rows only
    16:24:28.692 [Test worker] DEBUG org.hibernate.SQL - 
        /* insert for
            com.codepresso.codepresso.entity.member.Member */insert 
        into
            member (account_id, birth_date, email, last_login_at, name, nickname, password, phone, profile_image, role, member_id) 
        values
            (?, ?, ?, ?, ?, ?, ?, ?, ?, ?, default)
    16:24:28.693 [Test worker] DEBUG org.hibernate.SQL - 
        /* <criteria> */ select
            m1_0.member_id 
        from
            member m1_0 
        where
            m1_0.account_id=? 
        fetch
            first ? rows only
    16:24:28.693 [Test worker] DEBUG org.hibernate.SQL - 
        /* insert for
            com.codepresso.codepresso.entity.member.Member */insert 
        into
            member (account_id, birth_date, email, last_login_at, name, nickname, password, phone, profile_image, role, member_id) 
        values
            (?, ?, ?, ?, ?, ?, ?, ?, ?, ?, default)
    16:24:28.694 [Test worker] DEBUG org.hibernate.SQL - 
        /* <criteria> */ select
            m1_0.member_id 
        from
            member m1_0 
        where
            m1_0.account_id=? 
        fetch
            first ? rows only
    16:24:28.695 [Test worker] DEBUG org.hibernate.SQL - 
        /* insert for
            com.codepresso.codepresso.entity.member.Member */insert 
        into
            member (account_id, birth_date, email, last_login_at, name, nickname, password, phone, profile_image, role, member_id) 
        values
            (?, ?, ?, ?, ?, ?, ?, ?, ?, ?, default)
    16:24:28.696 [Test worker] DEBUG org.hibernate.SQL - 
        /* <criteria> */ select
            m1_0.member_id 
        from
            member m1_0 
        where
            m1_0.account_id=? 
        fetch
            first ? rows only
    16:24:28.697 [Test worker] DEBUG org.hibernate.SQL - 
        /* insert for
            com.codepresso.codepresso.entity.member.Member */insert 
        into
            member (account_id, birth_date, email, last_login_at, name, nickname, password, phone, profile_image, role, member_id) 
        values
            (?, ?, ?, ?, ?, ?, ?, ?, ?, ?, default)
    16:24:28.698 [Test worker] DEBUG org.hibernate.SQL - 
        /* <criteria> */ select
            m1_0.member_id 
        from
            member m1_0 
        where
            m1_0.account_id=? 
        fetch
            first ? rows only
    16:24:28.699 [Test worker] DEBUG org.hibernate.SQL - 
        /* insert for
            com.codepresso.codepresso.entity.member.Member */insert 
        into
            member (account_id, birth_date, email, last_login_at, name, nickname, password, phone, profile_image, role, member_id) 
        values
            (?, ?, ?, ?, ?, ?, ?, ?, ?, ?, default)
    16:24:28.699 [Test worker] DEBUG org.hibernate.SQL - 
        /* <criteria> */ select
            m1_0.member_id 
        from
            member m1_0 
        where
            m1_0.account_id=? 
        fetch
            first ? rows only
    16:24:28.700 [Test worker] DEBUG org.hibernate.SQL - 
        /* insert for
            com.codepresso.codepresso.entity.member.Member */insert 
        into
            member (account_id, birth_date, email, last_login_at, name, nickname, password, phone, profile_image, role, member_id) 
        values
            (?, ?, ?, ?, ?, ?, ?, ?, ?, ?, default)
    16:24:28.701 [Test worker] DEBUG org.hibernate.SQL - 
        /* <criteria> */ select
            m1_0.member_id 
        from
            member m1_0 
        where
            m1_0.account_id=? 
        fetch
            first ? rows only
    16:24:28.701 [Test worker] DEBUG org.hibernate.SQL - 
        /* insert for
            com.codepresso.codepresso.entity.member.Member */insert 
        into
            member (account_id, birth_date, email, last_login_at, name, nickname, password, phone, profile_image, role, member_id) 
        values
            (?, ?, ?, ?, ?, ?, ?, ?, ?, ?, default)
    16:24:28.702 [Test worker] DEBUG org.hibernate.SQL - 
        /* <criteria> */ select
            m1_0.member_id 
        from
            member m1_0 
        where
            m1_0.account_id=? 
        fetch
            first ? rows only
    16:24:28.703 [Test worker] DEBUG org.hibernate.SQL - 
        /* insert for
            com.codepresso.codepresso.entity.member.Member */insert 
        into
            member (account_id, birth_date, email, last_login_at, name, nickname, password, phone, profile_image, role, member_id) 
        values
            (?, ?, ?, ?, ?, ?, ?, ?, ?, ?, default)
    16:24:28.703 [Test worker] DEBUG org.hibernate.SQL - 
        /* <criteria> */ select
            m1_0.member_id 
        from
            member m1_0 
        where
            m1_0.account_id=? 
        fetch
            first ? rows only
    16:24:28.704 [Test worker] DEBUG org.hibernate.SQL - 
        /* insert for
            com.codepresso.codepresso.entity.member.Member */insert 
        into
            member (account_id, birth_date, email, last_login_at, name, nickname, password, phone, profile_image, role, member_id) 
        values
            (?, ?, ?, ?, ?, ?, ?, ?, ?, ?, default)
    16:24:28.704 [Test worker] DEBUG org.hibernate.SQL - 
        /* <criteria> */ select
            m1_0.member_id 
        from
            member m1_0 
        where
            m1_0.account_id=? 
        fetch
            first ? rows only
    16:24:28.705 [Test worker] DEBUG org.hibernate.SQL - 
        /* insert for
            com.codepresso.codepresso.entity.member.Member */insert 
        into
            member (account_id, birth_date, email, last_login_at, name, nickname, password, phone, profile_image, role, member_id) 
        values
            (?, ?, ?, ?, ?, ?, ?, ?, ?, ?, default)
    16:24:28.706 [Test worker] DEBUG org.hibernate.SQL - 
        /* <criteria> */ select
            m1_0.member_id 
        from
            member m1_0 
        where
            m1_0.account_id=? 
        fetch
            first ? rows only
    16:24:28.706 [Test worker] DEBUG org.hibernate.SQL - 
        /* insert for
            com.codepresso.codepresso.entity.member.Member */insert 
        into
            member (account_id, birth_date, email, last_login_at, name, nickname, password, phone, profile_image, role, member_id) 
        values
            (?, ?, ?, ?, ?, ?, ?, ?, ?, ?, default)
    16:24:28.707 [Test worker] DEBUG org.hibernate.SQL - 
        /* <criteria> */ select
            m1_0.member_id 
        from
            member m1_0 
        where
            m1_0.account_id=? 
        fetch
            first ? rows only
    16:24:28.707 [Test worker] DEBUG org.hibernate.SQL - 
        /* insert for
            com.codepresso.codepresso.entity.member.Member */insert 
        into
            member (account_id, birth_date, email, last_login_at, name, nickname, password, phone, profile_image, role, member_id) 
        values
            (?, ?, ?, ?, ?, ?, ?, ?, ?, ?, default)
    16:24:28.709 [Test worker] DEBUG org.hibernate.SQL - 
        /* <criteria> */ select
            m1_0.member_id 
        from
            member m1_0 
        where
            m1_0.account_id=? 
        fetch
            first ? rows only
    16:24:28.710 [Test worker] DEBUG org.hibernate.SQL - 
        /* insert for
            com.codepresso.codepresso.entity.member.Member */insert 
        into
            member (account_id, birth_date, email, last_login_at, name, nickname, password, phone, profile_image, role, member_id) 
        values
            (?, ?, ?, ?, ?, ?, ?, ?, ?, ?, default)
    16:24:28.711 [Test worker] DEBUG org.hibernate.SQL - 
        /* <criteria> */ select
            m1_0.member_id 
        from
            member m1_0 
        where
            m1_0.account_id=? 
        fetch
            first ? rows only
    16:24:28.712 [Test worker] DEBUG org.hibernate.SQL - 
        /* insert for
            com.codepresso.codepresso.entity.member.Member */insert 
        into
            member (account_id, birth_date, email, last_login_at, name, nickname, password, phone, profile_image, role, member_id) 
        values
            (?, ?, ?, ?, ?, ?, ?, ?, ?, ?, default)
    16:24:28.713 [Test worker] DEBUG org.hibernate.SQL - 
        /* <criteria> */ select
            m1_0.member_id 
        from
            member m1_0 
        where
            m1_0.account_id=? 
        fetch
            first ? rows only
    16:24:28.714 [Test worker] DEBUG org.hibernate.SQL - 
        /* insert for
            com.codepresso.codepresso.entity.member.Member */insert 
        into
            member (account_id, birth_date, email, last_login_at, name, nickname, password, phone, profile_image, role, member_id) 
        values
            (?, ?, ?, ?, ?, ?, ?, ?, ?, ?, default)
    16:24:28.714 [Test worker] DEBUG org.hibernate.SQL - 
        /* <criteria> */ select
            m1_0.member_id 
        from
            member m1_0 
        where
            m1_0.account_id=? 
        fetch
            first ? rows only
    16:24:28.715 [Test worker] DEBUG org.hibernate.SQL - 
        /* insert for
            com.codepresso.codepresso.entity.member.Member */insert 
        into
            member (account_id, birth_date, email, last_login_at, name, nickname, password, phone, profile_image, role, member_id) 
        values
            (?, ?, ?, ?, ?, ?, ?, ?, ?, ?, default)
    16:24:28.716 [Test worker] DEBUG org.hibernate.SQL - 
        /* <criteria> */ select
            m1_0.member_id 
        from
            member m1_0 
        where
            m1_0.account_id=? 
        fetch
            first ? rows only
    16:24:28.716 [Test worker] DEBUG org.hibernate.SQL - 
        /* insert for
            com.codepresso.codepresso.entity.member.Member */insert 
        into
            member (account_id, birth_date, email, last_login_at, name, nickname, password, phone, profile_image, role, member_id) 
        values
            (?, ?, ?, ?, ?, ?, ?, ?, ?, ?, default)
    16:24:28.717 [Test worker] DEBUG org.hibernate.SQL - 
        /* <criteria> */ select
            m1_0.member_id 
        from
            member m1_0 
        where
            m1_0.account_id=? 
        fetch
            first ? rows only
    16:24:28.718 [Test worker] DEBUG org.hibernate.SQL - 
        /* insert for
            com.codepresso.codepresso.entity.member.Member */insert 
        into
            member (account_id, birth_date, email, last_login_at, name, nickname, password, phone, profile_image, role, member_id) 
        values
            (?, ?, ?, ?, ?, ?, ?, ?, ?, ?, default)
    16:24:28.719 [Test worker] DEBUG org.hibernate.SQL - 
        /* <criteria> */ select
            m1_0.member_id 
        from
            member m1_0 
        where
            m1_0.account_id=? 
        fetch
            first ? rows only
    16:24:28.719 [Test worker] DEBUG org.hibernate.SQL - 
        /* insert for
            com.codepresso.codepresso.entity.member.Member */insert 
        into
            member (account_id, birth_date, email, last_login_at, name, nickname, password, phone, profile_image, role, member_id) 
        values
            (?, ?, ?, ?, ?, ?, ?, ?, ?, ?, default)
    16:24:28.720 [Test worker] DEBUG org.hibernate.SQL - 
        /* <criteria> */ select
            m1_0.member_id 
        from
            member m1_0 
        where
            m1_0.account_id=? 
        fetch
            first ? rows only
    16:24:28.721 [Test worker] DEBUG org.hibernate.SQL - 
        /* insert for
            com.codepresso.codepresso.entity.member.Member */insert 
        into
            member (account_id, birth_date, email, last_login_at, name, nickname, password, phone, profile_image, role, member_id) 
        values
            (?, ?, ?, ?, ?, ?, ?, ?, ?, ?, default)
    16:24:28.722 [Test worker] DEBUG org.hibernate.SQL - 
        /* <criteria> */ select
            m1_0.member_id 
        from
            member m1_0 
        where
            m1_0.account_id=? 
        fetch
            first ? rows only
    16:24:28.723 [Test worker] DEBUG org.hibernate.SQL - 
        /* insert for
            com.codepresso.codepresso.entity.member.Member */insert 
        into
            member (account_id, birth_date, email, last_login_at, name, nickname, password, phone, profile_image, role, member_id) 
        values
            (?, ?, ?, ?, ?, ?, ?, ?, ?, ?, default)
    16:24:28.723 [Test worker] DEBUG org.hibernate.SQL - 
        /* <criteria> */ select
            m1_0.member_id 
        from
            member m1_0 
        where
            m1_0.account_id=? 
        fetch
            first ? rows only
    16:24:28.724 [Test worker] DEBUG org.hibernate.SQL - 
        /* insert for
            com.codepresso.codepresso.entity.member.Member */insert 
        into
            member (account_id, birth_date, email, last_login_at, name, nickname, password, phone, profile_image, role, member_id) 
        values
            (?, ?, ?, ?, ?, ?, ?, ?, ?, ?, default)
    16:24:28.724 [Test worker] DEBUG org.hibernate.SQL - 
        /* <criteria> */ select
            m1_0.member_id 
        from
            member m1_0 
        where
            m1_0.account_id=? 
        fetch
            first ? rows only
    16:24:28.725 [Test worker] DEBUG org.hibernate.SQL - 
        /* insert for
            com.codepresso.codepresso.entity.member.Member */insert 
        into
            member (account_id, birth_date, email, last_login_at, name, nickname, password, phone, profile_image, role, member_id) 
        values
            (?, ?, ?, ?, ?, ?, ?, ?, ?, ?, default)
    16:24:28.725 [Test worker] DEBUG org.hibernate.SQL - 
        /* <criteria> */ select
            m1_0.member_id 
        from
            member m1_0 
        where
            m1_0.account_id=? 
        fetch
            first ? rows only
    16:24:28.726 [Test worker] DEBUG org.hibernate.SQL - 
        /* insert for
            com.codepresso.codepresso.entity.member.Member */insert 
        into
            member (account_id, birth_date, email, last_login_at, name, nickname, password, phone, profile_image, role, member_id) 
        values
            (?, ?, ?, ?, ?, ?, ?, ?, ?, ?, default)
    16:24:28.727 [Test worker] DEBUG org.hibernate.SQL - 
        /* <criteria> */ select
            m1_0.member_id 
        from
            member m1_0 
        where
            m1_0.account_id=? 
        fetch
            first ? rows only
    16:24:28.727 [Test worker] DEBUG org.hibernate.SQL - 
        /* insert for
            com.codepresso.codepresso.entity.member.Member */insert 
        into
            member (account_id, birth_date, email, last_login_at, name, nickname, password, phone, profile_image, role, member_id) 
        values
            (?, ?, ?, ?, ?, ?, ?, ?, ?, ?, default)
    16:24:28.728 [Test worker] DEBUG org.hibernate.SQL - 
        /* <criteria> */ select
            m1_0.member_id 
        from
            member m1_0 
        where
            m1_0.account_id=? 
        fetch
            first ? rows only
    16:24:28.729 [Test worker] DEBUG org.hibernate.SQL - 
        /* insert for
            com.codepresso.codepresso.entity.member.Member */insert 
        into
            member (account_id, birth_date, email, last_login_at, name, nickname, password, phone, profile_image, role, member_id) 
        values
            (?, ?, ?, ?, ?, ?, ?, ?, ?, ?, default)
    16:24:28.731 [Test worker] DEBUG org.hibernate.SQL - 
        /* <criteria> */ select
            m1_0.member_id 
        from
            member m1_0 
        where
            m1_0.account_id=? 
        fetch
            first ? rows only
    16:24:28.732 [Test worker] DEBUG org.hibernate.SQL - 
        /* insert for
            com.codepresso.codepresso.entity.member.Member */insert 
        into
            member (account_id, birth_date, email, last_login_at, name, nickname, password, phone, profile_image, role, member_id) 
        values
            (?, ?, ?, ?, ?, ?, ?, ?, ?, ?, default)
    16:24:28.734 [Test worker] DEBUG org.hibernate.SQL - 
        /* <criteria> */ select
            m1_0.member_id 
        from
            member m1_0 
        where
            m1_0.account_id=? 
        fetch
            first ? rows only
    16:24:28.734 [Test worker] DEBUG org.hibernate.SQL - 
        /* insert for
            com.codepresso.codepresso.entity.member.Member */insert 
        into
            member (account_id, birth_date, email, last_login_at, name, nickname, password, phone, profile_image, role, member_id) 
        values
            (?, ?, ?, ?, ?, ?, ?, ?, ?, ?, default)
    16:24:28.735 [Test worker] DEBUG org.hibernate.SQL - 
        /* <criteria> */ select
            m1_0.member_id 
        from
            member m1_0 
        where
            m1_0.account_id=? 
        fetch
            first ? rows only
    16:24:28.736 [Test worker] DEBUG org.hibernate.SQL - 
        /* insert for
            com.codepresso.codepresso.entity.member.Member */insert 
        into
            member (account_id, birth_date, email, last_login_at, name, nickname, password, phone, profile_image, role, member_id) 
        values
            (?, ?, ?, ?, ?, ?, ?, ?, ?, ?, default)
    16:24:28.737 [Test worker] DEBUG org.hibernate.SQL - 
        /* <criteria> */ select
            m1_0.member_id 
        from
            member m1_0 
        where
            m1_0.account_id=? 
        fetch
            first ? rows only
    16:24:28.737 [Test worker] DEBUG org.hibernate.SQL - 
        /* insert for
            com.codepresso.codepresso.entity.member.Member */insert 
        into
            member (account_id, birth_date, email, last_login_at, name, nickname, password, phone, profile_image, role, member_id) 
        values
            (?, ?, ?, ?, ?, ?, ?, ?, ?, ?, default)
    16:24:28.738 [Test worker] DEBUG org.hibernate.SQL - 
        /* <criteria> */ select
            m1_0.member_id 
        from
            member m1_0 
        where
            m1_0.account_id=? 
        fetch
            first ? rows only
    16:24:28.738 [Test worker] DEBUG org.hibernate.SQL - 
        /* insert for
            com.codepresso.codepresso.entity.member.Member */insert 
        into
            member (account_id, birth_date, email, last_login_at, name, nickname, password, phone, profile_image, role, member_id) 
        values
            (?, ?, ?, ?, ?, ?, ?, ?, ?, ?, default)
    16:24:28.738 [Test worker] DEBUG org.hibernate.SQL - 
        /* <criteria> */ select
            m1_0.member_id 
        from
            member m1_0 
        where
            m1_0.account_id=? 
        fetch
            first ? rows only
    16:24:28.739 [Test worker] DEBUG org.hibernate.SQL - 
        /* insert for
            com.codepresso.codepresso.entity.member.Member */insert 
        into
            member (account_id, birth_date, email, last_login_at, name, nickname, password, phone, profile_image, role, member_id) 
        values
            (?, ?, ?, ?, ?, ?, ?, ?, ?, ?, default)
    16:24:28.739 [Test worker] DEBUG org.hibernate.SQL - 
        /* <criteria> */ select
            m1_0.member_id 
        from
            member m1_0 
        where
            m1_0.account_id=? 
        fetch
            first ? rows only
    16:24:28.740 [Test worker] DEBUG org.hibernate.SQL - 
        /* insert for
            com.codepresso.codepresso.entity.member.Member */insert 
        into
            member (account_id, birth_date, email, last_login_at, name, nickname, password, phone, profile_image, role, member_id) 
        values
            (?, ?, ?, ?, ?, ?, ?, ?, ?, ?, default)
    16:24:28.740 [Test worker] DEBUG org.hibernate.SQL - 
        /* <criteria> */ select
            m1_0.member_id 
        from
            member m1_0 
        where
            m1_0.account_id=? 
        fetch
            first ? rows only
    16:24:28.741 [Test worker] DEBUG org.hibernate.SQL - 
        /* insert for
            com.codepresso.codepresso.entity.member.Member */insert 
        into
            member (account_id, birth_date, email, last_login_at, name, nickname, password, phone, profile_image, role, member_id) 
        values
            (?, ?, ?, ?, ?, ?, ?, ?, ?, ?, default)
    16:24:28.741 [Test worker] DEBUG org.hibernate.SQL - 
        /* <criteria> */ select
            m1_0.member_id 
        from
            member m1_0 
        where
            m1_0.account_id=? 
        fetch
            first ? rows only
    16:24:28.742 [Test worker] DEBUG org.hibernate.SQL - 
        /* insert for
            com.codepresso.codepresso.entity.member.Member */insert 
        into
            member (account_id, birth_date, email, last_login_at, name, nickname, password, phone, profile_image, role, member_id) 
        values
            (?, ?, ?, ?, ?, ?, ?, ?, ?, ?, default)
    16:24:28.743 [Test worker] DEBUG org.hibernate.SQL - 
        /* <criteria> */ select
            m1_0.member_id 
        from
            member m1_0 
        where
            m1_0.account_id=? 
        fetch
            first ? rows only
    16:24:28.743 [Test worker] DEBUG org.hibernate.SQL - 
        /* insert for
            com.codepresso.codepresso.entity.member.Member */insert 
        into
            member (account_id, birth_date, email, last_login_at, name, nickname, password, phone, profile_image, role, member_id) 
        values
            (?, ?, ?, ?, ?, ?, ?, ?, ?, ?, default)
    16:24:28.744 [Test worker] DEBUG org.hibernate.SQL - 
        /* <criteria> */ select
            m1_0.member_id 
        from
            member m1_0 
        where
            m1_0.account_id=? 
        fetch
            first ? rows only
    16:24:28.744 [Test worker] DEBUG org.hibernate.SQL - 
        /* insert for
            com.codepresso.codepresso.entity.member.Member */insert 
        into
            member (account_id, birth_date, email, last_login_at, name, nickname, password, phone, profile_image, role, member_id) 
        values
            (?, ?, ?, ?, ?, ?, ?, ?, ?, ?, default)
    16:24:28.745 [Test worker] DEBUG org.hibernate.SQL - 
        /* <criteria> */ select
            m1_0.member_id 
        from
            member m1_0 
        where
            m1_0.account_id=? 
        fetch
            first ? rows only
    16:24:28.746 [Test worker] DEBUG org.hibernate.SQL - 
        /* insert for
            com.codepresso.codepresso.entity.member.Member */insert 
        into
            member (account_id, birth_date, email, last_login_at, name, nickname, password, phone, profile_image, role, member_id) 
        values
            (?, ?, ?, ?, ?, ?, ?, ?, ?, ?, default)
    16:24:28.746 [Test worker] DEBUG org.hibernate.SQL - 
        /* <criteria> */ select
            m1_0.member_id 
        from
            member m1_0 
        where
            m1_0.account_id=? 
        fetch
            first ? rows only
    16:24:28.746 [Test worker] DEBUG org.hibernate.SQL - 
        /* insert for
            com.codepresso.codepresso.entity.member.Member */insert 
        into
            member (account_id, birth_date, email, last_login_at, name, nickname, password, phone, profile_image, role, member_id) 
        values
            (?, ?, ?, ?, ?, ?, ?, ?, ?, ?, default)
    16:24:28.747 [Test worker] DEBUG org.hibernate.SQL - 
        /* <criteria> */ select
            m1_0.member_id 
        from
            member m1_0 
        where
            m1_0.account_id=? 
        fetch
            first ? rows only
    16:24:28.747 [Test worker] DEBUG org.hibernate.SQL - 
        /* insert for
            com.codepresso.codepresso.entity.member.Member */insert 
        into
            member (account_id, birth_date, email, last_login_at, name, nickname, password, phone, profile_image, role, member_id) 
        values
            (?, ?, ?, ?, ?, ?, ?, ?, ?, ?, default)
    16:24:28.748 [Test worker] DEBUG org.hibernate.SQL - 
        /* <criteria> */ select
            m1_0.member_id 
        from
            member m1_0 
        where
            m1_0.account_id=? 
        fetch
            first ? rows only
    16:24:28.748 [Test worker] DEBUG org.hibernate.SQL - 
        /* insert for
            com.codepresso.codepresso.entity.member.Member */insert 
        into
            member (account_id, birth_date, email, last_login_at, name, nickname, password, phone, profile_image, role, member_id) 
        values
            (?, ?, ?, ?, ?, ?, ?, ?, ?, ?, default)
    16:24:28.749 [Test worker] DEBUG org.hibernate.SQL - 
        /* <criteria> */ select
            m1_0.member_id 
        from
            member m1_0 
        where
            m1_0.account_id=? 
        fetch
            first ? rows only
    16:24:28.749 [Test worker] DEBUG org.hibernate.SQL - 
        /* insert for
            com.codepresso.codepresso.entity.member.Member */insert 
        into
            member (account_id, birth_date, email, last_login_at, name, nickname, password, phone, profile_image, role, member_id) 
        values
            (?, ?, ?, ?, ?, ?, ?, ?, ?, ?, default)
    16:24:28.750 [Test worker] DEBUG org.hibernate.SQL - 
        /* <criteria> */ select
            m1_0.member_id 
        from
            member m1_0 
        where
            m1_0.account_id=? 
        fetch
            first ? rows only
    16:24:28.750 [Test worker] DEBUG org.hibernate.SQL - 
        /* insert for
            com.codepresso.codepresso.entity.member.Member */insert 
        into
            member (account_id, birth_date, email, last_login_at, name, nickname, password, phone, profile_image, role, member_id) 
        values
            (?, ?, ?, ?, ?, ?, ?, ?, ?, ?, default)
    16:24:28.752 [Test worker] DEBUG org.hibernate.SQL - 
        /* <criteria> */ select
            m1_0.member_id 
        from
            member m1_0 
        where
            m1_0.account_id=? 
        fetch
            first ? rows only
    16:24:28.752 [Test worker] DEBUG org.hibernate.SQL - 
        /* insert for
            com.codepresso.codepresso.entity.member.Member */insert 
        into
            member (account_id, birth_date, email, last_login_at, name, nickname, password, phone, profile_image, role, member_id) 
        values
            (?, ?, ?, ?, ?, ?, ?, ?, ?, ?, default)
    16:24:28.754 [Test worker] DEBUG org.hibernate.SQL - 
        /* <criteria> */ select
            m1_0.member_id 
        from
            member m1_0 
        where
            m1_0.account_id=? 
        fetch
            first ? rows only
    16:24:28.755 [Test worker] DEBUG org.hibernate.SQL - 
        /* insert for
            com.codepresso.codepresso.entity.member.Member */insert 
        into
            member (account_id, birth_date, email, last_login_at, name, nickname, password, phone, profile_image, role, member_id) 
        values
            (?, ?, ?, ?, ?, ?, ?, ?, ?, ?, default)
    16:24:28.756 [Test worker] DEBUG org.hibernate.SQL - 
        /* <criteria> */ select
            m1_0.member_id 
        from
            member m1_0 
        where
            m1_0.account_id=? 
        fetch
            first ? rows only
    16:24:28.756 [Test worker] DEBUG org.hibernate.SQL - 
        /* insert for
            com.codepresso.codepresso.entity.member.Member */insert 
        into
            member (account_id, birth_date, email, last_login_at, name, nickname, password, phone, profile_image, role, member_id) 
        values
            (?, ?, ?, ?, ?, ?, ?, ?, ?, ?, default)
    16:24:28.757 [Test worker] DEBUG org.hibernate.SQL - 
        /* <criteria> */ select
            m1_0.member_id 
        from
            member m1_0 
        where
            m1_0.account_id=? 
        fetch
            first ? rows only
    16:24:28.757 [Test worker] DEBUG org.hibernate.SQL - 
        /* insert for
            com.codepresso.codepresso.entity.member.Member */insert 
        into
            member (account_id, birth_date, email, last_login_at, name, nickname, password, phone, profile_image, role, member_id) 
        values
            (?, ?, ?, ?, ?, ?, ?, ?, ?, ?, default)
    16:24:28.758 [Test worker] DEBUG org.hibernate.SQL - 
        /* <criteria> */ select
            m1_0.member_id 
        from
            member m1_0 
        where
            m1_0.account_id=? 
        fetch
            first ? rows only
    16:24:28.759 [Test worker] DEBUG org.hibernate.SQL - 
        /* insert for
            com.codepresso.codepresso.entity.member.Member */insert 
        into
            member (account_id, birth_date, email, last_login_at, name, nickname, password, phone, profile_image, role, member_id) 
        values
            (?, ?, ?, ?, ?, ?, ?, ?, ?, ?, default)
    16:24:28.760 [Test worker] DEBUG org.hibernate.SQL - 
        /* <criteria> */ select
            m1_0.member_id 
        from
            member m1_0 
        where
            m1_0.account_id=? 
        fetch
            first ? rows only
    16:24:28.760 [Test worker] DEBUG org.hibernate.SQL - 
        /* insert for
            com.codepresso.codepresso.entity.member.Member */insert 
        into
            member (account_id, birth_date, email, last_login_at, name, nickname, password, phone, profile_image, role, member_id) 
        values
            (?, ?, ?, ?, ?, ?, ?, ?, ?, ?, default)
    16:24:28.761 [Test worker] DEBUG org.hibernate.SQL - 
        /* <criteria> */ select
            m1_0.member_id 
        from
            member m1_0 
        where
            m1_0.account_id=? 
        fetch
            first ? rows only
    16:24:28.762 [Test worker] DEBUG org.hibernate.SQL - 
        /* insert for
            com.codepresso.codepresso.entity.member.Member */insert 
        into
            member (account_id, birth_date, email, last_login_at, name, nickname, password, phone, profile_image, role, member_id) 
        values
            (?, ?, ?, ?, ?, ?, ?, ?, ?, ?, default)
    16:24:28.763 [Test worker] DEBUG org.hibernate.SQL - 
        /* <criteria> */ select
            m1_0.member_id 
        from
            member m1_0 
        where
            m1_0.account_id=? 
        fetch
            first ? rows only
    16:24:28.763 [Test worker] DEBUG org.hibernate.SQL - 
        /* insert for
            com.codepresso.codepresso.entity.member.Member */insert 
        into
            member (account_id, birth_date, email, last_login_at, name, nickname, password, phone, profile_image, role, member_id) 
        values
            (?, ?, ?, ?, ?, ?, ?, ?, ?, ?, default)
    16:24:28.764 [Test worker] DEBUG org.hibernate.SQL - 
        /* <criteria> */ select
            m1_0.member_id 
        from
            member m1_0 
        where
            m1_0.account_id=? 
        fetch
            first ? rows only
    16:24:28.764 [Test worker] DEBUG org.hibernate.SQL - 
        /* insert for
            com.codepresso.codepresso.entity.member.Member */insert 
        into
            member (account_id, birth_date, email, last_login_at, name, nickname, password, phone, profile_image, role, member_id) 
        values
            (?, ?, ?, ?, ?, ?, ?, ?, ?, ?, default)
    16:24:28.765 [Test worker] DEBUG org.hibernate.SQL - 
        /* <criteria> */ select
            m1_0.member_id 
        from
            member m1_0 
        where
            m1_0.account_id=? 
        fetch
            first ? rows only
    16:24:28.765 [Test worker] DEBUG org.hibernate.SQL - 
        /* insert for
            com.codepresso.codepresso.entity.member.Member */insert 
        into
            member (account_id, birth_date, email, last_login_at, name, nickname, password, phone, profile_image, role, member_id) 
        values
            (?, ?, ?, ?, ?, ?, ?, ?, ?, ?, default)
    16:24:28.766 [Test worker] DEBUG org.hibernate.SQL - 
        /* <criteria> */ select
            m1_0.member_id 
        from
            member m1_0 
        where
            m1_0.account_id=? 
        fetch
            first ? rows only
    16:24:28.766 [Test worker] DEBUG org.hibernate.SQL - 
        /* insert for
            com.codepresso.codepresso.entity.member.Member */insert 
        into
            member (account_id, birth_date, email, last_login_at, name, nickname, password, phone, profile_image, role, member_id) 
        values
            (?, ?, ?, ?, ?, ?, ?, ?, ?, ?, default)
    16:24:28.767 [Test worker] DEBUG org.hibernate.SQL - 
        /* <criteria> */ select
            m1_0.member_id 
        from
            member m1_0 
        where
            m1_0.account_id=? 
        fetch
            first ? rows only
    16:24:28.767 [Test worker] DEBUG org.hibernate.SQL - 
        /* insert for
            com.codepresso.codepresso.entity.member.Member */insert 
        into
            member (account_id, birth_date, email, last_login_at, name, nickname, password, phone, profile_image, role, member_id) 
        values
            (?, ?, ?, ?, ?, ?, ?, ?, ?, ?, default)
    16:24:28.768 [Test worker] DEBUG org.hibernate.SQL - 
        /* <criteria> */ select
            m1_0.member_id 
        from
            member m1_0 
        where
            m1_0.account_id=? 
        fetch
            first ? rows only
    16:24:28.769 [Test worker] DEBUG org.hibernate.SQL - 
        /* insert for
            com.codepresso.codepresso.entity.member.Member */insert 
        into
            member (account_id, birth_date, email, last_login_at, name, nickname, password, phone, profile_image, role, member_id) 
        values
            (?, ?, ?, ?, ?, ?, ?, ?, ?, ?, default)
    16:24:28.769 [Test worker] DEBUG org.hibernate.SQL - 
        /* <criteria> */ select
            m1_0.member_id 
        from
            member m1_0 
        where
            m1_0.account_id=? 
        fetch
            first ? rows only
    16:24:28.770 [Test worker] DEBUG org.hibernate.SQL - 
        /* insert for
            com.codepresso.codepresso.entity.member.Member */insert 
        into
            member (account_id, birth_date, email, last_login_at, name, nickname, password, phone, profile_image, role, member_id) 
        values
            (?, ?, ?, ?, ?, ?, ?, ?, ?, ?, default)
    16:24:28.771 [Test worker] DEBUG org.hibernate.SQL - 
        /* <criteria> */ select
            m1_0.member_id 
        from
            member m1_0 
        where
            m1_0.account_id=? 
        fetch
            first ? rows only
    16:24:28.772 [Test worker] DEBUG org.hibernate.SQL - 
        /* insert for
            com.codepresso.codepresso.entity.member.Member */insert 
        into
            member (account_id, birth_date, email, last_login_at, name, nickname, password, phone, profile_image, role, member_id) 
        values
            (?, ?, ?, ?, ?, ?, ?, ?, ?, ?, default)
    16:24:28.772 [Test worker] DEBUG org.hibernate.SQL - 
        /* <criteria> */ select
            m1_0.member_id 
        from
            member m1_0 
        where
            m1_0.account_id=? 
        fetch
            first ? rows only
    16:24:28.773 [Test worker] DEBUG org.hibernate.SQL - 
        /* insert for
            com.codepresso.codepresso.entity.member.Member */insert 
        into
            member (account_id, birth_date, email, last_login_at, name, nickname, password, phone, profile_image, role, member_id) 
        values
            (?, ?, ?, ?, ?, ?, ?, ?, ?, ?, default)
    16:24:28.773 [Test worker] DEBUG org.hibernate.SQL - 
        /* <criteria> */ select
            m1_0.member_id 
        from
            member m1_0 
        where
            m1_0.account_id=? 
        fetch
            first ? rows only
    16:24:28.774 [Test worker] DEBUG org.hibernate.SQL - 
        /* insert for
            com.codepresso.codepresso.entity.member.Member */insert 
        into
            member (account_id, birth_date, email, last_login_at, name, nickname, password, phone, profile_image, role, member_id) 
        values
            (?, ?, ?, ?, ?, ?, ?, ?, ?, ?, default)
    16:24:28.775 [Test worker] DEBUG org.hibernate.SQL - 
        /* <criteria> */ select
            m1_0.member_id 
        from
            member m1_0 
        where
            m1_0.account_id=? 
        fetch
            first ? rows only
    16:24:28.775 [Test worker] DEBUG org.hibernate.SQL - 
        /* insert for
            com.codepresso.codepresso.entity.member.Member */insert 
        into
            member (account_id, birth_date, email, last_login_at, name, nickname, password, phone, profile_image, role, member_id) 
        values
            (?, ?, ?, ?, ?, ?, ?, ?, ?, ?, default)
    16:24:28.776 [Test worker] DEBUG org.hibernate.SQL - 
        /* <criteria> */ select
            m1_0.member_id 
        from
            member m1_0 
        where
            m1_0.account_id=? 
        fetch
            first ? rows only
    16:24:28.776 [Test worker] DEBUG org.hibernate.SQL - 
        /* insert for
            com.codepresso.codepresso.entity.member.Member */insert 
        into
            member (account_id, birth_date, email, last_login_at, name, nickname, password, phone, profile_image, role, member_id) 
        values
            (?, ?, ?, ?, ?, ?, ?, ?, ?, ?, default)
    16:24:28.777 [Test worker] DEBUG org.hibernate.SQL - 
        /* <criteria> */ select
            m1_0.member_id 
        from
            member m1_0 
        where
            m1_0.account_id=? 
        fetch
            first ? rows only
    16:24:28.777 [Test worker] DEBUG org.hibernate.SQL - 
        /* insert for
            com.codepresso.codepresso.entity.member.Member */insert 
        into
            member (account_id, birth_date, email, last_login_at, name, nickname, password, phone, profile_image, role, member_id) 
        values
            (?, ?, ?, ?, ?, ?, ?, ?, ?, ?, default)
    16:24:28.779 [Test worker] DEBUG org.hibernate.SQL - 
        /* <criteria> */ select
            m1_0.member_id 
        from
            member m1_0 
        where
            m1_0.account_id=? 
        fetch
            first ? rows only
    16:24:28.779 [Test worker] DEBUG org.hibernate.SQL - 
        /* insert for
            com.codepresso.codepresso.entity.member.Member */insert 
        into
            member (account_id, birth_date, email, last_login_at, name, nickname, password, phone, profile_image, role, member_id) 
        values
            (?, ?, ?, ?, ?, ?, ?, ?, ?, ?, default)
    16:24:28.781 [Test worker] DEBUG org.hibernate.SQL - 
        /* <criteria> */ select
            m1_0.member_id 
        from
            member m1_0 
        where
            m1_0.account_id=? 
        fetch
            first ? rows only
    16:24:28.781 [Test worker] DEBUG org.hibernate.SQL - 
        /* insert for
            com.codepresso.codepresso.entity.member.Member */insert 
        into
            member (account_id, birth_date, email, last_login_at, name, nickname, password, phone, profile_image, role, member_id) 
        values
            (?, ?, ?, ?, ?, ?, ?, ?, ?, ?, default)
    16:24:28.782 [Test worker] DEBUG org.hibernate.SQL - 
        /* <criteria> */ select
            m1_0.member_id 
        from
            member m1_0 
        where
            m1_0.account_id=? 
        fetch
            first ? rows only
    16:24:28.783 [Test worker] DEBUG org.hibernate.SQL - 
        /* insert for
            com.codepresso.codepresso.entity.member.Member */insert 
        into
            member (account_id, birth_date, email, last_login_at, name, nickname, password, phone, profile_image, role, member_id) 
        values
            (?, ?, ?, ?, ?, ?, ?, ?, ?, ?, default)
    16:24:28.784 [Test worker] DEBUG org.hibernate.SQL - 
        /* <criteria> */ select
            m1_0.member_id 
        from
            member m1_0 
        where
            m1_0.account_id=? 
        fetch
            first ? rows only
    16:24:28.784 [Test worker] DEBUG org.hibernate.SQL - 
        /* insert for
            com.codepresso.codepresso.entity.member.Member */insert 
        into
            member (account_id, birth_date, email, last_login_at, name, nickname, password, phone, profile_image, role, member_id) 
        values
            (?, ?, ?, ?, ?, ?, ?, ?, ?, ?, default)
    16:24:28.785 [Test worker] DEBUG org.hibernate.SQL - 
        /* <criteria> */ select
            m1_0.member_id 
        from
            member m1_0 
        where
            m1_0.account_id=? 
        fetch
            first ? rows only
    16:24:28.785 [Test worker] DEBUG org.hibernate.SQL - 
        /* insert for
            com.codepresso.codepresso.entity.member.Member */insert 
        into
            member (account_id, birth_date, email, last_login_at, name, nickname, password, phone, profile_image, role, member_id) 
        values
            (?, ?, ?, ?, ?, ?, ?, ?, ?, ?, default)
    16:24:28.786 [Test worker] DEBUG org.hibernate.SQL - 
        /* <criteria> */ select
            m1_0.member_id 
        from
            member m1_0 
        where
            m1_0.account_id=? 
        fetch
            first ? rows only
    16:24:28.786 [Test worker] DEBUG org.hibernate.SQL - 
        /* insert for
            com.codepresso.codepresso.entity.member.Member */insert 
        into
            member (account_id, birth_date, email, last_login_at, name, nickname, password, phone, profile_image, role, member_id) 
        values
            (?, ?, ?, ?, ?, ?, ?, ?, ?, ?, default)
    16:24:28.787 [Test worker] DEBUG org.hibernate.SQL - 
        /* <criteria> */ select
            m1_0.member_id 
        from
            member m1_0 
        where
            m1_0.account_id=? 
        fetch
            first ? rows only
    16:24:28.787 [Test worker] DEBUG org.hibernate.SQL - 
        /* insert for
            com.codepresso.codepresso.entity.member.Member */insert 
        into
            member (account_id, birth_date, email, last_login_at, name, nickname, password, phone, profile_image, role, member_id) 
        values
            (?, ?, ?, ?, ?, ?, ?, ?, ?, ?, default)
    16:24:28.788 [Test worker] DEBUG org.hibernate.SQL - 
        /* <criteria> */ select
            m1_0.member_id 
        from
            member m1_0 
        where
            m1_0.account_id=? 
        fetch
            first ? rows only
    16:24:28.788 [Test worker] DEBUG org.hibernate.SQL - 
        /* insert for
            com.codepresso.codepresso.entity.member.Member */insert 
        into
            member (account_id, birth_date, email, last_login_at, name, nickname, password, phone, profile_image, role, member_id) 
        values
            (?, ?, ?, ?, ?, ?, ?, ?, ?, ?, default)
    16:24:28.789 [Test worker] DEBUG org.hibernate.SQL - 
        /* <criteria> */ select
            m1_0.member_id 
        from
            member m1_0 
        where
            m1_0.account_id=? 
        fetch
            first ? rows only
    16:24:28.790 [Test worker] DEBUG org.hibernate.SQL - 
        /* insert for
            com.codepresso.codepresso.entity.member.Member */insert 
        into
            member (account_id, birth_date, email, last_login_at, name, nickname, password, phone, profile_image, role, member_id) 
        values
            (?, ?, ?, ?, ?, ?, ?, ?, ?, ?, default)
    16:24:28.791 [Test worker] DEBUG org.hibernate.SQL - 
        /* <criteria> */ select
            m1_0.member_id 
        from
            member m1_0 
        where
            m1_0.account_id=? 
        fetch
            first ? rows only
    16:24:28.791 [Test worker] DEBUG org.hibernate.SQL - 
        /* insert for
            com.codepresso.codepresso.entity.member.Member */insert 
        into
            member (account_id, birth_date, email, last_login_at, name, nickname, password, phone, profile_image, role, member_id) 
        values
            (?, ?, ?, ?, ?, ?, ?, ?, ?, ?, default)
    16:24:28.792 [Test worker] DEBUG org.hibernate.SQL - 
        /* <criteria> */ select
            m1_0.member_id 
        from
            member m1_0 
        where
            m1_0.account_id=? 
        fetch
            first ? rows only
    16:24:28.792 [Test worker] DEBUG org.hibernate.SQL - 
        /* insert for
            com.codepresso.codepresso.entity.member.Member */insert 
        into
            member (account_id, birth_date, email, last_login_at, name, nickname, password, phone, profile_image, role, member_id) 
        values
            (?, ?, ?, ?, ?, ?, ?, ?, ?, ?, default)
    16:24:28.793 [Test worker] DEBUG org.hibernate.SQL - 
        /* <criteria> */ select
            m1_0.member_id 
        from
            member m1_0 
        where
            m1_0.account_id=? 
        fetch
            first ? rows only
    16:24:28.793 [Test worker] DEBUG org.hibernate.SQL - 
        /* insert for
            com.codepresso.codepresso.entity.member.Member */insert 
        into
            member (account_id, birth_date, email, last_login_at, name, nickname, password, phone, profile_image, role, member_id) 
        values
            (?, ?, ?, ?, ?, ?, ?, ?, ?, ?, default)
    16:24:28.794 [Test worker] DEBUG org.hibernate.SQL - 
        /* <criteria> */ select
            m1_0.member_id 
        from
            member m1_0 
        where
            m1_0.account_id=? 
        fetch
            first ? rows only
    16:24:28.794 [Test worker] DEBUG org.hibernate.SQL - 
        /* insert for
            com.codepresso.codepresso.entity.member.Member */insert 
        into
            member (account_id, birth_date, email, last_login_at, name, nickname, password, phone, profile_image, role, member_id) 
        values
            (?, ?, ?, ?, ?, ?, ?, ?, ?, ?, default)
    16:24:28.795 [Test worker] DEBUG org.hibernate.SQL - 
        /* <criteria> */ select
            m1_0.member_id 
        from
            member m1_0 
        where
            m1_0.account_id=? 
        fetch
            first ? rows only
    16:24:28.795 [Test worker] DEBUG org.hibernate.SQL - 
        /* insert for
            com.codepresso.codepresso.entity.member.Member */insert 
        into
            member (account_id, birth_date, email, last_login_at, name, nickname, password, phone, profile_image, role, member_id) 
        values
            (?, ?, ?, ?, ?, ?, ?, ?, ?, ?, default)
    16:24:28.796 [Test worker] DEBUG org.hibernate.SQL - 
        /* <criteria> */ select
            m1_0.member_id 
        from
            member m1_0 
        where
            m1_0.account_id=? 
        fetch
            first ? rows only
    16:24:28.796 [Test worker] DEBUG org.hibernate.SQL - 
        /* insert for
            com.codepresso.codepresso.entity.member.Member */insert 
        into
            member (account_id, birth_date, email, last_login_at, name, nickname, password, phone, profile_image, role, member_id) 
        values
            (?, ?, ?, ?, ?, ?, ?, ?, ?, ?, default)
    16:24:28.797 [Test worker] DEBUG org.hibernate.SQL - 
        /* <criteria> */ select
            m1_0.member_id 
        from
            member m1_0 
        where
            m1_0.account_id=? 
        fetch
            first ? rows only
    16:24:28.797 [Test worker] DEBUG org.hibernate.SQL - 
        /* insert for
            com.codepresso.codepresso.entity.member.Member */insert 
        into
            member (account_id, birth_date, email, last_login_at, name, nickname, password, phone, profile_image, role, member_id) 
        values
            (?, ?, ?, ?, ?, ?, ?, ?, ?, ?, default)
    16:24:28.798 [Test worker] DEBUG org.hibernate.SQL - 
        /* <criteria> */ select
            m1_0.member_id 
        from
            member m1_0 
        where
            m1_0.account_id=? 
        fetch
            first ? rows only
    16:24:28.799 [Test worker] DEBUG org.hibernate.SQL - 
        /* insert for
            com.codepresso.codepresso.entity.member.Member */insert 
        into
            member (account_id, birth_date, email, last_login_at, name, nickname, password, phone, profile_image, role, member_id) 
        values
            (?, ?, ?, ?, ?, ?, ?, ?, ?, ?, default)
    16:24:28.799 [Test worker] DEBUG org.hibernate.SQL - 
        /* <criteria> */ select
            m1_0.member_id 
        from
            member m1_0 
        where
            m1_0.account_id=? 
        fetch
            first ? rows only
    16:24:28.800 [Test worker] DEBUG org.hibernate.SQL - 
        /* insert for
            com.codepresso.codepresso.entity.member.Member */insert 
        into
            member (account_id, birth_date, email, last_login_at, name, nickname, password, phone, profile_image, role, member_id) 
        values
            (?, ?, ?, ?, ?, ?, ?, ?, ?, ?, default)
    16:24:28.800 [Test worker] DEBUG org.hibernate.SQL - 
        /* <criteria> */ select
            m1_0.member_id 
        from
            member m1_0 
        where
            m1_0.account_id=? 
        fetch
            first ? rows only
    16:24:28.801 [Test worker] DEBUG org.hibernate.SQL - 
        /* insert for
            com.codepresso.codepresso.entity.member.Member */insert 
        into
            member (account_id, birth_date, email, last_login_at, name, nickname, password, phone, profile_image, role, member_id) 
        values
            (?, ?, ?, ?, ?, ?, ?, ?, ?, ?, default)
    16:24:28.801 [Test worker] DEBUG org.hibernate.SQL - 
        /* <criteria> */ select
            m1_0.member_id 
        from
            member m1_0 
        where
            m1_0.account_id=? 
        fetch
            first ? rows only
    16:24:28.802 [Test worker] DEBUG org.hibernate.SQL - 
        /* insert for
            com.codepresso.codepresso.entity.member.Member */insert 
        into
            member (account_id, birth_date, email, last_login_at, name, nickname, password, phone, profile_image, role, member_id) 
        values
            (?, ?, ?, ?, ?, ?, ?, ?, ?, ?, default)
    16:24:28.802 [Test worker] DEBUG org.hibernate.SQL - 
        /* <criteria> */ select
            m1_0.member_id 
        from
            member m1_0 
        where
            m1_0.account_id=? 
        fetch
            first ? rows only
    16:24:28.803 [Test worker] DEBUG org.hibernate.SQL - 
        /* insert for
            com.codepresso.codepresso.entity.member.Member */insert 
        into
            member (account_id, birth_date, email, last_login_at, name, nickname, password, phone, profile_image, role, member_id) 
        values
            (?, ?, ?, ?, ?, ?, ?, ?, ?, ?, default)
    16:24:28.803 [Test worker] DEBUG org.hibernate.SQL - 
        /* <criteria> */ select
            m1_0.member_id 
        from
            member m1_0 
        where
            m1_0.account_id=? 
        fetch
            first ? rows only
    16:24:28.804 [Test worker] DEBUG org.hibernate.SQL - 
        /* insert for
            com.codepresso.codepresso.entity.member.Member */insert 
        into
            member (account_id, birth_date, email, last_login_at, name, nickname, password, phone, profile_image, role, member_id) 
        values
            (?, ?, ?, ?, ?, ?, ?, ?, ?, ?, default)
    16:24:28.805 [Test worker] DEBUG org.hibernate.SQL - 
        /* <criteria> */ select
            m1_0.member_id 
        from
            member m1_0 
        where
            m1_0.account_id=? 
        fetch
            first ? rows only
    16:24:28.805 [Test worker] DEBUG org.hibernate.SQL - 
        /* insert for
            com.codepresso.codepresso.entity.member.Member */insert 
        into
            member (account_id, birth_date, email, last_login_at, name, nickname, password, phone, profile_image, role, member_id) 
        values
            (?, ?, ?, ?, ?, ?, ?, ?, ?, ?, default)
    16:24:28.806 [Test worker] DEBUG org.hibernate.SQL - 
        /* <criteria> */ select
            m1_0.member_id 
        from
            member m1_0 
        where
            m1_0.account_id=? 
        fetch
            first ? rows only
    16:24:28.806 [Test worker] DEBUG org.hibernate.SQL - 
        /* insert for
            com.codepresso.codepresso.entity.member.Member */insert 
        into
            member (account_id, birth_date, email, last_login_at, name, nickname, password, phone, profile_image, role, member_id) 
        values
            (?, ?, ?, ?, ?, ?, ?, ?, ?, ?, default)
    16:24:28.807 [Test worker] DEBUG org.hibernate.SQL - 
        /* <criteria> */ select
            m1_0.member_id 
        from
            member m1_0 
        where
            m1_0.account_id=? 
        fetch
            first ? rows only
    16:24:28.807 [Test worker] DEBUG org.hibernate.SQL - 
        /* insert for
            com.codepresso.codepresso.entity.member.Member */insert 
        into
            member (account_id, birth_date, email, last_login_at, name, nickname, password, phone, profile_image, role, member_id) 
        values
            (?, ?, ?, ?, ?, ?, ?, ?, ?, ?, default)
    16:24:28.808 [Test worker] DEBUG org.hibernate.SQL - 
        /* <criteria> */ select
            m1_0.member_id 
        from
            member m1_0 
        where
            m1_0.account_id=? 
        fetch
            first ? rows only
    16:24:28.808 [Test worker] DEBUG org.hibernate.SQL - 
        /* insert for
            com.codepresso.codepresso.entity.member.Member */insert 
        into
            member (account_id, birth_date, email, last_login_at, name, nickname, password, phone, profile_image, role, member_id) 
        values
            (?, ?, ?, ?, ?, ?, ?, ?, ?, ?, default)
    16:24:28.809 [Test worker] DEBUG org.hibernate.SQL - 
        /* <criteria> */ select
            m1_0.member_id 
        from
            member m1_0 
        where
            m1_0.account_id=? 
        fetch
            first ? rows only
    16:24:28.809 [Test worker] DEBUG org.hibernate.SQL - 
        /* insert for
            com.codepresso.codepresso.entity.member.Member */insert 
        into
            member (account_id, birth_date, email, last_login_at, name, nickname, password, phone, profile_image, role, member_id) 
        values
            (?, ?, ?, ?, ?, ?, ?, ?, ?, ?, default)
    16:24:28.810 [Test worker] DEBUG org.hibernate.SQL - 
        /* <criteria> */ select
            m1_0.member_id 
        from
            member m1_0 
        where
            m1_0.account_id=? 
        fetch
            first ? rows only
    16:24:28.811 [Test worker] DEBUG org.hibernate.SQL - 
        /* insert for
            com.codepresso.codepresso.entity.member.Member */insert 
        into
            member (account_id, birth_date, email, last_login_at, name, nickname, password, phone, profile_image, role, member_id) 
        values
            (?, ?, ?, ?, ?, ?, ?, ?, ?, ?, default)
    16:24:28.812 [Test worker] DEBUG org.hibernate.SQL - 
        /* <criteria> */ select
            m1_0.member_id 
        from
            member m1_0 
        where
            m1_0.account_id=? 
        fetch
            first ? rows only
    16:24:28.812 [Test worker] DEBUG org.hibernate.SQL - 
        /* insert for
            com.codepresso.codepresso.entity.member.Member */insert 
        into
            member (account_id, birth_date, email, last_login_at, name, nickname, password, phone, profile_image, role, member_id) 
        values
            (?, ?, ?, ?, ?, ?, ?, ?, ?, ?, default)
    16:24:28.813 [Test worker] DEBUG org.hibernate.SQL - 
        /* <criteria> */ select
            m1_0.member_id 
        from
            member m1_0 
        where
            m1_0.account_id=? 
        fetch
            first ? rows only
    16:24:28.814 [Test worker] DEBUG org.hibernate.SQL - 
        /* insert for
            com.codepresso.codepresso.entity.member.Member */insert 
        into
            member (account_id, birth_date, email, last_login_at, name, nickname, password, phone, profile_image, role, member_id) 
        values
            (?, ?, ?, ?, ?, ?, ?, ?, ?, ?, default)
    16:24:28.814 [Test worker] DEBUG org.hibernate.SQL - 
        /* <criteria> */ select
            m1_0.member_id 
        from
            member m1_0 
        where
            m1_0.account_id=? 
        fetch
            first ? rows only
    16:24:28.815 [Test worker] DEBUG org.hibernate.SQL - 
        /* insert for
            com.codepresso.codepresso.entity.member.Member */insert 
        into
            member (account_id, birth_date, email, last_login_at, name, nickname, password, phone, profile_image, role, member_id) 
        values
            (?, ?, ?, ?, ?, ?, ?, ?, ?, ?, default)
    16:24:28.815 [Test worker] DEBUG org.hibernate.SQL - 
        /* <criteria> */ select
            m1_0.member_id 
        from
            member m1_0 
        where
            m1_0.account_id=? 
        fetch
            first ? rows only
    16:24:28.816 [Test worker] DEBUG org.hibernate.SQL - 
        /* insert for
            com.codepresso.codepresso.entity.member.Member */insert 
        into
            member (account_id, birth_date, email, last_login_at, name, nickname, password, phone, profile_image, role, member_id) 
        values
            (?, ?, ?, ?, ?, ?, ?, ?, ?, ?, default)
    16:24:28.816 [Test worker] DEBUG org.hibernate.SQL - 
        /* <criteria> */ select
            m1_0.member_id 
        from
            member m1_0 
        where
            m1_0.account_id=? 
        fetch
            first ? rows only
    16:24:28.816 [Test worker] DEBUG org.hibernate.SQL - 
        /* insert for
            com.codepresso.codepresso.entity.member.Member */insert 
        into
            member (account_id, birth_date, email, last_login_at, name, nickname, password, phone, profile_image, role, member_id) 
        values
            (?, ?, ?, ?, ?, ?, ?, ?, ?, ?, default)
    16:24:28.817 [Test worker] DEBUG org.hibernate.SQL - 
        /* <criteria> */ select
            m1_0.member_id 
        from
            member m1_0 
        where
            m1_0.account_id=? 
        fetch
            first ? rows only
    16:24:28.817 [Test worker] DEBUG org.hibernate.SQL - 
        /* insert for
            com.codepresso.codepresso.entity.member.Member */insert 
        into
            member (account_id, birth_date, email, last_login_at, name, nickname, password, phone, profile_image, role, member_id) 
        values
            (?, ?, ?, ?, ?, ?, ?, ?, ?, ?, default)
    16:24:28.818 [Test worker] DEBUG org.hibernate.SQL - 
        /* <criteria> */ select
            m1_0.member_id 
        from
            member m1_0 
        where
            m1_0.account_id=? 
        fetch
            first ? rows only
    16:24:28.819 [Test worker] DEBUG org.hibernate.SQL - 
        /* insert for
            com.codepresso.codepresso.entity.member.Member */insert 
        into
            member (account_id, birth_date, email, last_login_at, name, nickname, password, phone, profile_image, role, member_id) 
        values
            (?, ?, ?, ?, ?, ?, ?, ?, ?, ?, default)
    16:24:28.819 [Test worker] DEBUG org.hibernate.SQL - 
        /* <criteria> */ select
            m1_0.member_id 
        from
            member m1_0 
        where
            m1_0.account_id=? 
        fetch
            first ? rows only
    16:24:28.820 [Test worker] DEBUG org.hibernate.SQL - 
        /* insert for
            com.codepresso.codepresso.entity.member.Member */insert 
        into
            member (account_id, birth_date, email, last_login_at, name, nickname, password, phone, profile_image, role, member_id) 
        values
            (?, ?, ?, ?, ?, ?, ?, ?, ?, ?, default)
    16:24:28.820 [Test worker] DEBUG org.hibernate.SQL - 
        /* <criteria> */ select
            m1_0.member_id 
        from
            member m1_0 
        where
            m1_0.account_id=? 
        fetch
            first ? rows only
    16:24:28.821 [Test worker] DEBUG org.hibernate.SQL - 
        /* insert for
            com.codepresso.codepresso.entity.member.Member */insert 
        into
            member (account_id, birth_date, email, last_login_at, name, nickname, password, phone, profile_image, role, member_id) 
        values
            (?, ?, ?, ?, ?, ?, ?, ?, ?, ?, default)
    16:24:28.821 [Test worker] DEBUG org.hibernate.SQL - 
        /* <criteria> */ select
            m1_0.member_id 
        from
            member m1_0 
        where
            m1_0.account_id=? 
        fetch
            first ? rows only
    16:24:28.822 [Test worker] DEBUG org.hibernate.SQL - 
        /* insert for
            com.codepresso.codepresso.entity.member.Member */insert 
        into
            member (account_id, birth_date, email, last_login_at, name, nickname, password, phone, profile_image, role, member_id) 
        values
            (?, ?, ?, ?, ?, ?, ?, ?, ?, ?, default)
    16:24:28.822 [Test worker] DEBUG org.hibernate.SQL - 
        /* <criteria> */ select
            m1_0.member_id 
        from
            member m1_0 
        where
            m1_0.account_id=? 
        fetch
            first ? rows only
    16:24:28.823 [Test worker] DEBUG org.hibernate.SQL - 
        /* insert for
            com.codepresso.codepresso.entity.member.Member */insert 
        into
            member (account_id, birth_date, email, last_login_at, name, nickname, password, phone, profile_image, role, member_id) 
        values
            (?, ?, ?, ?, ?, ?, ?, ?, ?, ?, default)
    16:24:28.823 [Test worker] DEBUG org.hibernate.SQL - 
        /* <criteria> */ select
            m1_0.member_id 
        from
            member m1_0 
        where
            m1_0.account_id=? 
        fetch
            first ? rows only
    16:24:28.823 [Test worker] DEBUG org.hibernate.SQL - 
        /* insert for
            com.codepresso.codepresso.entity.member.Member */insert 
        into
            member (account_id, birth_date, email, last_login_at, name, nickname, password, phone, profile_image, role, member_id) 
        values
            (?, ?, ?, ?, ?, ?, ?, ?, ?, ?, default)
    16:24:28.824 [Test worker] DEBUG org.hibernate.SQL - 
        /* <criteria> */ select
            m1_0.member_id 
        from
            member m1_0 
        where
            m1_0.account_id=? 
        fetch
            first ? rows only
    16:24:28.824 [Test worker] DEBUG org.hibernate.SQL - 
        /* insert for
            com.codepresso.codepresso.entity.member.Member */insert 
        into
            member (account_id, birth_date, email, last_login_at, name, nickname, password, phone, profile_image, role, member_id) 
        values
            (?, ?, ?, ?, ?, ?, ?, ?, ?, ?, default)
    16:24:28.825 [Test worker] DEBUG org.hibernate.SQL - 
        /* <criteria> */ select
            m1_0.member_id 
        from
            member m1_0 
        where
            m1_0.account_id=? 
        fetch
            first ? rows only
    16:24:28.825 [Test worker] DEBUG org.hibernate.SQL - 
        /* insert for
            com.codepresso.codepresso.entity.member.Member */insert 
        into
            member (account_id, birth_date, email, last_login_at, name, nickname, password, phone, profile_image, role, member_id) 
        values
            (?, ?, ?, ?, ?, ?, ?, ?, ?, ?, default)
    16:24:28.826 [Test worker] DEBUG org.hibernate.SQL - 
        /* <criteria> */ select
            m1_0.member_id 
        from
            member m1_0 
        where
            m1_0.account_id=? 
        fetch
            first ? rows only
    16:24:28.826 [Test worker] DEBUG org.hibernate.SQL - 
        /* insert for
            com.codepresso.codepresso.entity.member.Member */insert 
        into
            member (account_id, birth_date, email, last_login_at, name, nickname, password, phone, profile_image, role, member_id) 
        values
            (?, ?, ?, ?, ?, ?, ?, ?, ?, ?, default)
    16:24:28.828 [Test worker] DEBUG org.hibernate.SQL - 
        /* <criteria> */ select
            m1_0.member_id 
        from
            member m1_0 
        where
            m1_0.account_id=? 
        fetch
            first ? rows only
    16:24:28.828 [Test worker] DEBUG org.hibernate.SQL - 
        /* insert for
            com.codepresso.codepresso.entity.member.Member */insert 
        into
            member (account_id, birth_date, email, last_login_at, name, nickname, password, phone, profile_image, role, member_id) 
        values
            (?, ?, ?, ?, ?, ?, ?, ?, ?, ?, default)
    16:24:28.829 [Test worker] DEBUG org.hibernate.SQL - 
        /* <criteria> */ select
            m1_0.member_id 
        from
            member m1_0 
        where
            m1_0.account_id=? 
        fetch
            first ? rows only
    16:24:28.830 [Test worker] DEBUG org.hibernate.SQL - 
        /* insert for
            com.codepresso.codepresso.entity.member.Member */insert 
        into
            member (account_id, birth_date, email, last_login_at, name, nickname, password, phone, profile_image, role, member_id) 
        values
            (?, ?, ?, ?, ?, ?, ?, ?, ?, ?, default)
    16:24:28.831 [Test worker] DEBUG org.hibernate.SQL - 
        /* <criteria> */ select
            m1_0.member_id 
        from
            member m1_0 
        where
            m1_0.account_id=? 
        fetch
            first ? rows only
    16:24:28.831 [Test worker] DEBUG org.hibernate.SQL - 
        /* insert for
            com.codepresso.codepresso.entity.member.Member */insert 
        into
            member (account_id, birth_date, email, last_login_at, name, nickname, password, phone, profile_image, role, member_id) 
        values
            (?, ?, ?, ?, ?, ?, ?, ?, ?, ?, default)
    16:24:28.832 [Test worker] DEBUG org.hibernate.SQL - 
        /* <criteria> */ select
            m1_0.member_id 
        from
            member m1_0 
        where
            m1_0.account_id=? 
        fetch
            first ? rows only
    16:24:28.832 [Test worker] DEBUG org.hibernate.SQL - 
        /* insert for
            com.codepresso.codepresso.entity.member.Member */insert 
        into
            member (account_id, birth_date, email, last_login_at, name, nickname, password, phone, profile_image, role, member_id) 
        values
            (?, ?, ?, ?, ?, ?, ?, ?, ?, ?, default)
    16:24:28.833 [Test worker] DEBUG org.hibernate.SQL - 
        /* <criteria> */ select
            m1_0.member_id 
        from
            member m1_0 
        where
            m1_0.account_id=? 
        fetch
            first ? rows only
    16:24:28.833 [Test worker] DEBUG org.hibernate.SQL - 
        /* insert for
            com.codepresso.codepresso.entity.member.Member */insert 
        into
            member (account_id, birth_date, email, last_login_at, name, nickname, password, phone, profile_image, role, member_id) 
        values
            (?, ?, ?, ?, ?, ?, ?, ?, ?, ?, default)
    16:24:28.833 [Test worker] DEBUG org.hibernate.SQL - 
        /* <criteria> */ select
            m1_0.member_id 
        from
            member m1_0 
        where
            m1_0.account_id=? 
        fetch
            first ? rows only
    16:24:28.833 [Test worker] DEBUG org.hibernate.SQL - 
        /* insert for
            com.codepresso.codepresso.entity.member.Member */insert 
        into
            member (account_id, birth_date, email, last_login_at, name, nickname, password, phone, profile_image, role, member_id) 
        values
            (?, ?, ?, ?, ?, ?, ?, ?, ?, ?, default)
    16:24:28.834 [Test worker] DEBUG org.hibernate.SQL - 
        /* <criteria> */ select
            m1_0.member_id 
        from
            member m1_0 
        where
            m1_0.account_id=? 
        fetch
            first ? rows only
    16:24:28.834 [Test worker] DEBUG org.hibernate.SQL - 
        /* insert for
            com.codepresso.codepresso.entity.member.Member */insert 
        into
            member (account_id, birth_date, email, last_login_at, name, nickname, password, phone, profile_image, role, member_id) 
        values
            (?, ?, ?, ?, ?, ?, ?, ?, ?, ?, default)
    16:24:28.835 [Test worker] DEBUG org.hibernate.SQL - 
        /* <criteria> */ select
            m1_0.member_id 
        from
            member m1_0 
        where
            m1_0.account_id=? 
        fetch
            first ? rows only
    16:24:28.835 [Test worker] DEBUG org.hibernate.SQL - 
        /* insert for
            com.codepresso.codepresso.entity.member.Member */insert 
        into
            member (account_id, birth_date, email, last_login_at, name, nickname, password, phone, profile_image, role, member_id) 
        values
            (?, ?, ?, ?, ?, ?, ?, ?, ?, ?, default)
    16:24:28.836 [Test worker] DEBUG org.hibernate.SQL - 
        /* <criteria> */ select
            m1_0.member_id 
        from
            member m1_0 
        where
            m1_0.account_id=? 
        fetch
            first ? rows only
    16:24:28.836 [Test worker] DEBUG org.hibernate.SQL - 
        /* insert for
            com.codepresso.codepresso.entity.member.Member */insert 
        into
            member (account_id, birth_date, email, last_login_at, name, nickname, password, phone, profile_image, role, member_id) 
        values
            (?, ?, ?, ?, ?, ?, ?, ?, ?, ?, default)
    16:24:28.837 [Test worker] DEBUG org.hibernate.SQL - 
        /* <criteria> */ select
            m1_0.member_id 
        from
            member m1_0 
        where
            m1_0.account_id=? 
        fetch
            first ? rows only
    16:24:28.837 [Test worker] DEBUG org.hibernate.SQL - 
        /* insert for
            com.codepresso.codepresso.entity.member.Member */insert 
        into
            member (account_id, birth_date, email, last_login_at, name, nickname, password, phone, profile_image, role, member_id) 
        values
            (?, ?, ?, ?, ?, ?, ?, ?, ?, ?, default)
    16:24:28.837 [Test worker] DEBUG org.hibernate.SQL - 
        /* <criteria> */ select
            m1_0.member_id 
        from
            member m1_0 
        where
            m1_0.account_id=? 
        fetch
            first ? rows only
    16:24:28.838 [Test worker] DEBUG org.hibernate.SQL - 
        /* insert for
            com.codepresso.codepresso.entity.member.Member */insert 
        into
            member (account_id, birth_date, email, last_login_at, name, nickname, password, phone, profile_image, role, member_id) 
        values
            (?, ?, ?, ?, ?, ?, ?, ?, ?, ?, default)
    16:24:28.839 [Test worker] DEBUG org.hibernate.SQL - 
        /* <criteria> */ select
            m1_0.member_id 
        from
            member m1_0 
        where
            m1_0.account_id=? 
        fetch
            first ? rows only
    16:24:28.839 [Test worker] DEBUG org.hibernate.SQL - 
        /* insert for
            com.codepresso.codepresso.entity.member.Member */insert 
        into
            member (account_id, birth_date, email, last_login_at, name, nickname, password, phone, profile_image, role, member_id) 
        values
            (?, ?, ?, ?, ?, ?, ?, ?, ?, ?, default)
    16:24:28.840 [Test worker] DEBUG org.hibernate.SQL - 
        /* <criteria> */ select
            m1_0.member_id 
        from
            member m1_0 
        where
            m1_0.account_id=? 
        fetch
            first ? rows only
    16:24:28.840 [Test worker] DEBUG org.hibernate.SQL - 
        /* insert for
            com.codepresso.codepresso.entity.member.Member */insert 
        into
            member (account_id, birth_date, email, last_login_at, name, nickname, password, phone, profile_image, role, member_id) 
        values
            (?, ?, ?, ?, ?, ?, ?, ?, ?, ?, default)
    16:24:28.840 [Test worker] DEBUG org.hibernate.SQL - 
        /* <criteria> */ select
            m1_0.member_id 
        from
            member m1_0 
        where
            m1_0.account_id=? 
        fetch
            first ? rows only
    16:24:28.841 [Test worker] DEBUG org.hibernate.SQL - 
        /* insert for
            com.codepresso.codepresso.entity.member.Member */insert 
        into
            member (account_id, birth_date, email, last_login_at, name, nickname, password, phone, profile_image, role, member_id) 
        values
            (?, ?, ?, ?, ?, ?, ?, ?, ?, ?, default)
    16:24:28.841 [Test worker] DEBUG org.hibernate.SQL - 
        /* <criteria> */ select
            m1_0.member_id 
        from
            member m1_0 
        where
            m1_0.account_id=? 
        fetch
            first ? rows only
    16:24:28.841 [Test worker] DEBUG org.hibernate.SQL - 
        /* insert for
            com.codepresso.codepresso.entity.member.Member */insert 
        into
            member (account_id, birth_date, email, last_login_at, name, nickname, password, phone, profile_image, role, member_id) 
        values
            (?, ?, ?, ?, ?, ?, ?, ?, ?, ?, default)
    16:24:28.842 [Test worker] DEBUG org.hibernate.SQL - 
        /* <criteria> */ select
            m1_0.member_id 
        from
            member m1_0 
        where
            m1_0.account_id=? 
        fetch
            first ? rows only
    16:24:28.843 [Test worker] DEBUG org.hibernate.SQL - 
        /* insert for
            com.codepresso.codepresso.entity.member.Member */insert 
        into
            member (account_id, birth_date, email, last_login_at, name, nickname, password, phone, profile_image, role, member_id) 
        values
            (?, ?, ?, ?, ?, ?, ?, ?, ?, ?, default)
    16:24:28.843 [Test worker] DEBUG org.hibernate.SQL - 
        /* <criteria> */ select
            m1_0.member_id 
        from
            member m1_0 
        where
            m1_0.account_id=? 
        fetch
            first ? rows only
    16:24:28.844 [Test worker] DEBUG org.hibernate.SQL - 
        /* insert for
            com.codepresso.codepresso.entity.member.Member */insert 
        into
            member (account_id, birth_date, email, last_login_at, name, nickname, password, phone, profile_image, role, member_id) 
        values
            (?, ?, ?, ?, ?, ?, ?, ?, ?, ?, default)
    16:24:28.845 [Test worker] DEBUG org.hibernate.SQL - 
        /* <criteria> */ select
            m1_0.member_id 
        from
            member m1_0 
        where
            m1_0.account_id=? 
        fetch
            first ? rows only
    16:24:28.845 [Test worker] DEBUG org.hibernate.SQL - 
        /* insert for
            com.codepresso.codepresso.entity.member.Member */insert 
        into
            member (account_id, birth_date, email, last_login_at, name, nickname, password, phone, profile_image, role, member_id) 
        values
            (?, ?, ?, ?, ?, ?, ?, ?, ?, ?, default)
    16:24:28.847 [Test worker] DEBUG org.hibernate.SQL - 
        /* <criteria> */ select
            m1_0.member_id 
        from
            member m1_0 
        where
            m1_0.account_id=? 
        fetch
            first ? rows only
    16:24:28.847 [Test worker] DEBUG org.hibernate.SQL - 
        /* insert for
            com.codepresso.codepresso.entity.member.Member */insert 
        into
            member (account_id, birth_date, email, last_login_at, name, nickname, password, phone, profile_image, role, member_id) 
        values
            (?, ?, ?, ?, ?, ?, ?, ?, ?, ?, default)
    16:24:28.848 [Test worker] DEBUG org.hibernate.SQL - 
        /* <criteria> */ select
            m1_0.member_id 
        from
            member m1_0 
        where
            m1_0.account_id=? 
        fetch
            first ? rows only
    16:24:28.848 [Test worker] DEBUG org.hibernate.SQL - 
        /* insert for
            com.codepresso.codepresso.entity.member.Member */insert 
        into
            member (account_id, birth_date, email, last_login_at, name, nickname, password, phone, profile_image, role, member_id) 
        values
            (?, ?, ?, ?, ?, ?, ?, ?, ?, ?, default)
    16:24:28.849 [Test worker] DEBUG org.hibernate.SQL - 
        /* <criteria> */ select
            m1_0.member_id 
        from
            member m1_0 
        where
            m1_0.account_id=? 
        fetch
            first ? rows only
    16:24:28.849 [Test worker] DEBUG org.hibernate.SQL - 
        /* insert for
            com.codepresso.codepresso.entity.member.Member */insert 
        into
            member (account_id, birth_date, email, last_login_at, name, nickname, password, phone, profile_image, role, member_id) 
        values
            (?, ?, ?, ?, ?, ?, ?, ?, ?, ?, default)
    16:24:28.851 [Test worker] DEBUG org.hibernate.SQL - 
        /* <criteria> */ select
            m1_0.member_id 
        from
            member m1_0 
        where
            m1_0.account_id=? 
        fetch
            first ? rows only
    16:24:28.851 [Test worker] DEBUG org.hibernate.SQL - 
        /* insert for
            com.codepresso.codepresso.entity.member.Member */insert 
        into
            member (account_id, birth_date, email, last_login_at, name, nickname, password, phone, profile_image, role, member_id) 
        values
            (?, ?, ?, ?, ?, ?, ?, ?, ?, ?, default)
    16:24:28.852 [Test worker] DEBUG org.hibernate.SQL - 
        /* <criteria> */ select
            m1_0.member_id 
        from
            member m1_0 
        where
            m1_0.account_id=? 
        fetch
            first ? rows only
    16:24:28.853 [Test worker] DEBUG org.hibernate.SQL - 
        /* insert for
            com.codepresso.codepresso.entity.member.Member */insert 
        into
            member (account_id, birth_date, email, last_login_at, name, nickname, password, phone, profile_image, role, member_id) 
        values
            (?, ?, ?, ?, ?, ?, ?, ?, ?, ?, default)
    16:24:28.853 [Test worker] DEBUG org.hibernate.SQL - 
        /* <criteria> */ select
            m1_0.member_id 
        from
            member m1_0 
        where
            m1_0.account_id=? 
        fetch
            first ? rows only
    16:24:28.854 [Test worker] DEBUG org.hibernate.SQL - 
        /* insert for
            com.codepresso.codepresso.entity.member.Member */insert 
        into
            member (account_id, birth_date, email, last_login_at, name, nickname, password, phone, profile_image, role, member_id) 
        values
            (?, ?, ?, ?, ?, ?, ?, ?, ?, ?, default)
    16:24:28.854 [Test worker] DEBUG org.hibernate.SQL - 
        /* <criteria> */ select
            m1_0.member_id 
        from
            member m1_0 
        where
            m1_0.account_id=? 
        fetch
            first ? rows only
    16:24:28.855 [Test worker] DEBUG org.hibernate.SQL - 
        /* insert for
            com.codepresso.codepresso.entity.member.Member */insert 
        into
            member (account_id, birth_date, email, last_login_at, name, nickname, password, phone, profile_image, role, member_id) 
        values
            (?, ?, ?, ?, ?, ?, ?, ?, ?, ?, default)
    16:24:28.855 [Test worker] DEBUG org.hibernate.SQL - 
        /* <criteria> */ select
            m1_0.member_id 
        from
            member m1_0 
        where
            m1_0.account_id=? 
        fetch
            first ? rows only
    16:24:28.856 [Test worker] DEBUG org.hibernate.SQL - 
        /* insert for
            com.codepresso.codepresso.entity.member.Member */insert 
        into
            member (account_id, birth_date, email, last_login_at, name, nickname, password, phone, profile_image, role, member_id) 
        values
            (?, ?, ?, ?, ?, ?, ?, ?, ?, ?, default)
    16:24:28.856 [Test worker] DEBUG org.hibernate.SQL - 
        /* <criteria> */ select
            m1_0.member_id 
        from
            member m1_0 
        where
            m1_0.account_id=? 
        fetch
            first ? rows only
    16:24:28.857 [Test worker] DEBUG org.hibernate.SQL - 
        /* insert for
            com.codepresso.codepresso.entity.member.Member */insert 
        into
            member (account_id, birth_date, email, last_login_at, name, nickname, password, phone, profile_image, role, member_id) 
        values
            (?, ?, ?, ?, ?, ?, ?, ?, ?, ?, default)
    16:24:28.857 [Test worker] DEBUG org.hibernate.SQL - 
        /* <criteria> */ select
            m1_0.member_id 
        from
            member m1_0 
        where
            m1_0.account_id=? 
        fetch
            first ? rows only
    16:24:28.857 [Test worker] DEBUG org.hibernate.SQL - 
        /* insert for
            com.codepresso.codepresso.entity.member.Member */insert 
        into
            member (account_id, birth_date, email, last_login_at, name, nickname, password, phone, profile_image, role, member_id) 
        values
            (?, ?, ?, ?, ?, ?, ?, ?, ?, ?, default)
    16:24:28.858 [Test worker] DEBUG org.hibernate.SQL - 
        /* <criteria> */ select
            m1_0.member_id 
        from
            member m1_0 
        where
            m1_0.account_id=? 
        fetch
            first ? rows only
    16:24:28.858 [Test worker] DEBUG org.hibernate.SQL - 
        /* insert for
            com.codepresso.codepresso.entity.member.Member */insert 
        into
            member (account_id, birth_date, email, last_login_at, name, nickname, password, phone, profile_image, role, member_id) 
        values
            (?, ?, ?, ?, ?, ?, ?, ?, ?, ?, default)
    16:24:28.859 [Test worker] DEBUG org.hibernate.SQL - 
        /* <criteria> */ select
            m1_0.member_id 
        from
            member m1_0 
        where
            m1_0.account_id=? 
        fetch
            first ? rows only
    16:24:28.859 [Test worker] DEBUG org.hibernate.SQL - 
        /* insert for
            com.codepresso.codepresso.entity.member.Member */insert 
        into
            member (account_id, birth_date, email, last_login_at, name, nickname, password, phone, profile_image, role, member_id) 
        values
            (?, ?, ?, ?, ?, ?, ?, ?, ?, ?, default)
    16:24:28.860 [Test worker] DEBUG org.hibernate.SQL - 
        /* <criteria> */ select
            m1_0.member_id 
        from
            member m1_0 
        where
            m1_0.account_id=? 
        fetch
            first ? rows only
    16:24:28.861 [Test worker] DEBUG org.hibernate.SQL - 
        /* insert for
            com.codepresso.codepresso.entity.member.Member */insert 
        into
            member (account_id, birth_date, email, last_login_at, name, nickname, password, phone, profile_image, role, member_id) 
        values
            (?, ?, ?, ?, ?, ?, ?, ?, ?, ?, default)
    16:24:28.862 [Test worker] DEBUG org.hibernate.SQL - 
        /* <criteria> */ select
            m1_0.member_id 
        from
            member m1_0 
        where
            m1_0.account_id=? 
        fetch
            first ? rows only
    16:24:28.863 [Test worker] DEBUG org.hibernate.SQL - 
        /* insert for
            com.codepresso.codepresso.entity.member.Member */insert 
        into
            member (account_id, birth_date, email, last_login_at, name, nickname, password, phone, profile_image, role, member_id) 
        values
            (?, ?, ?, ?, ?, ?, ?, ?, ?, ?, default)
    16:24:28.864 [Test worker] DEBUG org.hibernate.SQL - 
        /* <criteria> */ select
            m1_0.member_id 
        from
            member m1_0 
        where
            m1_0.account_id=? 
        fetch
            first ? rows only
    16:24:28.864 [Test worker] DEBUG org.hibernate.SQL - 
        /* insert for
            com.codepresso.codepresso.entity.member.Member */insert 
        into
            member (account_id, birth_date, email, last_login_at, name, nickname, password, phone, profile_image, role, member_id) 
        values
            (?, ?, ?, ?, ?, ?, ?, ?, ?, ?, default)
    16:24:28.865 [Test worker] DEBUG org.hibernate.SQL - 
        /* <criteria> */ select
            m1_0.member_id 
        from
            member m1_0 
        where
            m1_0.account_id=? 
        fetch
            first ? rows only
    16:24:28.865 [Test worker] DEBUG org.hibernate.SQL - 
        /* insert for
            com.codepresso.codepresso.entity.member.Member */insert 
        into
            member (account_id, birth_date, email, last_login_at, name, nickname, password, phone, profile_image, role, member_id) 
        values
            (?, ?, ?, ?, ?, ?, ?, ?, ?, ?, default)
    16:24:28.866 [Test worker] DEBUG org.hibernate.SQL - 
        /* <criteria> */ select
            m1_0.member_id 
        from
            member m1_0 
        where
            m1_0.account_id=? 
        fetch
            first ? rows only
    16:24:28.866 [Test worker] DEBUG org.hibernate.SQL - 
        /* insert for
            com.codepresso.codepresso.entity.member.Member */insert 
        into
            member (account_id, birth_date, email, last_login_at, name, nickname, password, phone, profile_image, role, member_id) 
        values
            (?, ?, ?, ?, ?, ?, ?, ?, ?, ?, default)
    16:24:28.867 [Test worker] DEBUG org.hibernate.SQL - 
        /* <criteria> */ select
            m1_0.member_id 
        from
            member m1_0 
        where
            m1_0.account_id=? 
        fetch
            first ? rows only
    16:24:28.868 [Test worker] DEBUG org.hibernate.SQL - 
        /* insert for
            com.codepresso.codepresso.entity.member.Member */insert 
        into
            member (account_id, birth_date, email, last_login_at, name, nickname, password, phone, profile_image, role, member_id) 
        values
            (?, ?, ?, ?, ?, ?, ?, ?, ?, ?, default)
    16:24:28.869 [Test worker] DEBUG org.hibernate.SQL - 
        /* <criteria> */ select
            m1_0.member_id 
        from
            member m1_0 
        where
            m1_0.account_id=? 
        fetch
            first ? rows only
    16:24:28.870 [Test worker] DEBUG org.hibernate.SQL - 
        /* insert for
            com.codepresso.codepresso.entity.member.Member */insert 
        into
            member (account_id, birth_date, email, last_login_at, name, nickname, password, phone, profile_image, role, member_id) 
        values
            (?, ?, ?, ?, ?, ?, ?, ?, ?, ?, default)
    16:24:28.871 [Test worker] DEBUG org.hibernate.SQL - 
        /* <criteria> */ select
            m1_0.member_id 
        from
            member m1_0 
        where
            m1_0.account_id=? 
        fetch
            first ? rows only
    16:24:28.871 [Test worker] DEBUG org.hibernate.SQL - 
        /* insert for
            com.codepresso.codepresso.entity.member.Member */insert 
        into
            member (account_id, birth_date, email, last_login_at, name, nickname, password, phone, profile_image, role, member_id) 
        values
            (?, ?, ?, ?, ?, ?, ?, ?, ?, ?, default)
    16:24:28.872 [Test worker] DEBUG org.hibernate.SQL - 
        /* <criteria> */ select
            m1_0.member_id 
        from
            member m1_0 
        where
            m1_0.account_id=? 
        fetch
            first ? rows only
    16:24:28.872 [Test worker] DEBUG org.hibernate.SQL - 
        /* insert for
            com.codepresso.codepresso.entity.member.Member */insert 
        into
            member (account_id, birth_date, email, last_login_at, name, nickname, password, phone, profile_image, role, member_id) 
        values
            (?, ?, ?, ?, ?, ?, ?, ?, ?, ?, default)
    16:24:28.873 [Test worker] DEBUG org.hibernate.SQL - 
        /* <criteria> */ select
            m1_0.member_id 
        from
            member m1_0 
        where
            m1_0.account_id=? 
        fetch
            first ? rows only
    16:24:28.873 [Test worker] DEBUG org.hibernate.SQL - 
        /* insert for
            com.codepresso.codepresso.entity.member.Member */insert 
        into
            member (account_id, birth_date, email, last_login_at, name, nickname, password, phone, profile_image, role, member_id) 
        values
            (?, ?, ?, ?, ?, ?, ?, ?, ?, ?, default)
    16:24:28.874 [Test worker] DEBUG org.hibernate.SQL - 
        /* <criteria> */ select
            m1_0.member_id 
        from
            member m1_0 
        where
            m1_0.account_id=? 
        fetch
            first ? rows only
    16:24:28.875 [Test worker] DEBUG org.hibernate.SQL - 
        /* insert for
            com.codepresso.codepresso.entity.member.Member */insert 
        into
            member (account_id, birth_date, email, last_login_at, name, nickname, password, phone, profile_image, role, member_id) 
        values
            (?, ?, ?, ?, ?, ?, ?, ?, ?, ?, default)
    16:24:28.878 [Test worker] DEBUG org.hibernate.SQL - 
        /* <criteria> */ select
            m1_0.member_id 
        from
            member m1_0 
        where
            m1_0.account_id=? 
        fetch
            first ? rows only
    16:24:28.879 [Test worker] DEBUG org.hibernate.SQL - 
        /* insert for
            com.codepresso.codepresso.entity.member.Member */insert 
        into
            member (account_id, birth_date, email, last_login_at, name, nickname, password, phone, profile_image, role, member_id) 
        values
            (?, ?, ?, ?, ?, ?, ?, ?, ?, ?, default)
    16:24:28.880 [Test worker] DEBUG org.hibernate.SQL - 
        /* <criteria> */ select
            m1_0.member_id 
        from
            member m1_0 
        where
            m1_0.account_id=? 
        fetch
            first ? rows only
    16:24:28.880 [Test worker] DEBUG org.hibernate.SQL - 
        /* insert for
            com.codepresso.codepresso.entity.member.Member */insert 
        into
            member (account_id, birth_date, email, last_login_at, name, nickname, password, phone, profile_image, role, member_id) 
        values
            (?, ?, ?, ?, ?, ?, ?, ?, ?, ?, default)
    16:24:28.881 [Test worker] DEBUG org.hibernate.SQL - 
        /* <criteria> */ select
            m1_0.member_id 
        from
            member m1_0 
        where
            m1_0.account_id=? 
        fetch
            first ? rows only
    16:24:28.882 [Test worker] DEBUG org.hibernate.SQL - 
        /* insert for
            com.codepresso.codepresso.entity.member.Member */insert 
        into
            member (account_id, birth_date, email, last_login_at, name, nickname, password, phone, profile_image, role, member_id) 
        values
            (?, ?, ?, ?, ?, ?, ?, ?, ?, ?, default)
    16:24:28.883 [Test worker] DEBUG org.hibernate.SQL - 
        /* <criteria> */ select
            m1_0.member_id 
        from
            member m1_0 
        where
            m1_0.account_id=? 
        fetch
            first ? rows only
    16:24:28.883 [Test worker] DEBUG org.hibernate.SQL - 
        /* insert for
            com.codepresso.codepresso.entity.member.Member */insert 
        into
            member (account_id, birth_date, email, last_login_at, name, nickname, password, phone, profile_image, role, member_id) 
        values
            (?, ?, ?, ?, ?, ?, ?, ?, ?, ?, default)
    16:24:28.884 [Test worker] DEBUG org.hibernate.SQL - 
        /* <criteria> */ select
            m1_0.member_id 
        from
            member m1_0 
        where
            m1_0.account_id=? 
        fetch
            first ? rows only
    16:24:28.884 [Test worker] DEBUG org.hibernate.SQL - 
        /* insert for
            com.codepresso.codepresso.entity.member.Member */insert 
        into
            member (account_id, birth_date, email, last_login_at, name, nickname, password, phone, profile_image, role, member_id) 
        values
            (?, ?, ?, ?, ?, ?, ?, ?, ?, ?, default)
    16:24:28.885 [Test worker] DEBUG org.hibernate.SQL - 
        /* <criteria> */ select
            m1_0.member_id 
        from
            member m1_0 
        where
            m1_0.account_id=? 
        fetch
            first ? rows only
    16:24:28.886 [Test worker] DEBUG org.hibernate.SQL - 
        /* insert for
            com.codepresso.codepresso.entity.member.Member */insert 
        into
            member (account_id, birth_date, email, last_login_at, name, nickname, password, phone, profile_image, role, member_id) 
        values
            (?, ?, ?, ?, ?, ?, ?, ?, ?, ?, default)
    16:24:28.886 [Test worker] DEBUG org.hibernate.SQL - 
        /* <criteria> */ select
            m1_0.member_id 
        from
            member m1_0 
        where
            m1_0.account_id=? 
        fetch
            first ? rows only
    16:24:28.887 [Test worker] DEBUG org.hibernate.SQL - 
        /* insert for
            com.codepresso.codepresso.entity.member.Member */insert 
        into
            member (account_id, birth_date, email, last_login_at, name, nickname, password, phone, profile_image, role, member_id) 
        values
            (?, ?, ?, ?, ?, ?, ?, ?, ?, ?, default)
    16:24:28.888 [Test worker] DEBUG org.hibernate.SQL - 
        /* <criteria> */ select
            m1_0.member_id 
        from
            member m1_0 
        where
            m1_0.account_id=? 
        fetch
            first ? rows only
    16:24:28.889 [Test worker] DEBUG org.hibernate.SQL - 
        /* insert for
            com.codepresso.codepresso.entity.member.Member */insert 
        into
            member (account_id, birth_date, email, last_login_at, name, nickname, password, phone, profile_image, role, member_id) 
        values
            (?, ?, ?, ?, ?, ?, ?, ?, ?, ?, default)
    16:24:28.891 [Test worker] DEBUG org.hibernate.SQL - 
        /* <criteria> */ select
            m1_0.member_id 
        from
            member m1_0 
        where
            m1_0.account_id=? 
        fetch
            first ? rows only
    16:24:28.891 [Test worker] DEBUG org.hibernate.SQL - 
        /* insert for
            com.codepresso.codepresso.entity.member.Member */insert 
        into
            member (account_id, birth_date, email, last_login_at, name, nickname, password, phone, profile_image, role, member_id) 
        values
            (?, ?, ?, ?, ?, ?, ?, ?, ?, ?, default)
    16:24:28.899 [Test worker] DEBUG org.hibernate.SQL - 
        /* <criteria> */ select
            m1_0.member_id 
        from
            member m1_0 
        where
            m1_0.account_id=? 
        fetch
            first ? rows only
    16:24:28.899 [Test worker] DEBUG org.hibernate.SQL - 
        /* insert for
            com.codepresso.codepresso.entity.member.Member */insert 
        into
            member (account_id, birth_date, email, last_login_at, name, nickname, password, phone, profile_image, role, member_id) 
        values
            (?, ?, ?, ?, ?, ?, ?, ?, ?, ?, default)
    16:24:28.901 [Test worker] DEBUG org.hibernate.SQL - 
        /* <criteria> */ select
            m1_0.member_id 
        from
            member m1_0 
        where
            m1_0.account_id=? 
        fetch
            first ? rows only
    16:24:28.901 [Test worker] DEBUG org.hibernate.SQL - 
        /* insert for
            com.codepresso.codepresso.entity.member.Member */insert 
        into
            member (account_id, birth_date, email, last_login_at, name, nickname, password, phone, profile_image, role, member_id) 
        values
            (?, ?, ?, ?, ?, ?, ?, ?, ?, ?, default)
    16:24:28.902 [Test worker] DEBUG org.hibernate.SQL - 
        /* <criteria> */ select
            m1_0.member_id 
        from
            member m1_0 
        where
            m1_0.account_id=? 
        fetch
            first ? rows only
    16:24:28.902 [Test worker] DEBUG org.hibernate.SQL - 
        /* insert for
            com.codepresso.codepresso.entity.member.Member */insert 
        into
            member (account_id, birth_date, email, last_login_at, name, nickname, password, phone, profile_image, role, member_id) 
        values
            (?, ?, ?, ?, ?, ?, ?, ?, ?, ?, default)
    16:24:28.903 [Test worker] DEBUG org.hibernate.SQL - 
        /* <criteria> */ select
            m1_0.member_id 
        from
            member m1_0 
        where
            m1_0.account_id=? 
        fetch
            first ? rows only
    16:24:28.903 [Test worker] DEBUG org.hibernate.SQL - 
        /* insert for
            com.codepresso.codepresso.entity.member.Member */insert 
        into
            member (account_id, birth_date, email, last_login_at, name, nickname, password, phone, profile_image, role, member_id) 
        values
            (?, ?, ?, ?, ?, ?, ?, ?, ?, ?, default)
    16:24:28.904 [Test worker] DEBUG org.hibernate.SQL - 
        /* <criteria> */ select
            m1_0.member_id 
        from
            member m1_0 
        where
            m1_0.account_id=? 
        fetch
            first ? rows only
    16:24:28.904 [Test worker] DEBUG org.hibernate.SQL - 
        /* insert for
            com.codepresso.codepresso.entity.member.Member */insert 
        into
            member (account_id, birth_date, email, last_login_at, name, nickname, password, phone, profile_image, role, member_id) 
        values
            (?, ?, ?, ?, ?, ?, ?, ?, ?, ?, default)
    16:24:28.905 [Test worker] DEBUG org.hibernate.SQL - 
        /* <criteria> */ select
            m1_0.member_id 
        from
            member m1_0 
        where
            m1_0.account_id=? 
        fetch
            first ? rows only
    16:24:28.905 [Test worker] DEBUG org.hibernate.SQL - 
        /* insert for
            com.codepresso.codepresso.entity.member.Member */insert 
        into
            member (account_id, birth_date, email, last_login_at, name, nickname, password, phone, profile_image, role, member_id) 
        values
            (?, ?, ?, ?, ?, ?, ?, ?, ?, ?, default)
    16:24:28.905 [Test worker] DEBUG org.hibernate.SQL - 
        /* <criteria> */ select
            m1_0.member_id 
        from
            member m1_0 
        where
            m1_0.account_id=? 
        fetch
            first ? rows only
    16:24:28.906 [Test worker] DEBUG org.hibernate.SQL - 
        /* insert for
            com.codepresso.codepresso.entity.member.Member */insert 
        into
            member (account_id, birth_date, email, last_login_at, name, nickname, password, phone, profile_image, role, member_id) 
        values
            (?, ?, ?, ?, ?, ?, ?, ?, ?, ?, default)
    16:24:28.906 [Test worker] DEBUG org.hibernate.SQL - 
        /* <criteria> */ select
            m1_0.member_id 
        from
            member m1_0 
        where
            m1_0.account_id=? 
        fetch
            first ? rows only
    16:24:28.907 [Test worker] DEBUG org.hibernate.SQL - 
        /* insert for
            com.codepresso.codepresso.entity.member.Member */insert 
        into
            member (account_id, birth_date, email, last_login_at, name, nickname, password, phone, profile_image, role, member_id) 
        values
            (?, ?, ?, ?, ?, ?, ?, ?, ?, ?, default)
    16:24:28.908 [Test worker] DEBUG org.hibernate.SQL - 
        /* <criteria> */ select
            m1_0.member_id 
        from
            member m1_0 
        where
            m1_0.account_id=? 
        fetch
            first ? rows only
    16:24:28.909 [Test worker] DEBUG org.hibernate.SQL - 
        /* insert for
            com.codepresso.codepresso.entity.member.Member */insert 
        into
            member (account_id, birth_date, email, last_login_at, name, nickname, password, phone, profile_image, role, member_id) 
        values
            (?, ?, ?, ?, ?, ?, ?, ?, ?, ?, default)
    16:24:28.910 [Test worker] DEBUG org.hibernate.SQL - 
        /* <criteria> */ select
            m1_0.member_id 
        from
            member m1_0 
        where
            m1_0.account_id=? 
        fetch
            first ? rows only
    16:24:28.911 [Test worker] DEBUG org.hibernate.SQL - 
        /* insert for
            com.codepresso.codepresso.entity.member.Member */insert 
        into
            member (account_id, birth_date, email, last_login_at, name, nickname, password, phone, profile_image, role, member_id) 
        values
            (?, ?, ?, ?, ?, ?, ?, ?, ?, ?, default)
    16:24:28.913 [Test worker] DEBUG org.hibernate.SQL - 
        /* <criteria> */ select
            m1_0.member_id 
        from
            member m1_0 
        where
            m1_0.account_id=? 
        fetch
            first ? rows only
    16:24:28.913 [Test worker] DEBUG org.hibernate.SQL - 
        /* insert for
            com.codepresso.codepresso.entity.member.Member */insert 
        into
            member (account_id, birth_date, email, last_login_at, name, nickname, password, phone, profile_image, role, member_id) 
        values
            (?, ?, ?, ?, ?, ?, ?, ?, ?, ?, default)
    16:24:28.914 [Test worker] DEBUG org.hibernate.SQL - 
        /* <criteria> */ select
            m1_0.member_id 
        from
            member m1_0 
        where
            m1_0.account_id=? 
        fetch
            first ? rows only
    16:24:28.914 [Test worker] DEBUG org.hibernate.SQL - 
        /* insert for
            com.codepresso.codepresso.entity.member.Member */insert 
        into
            member (account_id, birth_date, email, last_login_at, name, nickname, password, phone, profile_image, role, member_id) 
        values
            (?, ?, ?, ?, ?, ?, ?, ?, ?, ?, default)
    16:24:28.915 [Test worker] DEBUG org.hibernate.SQL - 
        /* <criteria> */ select
            m1_0.member_id 
        from
            member m1_0 
        where
            m1_0.account_id=? 
        fetch
            first ? rows only
    16:24:28.915 [Test worker] DEBUG org.hibernate.SQL - 
        /* insert for
            com.codepresso.codepresso.entity.member.Member */insert 
        into
            member (account_id, birth_date, email, last_login_at, name, nickname, password, phone, profile_image, role, member_id) 
        values
            (?, ?, ?, ?, ?, ?, ?, ?, ?, ?, default)
    16:24:28.916 [Test worker] DEBUG org.hibernate.SQL - 
        /* <criteria> */ select
            m1_0.member_id 
        from
            member m1_0 
        where
            m1_0.account_id=? 
        fetch
            first ? rows only
    16:24:28.916 [Test worker] DEBUG org.hibernate.SQL - 
        /* insert for
            com.codepresso.codepresso.entity.member.Member */insert 
        into
            member (account_id, birth_date, email, last_login_at, name, nickname, password, phone, profile_image, role, member_id) 
        values
            (?, ?, ?, ?, ?, ?, ?, ?, ?, ?, default)
    16:24:28.917 [Test worker] DEBUG org.hibernate.SQL - 
        /* <criteria> */ select
            m1_0.member_id 
        from
            member m1_0 
        where
            m1_0.account_id=? 
        fetch
            first ? rows only
    16:24:28.917 [Test worker] DEBUG org.hibernate.SQL - 
        /* insert for
            com.codepresso.codepresso.entity.member.Member */insert 
        into
            member (account_id, birth_date, email, last_login_at, name, nickname, password, phone, profile_image, role, member_id) 
        values
            (?, ?, ?, ?, ?, ?, ?, ?, ?, ?, default)
    16:24:28.918 [Test worker] DEBUG org.hibernate.SQL - 
        /* <criteria> */ select
            m1_0.member_id 
        from
            member m1_0 
        where
            m1_0.account_id=? 
        fetch
            first ? rows only
    16:24:28.919 [Test worker] DEBUG org.hibernate.SQL - 
        /* insert for
            com.codepresso.codepresso.entity.member.Member */insert 
        into
            member (account_id, birth_date, email, last_login_at, name, nickname, password, phone, profile_image, role, member_id) 
        values
            (?, ?, ?, ?, ?, ?, ?, ?, ?, ?, default)
    16:24:28.919 [Test worker] DEBUG org.hibernate.SQL - 
        /* <criteria> */ select
            m1_0.member_id 
        from
            member m1_0 
        where
            m1_0.account_id=? 
        fetch
            first ? rows only
    16:24:28.920 [Test worker] DEBUG org.hibernate.SQL - 
        /* insert for
            com.codepresso.codepresso.entity.member.Member */insert 
        into
            member (account_id, birth_date, email, last_login_at, name, nickname, password, phone, profile_image, role, member_id) 
        values
            (?, ?, ?, ?, ?, ?, ?, ?, ?, ?, default)
    16:24:28.921 [Test worker] DEBUG org.hibernate.SQL - 
        /* <criteria> */ select
            m1_0.member_id 
        from
            member m1_0 
        where
            m1_0.account_id=? 
        fetch
            first ? rows only
    16:24:28.921 [Test worker] DEBUG org.hibernate.SQL - 
        /* insert for
            com.codepresso.codepresso.entity.member.Member */insert 
        into
            member (account_id, birth_date, email, last_login_at, name, nickname, password, phone, profile_image, role, member_id) 
        values
            (?, ?, ?, ?, ?, ?, ?, ?, ?, ?, default)
    16:24:28.922 [Test worker] DEBUG org.hibernate.SQL - 
        /* <criteria> */ select
            m1_0.member_id 
        from
            member m1_0 
        where
            m1_0.account_id=? 
        fetch
            first ? rows only
    16:24:28.922 [Test worker] DEBUG org.hibernate.SQL - 
        /* insert for
            com.codepresso.codepresso.entity.member.Member */insert 
        into
            member (account_id, birth_date, email, last_login_at, name, nickname, password, phone, profile_image, role, member_id) 
        values
            (?, ?, ?, ?, ?, ?, ?, ?, ?, ?, default)
    16:24:28.923 [Test worker] DEBUG org.hibernate.SQL - 
        /* <criteria> */ select
            m1_0.member_id 
        from
            member m1_0 
        where
            m1_0.account_id=? 
        fetch
            first ? rows only
    16:24:28.923 [Test worker] DEBUG org.hibernate.SQL - 
        /* insert for
            com.codepresso.codepresso.entity.member.Member */insert 
        into
            member (account_id, birth_date, email, last_login_at, name, nickname, password, phone, profile_image, role, member_id) 
        values
            (?, ?, ?, ?, ?, ?, ?, ?, ?, ?, default)
    16:24:28.924 [Test worker] DEBUG org.hibernate.SQL - 
        /* <criteria> */ select
            m1_0.member_id 
        from
            member m1_0 
        where
            m1_0.account_id=? 
        fetch
            first ? rows only
    16:24:28.924 [Test worker] DEBUG org.hibernate.SQL - 
        /* insert for
            com.codepresso.codepresso.entity.member.Member */insert 
        into
            member (account_id, birth_date, email, last_login_at, name, nickname, password, phone, profile_image, role, member_id) 
        values
            (?, ?, ?, ?, ?, ?, ?, ?, ?, ?, default)
    16:24:28.925 [Test worker] DEBUG org.hibernate.SQL - 
        /* <criteria> */ select
            m1_0.member_id 
        from
            member m1_0 
        where
            m1_0.account_id=? 
        fetch
            first ? rows only
    16:24:28.926 [Test worker] DEBUG org.hibernate.SQL - 
        /* insert for
            com.codepresso.codepresso.entity.member.Member */insert 
        into
            member (account_id, birth_date, email, last_login_at, name, nickname, password, phone, profile_image, role, member_id) 
        values
            (?, ?, ?, ?, ?, ?, ?, ?, ?, ?, default)
    16:24:28.927 [Test worker] DEBUG org.hibernate.SQL - 
        /* <criteria> */ select
            m1_0.member_id 
        from
            member m1_0 
        where
            m1_0.account_id=? 
        fetch
            first ? rows only
    16:24:28.927 [Test worker] DEBUG org.hibernate.SQL - 
        /* insert for
            com.codepresso.codepresso.entity.member.Member */insert 
        into
            member (account_id, birth_date, email, last_login_at, name, nickname, password, phone, profile_image, role, member_id) 
        values
            (?, ?, ?, ?, ?, ?, ?, ?, ?, ?, default)
    16:24:28.929 [Test worker] DEBUG org.hibernate.SQL - 
        /* <criteria> */ select
            m1_0.member_id 
        from
            member m1_0 
        where
            m1_0.account_id=? 
        fetch
            first ? rows only
    16:24:28.929 [Test worker] DEBUG org.hibernate.SQL - 
        /* insert for
            com.codepresso.codepresso.entity.member.Member */insert 
        into
            member (account_id, birth_date, email, last_login_at, name, nickname, password, phone, profile_image, role, member_id) 
        values
            (?, ?, ?, ?, ?, ?, ?, ?, ?, ?, default)
    16:24:28.930 [Test worker] DEBUG org.hibernate.SQL - 
        /* <criteria> */ select
            m1_0.member_id 
        from
            member m1_0 
        where
            m1_0.account_id=? 
        fetch
            first ? rows only
    16:24:28.931 [Test worker] DEBUG org.hibernate.SQL - 
        /* insert for
            com.codepresso.codepresso.entity.member.Member */insert 
        into
            member (account_id, birth_date, email, last_login_at, name, nickname, password, phone, profile_image, role, member_id) 
        values
            (?, ?, ?, ?, ?, ?, ?, ?, ?, ?, default)
    16:24:28.931 [Test worker] DEBUG org.hibernate.SQL - 
        /* <criteria> */ select
            m1_0.member_id 
        from
            member m1_0 
        where
            m1_0.account_id=? 
        fetch
            first ? rows only
    16:24:28.931 [Test worker] DEBUG org.hibernate.SQL - 
        /* insert for
            com.codepresso.codepresso.entity.member.Member */insert 
        into
            member (account_id, birth_date, email, last_login_at, name, nickname, password, phone, profile_image, role, member_id) 
        values
            (?, ?, ?, ?, ?, ?, ?, ?, ?, ?, default)
    16:24:28.932 [Test worker] DEBUG org.hibernate.SQL - 
        /* <criteria> */ select
            m1_0.member_id 
        from
            member m1_0 
        where
            m1_0.account_id=? 
        fetch
            first ? rows only
    16:24:28.933 [Test worker] DEBUG org.hibernate.SQL - 
        /* insert for
            com.codepresso.codepresso.entity.member.Member */insert 
        into
            member (account_id, birth_date, email, last_login_at, name, nickname, password, phone, profile_image, role, member_id) 
        values
            (?, ?, ?, ?, ?, ?, ?, ?, ?, ?, default)
    16:24:28.934 [Test worker] DEBUG org.hibernate.SQL - 
        /* <criteria> */ select
            m1_0.member_id 
        from
            member m1_0 
        where
            m1_0.account_id=? 
        fetch
            first ? rows only
    16:24:28.934 [Test worker] DEBUG org.hibernate.SQL - 
        /* insert for
            com.codepresso.codepresso.entity.member.Member */insert 
        into
            member (account_id, birth_date, email, last_login_at, name, nickname, password, phone, profile_image, role, member_id) 
        values
            (?, ?, ?, ?, ?, ?, ?, ?, ?, ?, default)
    16:24:28.935 [Test worker] DEBUG org.hibernate.SQL - 
        /* <criteria> */ select
            m1_0.member_id 
        from
            member m1_0 
        where
            m1_0.account_id=? 
        fetch
            first ? rows only
    16:24:28.935 [Test worker] DEBUG org.hibernate.SQL - 
        /* insert for
            com.codepresso.codepresso.entity.member.Member */insert 
        into
            member (account_id, birth_date, email, last_login_at, name, nickname, password, phone, profile_image, role, member_id) 
        values
            (?, ?, ?, ?, ?, ?, ?, ?, ?, ?, default)
    16:24:28.936 [Test worker] DEBUG org.hibernate.SQL - 
        /* <criteria> */ select
            m1_0.member_id 
        from
            member m1_0 
        where
            m1_0.account_id=? 
        fetch
            first ? rows only
    16:24:28.936 [Test worker] DEBUG org.hibernate.SQL - 
        /* insert for
            com.codepresso.codepresso.entity.member.Member */insert 
        into
            member (account_id, birth_date, email, last_login_at, name, nickname, password, phone, profile_image, role, member_id) 
        values
            (?, ?, ?, ?, ?, ?, ?, ?, ?, ?, default)
    16:24:28.937 [Test worker] DEBUG org.hibernate.SQL - 
        /* <criteria> */ select
            m1_0.member_id 
        from
            member m1_0 
        where
            m1_0.account_id=? 
        fetch
            first ? rows only
    16:24:28.937 [Test worker] DEBUG org.hibernate.SQL - 
        /* insert for
            com.codepresso.codepresso.entity.member.Member */insert 
        into
            member (account_id, birth_date, email, last_login_at, name, nickname, password, phone, profile_image, role, member_id) 
        values
            (?, ?, ?, ?, ?, ?, ?, ?, ?, ?, default)
    16:24:28.938 [Test worker] DEBUG org.hibernate.SQL - 
        /* <criteria> */ select
            m1_0.member_id 
        from
            member m1_0 
        where
            m1_0.account_id=? 
        fetch
            first ? rows only
    16:24:28.938 [Test worker] DEBUG org.hibernate.SQL - 
        /* insert for
            com.codepresso.codepresso.entity.member.Member */insert 
        into
            member (account_id, birth_date, email, last_login_at, name, nickname, password, phone, profile_image, role, member_id) 
        values
            (?, ?, ?, ?, ?, ?, ?, ?, ?, ?, default)
    16:24:28.939 [Test worker] DEBUG org.hibernate.SQL - 
        /* <criteria> */ select
            m1_0.member_id 
        from
            member m1_0 
        where
            m1_0.account_id=? 
        fetch
            first ? rows only
    16:24:28.939 [Test worker] DEBUG org.hibernate.SQL - 
        /* insert for
            com.codepresso.codepresso.entity.member.Member */insert 
        into
            member (account_id, birth_date, email, last_login_at, name, nickname, password, phone, profile_image, role, member_id) 
        values
            (?, ?, ?, ?, ?, ?, ?, ?, ?, ?, default)
    16:24:28.940 [Test worker] DEBUG org.hibernate.SQL - 
        /* <criteria> */ select
            m1_0.member_id 
        from
            member m1_0 
        where
            m1_0.account_id=? 
        fetch
            first ? rows only
    16:24:28.940 [Test worker] DEBUG org.hibernate.SQL - 
        /* insert for
            com.codepresso.codepresso.entity.member.Member */insert 
        into
            member (account_id, birth_date, email, last_login_at, name, nickname, password, phone, profile_image, role, member_id) 
        values
            (?, ?, ?, ?, ?, ?, ?, ?, ?, ?, default)
    16:24:28.941 [Test worker] DEBUG org.hibernate.SQL - 
        /* <criteria> */ select
            m1_0.member_id 
        from
            member m1_0 
        where
            m1_0.account_id=? 
        fetch
            first ? rows only
    16:24:28.942 [Test worker] DEBUG org.hibernate.SQL - 
        /* insert for
            com.codepresso.codepresso.entity.member.Member */insert 
        into
            member (account_id, birth_date, email, last_login_at, name, nickname, password, phone, profile_image, role, member_id) 
        values
            (?, ?, ?, ?, ?, ?, ?, ?, ?, ?, default)
    16:24:28.942 [Test worker] DEBUG org.hibernate.SQL - 
        /* <criteria> */ select
            m1_0.member_id 
        from
            member m1_0 
        where
            m1_0.account_id=? 
        fetch
            first ? rows only
    16:24:28.942 [Test worker] DEBUG org.hibernate.SQL - 
        /* insert for
            com.codepresso.codepresso.entity.member.Member */insert 
        into
            member (account_id, birth_date, email, last_login_at, name, nickname, password, phone, profile_image, role, member_id) 
        values
            (?, ?, ?, ?, ?, ?, ?, ?, ?, ?, default)
    16:24:28.943 [Test worker] DEBUG org.hibernate.SQL - 
        /* <criteria> */ select
            m1_0.member_id 
        from
            member m1_0 
        where
            m1_0.account_id=? 
        fetch
            first ? rows only
    16:24:28.943 [Test worker] DEBUG org.hibernate.SQL - 
        /* insert for
            com.codepresso.codepresso.entity.member.Member */insert 
        into
            member (account_id, birth_date, email, last_login_at, name, nickname, password, phone, profile_image, role, member_id) 
        values
            (?, ?, ?, ?, ?, ?, ?, ?, ?, ?, default)
    16:24:28.944 [Test worker] DEBUG org.hibernate.SQL - 
        /* <criteria> */ select
            m1_0.member_id 
        from
            member m1_0 
        where
            m1_0.account_id=? 
        fetch
            first ? rows only
    16:24:28.944 [Test worker] DEBUG org.hibernate.SQL - 
        /* insert for
            com.codepresso.codepresso.entity.member.Member */insert 
        into
            member (account_id, birth_date, email, last_login_at, name, nickname, password, phone, profile_image, role, member_id) 
        values
            (?, ?, ?, ?, ?, ?, ?, ?, ?, ?, default)
    16:24:28.945 [Test worker] DEBUG org.hibernate.SQL - 
        /* <criteria> */ select
            m1_0.member_id 
        from
            member m1_0 
        where
            m1_0.account_id=? 
        fetch
            first ? rows only
    16:24:28.945 [Test worker] DEBUG org.hibernate.SQL - 
        /* insert for
            com.codepresso.codepresso.entity.member.Member */insert 
        into
            member (account_id, birth_date, email, last_login_at, name, nickname, password, phone, profile_image, role, member_id) 
        values
            (?, ?, ?, ?, ?, ?, ?, ?, ?, ?, default)
    16:24:28.946 [Test worker] DEBUG org.hibernate.SQL - 
        /* <criteria> */ select
            m1_0.member_id 
        from
            member m1_0 
        where
            m1_0.account_id=? 
        fetch
            first ? rows only
    16:24:28.946 [Test worker] DEBUG org.hibernate.SQL - 
        /* insert for
            com.codepresso.codepresso.entity.member.Member */insert 
        into
            member (account_id, birth_date, email, last_login_at, name, nickname, password, phone, profile_image, role, member_id) 
        values
            (?, ?, ?, ?, ?, ?, ?, ?, ?, ?, default)
    16:24:28.947 [Test worker] DEBUG org.hibernate.SQL - 
        /* <criteria> */ select
            m1_0.member_id 
        from
            member m1_0 
        where
            m1_0.account_id=? 
        fetch
            first ? rows only
    16:24:28.947 [Test worker] DEBUG org.hibernate.SQL - 
        /* insert for
            com.codepresso.codepresso.entity.member.Member */insert 
        into
            member (account_id, birth_date, email, last_login_at, name, nickname, password, phone, profile_image, role, member_id) 
        values
            (?, ?, ?, ?, ?, ?, ?, ?, ?, ?, default)
    16:24:28.947 [Test worker] DEBUG org.hibernate.SQL - 
        /* <criteria> */ select
            m1_0.member_id 
        from
            member m1_0 
        where
            m1_0.account_id=? 
        fetch
            first ? rows only
    16:24:28.948 [Test worker] DEBUG org.hibernate.SQL - 
        /* insert for
            com.codepresso.codepresso.entity.member.Member */insert 
        into
            member (account_id, birth_date, email, last_login_at, name, nickname, password, phone, profile_image, role, member_id) 
        values
            (?, ?, ?, ?, ?, ?, ?, ?, ?, ?, default)
    16:24:28.948 [Test worker] DEBUG org.hibernate.SQL - 
        /* <criteria> */ select
            m1_0.member_id 
        from
            member m1_0 
        where
            m1_0.account_id=? 
        fetch
            first ? rows only
    16:24:28.949 [Test worker] DEBUG org.hibernate.SQL - 
        /* insert for
            com.codepresso.codepresso.entity.member.Member */insert 
        into
            member (account_id, birth_date, email, last_login_at, name, nickname, password, phone, profile_image, role, member_id) 
        values
            (?, ?, ?, ?, ?, ?, ?, ?, ?, ?, default)
    16:24:28.949 [Test worker] DEBUG org.hibernate.SQL - 
        /* <criteria> */ select
            m1_0.member_id 
        from
            member m1_0 
        where
            m1_0.account_id=? 
        fetch
            first ? rows only
    16:24:28.949 [Test worker] DEBUG org.hibernate.SQL - 
        /* insert for
            com.codepresso.codepresso.entity.member.Member */insert 
        into
            member (account_id, birth_date, email, last_login_at, name, nickname, password, phone, profile_image, role, member_id) 
        values
            (?, ?, ?, ?, ?, ?, ?, ?, ?, ?, default)
    16:24:28.951 [Test worker] DEBUG org.hibernate.SQL - 
        /* <criteria> */ select
            m1_0.member_id 
        from
            member m1_0 
        where
            m1_0.account_id=? 
        fetch
            first ? rows only
    16:24:28.951 [Test worker] DEBUG org.hibernate.SQL - 
        /* insert for
            com.codepresso.codepresso.entity.member.Member */insert 
        into
            member (account_id, birth_date, email, last_login_at, name, nickname, password, phone, profile_image, role, member_id) 
        values
            (?, ?, ?, ?, ?, ?, ?, ?, ?, ?, default)
    16:24:28.952 [Test worker] DEBUG org.hibernate.SQL - 
        /* <criteria> */ select
            m1_0.member_id 
        from
            member m1_0 
        where
            m1_0.account_id=? 
        fetch
            first ? rows only
    16:24:28.952 [Test worker] DEBUG org.hibernate.SQL - 
        /* insert for
            com.codepresso.codepresso.entity.member.Member */insert 
        into
            member (account_id, birth_date, email, last_login_at, name, nickname, password, phone, profile_image, role, member_id) 
        values
            (?, ?, ?, ?, ?, ?, ?, ?, ?, ?, default)
    16:24:28.953 [Test worker] DEBUG org.hibernate.SQL - 
        /* <criteria> */ select
            m1_0.member_id 
        from
            member m1_0 
        where
            m1_0.account_id=? 
        fetch
            first ? rows only
    16:24:28.953 [Test worker] DEBUG org.hibernate.SQL - 
        /* insert for
            com.codepresso.codepresso.entity.member.Member */insert 
        into
            member (account_id, birth_date, email, last_login_at, name, nickname, password, phone, profile_image, role, member_id) 
        values
            (?, ?, ?, ?, ?, ?, ?, ?, ?, ?, default)
    16:24:28.954 [Test worker] DEBUG org.hibernate.SQL - 
        /* <criteria> */ select
            m1_0.member_id 
        from
            member m1_0 
        where
            m1_0.account_id=? 
        fetch
            first ? rows only
    16:24:28.954 [Test worker] DEBUG org.hibernate.SQL - 
        /* insert for
            com.codepresso.codepresso.entity.member.Member */insert 
        into
            member (account_id, birth_date, email, last_login_at, name, nickname, password, phone, profile_image, role, member_id) 
        values
            (?, ?, ?, ?, ?, ?, ?, ?, ?, ?, default)
    16:24:28.955 [Test worker] DEBUG org.hibernate.SQL - 
        /* <criteria> */ select
            m1_0.member_id 
        from
            member m1_0 
        where
            m1_0.account_id=? 
        fetch
            first ? rows only
    16:24:28.955 [Test worker] DEBUG org.hibernate.SQL - 
        /* insert for
            com.codepresso.codepresso.entity.member.Member */insert 
        into
            member (account_id, birth_date, email, last_login_at, name, nickname, password, phone, profile_image, role, member_id) 
        values
            (?, ?, ?, ?, ?, ?, ?, ?, ?, ?, default)
    16:24:28.955 [Test worker] DEBUG org.hibernate.SQL - 
        /* <criteria> */ select
            m1_0.member_id 
        from
            member m1_0 
        where
            m1_0.account_id=? 
        fetch
            first ? rows only
    16:24:28.956 [Test worker] DEBUG org.hibernate.SQL - 
        /* insert for
            com.codepresso.codepresso.entity.member.Member */insert 
        into
            member (account_id, birth_date, email, last_login_at, name, nickname, password, phone, profile_image, role, member_id) 
        values
            (?, ?, ?, ?, ?, ?, ?, ?, ?, ?, default)
    16:24:28.956 [Test worker] DEBUG org.hibernate.SQL - 
        /* <criteria> */ select
            m1_0.member_id 
        from
            member m1_0 
        where
            m1_0.account_id=? 
        fetch
            first ? rows only
    16:24:28.957 [Test worker] DEBUG org.hibernate.SQL - 
        /* insert for
            com.codepresso.codepresso.entity.member.Member */insert 
        into
            member (account_id, birth_date, email, last_login_at, name, nickname, password, phone, profile_image, role, member_id) 
        values
            (?, ?, ?, ?, ?, ?, ?, ?, ?, ?, default)
    16:24:28.957 [Test worker] DEBUG org.hibernate.SQL - 
        /* <criteria> */ select
            m1_0.member_id 
        from
            member m1_0 
        where
            m1_0.account_id=? 
        fetch
            first ? rows only
    16:24:28.957 [Test worker] DEBUG org.hibernate.SQL - 
        /* insert for
            com.codepresso.codepresso.entity.member.Member */insert 
        into
            member (account_id, birth_date, email, last_login_at, name, nickname, password, phone, profile_image, role, member_id) 
        values
            (?, ?, ?, ?, ?, ?, ?, ?, ?, ?, default)
    16:24:28.958 [Test worker] DEBUG org.hibernate.SQL - 
        /* <criteria> */ select
            m1_0.member_id 
        from
            member m1_0 
        where
            m1_0.account_id=? 
        fetch
            first ? rows only
    16:24:28.958 [Test worker] DEBUG org.hibernate.SQL - 
        /* insert for
            com.codepresso.codepresso.entity.member.Member */insert 
        into
            member (account_id, birth_date, email, last_login_at, name, nickname, password, phone, profile_image, role, member_id) 
        values
            (?, ?, ?, ?, ?, ?, ?, ?, ?, ?, default)
    16:24:28.959 [Test worker] DEBUG org.hibernate.SQL - 
        /* <criteria> */ select
            m1_0.member_id 
        from
            member m1_0 
        where
            m1_0.account_id=? 
        fetch
            first ? rows only
    16:24:28.959 [Test worker] DEBUG org.hibernate.SQL - 
        /* insert for
            com.codepresso.codepresso.entity.member.Member */insert 
        into
            member (account_id, birth_date, email, last_login_at, name, nickname, password, phone, profile_image, role, member_id) 
        values
            (?, ?, ?, ?, ?, ?, ?, ?, ?, ?, default)
    16:24:28.960 [Test worker] DEBUG org.hibernate.SQL - 
        /* <criteria> */ select
            m1_0.member_id 
        from
            member m1_0 
        where
            m1_0.account_id=? 
        fetch
            first ? rows only
    16:24:28.960 [Test worker] DEBUG org.hibernate.SQL - 
        /* insert for
            com.codepresso.codepresso.entity.member.Member */insert 
        into
            member (account_id, birth_date, email, last_login_at, name, nickname, password, phone, profile_image, role, member_id) 
        values
            (?, ?, ?, ?, ?, ?, ?, ?, ?, ?, default)
    16:24:28.960 [Test worker] DEBUG org.hibernate.SQL - 
        /* <criteria> */ select
            m1_0.member_id 
        from
            member m1_0 
        where
            m1_0.account_id=? 
        fetch
            first ? rows only
    16:24:28.961 [Test worker] DEBUG org.hibernate.SQL - 
        /* insert for
            com.codepresso.codepresso.entity.member.Member */insert 
        into
            member (account_id, birth_date, email, last_login_at, name, nickname, password, phone, profile_image, role, member_id) 
        values
            (?, ?, ?, ?, ?, ?, ?, ?, ?, ?, default)
    16:24:28.961 [Test worker] DEBUG org.hibernate.SQL - 
        /* <criteria> */ select
            m1_0.member_id 
        from
            member m1_0 
        where
            m1_0.account_id=? 
        fetch
            first ? rows only
    16:24:28.961 [Test worker] DEBUG org.hibernate.SQL - 
        /* insert for
            com.codepresso.codepresso.entity.member.Member */insert 
        into
            member (account_id, birth_date, email, last_login_at, name, nickname, password, phone, profile_image, role, member_id) 
        values
            (?, ?, ?, ?, ?, ?, ?, ?, ?, ?, default)
    16:24:28.962 [Test worker] DEBUG org.hibernate.SQL - 
        /* <criteria> */ select
            m1_0.member_id 
        from
            member m1_0 
        where
            m1_0.account_id=? 
        fetch
            first ? rows only
    16:24:28.962 [Test worker] DEBUG org.hibernate.SQL - 
        /* insert for
            com.codepresso.codepresso.entity.member.Member */insert 
        into
            member (account_id, birth_date, email, last_login_at, name, nickname, password, phone, profile_image, role, member_id) 
        values
            (?, ?, ?, ?, ?, ?, ?, ?, ?, ?, default)
    16:24:28.963 [Test worker] DEBUG org.hibernate.SQL - 
        /* <criteria> */ select
            m1_0.member_id 
        from
            member m1_0 
        where
            m1_0.account_id=? 
        fetch
            first ? rows only
    16:24:28.964 [Test worker] DEBUG org.hibernate.SQL - 
        /* insert for
            com.codepresso.codepresso.entity.member.Member */insert 
        into
            member (account_id, birth_date, email, last_login_at, name, nickname, password, phone, profile_image, role, member_id) 
        values
            (?, ?, ?, ?, ?, ?, ?, ?, ?, ?, default)
    16:24:28.964 [Test worker] DEBUG org.hibernate.SQL - 
        /* <criteria> */ select
            m1_0.member_id 
        from
            member m1_0 
        where
            m1_0.account_id=? 
        fetch
            first ? rows only
    16:24:28.965 [Test worker] DEBUG org.hibernate.SQL - 
        /* insert for
            com.codepresso.codepresso.entity.member.Member */insert 
        into
            member (account_id, birth_date, email, last_login_at, name, nickname, password, phone, profile_image, role, member_id) 
        values
            (?, ?, ?, ?, ?, ?, ?, ?, ?, ?, default)
    16:24:28.965 [Test worker] DEBUG org.hibernate.SQL - 
        /* <criteria> */ select
            m1_0.member_id 
        from
            member m1_0 
        where
            m1_0.account_id=? 
        fetch
            first ? rows only
    16:24:28.965 [Test worker] DEBUG org.hibernate.SQL - 
        /* insert for
            com.codepresso.codepresso.entity.member.Member */insert 
        into
            member (account_id, birth_date, email, last_login_at, name, nickname, password, phone, profile_image, role, member_id) 
        values
            (?, ?, ?, ?, ?, ?, ?, ?, ?, ?, default)
    16:24:28.966 [Test worker] DEBUG org.hibernate.SQL - 
        /* <criteria> */ select
            m1_0.member_id 
        from
            member m1_0 
        where
            m1_0.account_id=? 
        fetch
            first ? rows only
    16:24:28.966 [Test worker] DEBUG org.hibernate.SQL - 
        /* insert for
            com.codepresso.codepresso.entity.member.Member */insert 
        into
            member (account_id, birth_date, email, last_login_at, name, nickname, password, phone, profile_image, role, member_id) 
        values
            (?, ?, ?, ?, ?, ?, ?, ?, ?, ?, default)
    16:24:28.967 [Test worker] DEBUG org.hibernate.SQL - 
        /* <criteria> */ select
            m1_0.member_id 
        from
            member m1_0 
        where
            m1_0.account_id=? 
        fetch
            first ? rows only
    16:24:28.967 [Test worker] DEBUG org.hibernate.SQL - 
        /* insert for
            com.codepresso.codepresso.entity.member.Member */insert 
        into
            member (account_id, birth_date, email, last_login_at, name, nickname, password, phone, profile_image, role, member_id) 
        values
            (?, ?, ?, ?, ?, ?, ?, ?, ?, ?, default)
    16:24:28.968 [Test worker] DEBUG org.hibernate.SQL - 
        /* <criteria> */ select
            m1_0.member_id 
        from
            member m1_0 
        where
            m1_0.account_id=? 
        fetch
            first ? rows only
    16:24:28.969 [Test worker] DEBUG org.hibernate.SQL - 
        /* insert for
            com.codepresso.codepresso.entity.member.Member */insert 
        into
            member (account_id, birth_date, email, last_login_at, name, nickname, password, phone, profile_image, role, member_id) 
        values
            (?, ?, ?, ?, ?, ?, ?, ?, ?, ?, default)
    16:24:28.970 [Test worker] DEBUG org.hibernate.SQL - 
        /* <criteria> */ select
            m1_0.member_id 
        from
            member m1_0 
        where
            m1_0.account_id=? 
        fetch
            first ? rows only
    16:24:28.970 [Test worker] DEBUG org.hibernate.SQL - 
        /* insert for
            com.codepresso.codepresso.entity.member.Member */insert 
        into
            member (account_id, birth_date, email, last_login_at, name, nickname, password, phone, profile_image, role, member_id) 
        values
            (?, ?, ?, ?, ?, ?, ?, ?, ?, ?, default)
    16:24:28.971 [Test worker] DEBUG org.hibernate.SQL - 
        /* <criteria> */ select
            m1_0.member_id 
        from
            member m1_0 
        where
            m1_0.account_id=? 
        fetch
            first ? rows only
    16:24:28.971 [Test worker] DEBUG org.hibernate.SQL - 
        /* insert for
            com.codepresso.codepresso.entity.member.Member */insert 
        into
            member (account_id, birth_date, email, last_login_at, name, nickname, password, phone, profile_image, role, member_id) 
        values
            (?, ?, ?, ?, ?, ?, ?, ?, ?, ?, default)
    16:24:28.972 [Test worker] DEBUG org.hibernate.SQL - 
        /* <criteria> */ select
            m1_0.member_id 
        from
            member m1_0 
        where
            m1_0.account_id=? 
        fetch
            first ? rows only
    16:24:28.972 [Test worker] DEBUG org.hibernate.SQL - 
        /* insert for
            com.codepresso.codepresso.entity.member.Member */insert 
        into
            member (account_id, birth_date, email, last_login_at, name, nickname, password, phone, profile_image, role, member_id) 
        values
            (?, ?, ?, ?, ?, ?, ?, ?, ?, ?, default)
    16:24:28.973 [Test worker] DEBUG org.hibernate.SQL - 
        /* <criteria> */ select
            m1_0.member_id 
        from
            member m1_0 
        where
            m1_0.account_id=? 
        fetch
            first ? rows only
    16:24:28.973 [Test worker] DEBUG org.hibernate.SQL - 
        /* insert for
            com.codepresso.codepresso.entity.member.Member */insert 
        into
            member (account_id, birth_date, email, last_login_at, name, nickname, password, phone, profile_image, role, member_id) 
        values
            (?, ?, ?, ?, ?, ?, ?, ?, ?, ?, default)
    16:24:28.974 [Test worker] DEBUG org.hibernate.SQL - 
        /* <criteria> */ select
            m1_0.member_id 
        from
            member m1_0 
        where
            m1_0.account_id=? 
        fetch
            first ? rows only
    16:24:28.975 [Test worker] DEBUG org.hibernate.SQL - 
        /* insert for
            com.codepresso.codepresso.entity.member.Member */insert 
        into
            member (account_id, birth_date, email, last_login_at, name, nickname, password, phone, profile_image, role, member_id) 
        values
            (?, ?, ?, ?, ?, ?, ?, ?, ?, ?, default)
    16:24:28.976 [Test worker] DEBUG org.hibernate.SQL - 
        /* <criteria> */ select
            m1_0.member_id 
        from
            member m1_0 
        where
            m1_0.account_id=? 
        fetch
            first ? rows only
    16:24:28.977 [Test worker] DEBUG org.hibernate.SQL - 
        /* insert for
            com.codepresso.codepresso.entity.member.Member */insert 
        into
            member (account_id, birth_date, email, last_login_at, name, nickname, password, phone, profile_image, role, member_id) 
        values
            (?, ?, ?, ?, ?, ?, ?, ?, ?, ?, default)
    16:24:28.978 [Test worker] DEBUG org.hibernate.SQL - 
        /* <criteria> */ select
            m1_0.member_id 
        from
            member m1_0 
        where
            m1_0.account_id=? 
        fetch
            first ? rows only
    16:24:28.978 [Test worker] DEBUG org.hibernate.SQL - 
        /* insert for
            com.codepresso.codepresso.entity.member.Member */insert 
        into
            member (account_id, birth_date, email, last_login_at, name, nickname, password, phone, profile_image, role, member_id) 
        values
            (?, ?, ?, ?, ?, ?, ?, ?, ?, ?, default)
    16:24:28.979 [Test worker] DEBUG org.hibernate.SQL - 
        /* <criteria> */ select
            m1_0.member_id 
        from
            member m1_0 
        where
            m1_0.account_id=? 
        fetch
            first ? rows only
    16:24:28.979 [Test worker] DEBUG org.hibernate.SQL - 
        /* insert for
            com.codepresso.codepresso.entity.member.Member */insert 
        into
            member (account_id, birth_date, email, last_login_at, name, nickname, password, phone, profile_image, role, member_id) 
        values
            (?, ?, ?, ?, ?, ?, ?, ?, ?, ?, default)
    16:24:28.980 [Test worker] DEBUG org.hibernate.SQL - 
        /* <criteria> */ select
            m1_0.member_id 
        from
            member m1_0 
        where
            m1_0.account_id=? 
        fetch
            first ? rows only
    16:24:28.980 [Test worker] DEBUG org.hibernate.SQL - 
        /* insert for
            com.codepresso.codepresso.entity.member.Member */insert 
        into
            member (account_id, birth_date, email, last_login_at, name, nickname, password, phone, profile_image, role, member_id) 
        values
            (?, ?, ?, ?, ?, ?, ?, ?, ?, ?, default)
    16:24:28.981 [Test worker] DEBUG org.hibernate.SQL - 
        /* <criteria> */ select
            m1_0.member_id 
        from
            member m1_0 
        where
            m1_0.account_id=? 
        fetch
            first ? rows only
    16:24:28.981 [Test worker] DEBUG org.hibernate.SQL - 
        /* insert for
            com.codepresso.codepresso.entity.member.Member */insert 
        into
            member (account_id, birth_date, email, last_login_at, name, nickname, password, phone, profile_image, role, member_id) 
        values
            (?, ?, ?, ?, ?, ?, ?, ?, ?, ?, default)
    16:24:28.982 [Test worker] DEBUG org.hibernate.SQL - 
        /* <criteria> */ select
            m1_0.member_id 
        from
            member m1_0 
        where
            m1_0.account_id=? 
        fetch
            first ? rows only
    16:24:28.982 [Test worker] DEBUG org.hibernate.SQL - 
        /* insert for
            com.codepresso.codepresso.entity.member.Member */insert 
        into
            member (account_id, birth_date, email, last_login_at, name, nickname, password, phone, profile_image, role, member_id) 
        values
            (?, ?, ?, ?, ?, ?, ?, ?, ?, ?, default)
    16:24:28.983 [Test worker] DEBUG org.hibernate.SQL - 
        /* <criteria> */ select
            m1_0.member_id 
        from
            member m1_0 
        where
            m1_0.account_id=? 
        fetch
            first ? rows only
    16:24:28.983 [Test worker] DEBUG org.hibernate.SQL - 
        /* insert for
            com.codepresso.codepresso.entity.member.Member */insert 
        into
            member (account_id, birth_date, email, last_login_at, name, nickname, password, phone, profile_image, role, member_id) 
        values
            (?, ?, ?, ?, ?, ?, ?, ?, ?, ?, default)
    16:24:28.983 [Test worker] DEBUG org.hibernate.SQL - 
        /* <criteria> */ select
            m1_0.member_id 
        from
            member m1_0 
        where
            m1_0.account_id=? 
        fetch
            first ? rows only
    16:24:28.984 [Test worker] DEBUG org.hibernate.SQL - 
        /* insert for
            com.codepresso.codepresso.entity.member.Member */insert 
        into
            member (account_id, birth_date, email, last_login_at, name, nickname, password, phone, profile_image, role, member_id) 
        values
            (?, ?, ?, ?, ?, ?, ?, ?, ?, ?, default)
    16:24:28.985 [Test worker] DEBUG org.hibernate.SQL - 
        /* <criteria> */ select
            m1_0.member_id 
        from
            member m1_0 
        where
            m1_0.account_id=? 
        fetch
            first ? rows only
    16:24:28.985 [Test worker] DEBUG org.hibernate.SQL - 
        /* insert for
            com.codepresso.codepresso.entity.member.Member */insert 
        into
            member (account_id, birth_date, email, last_login_at, name, nickname, password, phone, profile_image, role, member_id) 
        values
            (?, ?, ?, ?, ?, ?, ?, ?, ?, ?, default)
    16:24:28.986 [Test worker] DEBUG org.hibernate.SQL - 
        /* <criteria> */ select
            m1_0.member_id 
        from
            member m1_0 
        where
            m1_0.account_id=? 
        fetch
            first ? rows only
    16:24:28.987 [Test worker] DEBUG org.hibernate.SQL - 
        /* insert for
            com.codepresso.codepresso.entity.member.Member */insert 
        into
            member (account_id, birth_date, email, last_login_at, name, nickname, password, phone, profile_image, role, member_id) 
        values
            (?, ?, ?, ?, ?, ?, ?, ?, ?, ?, default)
    16:24:28.987 [Test worker] DEBUG org.hibernate.SQL - 
        /* <criteria> */ select
            m1_0.member_id 
        from
            member m1_0 
        where
            m1_0.account_id=? 
        fetch
            first ? rows only
    16:24:28.988 [Test worker] DEBUG org.hibernate.SQL - 
        /* insert for
            com.codepresso.codepresso.entity.member.Member */insert 
        into
            member (account_id, birth_date, email, last_login_at, name, nickname, password, phone, profile_image, role, member_id) 
        values
            (?, ?, ?, ?, ?, ?, ?, ?, ?, ?, default)
    16:24:28.988 [Test worker] DEBUG org.hibernate.SQL - 
        /* <criteria> */ select
            m1_0.member_id 
        from
            member m1_0 
        where
            m1_0.account_id=? 
        fetch
            first ? rows only
    16:24:28.988 [Test worker] DEBUG org.hibernate.SQL - 
        /* insert for
            com.codepresso.codepresso.entity.member.Member */insert 
        into
            member (account_id, birth_date, email, last_login_at, name, nickname, password, phone, profile_image, role, member_id) 
        values
            (?, ?, ?, ?, ?, ?, ?, ?, ?, ?, default)
    16:24:28.989 [Test worker] DEBUG org.hibernate.SQL - 
        /* <criteria> */ select
            m1_0.member_id 
        from
            member m1_0 
        where
            m1_0.account_id=? 
        fetch
            first ? rows only
    16:24:28.989 [Test worker] DEBUG org.hibernate.SQL - 
        /* insert for
            com.codepresso.codepresso.entity.member.Member */insert 
        into
            member (account_id, birth_date, email, last_login_at, name, nickname, password, phone, profile_image, role, member_id) 
        values
            (?, ?, ?, ?, ?, ?, ?, ?, ?, ?, default)
    16:24:28.990 [Test worker] DEBUG org.hibernate.SQL - 
        /* <criteria> */ select
            m1_0.member_id 
        from
            member m1_0 
        where
            m1_0.account_id=? 
        fetch
            first ? rows only
    16:24:28.990 [Test worker] DEBUG org.hibernate.SQL - 
        /* insert for
            com.codepresso.codepresso.entity.member.Member */insert 
        into
            member (account_id, birth_date, email, last_login_at, name, nickname, password, phone, profile_image, role, member_id) 
        values
            (?, ?, ?, ?, ?, ?, ?, ?, ?, ?, default)
    16:24:28.991 [Test worker] DEBUG org.hibernate.SQL - 
        /* <criteria> */ select
            m1_0.member_id 
        from
            member m1_0 
        where
            m1_0.account_id=? 
        fetch
            first ? rows only
    16:24:28.991 [Test worker] DEBUG org.hibernate.SQL - 
        /* insert for
            com.codepresso.codepresso.entity.member.Member */insert 
        into
            member (account_id, birth_date, email, last_login_at, name, nickname, password, phone, profile_image, role, member_id) 
        values
            (?, ?, ?, ?, ?, ?, ?, ?, ?, ?, default)
    16:24:28.991 [Test worker] DEBUG org.hibernate.SQL - 
        /* <criteria> */ select
            m1_0.member_id 
        from
            member m1_0 
        where
            m1_0.account_id=? 
        fetch
            first ? rows only
    16:24:28.992 [Test worker] DEBUG org.hibernate.SQL - 
        /* insert for
            com.codepresso.codepresso.entity.member.Member */insert 
        into
            member (account_id, birth_date, email, last_login_at, name, nickname, password, phone, profile_image, role, member_id) 
        values
            (?, ?, ?, ?, ?, ?, ?, ?, ?, ?, default)
    16:24:28.992 [Test worker] DEBUG org.hibernate.SQL - 
        /* <criteria> */ select
            m1_0.member_id 
        from
            member m1_0 
        where
            m1_0.account_id=? 
        fetch
            first ? rows only
    16:24:28.993 [Test worker] DEBUG org.hibernate.SQL - 
        /* insert for
            com.codepresso.codepresso.entity.member.Member */insert 
        into
            member (account_id, birth_date, email, last_login_at, name, nickname, password, phone, profile_image, role, member_id) 
        values
            (?, ?, ?, ?, ?, ?, ?, ?, ?, ?, default)
    16:24:28.993 [Test worker] DEBUG org.hibernate.SQL - 
        /* <criteria> */ select
            m1_0.member_id 
        from
            member m1_0 
        where
            m1_0.account_id=? 
        fetch
            first ? rows only
    16:24:28.994 [Test worker] DEBUG org.hibernate.SQL - 
        /* insert for
            com.codepresso.codepresso.entity.member.Member */insert 
        into
            member (account_id, birth_date, email, last_login_at, name, nickname, password, phone, profile_image, role, member_id) 
        values
            (?, ?, ?, ?, ?, ?, ?, ?, ?, ?, default)
    16:24:28.995 [Test worker] DEBUG org.hibernate.SQL - 
        /* <criteria> */ select
            m1_0.member_id 
        from
            member m1_0 
        where
            m1_0.account_id=? 
        fetch
            first ? rows only
    16:24:28.996 [Test worker] DEBUG org.hibernate.SQL - 
        /* insert for
            com.codepresso.codepresso.entity.member.Member */insert 
        into
            member (account_id, birth_date, email, last_login_at, name, nickname, password, phone, profile_image, role, member_id) 
        values
            (?, ?, ?, ?, ?, ?, ?, ?, ?, ?, default)
    16:24:28.996 [Test worker] DEBUG org.hibernate.SQL - 
        /* <criteria> */ select
            m1_0.member_id 
        from
            member m1_0 
        where
            m1_0.account_id=? 
        fetch
            first ? rows only
    16:24:28.996 [Test worker] DEBUG org.hibernate.SQL - 
        /* insert for
            com.codepresso.codepresso.entity.member.Member */insert 
        into
            member (account_id, birth_date, email, last_login_at, name, nickname, password, phone, profile_image, role, member_id) 
        values
            (?, ?, ?, ?, ?, ?, ?, ?, ?, ?, default)
    16:24:28.997 [Test worker] DEBUG org.hibernate.SQL - 
        /* <criteria> */ select
            m1_0.member_id 
        from
            member m1_0 
        where
            m1_0.account_id=? 
        fetch
            first ? rows only
    16:24:28.997 [Test worker] DEBUG org.hibernate.SQL - 
        /* insert for
            com.codepresso.codepresso.entity.member.Member */insert 
        into
            member (account_id, birth_date, email, last_login_at, name, nickname, password, phone, profile_image, role, member_id) 
        values
            (?, ?, ?, ?, ?, ?, ?, ?, ?, ?, default)
    16:24:28.998 [Test worker] DEBUG org.hibernate.SQL - 
        /* <criteria> */ select
            m1_0.member_id 
        from
            member m1_0 
        where
            m1_0.account_id=? 
        fetch
            first ? rows only
    16:24:28.998 [Test worker] DEBUG org.hibernate.SQL - 
        /* insert for
            com.codepresso.codepresso.entity.member.Member */insert 
        into
            member (account_id, birth_date, email, last_login_at, name, nickname, password, phone, profile_image, role, member_id) 
        values
            (?, ?, ?, ?, ?, ?, ?, ?, ?, ?, default)
    16:24:28.999 [Test worker] DEBUG org.hibernate.SQL - 
        /* <criteria> */ select
            m1_0.member_id 
        from
            member m1_0 
        where
            m1_0.account_id=? 
        fetch
            first ? rows only
    16:24:28.999 [Test worker] DEBUG org.hibernate.SQL - 
        /* insert for
            com.codepresso.codepresso.entity.member.Member */insert 
        into
            member (account_id, birth_date, email, last_login_at, name, nickname, password, phone, profile_image, role, member_id) 
        values
            (?, ?, ?, ?, ?, ?, ?, ?, ?, ?, default)
    16:24:29.000 [Test worker] DEBUG org.hibernate.SQL - 
        /* <criteria> */ select
            m1_0.member_id 
        from
            member m1_0 
        where
            m1_0.account_id=? 
        fetch
            first ? rows only
    16:24:29.000 [Test worker] DEBUG org.hibernate.SQL - 
        /* insert for
            com.codepresso.codepresso.entity.member.Member */insert 
        into
            member (account_id, birth_date, email, last_login_at, name, nickname, password, phone, profile_image, role, member_id) 
        values
            (?, ?, ?, ?, ?, ?, ?, ?, ?, ?, default)
    16:24:29.001 [Test worker] DEBUG org.hibernate.SQL - 
        /* <criteria> */ select
            m1_0.member_id 
        from
            member m1_0 
        where
            m1_0.account_id=? 
        fetch
            first ? rows only
    16:24:29.001 [Test worker] DEBUG org.hibernate.SQL - 
        /* insert for
            com.codepresso.codepresso.entity.member.Member */insert 
        into
            member (account_id, birth_date, email, last_login_at, name, nickname, password, phone, profile_image, role, member_id) 
        values
            (?, ?, ?, ?, ?, ?, ?, ?, ?, ?, default)
    16:24:29.002 [Test worker] DEBUG org.hibernate.SQL - 
        /* <criteria> */ select
            m1_0.member_id 
        from
            member m1_0 
        where
            m1_0.account_id=? 
        fetch
            first ? rows only
    16:24:29.002 [Test worker] DEBUG org.hibernate.SQL - 
        /* insert for
            com.codepresso.codepresso.entity.member.Member */insert 
        into
            member (account_id, birth_date, email, last_login_at, name, nickname, password, phone, profile_image, role, member_id) 
        values
            (?, ?, ?, ?, ?, ?, ?, ?, ?, ?, default)
    16:24:29.003 [Test worker] DEBUG org.hibernate.SQL - 
        /* <criteria> */ select
            m1_0.member_id 
        from
            member m1_0 
        where
            m1_0.account_id=? 
        fetch
            first ? rows only
    16:24:29.003 [Test worker] DEBUG org.hibernate.SQL - 
        /* insert for
            com.codepresso.codepresso.entity.member.Member */insert 
        into
            member (account_id, birth_date, email, last_login_at, name, nickname, password, phone, profile_image, role, member_id) 
        values
            (?, ?, ?, ?, ?, ?, ?, ?, ?, ?, default)
    16:24:29.004 [Test worker] DEBUG org.hibernate.SQL - 
        /* <criteria> */ select
            m1_0.member_id 
        from
            member m1_0 
        where
            m1_0.account_id=? 
        fetch
            first ? rows only
    16:24:29.004 [Test worker] DEBUG org.hibernate.SQL - 
        /* insert for
            com.codepresso.codepresso.entity.member.Member */insert 
        into
            member (account_id, birth_date, email, last_login_at, name, nickname, password, phone, profile_image, role, member_id) 
        values
            (?, ?, ?, ?, ?, ?, ?, ?, ?, ?, default)
    16:24:29.005 [Test worker] DEBUG org.hibernate.SQL - 
        /* <criteria> */ select
            m1_0.member_id 
        from
            member m1_0 
        where
            m1_0.account_id=? 
        fetch
            first ? rows only
    16:24:29.005 [Test worker] DEBUG org.hibernate.SQL - 
        /* insert for
            com.codepresso.codepresso.entity.member.Member */insert 
        into
            member (account_id, birth_date, email, last_login_at, name, nickname, password, phone, profile_image, role, member_id) 
        values
            (?, ?, ?, ?, ?, ?, ?, ?, ?, ?, default)
    16:24:29.006 [Test worker] DEBUG org.hibernate.SQL - 
        /* <criteria> */ select
            m1_0.member_id 
        from
            member m1_0 
        where
            m1_0.account_id=? 
        fetch
            first ? rows only
    16:24:29.006 [Test worker] DEBUG org.hibernate.SQL - 
        /* insert for
            com.codepresso.codepresso.entity.member.Member */insert 
        into
            member (account_id, birth_date, email, last_login_at, name, nickname, password, phone, profile_image, role, member_id) 
        values
            (?, ?, ?, ?, ?, ?, ?, ?, ?, ?, default)
    16:24:29.007 [Test worker] DEBUG org.hibernate.SQL - 
        /* <criteria> */ select
            m1_0.member_id 
        from
            member m1_0 
        where
            m1_0.account_id=? 
        fetch
            first ? rows only
    16:24:29.007 [Test worker] DEBUG org.hibernate.SQL - 
        /* insert for
            com.codepresso.codepresso.entity.member.Member */insert 
        into
            member (account_id, birth_date, email, last_login_at, name, nickname, password, phone, profile_image, role, member_id) 
        values
            (?, ?, ?, ?, ?, ?, ?, ?, ?, ?, default)
    16:24:29.007 [Test worker] DEBUG org.hibernate.SQL - 
        /* <criteria> */ select
            m1_0.member_id 
        from
            member m1_0 
        where
            m1_0.account_id=? 
        fetch
            first ? rows only
    16:24:29.008 [Test worker] DEBUG org.hibernate.SQL - 
        /* insert for
            com.codepresso.codepresso.entity.member.Member */insert 
        into
            member (account_id, birth_date, email, last_login_at, name, nickname, password, phone, profile_image, role, member_id) 
        values
            (?, ?, ?, ?, ?, ?, ?, ?, ?, ?, default)
    16:24:29.009 [Test worker] DEBUG org.hibernate.SQL - 
        /* <criteria> */ select
            m1_0.member_id 
        from
            member m1_0 
        where
            m1_0.account_id=? 
        fetch
            first ? rows only
    16:24:29.009 [Test worker] DEBUG org.hibernate.SQL - 
        /* insert for
            com.codepresso.codepresso.entity.member.Member */insert 
        into
            member (account_id, birth_date, email, last_login_at, name, nickname, password, phone, profile_image, role, member_id) 
        values
            (?, ?, ?, ?, ?, ?, ?, ?, ?, ?, default)
    16:24:29.011 [Test worker] DEBUG org.hibernate.SQL - 
        /* <criteria> */ select
            m1_0.member_id 
        from
            member m1_0 
        where
            m1_0.account_id=? 
        fetch
            first ? rows only
    16:24:29.011 [Test worker] DEBUG org.hibernate.SQL - 
        /* insert for
            com.codepresso.codepresso.entity.member.Member */insert 
        into
            member (account_id, birth_date, email, last_login_at, name, nickname, password, phone, profile_image, role, member_id) 
        values
            (?, ?, ?, ?, ?, ?, ?, ?, ?, ?, default)
    16:24:29.012 [Test worker] DEBUG org.hibernate.SQL - 
        /* <criteria> */ select
            m1_0.member_id 
        from
            member m1_0 
        where
            m1_0.account_id=? 
        fetch
            first ? rows only
    16:24:29.013 [Test worker] DEBUG org.hibernate.SQL - 
        /* insert for
            com.codepresso.codepresso.entity.member.Member */insert 
        into
            member (account_id, birth_date, email, last_login_at, name, nickname, password, phone, profile_image, role, member_id) 
        values
            (?, ?, ?, ?, ?, ?, ?, ?, ?, ?, default)
    16:24:29.013 [Test worker] DEBUG org.hibernate.SQL - 
        /* <criteria> */ select
            m1_0.member_id 
        from
            member m1_0 
        where
            m1_0.account_id=? 
        fetch
            first ? rows only
    16:24:29.014 [Test worker] DEBUG org.hibernate.SQL - 
        /* insert for
            com.codepresso.codepresso.entity.member.Member */insert 
        into
            member (account_id, birth_date, email, last_login_at, name, nickname, password, phone, profile_image, role, member_id) 
        values
            (?, ?, ?, ?, ?, ?, ?, ?, ?, ?, default)
    16:24:29.014 [Test worker] DEBUG org.hibernate.SQL - 
        /* <criteria> */ select
            m1_0.member_id 
        from
            member m1_0 
        where
            m1_0.account_id=? 
        fetch
            first ? rows only
    16:24:29.014 [Test worker] DEBUG org.hibernate.SQL - 
        /* insert for
            com.codepresso.codepresso.entity.member.Member */insert 
        into
            member (account_id, birth_date, email, last_login_at, name, nickname, password, phone, profile_image, role, member_id) 
        values
            (?, ?, ?, ?, ?, ?, ?, ?, ?, ?, default)
    16:24:29.015 [Test worker] DEBUG org.hibernate.SQL - 
        /* <criteria> */ select
            m1_0.member_id 
        from
            member m1_0 
        where
            m1_0.account_id=? 
        fetch
            first ? rows only
    16:24:29.015 [Test worker] DEBUG org.hibernate.SQL - 
        /* insert for
            com.codepresso.codepresso.entity.member.Member */insert 
        into
            member (account_id, birth_date, email, last_login_at, name, nickname, password, phone, profile_image, role, member_id) 
        values
            (?, ?, ?, ?, ?, ?, ?, ?, ?, ?, default)
    16:24:29.016 [Test worker] DEBUG org.hibernate.SQL - 
        /* <criteria> */ select
            m1_0.member_id 
        from
            member m1_0 
        where
            m1_0.account_id=? 
        fetch
            first ? rows only
    16:24:29.016 [Test worker] DEBUG org.hibernate.SQL - 
        /* insert for
            com.codepresso.codepresso.entity.member.Member */insert 
        into
            member (account_id, birth_date, email, last_login_at, name, nickname, password, phone, profile_image, role, member_id) 
        values
            (?, ?, ?, ?, ?, ?, ?, ?, ?, ?, default)
    16:24:29.017 [Test worker] DEBUG org.hibernate.SQL - 
        /* <criteria> */ select
            m1_0.member_id 
        from
            member m1_0 
        where
            m1_0.account_id=? 
        fetch
            first ? rows only
    16:24:29.017 [Test worker] DEBUG org.hibernate.SQL - 
        /* insert for
            com.codepresso.codepresso.entity.member.Member */insert 
        into
            member (account_id, birth_date, email, last_login_at, name, nickname, password, phone, profile_image, role, member_id) 
        values
            (?, ?, ?, ?, ?, ?, ?, ?, ?, ?, default)
    16:24:29.018 [Test worker] DEBUG org.hibernate.SQL - 
        /* <criteria> */ select
            m1_0.member_id 
        from
            member m1_0 
        where
            m1_0.account_id=? 
        fetch
            first ? rows only
    16:24:29.018 [Test worker] DEBUG org.hibernate.SQL - 
        /* insert for
            com.codepresso.codepresso.entity.member.Member */insert 
        into
            member (account_id, birth_date, email, last_login_at, name, nickname, password, phone, profile_image, role, member_id) 
        values
            (?, ?, ?, ?, ?, ?, ?, ?, ?, ?, default)
    16:24:29.018 [Test worker] DEBUG org.hibernate.SQL - 
        /* <criteria> */ select
            m1_0.member_id 
        from
            member m1_0 
        where
            m1_0.account_id=? 
        fetch
            first ? rows only
    16:24:29.019 [Test worker] DEBUG org.hibernate.SQL - 
        /* insert for
            com.codepresso.codepresso.entity.member.Member */insert 
        into
            member (account_id, birth_date, email, last_login_at, name, nickname, password, phone, profile_image, role, member_id) 
        values
            (?, ?, ?, ?, ?, ?, ?, ?, ?, ?, default)
    16:24:29.019 [Test worker] DEBUG org.hibernate.SQL - 
        /* <criteria> */ select
            m1_0.member_id 
        from
            member m1_0 
        where
            m1_0.account_id=? 
        fetch
            first ? rows only
    16:24:29.019 [Test worker] DEBUG org.hibernate.SQL - 
        /* insert for
            com.codepresso.codepresso.entity.member.Member */insert 
        into
            member (account_id, birth_date, email, last_login_at, name, nickname, password, phone, profile_image, role, member_id) 
        values
            (?, ?, ?, ?, ?, ?, ?, ?, ?, ?, default)
    16:24:29.020 [Test worker] DEBUG org.hibernate.SQL - 
        /* <criteria> */ select
            m1_0.member_id 
        from
            member m1_0 
        where
            m1_0.account_id=? 
        fetch
            first ? rows only
    16:24:29.020 [Test worker] DEBUG org.hibernate.SQL - 
        /* insert for
            com.codepresso.codepresso.entity.member.Member */insert 
        into
            member (account_id, birth_date, email, last_login_at, name, nickname, password, phone, profile_image, role, member_id) 
        values
            (?, ?, ?, ?, ?, ?, ?, ?, ?, ?, default)
    16:24:29.021 [Test worker] DEBUG org.hibernate.SQL - 
        /* <criteria> */ select
            m1_0.member_id 
        from
            member m1_0 
        where
            m1_0.account_id=? 
        fetch
            first ? rows only
    16:24:29.021 [Test worker] DEBUG org.hibernate.SQL - 
        /* insert for
            com.codepresso.codepresso.entity.member.Member */insert 
        into
            member (account_id, birth_date, email, last_login_at, name, nickname, password, phone, profile_image, role, member_id) 
        values
            (?, ?, ?, ?, ?, ?, ?, ?, ?, ?, default)
    16:24:29.022 [Test worker] DEBUG org.hibernate.SQL - 
        /* <criteria> */ select
            m1_0.member_id 
        from
            member m1_0 
        where
            m1_0.account_id=? 
        fetch
            first ? rows only
    16:24:29.022 [Test worker] DEBUG org.hibernate.SQL - 
        /* insert for
            com.codepresso.codepresso.entity.member.Member */insert 
        into
            member (account_id, birth_date, email, last_login_at, name, nickname, password, phone, profile_image, role, member_id) 
        values
            (?, ?, ?, ?, ?, ?, ?, ?, ?, ?, default)
    16:24:29.023 [Test worker] DEBUG org.hibernate.SQL - 
        /* <criteria> */ select
            m1_0.member_id 
        from
            member m1_0 
        where
            m1_0.account_id=? 
        fetch
            first ? rows only
    16:24:29.023 [Test worker] DEBUG org.hibernate.SQL - 
        /* insert for
            com.codepresso.codepresso.entity.member.Member */insert 
        into
            member (account_id, birth_date, email, last_login_at, name, nickname, password, phone, profile_image, role, member_id) 
        values
            (?, ?, ?, ?, ?, ?, ?, ?, ?, ?, default)
    16:24:29.024 [Test worker] DEBUG org.hibernate.SQL - 
        /* <criteria> */ select
            m1_0.member_id 
        from
            member m1_0 
        where
            m1_0.account_id=? 
        fetch
            first ? rows only
    16:24:29.025 [Test worker] DEBUG org.hibernate.SQL - 
        /* insert for
            com.codepresso.codepresso.entity.member.Member */insert 
        into
            member (account_id, birth_date, email, last_login_at, name, nickname, password, phone, profile_image, role, member_id) 
        values
            (?, ?, ?, ?, ?, ?, ?, ?, ?, ?, default)
    16:24:29.026 [Test worker] DEBUG org.hibernate.SQL - 
        /* <criteria> */ select
            m1_0.member_id 
        from
            member m1_0 
        where
            m1_0.account_id=? 
        fetch
            first ? rows only
    16:24:29.028 [Test worker] DEBUG org.hibernate.SQL - 
        /* insert for
            com.codepresso.codepresso.entity.member.Member */insert 
        into
            member (account_id, birth_date, email, last_login_at, name, nickname, password, phone, profile_image, role, member_id) 
        values
            (?, ?, ?, ?, ?, ?, ?, ?, ?, ?, default)
    16:24:29.029 [Test worker] DEBUG org.hibernate.SQL - 
        /* <criteria> */ select
            m1_0.member_id 
        from
            member m1_0 
        where
            m1_0.account_id=? 
        fetch
            first ? rows only
    16:24:29.029 [Test worker] DEBUG org.hibernate.SQL - 
        /* insert for
            com.codepresso.codepresso.entity.member.Member */insert 
        into
            member (account_id, birth_date, email, last_login_at, name, nickname, password, phone, profile_image, role, member_id) 
        values
            (?, ?, ?, ?, ?, ?, ?, ?, ?, ?, default)
    16:24:29.030 [Test worker] DEBUG org.hibernate.SQL - 
        /* <criteria> */ select
            m1_0.member_id 
        from
            member m1_0 
        where
            m1_0.account_id=? 
        fetch
            first ? rows only
    16:24:29.030 [Test worker] DEBUG org.hibernate.SQL - 
        /* insert for
            com.codepresso.codepresso.entity.member.Member */insert 
        into
            member (account_id, birth_date, email, last_login_at, name, nickname, password, phone, profile_image, role, member_id) 
        values
            (?, ?, ?, ?, ?, ?, ?, ?, ?, ?, default)
    16:24:29.031 [Test worker] DEBUG org.hibernate.SQL - 
        /* <criteria> */ select
            m1_0.member_id 
        from
            member m1_0 
        where
            m1_0.account_id=? 
        fetch
            first ? rows only
    16:24:29.031 [Test worker] DEBUG org.hibernate.SQL - 
        /* insert for
            com.codepresso.codepresso.entity.member.Member */insert 
        into
            member (account_id, birth_date, email, last_login_at, name, nickname, password, phone, profile_image, role, member_id) 
        values
            (?, ?, ?, ?, ?, ?, ?, ?, ?, ?, default)
    16:24:29.032 [Test worker] DEBUG org.hibernate.SQL - 
        /* <criteria> */ select
            m1_0.member_id 
        from
            member m1_0 
        where
            m1_0.account_id=? 
        fetch
            first ? rows only
    16:24:29.032 [Test worker] DEBUG org.hibernate.SQL - 
        /* insert for
            com.codepresso.codepresso.entity.member.Member */insert 
        into
            member (account_id, birth_date, email, last_login_at, name, nickname, password, phone, profile_image, role, member_id) 
        values
            (?, ?, ?, ?, ?, ?, ?, ?, ?, ?, default)
    16:24:29.032 [Test worker] DEBUG org.hibernate.SQL - 
        /* <criteria> */ select
            m1_0.member_id 
        from
            member m1_0 
        where
            m1_0.account_id=? 
        fetch
            first ? rows only
    16:24:29.033 [Test worker] DEBUG org.hibernate.SQL - 
        /* insert for
            com.codepresso.codepresso.entity.member.Member */insert 
        into
            member (account_id, birth_date, email, last_login_at, name, nickname, password, phone, profile_image, role, member_id) 
        values
            (?, ?, ?, ?, ?, ?, ?, ?, ?, ?, default)
    16:24:29.033 [Test worker] DEBUG org.hibernate.SQL - 
        /* <criteria> */ select
            m1_0.member_id 
        from
            member m1_0 
        where
            m1_0.account_id=? 
        fetch
            first ? rows only
    16:24:29.034 [Test worker] DEBUG org.hibernate.SQL - 
        /* insert for
            com.codepresso.codepresso.entity.member.Member */insert 
        into
            member (account_id, birth_date, email, last_login_at, name, nickname, password, phone, profile_image, role, member_id) 
        values
            (?, ?, ?, ?, ?, ?, ?, ?, ?, ?, default)
    16:24:29.035 [Test worker] DEBUG org.hibernate.SQL - 
        /* <criteria> */ select
            m1_0.member_id 
        from
            member m1_0 
        where
            m1_0.account_id=? 
        fetch
            first ? rows only
    16:24:29.036 [Test worker] DEBUG org.hibernate.SQL - 
        /* insert for
            com.codepresso.codepresso.entity.member.Member */insert 
        into
            member (account_id, birth_date, email, last_login_at, name, nickname, password, phone, profile_image, role, member_id) 
        values
            (?, ?, ?, ?, ?, ?, ?, ?, ?, ?, default)
    16:24:29.036 [Test worker] DEBUG org.hibernate.SQL - 
        /* <criteria> */ select
            m1_0.member_id 
        from
            member m1_0 
        where
            m1_0.account_id=? 
        fetch
            first ? rows only
    16:24:29.037 [Test worker] DEBUG org.hibernate.SQL - 
        /* insert for
            com.codepresso.codepresso.entity.member.Member */insert 
        into
            member (account_id, birth_date, email, last_login_at, name, nickname, password, phone, profile_image, role, member_id) 
        values
            (?, ?, ?, ?, ?, ?, ?, ?, ?, ?, default)
    16:24:29.037 [Test worker] DEBUG org.hibernate.SQL - 
        /* <criteria> */ select
            m1_0.member_id 
        from
            member m1_0 
        where
            m1_0.account_id=? 
        fetch
            first ? rows only
    16:24:29.038 [Test worker] DEBUG org.hibernate.SQL - 
        /* insert for
            com.codepresso.codepresso.entity.member.Member */insert 
        into
            member (account_id, birth_date, email, last_login_at, name, nickname, password, phone, profile_image, role, member_id) 
        values
            (?, ?, ?, ?, ?, ?, ?, ?, ?, ?, default)
    16:24:29.039 [Test worker] DEBUG org.hibernate.SQL - 
        /* <criteria> */ select
            m1_0.member_id 
        from
            member m1_0 
        where
            m1_0.account_id=? 
        fetch
            first ? rows only
    16:24:29.039 [Test worker] DEBUG org.hibernate.SQL - 
        /* insert for
            com.codepresso.codepresso.entity.member.Member */insert 
        into
            member (account_id, birth_date, email, last_login_at, name, nickname, password, phone, profile_image, role, member_id) 
        values
            (?, ?, ?, ?, ?, ?, ?, ?, ?, ?, default)
    16:24:29.040 [Test worker] DEBUG org.hibernate.SQL - 
        /* <criteria> */ select
            m1_0.member_id 
        from
            member m1_0 
        where
            m1_0.account_id=? 
        fetch
            first ? rows only
    16:24:29.040 [Test worker] DEBUG org.hibernate.SQL - 
        /* insert for
            com.codepresso.codepresso.entity.member.Member */insert 
        into
            member (account_id, birth_date, email, last_login_at, name, nickname, password, phone, profile_image, role, member_id) 
        values
            (?, ?, ?, ?, ?, ?, ?, ?, ?, ?, default)
    16:24:29.041 [Test worker] DEBUG org.hibernate.SQL - 
        /* <criteria> */ select
            m1_0.member_id 
        from
            member m1_0 
        where
            m1_0.account_id=? 
        fetch
            first ? rows only
    16:24:29.041 [Test worker] DEBUG org.hibernate.SQL - 
        /* insert for
            com.codepresso.codepresso.entity.member.Member */insert 
        into
            member (account_id, birth_date, email, last_login_at, name, nickname, password, phone, profile_image, role, member_id) 
        values
            (?, ?, ?, ?, ?, ?, ?, ?, ?, ?, default)
    16:24:29.042 [Test worker] DEBUG org.hibernate.SQL - 
        /* <criteria> */ select
            m1_0.member_id 
        from
            member m1_0 
        where
            m1_0.account_id=? 
        fetch
            first ? rows only
    16:24:29.042 [Test worker] DEBUG org.hibernate.SQL - 
        /* insert for
            com.codepresso.codepresso.entity.member.Member */insert 
        into
            member (account_id, birth_date, email, last_login_at, name, nickname, password, phone, profile_image, role, member_id) 
        values
            (?, ?, ?, ?, ?, ?, ?, ?, ?, ?, default)
    16:24:29.043 [Test worker] DEBUG org.hibernate.SQL - 
        /* <criteria> */ select
            m1_0.member_id 
        from
            member m1_0 
        where
            m1_0.account_id=? 
        fetch
            first ? rows only
    16:24:29.044 [Test worker] DEBUG org.hibernate.SQL - 
        /* insert for
            com.codepresso.codepresso.entity.member.Member */insert 
        into
            member (account_id, birth_date, email, last_login_at, name, nickname, password, phone, profile_image, role, member_id) 
        values
            (?, ?, ?, ?, ?, ?, ?, ?, ?, ?, default)
    16:24:29.045 [Test worker] DEBUG org.hibernate.SQL - 
        /* <criteria> */ select
            m1_0.member_id 
        from
            member m1_0 
        where
            m1_0.account_id=? 
        fetch
            first ? rows only
    16:24:29.046 [Test worker] DEBUG org.hibernate.SQL - 
        /* insert for
            com.codepresso.codepresso.entity.member.Member */insert 
        into
            member (account_id, birth_date, email, last_login_at, name, nickname, password, phone, profile_image, role, member_id) 
        values
            (?, ?, ?, ?, ?, ?, ?, ?, ?, ?, default)
    16:24:29.046 [Test worker] DEBUG org.hibernate.SQL - 
        /* <criteria> */ select
            m1_0.member_id 
        from
            member m1_0 
        where
            m1_0.account_id=? 
        fetch
            first ? rows only
    16:24:29.047 [Test worker] DEBUG org.hibernate.SQL - 
        /* insert for
            com.codepresso.codepresso.entity.member.Member */insert 
        into
            member (account_id, birth_date, email, last_login_at, name, nickname, password, phone, profile_image, role, member_id) 
        values
            (?, ?, ?, ?, ?, ?, ?, ?, ?, ?, default)
    16:24:29.048 [Test worker] DEBUG org.hibernate.SQL - 
        /* <criteria> */ select
            m1_0.member_id 
        from
            member m1_0 
        where
            m1_0.account_id=? 
        fetch
            first ? rows only
    16:24:29.048 [Test worker] DEBUG org.hibernate.SQL - 
        /* insert for
            com.codepresso.codepresso.entity.member.Member */insert 
        into
            member (account_id, birth_date, email, last_login_at, name, nickname, password, phone, profile_image, role, member_id) 
        values
            (?, ?, ?, ?, ?, ?, ?, ?, ?, ?, default)
    16:24:29.048 [Test worker] DEBUG org.hibernate.SQL - 
        /* <criteria> */ select
            m1_0.member_id 
        from
            member m1_0 
        where
            m1_0.account_id=? 
        fetch
            first ? rows only
    16:24:29.049 [Test worker] DEBUG org.hibernate.SQL - 
        /* insert for
            com.codepresso.codepresso.entity.member.Member */insert 
        into
            member (account_id, birth_date, email, last_login_at, name, nickname, password, phone, profile_image, role, member_id) 
        values
            (?, ?, ?, ?, ?, ?, ?, ?, ?, ?, default)
    16:24:29.049 [Test worker] DEBUG org.hibernate.SQL - 
        /* <criteria> */ select
            m1_0.member_id 
        from
            member m1_0 
        where
            m1_0.account_id=? 
        fetch
            first ? rows only
    16:24:29.049 [Test worker] DEBUG org.hibernate.SQL - 
        /* insert for
            com.codepresso.codepresso.entity.member.Member */insert 
        into
            member (account_id, birth_date, email, last_login_at, name, nickname, password, phone, profile_image, role, member_id) 
        values
            (?, ?, ?, ?, ?, ?, ?, ?, ?, ?, default)
    16:24:29.050 [Test worker] DEBUG org.hibernate.SQL - 
        /* <criteria> */ select
            m1_0.member_id 
        from
            member m1_0 
        where
            m1_0.account_id=? 
        fetch
            first ? rows only
    16:24:29.050 [Test worker] DEBUG org.hibernate.SQL - 
        /* insert for
            com.codepresso.codepresso.entity.member.Member */insert 
        into
            member (account_id, birth_date, email, last_login_at, name, nickname, password, phone, profile_image, role, member_id) 
        values
            (?, ?, ?, ?, ?, ?, ?, ?, ?, ?, default)
    16:24:29.051 [Test worker] DEBUG org.hibernate.SQL - 
        /* <criteria> */ select
            m1_0.member_id 
        from
            member m1_0 
        where
            m1_0.account_id=? 
        fetch
            first ? rows only
    16:24:29.051 [Test worker] DEBUG org.hibernate.SQL - 
        /* insert for
            com.codepresso.codepresso.entity.member.Member */insert 
        into
            member (account_id, birth_date, email, last_login_at, name, nickname, password, phone, profile_image, role, member_id) 
        values
            (?, ?, ?, ?, ?, ?, ?, ?, ?, ?, default)
    16:24:29.052 [Test worker] DEBUG org.hibernate.SQL - 
        /* <criteria> */ select
            m1_0.member_id 
        from
            member m1_0 
        where
            m1_0.account_id=? 
        fetch
            first ? rows only
    16:24:29.052 [Test worker] DEBUG org.hibernate.SQL - 
        /* insert for
            com.codepresso.codepresso.entity.member.Member */insert 
        into
            member (account_id, birth_date, email, last_login_at, name, nickname, password, phone, profile_image, role, member_id) 
        values
            (?, ?, ?, ?, ?, ?, ?, ?, ?, ?, default)
    16:24:29.053 [Test worker] DEBUG org.hibernate.SQL - 
        /* <criteria> */ select
            m1_0.member_id 
        from
            member m1_0 
        where
            m1_0.account_id=? 
        fetch
            first ? rows only
    16:24:29.053 [Test worker] DEBUG org.hibernate.SQL - 
        /* insert for
            com.codepresso.codepresso.entity.member.Member */insert 
        into
            member (account_id, birth_date, email, last_login_at, name, nickname, password, phone, profile_image, role, member_id) 
        values
            (?, ?, ?, ?, ?, ?, ?, ?, ?, ?, default)
    16:24:29.054 [Test worker] DEBUG org.hibernate.SQL - 
        /* <criteria> */ select
            m1_0.member_id 
        from
            member m1_0 
        where
            m1_0.account_id=? 
        fetch
            first ? rows only
    16:24:29.054 [Test worker] DEBUG org.hibernate.SQL - 
        /* insert for
            com.codepresso.codepresso.entity.member.Member */insert 
        into
            member (account_id, birth_date, email, last_login_at, name, nickname, password, phone, profile_image, role, member_id) 
        values
            (?, ?, ?, ?, ?, ?, ?, ?, ?, ?, default)
    16:24:29.055 [Test worker] DEBUG org.hibernate.SQL - 
        /* <criteria> */ select
            m1_0.member_id 
        from
            member m1_0 
        where
            m1_0.account_id=? 
        fetch
            first ? rows only
    16:24:29.056 [Test worker] DEBUG org.hibernate.SQL - 
        /* insert for
            com.codepresso.codepresso.entity.member.Member */insert 
        into
            member (account_id, birth_date, email, last_login_at, name, nickname, password, phone, profile_image, role, member_id) 
        values
            (?, ?, ?, ?, ?, ?, ?, ?, ?, ?, default)
    16:24:29.057 [Test worker] DEBUG org.hibernate.SQL - 
        /* <criteria> */ select
            m1_0.member_id 
        from
            member m1_0 
        where
            m1_0.account_id=? 
        fetch
            first ? rows only
    16:24:29.057 [Test worker] DEBUG org.hibernate.SQL - 
        /* insert for
            com.codepresso.codepresso.entity.member.Member */insert 
        into
            member (account_id, birth_date, email, last_login_at, name, nickname, password, phone, profile_image, role, member_id) 
        values
            (?, ?, ?, ?, ?, ?, ?, ?, ?, ?, default)
    16:24:29.057 [Test worker] DEBUG org.hibernate.SQL - 
        /* <criteria> */ select
            m1_0.member_id 
        from
            member m1_0 
        where
            m1_0.account_id=? 
        fetch
            first ? rows only
    16:24:29.058 [Test worker] DEBUG org.hibernate.SQL - 
        /* insert for
            com.codepresso.codepresso.entity.member.Member */insert 
        into
            member (account_id, birth_date, email, last_login_at, name, nickname, password, phone, profile_image, role, member_id) 
        values
            (?, ?, ?, ?, ?, ?, ?, ?, ?, ?, default)
    16:24:29.058 [Test worker] DEBUG org.hibernate.SQL - 
        /* <criteria> */ select
            m1_0.member_id 
        from
            member m1_0 
        where
            m1_0.account_id=? 
        fetch
            first ? rows only
    16:24:29.059 [Test worker] DEBUG org.hibernate.SQL - 
        /* insert for
            com.codepresso.codepresso.entity.member.Member */insert 
        into
            member (account_id, birth_date, email, last_login_at, name, nickname, password, phone, profile_image, role, member_id) 
        values
            (?, ?, ?, ?, ?, ?, ?, ?, ?, ?, default)
    16:24:29.060 [Test worker] DEBUG org.hibernate.SQL - 
        /* <criteria> */ select
            m1_0.member_id 
        from
            member m1_0 
        where
            m1_0.account_id=? 
        fetch
            first ? rows only
    16:24:29.060 [Test worker] DEBUG org.hibernate.SQL - 
        /* insert for
            com.codepresso.codepresso.entity.member.Member */insert 
        into
            member (account_id, birth_date, email, last_login_at, name, nickname, password, phone, profile_image, role, member_id) 
        values
            (?, ?, ?, ?, ?, ?, ?, ?, ?, ?, default)
    16:24:29.061 [Test worker] DEBUG org.hibernate.SQL - 
        /* <criteria> */ select
            m1_0.member_id 
        from
            member m1_0 
        where
            m1_0.account_id=? 
        fetch
            first ? rows only
    16:24:29.062 [Test worker] DEBUG org.hibernate.SQL - 
        /* insert for
            com.codepresso.codepresso.entity.member.Member */insert 
        into
            member (account_id, birth_date, email, last_login_at, name, nickname, password, phone, profile_image, role, member_id) 
        values
            (?, ?, ?, ?, ?, ?, ?, ?, ?, ?, default)
    16:24:29.063 [Test worker] DEBUG org.hibernate.SQL - 
        /* <criteria> */ select
            m1_0.member_id 
        from
            member m1_0 
        where
            m1_0.account_id=? 
        fetch
            first ? rows only
    16:24:29.063 [Test worker] DEBUG org.hibernate.SQL - 
        /* insert for
            com.codepresso.codepresso.entity.member.Member */insert 
        into
            member (account_id, birth_date, email, last_login_at, name, nickname, password, phone, profile_image, role, member_id) 
        values
            (?, ?, ?, ?, ?, ?, ?, ?, ?, ?, default)
    16:24:29.064 [Test worker] DEBUG org.hibernate.SQL - 
        /* <criteria> */ select
            m1_0.member_id 
        from
            member m1_0 
        where
            m1_0.account_id=? 
        fetch
            first ? rows only
    16:24:29.064 [Test worker] DEBUG org.hibernate.SQL - 
        /* insert for
            com.codepresso.codepresso.entity.member.Member */insert 
        into
            member (account_id, birth_date, email, last_login_at, name, nickname, password, phone, profile_image, role, member_id) 
        values
            (?, ?, ?, ?, ?, ?, ?, ?, ?, ?, default)
    16:24:29.065 [Test worker] DEBUG org.hibernate.SQL - 
        /* <criteria> */ select
            m1_0.member_id 
        from
            member m1_0 
        where
            m1_0.account_id=? 
        fetch
            first ? rows only
    16:24:29.065 [Test worker] DEBUG org.hibernate.SQL - 
        /* insert for
            com.codepresso.codepresso.entity.member.Member */insert 
        into
            member (account_id, birth_date, email, last_login_at, name, nickname, password, phone, profile_image, role, member_id) 
        values
            (?, ?, ?, ?, ?, ?, ?, ?, ?, ?, default)
    16:24:29.066 [Test worker] DEBUG org.hibernate.SQL - 
        /* <criteria> */ select
            m1_0.member_id 
        from
            member m1_0 
        where
            m1_0.account_id=? 
        fetch
            first ? rows only
    16:24:29.066 [Test worker] DEBUG org.hibernate.SQL - 
        /* insert for
            com.codepresso.codepresso.entity.member.Member */insert 
        into
            member (account_id, birth_date, email, last_login_at, name, nickname, password, phone, profile_image, role, member_id) 
        values
            (?, ?, ?, ?, ?, ?, ?, ?, ?, ?, default)
    16:24:29.067 [Test worker] DEBUG org.hibernate.SQL - 
        /* <criteria> */ select
            m1_0.member_id 
        from
            member m1_0 
        where
            m1_0.account_id=? 
        fetch
            first ? rows only
    16:24:29.068 [Test worker] DEBUG org.hibernate.SQL - 
        /* insert for
            com.codepresso.codepresso.entity.member.Member */insert 
        into
            member (account_id, birth_date, email, last_login_at, name, nickname, password, phone, profile_image, role, member_id) 
        values
            (?, ?, ?, ?, ?, ?, ?, ?, ?, ?, default)
    16:24:29.068 [Test worker] DEBUG org.hibernate.SQL - 
        /* <criteria> */ select
            m1_0.member_id 
        from
            member m1_0 
        where
            m1_0.account_id=? 
        fetch
            first ? rows only
    16:24:29.069 [Test worker] DEBUG org.hibernate.SQL - 
        /* insert for
            com.codepresso.codepresso.entity.member.Member */insert 
        into
            member (account_id, birth_date, email, last_login_at, name, nickname, password, phone, profile_image, role, member_id) 
        values
            (?, ?, ?, ?, ?, ?, ?, ?, ?, ?, default)
    16:24:29.069 [Test worker] DEBUG org.hibernate.SQL - 
        /* <criteria> */ select
            m1_0.member_id 
        from
            member m1_0 
        where
            m1_0.account_id=? 
        fetch
            first ? rows only
    16:24:29.070 [Test worker] DEBUG org.hibernate.SQL - 
        /* insert for
            com.codepresso.codepresso.entity.member.Member */insert 
        into
            member (account_id, birth_date, email, last_login_at, name, nickname, password, phone, profile_image, role, member_id) 
        values
            (?, ?, ?, ?, ?, ?, ?, ?, ?, ?, default)
    16:24:29.070 [Test worker] DEBUG org.hibernate.SQL - 
        /* <criteria> */ select
            m1_0.member_id 
        from
            member m1_0 
        where
            m1_0.account_id=? 
        fetch
            first ? rows only
    16:24:29.070 [Test worker] DEBUG org.hibernate.SQL - 
        /* insert for
            com.codepresso.codepresso.entity.member.Member */insert 
        into
            member (account_id, birth_date, email, last_login_at, name, nickname, password, phone, profile_image, role, member_id) 
        values
            (?, ?, ?, ?, ?, ?, ?, ?, ?, ?, default)
    16:24:29.071 [Test worker] DEBUG org.hibernate.SQL - 
        /* <criteria> */ select
            m1_0.member_id 
        from
            member m1_0 
        where
            m1_0.account_id=? 
        fetch
            first ? rows only
    16:24:29.071 [Test worker] DEBUG org.hibernate.SQL - 
        /* insert for
            com.codepresso.codepresso.entity.member.Member */insert 
        into
            member (account_id, birth_date, email, last_login_at, name, nickname, password, phone, profile_image, role, member_id) 
        values
            (?, ?, ?, ?, ?, ?, ?, ?, ?, ?, default)
    16:24:29.072 [Test worker] DEBUG org.hibernate.SQL - 
        /* <criteria> */ select
            m1_0.member_id 
        from
            member m1_0 
        where
            m1_0.account_id=? 
        fetch
            first ? rows only
    16:24:29.072 [Test worker] DEBUG org.hibernate.SQL - 
        /* insert for
            com.codepresso.codepresso.entity.member.Member */insert 
        into
            member (account_id, birth_date, email, last_login_at, name, nickname, password, phone, profile_image, role, member_id) 
        values
            (?, ?, ?, ?, ?, ?, ?, ?, ?, ?, default)
    16:24:29.073 [Test worker] DEBUG org.hibernate.SQL - 
        /* <criteria> */ select
            m1_0.member_id 
        from
            member m1_0 
        where
            m1_0.account_id=? 
        fetch
            first ? rows only
    16:24:29.074 [Test worker] DEBUG org.hibernate.SQL - 
        /* insert for
            com.codepresso.codepresso.entity.member.Member */insert 
        into
            member (account_id, birth_date, email, last_login_at, name, nickname, password, phone, profile_image, role, member_id) 
        values
            (?, ?, ?, ?, ?, ?, ?, ?, ?, ?, default)
    16:24:29.076 [Test worker] DEBUG org.hibernate.SQL - 
        /* <criteria> */ select
            m1_0.member_id 
        from
            member m1_0 
        where
            m1_0.account_id=? 
        fetch
            first ? rows only
    16:24:29.077 [Test worker] DEBUG org.hibernate.SQL - 
        /* insert for
            com.codepresso.codepresso.entity.member.Member */insert 
        into
            member (account_id, birth_date, email, last_login_at, name, nickname, password, phone, profile_image, role, member_id) 
        values
            (?, ?, ?, ?, ?, ?, ?, ?, ?, ?, default)
    16:24:29.078 [Test worker] DEBUG org.hibernate.SQL - 
        /* <criteria> */ select
            m1_0.member_id 
        from
            member m1_0 
        where
            m1_0.account_id=? 
        fetch
            first ? rows only
    16:24:29.079 [Test worker] DEBUG org.hibernate.SQL - 
        /* insert for
            com.codepresso.codepresso.entity.member.Member */insert 
        into
            member (account_id, birth_date, email, last_login_at, name, nickname, password, phone, profile_image, role, member_id) 
        values
            (?, ?, ?, ?, ?, ?, ?, ?, ?, ?, default)
    16:24:29.080 [Test worker] DEBUG org.hibernate.SQL - 
        /* <criteria> */ select
            m1_0.member_id 
        from
            member m1_0 
        where
            m1_0.account_id=? 
        fetch
            first ? rows only
    16:24:29.081 [Test worker] DEBUG org.hibernate.SQL - 
        /* insert for
            com.codepresso.codepresso.entity.member.Member */insert 
        into
            member (account_id, birth_date, email, last_login_at, name, nickname, password, phone, profile_image, role, member_id) 
        values
            (?, ?, ?, ?, ?, ?, ?, ?, ?, ?, default)
    16:24:29.081 [Test worker] DEBUG org.hibernate.SQL - 
        /* <criteria> */ select
            m1_0.member_id 
        from
            member m1_0 
        where
            m1_0.account_id=? 
        fetch
            first ? rows only
    16:24:29.082 [Test worker] DEBUG org.hibernate.SQL - 
        /* insert for
            com.codepresso.codepresso.entity.member.Member */insert 
        into
            member (account_id, birth_date, email, last_login_at, name, nickname, password, phone, profile_image, role, member_id) 
        values
            (?, ?, ?, ?, ?, ?, ?, ?, ?, ?, default)
    16:24:29.082 [Test worker] DEBUG org.hibernate.SQL - 
        /* <criteria> */ select
            m1_0.member_id 
        from
            member m1_0 
        where
            m1_0.account_id=? 
        fetch
            first ? rows only
    16:24:29.082 [Test worker] DEBUG org.hibernate.SQL - 
        /* insert for
            com.codepresso.codepresso.entity.member.Member */insert 
        into
            member (account_id, birth_date, email, last_login_at, name, nickname, password, phone, profile_image, role, member_id) 
        values
            (?, ?, ?, ?, ?, ?, ?, ?, ?, ?, default)
    16:24:29.083 [Test worker] DEBUG org.hibernate.SQL - 
        /* <criteria> */ select
            m1_0.member_id 
        from
            member m1_0 
        where
            m1_0.account_id=? 
        fetch
            first ? rows only
    16:24:29.084 [Test worker] DEBUG org.hibernate.SQL - 
        /* insert for
            com.codepresso.codepresso.entity.member.Member */insert 
        into
            member (account_id, birth_date, email, last_login_at, name, nickname, password, phone, profile_image, role, member_id) 
        values
            (?, ?, ?, ?, ?, ?, ?, ?, ?, ?, default)
    16:24:29.085 [Test worker] DEBUG org.hibernate.SQL - 
        /* <criteria> */ select
            m1_0.member_id 
        from
            member m1_0 
        where
            m1_0.account_id=? 
        fetch
            first ? rows only
    16:24:29.085 [Test worker] DEBUG org.hibernate.SQL - 
        /* insert for
            com.codepresso.codepresso.entity.member.Member */insert 
        into
            member (account_id, birth_date, email, last_login_at, name, nickname, password, phone, profile_image, role, member_id) 
        values
            (?, ?, ?, ?, ?, ?, ?, ?, ?, ?, default)
    16:24:29.086 [Test worker] DEBUG org.hibernate.SQL - 
        /* <criteria> */ select
            m1_0.member_id 
        from
            member m1_0 
        where
            m1_0.account_id=? 
        fetch
            first ? rows only
    16:24:29.086 [Test worker] DEBUG org.hibernate.SQL - 
        /* insert for
            com.codepresso.codepresso.entity.member.Member */insert 
        into
            member (account_id, birth_date, email, last_login_at, name, nickname, password, phone, profile_image, role, member_id) 
        values
            (?, ?, ?, ?, ?, ?, ?, ?, ?, ?, default)
    16:24:29.087 [Test worker] DEBUG org.hibernate.SQL - 
        /* <criteria> */ select
            m1_0.member_id 
        from
            member m1_0 
        where
            m1_0.account_id=? 
        fetch
            first ? rows only
    16:24:29.087 [Test worker] DEBUG org.hibernate.SQL - 
        /* insert for
            com.codepresso.codepresso.entity.member.Member */insert 
        into
            member (account_id, birth_date, email, last_login_at, name, nickname, password, phone, profile_image, role, member_id) 
        values
            (?, ?, ?, ?, ?, ?, ?, ?, ?, ?, default)
    16:24:29.088 [Test worker] DEBUG org.hibernate.SQL - 
        /* <criteria> */ select
            m1_0.member_id 
        from
            member m1_0 
        where
            m1_0.account_id=? 
        fetch
            first ? rows only
    16:24:29.088 [Test worker] DEBUG org.hibernate.SQL - 
        /* insert for
            com.codepresso.codepresso.entity.member.Member */insert 
        into
            member (account_id, birth_date, email, last_login_at, name, nickname, password, phone, profile_image, role, member_id) 
        values
            (?, ?, ?, ?, ?, ?, ?, ?, ?, ?, default)
    16:24:29.088 [Test worker] DEBUG org.hibernate.SQL - 
        /* <criteria> */ select
            m1_0.member_id 
        from
            member m1_0 
        where
            m1_0.account_id=? 
        fetch
            first ? rows only
    16:24:29.089 [Test worker] DEBUG org.hibernate.SQL - 
        /* insert for
            com.codepresso.codepresso.entity.member.Member */insert 
        into
            member (account_id, birth_date, email, last_login_at, name, nickname, password, phone, profile_image, role, member_id) 
        values
            (?, ?, ?, ?, ?, ?, ?, ?, ?, ?, default)
    16:24:29.090 [Test worker] DEBUG org.hibernate.SQL - 
        /* <criteria> */ select
            m1_0.member_id 
        from
            member m1_0 
        where
            m1_0.account_id=? 
        fetch
            first ? rows only
    16:24:29.090 [Test worker] DEBUG org.hibernate.SQL - 
        /* insert for
            com.codepresso.codepresso.entity.member.Member */insert 
        into
            member (account_id, birth_date, email, last_login_at, name, nickname, password, phone, profile_image, role, member_id) 
        values
            (?, ?, ?, ?, ?, ?, ?, ?, ?, ?, default)
    16:24:29.091 [Test worker] DEBUG org.hibernate.SQL - 
        /* <criteria> */ select
            m1_0.member_id 
        from
            member m1_0 
        where
            m1_0.account_id=? 
        fetch
            first ? rows only
    16:24:29.091 [Test worker] DEBUG org.hibernate.SQL - 
        /* insert for
            com.codepresso.codepresso.entity.member.Member */insert 
        into
            member (account_id, birth_date, email, last_login_at, name, nickname, password, phone, profile_image, role, member_id) 
        values
            (?, ?, ?, ?, ?, ?, ?, ?, ?, ?, default)
    16:24:29.093 [Test worker] DEBUG org.hibernate.SQL - 
        /* <criteria> */ select
            m1_0.member_id 
        from
            member m1_0 
        where
            m1_0.account_id=? 
        fetch
            first ? rows only
    16:24:29.093 [Test worker] DEBUG org.hibernate.SQL - 
        /* insert for
            com.codepresso.codepresso.entity.member.Member */insert 
        into
            member (account_id, birth_date, email, last_login_at, name, nickname, password, phone, profile_image, role, member_id) 
        values
            (?, ?, ?, ?, ?, ?, ?, ?, ?, ?, default)
    16:24:29.095 [Test worker] DEBUG org.hibernate.SQL - 
        /* <criteria> */ select
            m1_0.member_id 
        from
            member m1_0 
        where
            m1_0.account_id=? 
        fetch
            first ? rows only
    16:24:29.095 [Test worker] DEBUG org.hibernate.SQL - 
        /* insert for
            com.codepresso.codepresso.entity.member.Member */insert 
        into
            member (account_id, birth_date, email, last_login_at, name, nickname, password, phone, profile_image, role, member_id) 
        values
            (?, ?, ?, ?, ?, ?, ?, ?, ?, ?, default)
    16:24:29.096 [Test worker] DEBUG org.hibernate.SQL - 
        /* <criteria> */ select
            m1_0.member_id 
        from
            member m1_0 
        where
            m1_0.account_id=? 
        fetch
            first ? rows only
    16:24:29.096 [Test worker] DEBUG org.hibernate.SQL - 
        /* insert for
            com.codepresso.codepresso.entity.member.Member */insert 
        into
            member (account_id, birth_date, email, last_login_at, name, nickname, password, phone, profile_image, role, member_id) 
        values
            (?, ?, ?, ?, ?, ?, ?, ?, ?, ?, default)
    16:24:29.097 [Test worker] DEBUG org.hibernate.SQL - 
        /* <criteria> */ select
            m1_0.member_id 
        from
            member m1_0 
        where
            m1_0.account_id=? 
        fetch
            first ? rows only
    16:24:29.098 [Test worker] DEBUG org.hibernate.SQL - 
        /* insert for
            com.codepresso.codepresso.entity.member.Member */insert 
        into
            member (account_id, birth_date, email, last_login_at, name, nickname, password, phone, profile_image, role, member_id) 
        values
            (?, ?, ?, ?, ?, ?, ?, ?, ?, ?, default)
    16:24:29.099 [Test worker] DEBUG org.hibernate.SQL - 
        /* <criteria> */ select
            m1_0.member_id 
        from
            member m1_0 
        where
            m1_0.account_id=? 
        fetch
            first ? rows only
    16:24:29.099 [Test worker] DEBUG org.hibernate.SQL - 
        /* insert for
            com.codepresso.codepresso.entity.member.Member */insert 
        into
            member (account_id, birth_date, email, last_login_at, name, nickname, password, phone, profile_image, role, member_id) 
        values
            (?, ?, ?, ?, ?, ?, ?, ?, ?, ?, default)
    16:24:29.099 [Test worker] DEBUG org.hibernate.SQL - 
        /* <criteria> */ select
            m1_0.member_id 
        from
            member m1_0 
        where
            m1_0.account_id=? 
        fetch
            first ? rows only
    16:24:29.100 [Test worker] DEBUG org.hibernate.SQL - 
        /* insert for
            com.codepresso.codepresso.entity.member.Member */insert 
        into
            member (account_id, birth_date, email, last_login_at, name, nickname, password, phone, profile_image, role, member_id) 
        values
            (?, ?, ?, ?, ?, ?, ?, ?, ?, ?, default)
    16:24:29.100 [Test worker] DEBUG org.hibernate.SQL - 
        /* <criteria> */ select
            m1_0.member_id 
        from
            member m1_0 
        where
            m1_0.account_id=? 
        fetch
            first ? rows only
    16:24:29.100 [Test worker] DEBUG org.hibernate.SQL - 
        /* insert for
            com.codepresso.codepresso.entity.member.Member */insert 
        into
            member (account_id, birth_date, email, last_login_at, name, nickname, password, phone, profile_image, role, member_id) 
        values
            (?, ?, ?, ?, ?, ?, ?, ?, ?, ?, default)
    16:24:29.101 [Test worker] DEBUG org.hibernate.SQL - 
        /* <criteria> */ select
            m1_0.member_id 
        from
            member m1_0 
        where
            m1_0.account_id=? 
        fetch
            first ? rows only
    16:24:29.101 [Test worker] DEBUG org.hibernate.SQL - 
        /* insert for
            com.codepresso.codepresso.entity.member.Member */insert 
        into
            member (account_id, birth_date, email, last_login_at, name, nickname, password, phone, profile_image, role, member_id) 
        values
            (?, ?, ?, ?, ?, ?, ?, ?, ?, ?, default)
    16:24:29.102 [Test worker] DEBUG org.hibernate.SQL - 
        /* <criteria> */ select
            m1_0.member_id 
        from
            member m1_0 
        where
            m1_0.account_id=? 
        fetch
            first ? rows only
    16:24:29.102 [Test worker] DEBUG org.hibernate.SQL - 
        /* insert for
            com.codepresso.codepresso.entity.member.Member */insert 
        into
            member (account_id, birth_date, email, last_login_at, name, nickname, password, phone, profile_image, role, member_id) 
        values
            (?, ?, ?, ?, ?, ?, ?, ?, ?, ?, default)
    16:24:29.103 [Test worker] DEBUG org.hibernate.SQL - 
        /* <criteria> */ select
            m1_0.member_id 
        from
            member m1_0 
        where
            m1_0.account_id=? 
        fetch
            first ? rows only
    16:24:29.103 [Test worker] DEBUG org.hibernate.SQL - 
        /* insert for
            com.codepresso.codepresso.entity.member.Member */insert 
        into
            member (account_id, birth_date, email, last_login_at, name, nickname, password, phone, profile_image, role, member_id) 
        values
            (?, ?, ?, ?, ?, ?, ?, ?, ?, ?, default)
    16:24:29.104 [Test worker] DEBUG org.hibernate.SQL - 
        /* <criteria> */ select
            m1_0.member_id 
        from
            member m1_0 
        where
            m1_0.account_id=? 
        fetch
            first ? rows only
    16:24:29.104 [Test worker] DEBUG org.hibernate.SQL - 
        /* insert for
            com.codepresso.codepresso.entity.member.Member */insert 
        into
            member (account_id, birth_date, email, last_login_at, name, nickname, password, phone, profile_image, role, member_id) 
        values
            (?, ?, ?, ?, ?, ?, ?, ?, ?, ?, default)
    16:24:29.105 [Test worker] DEBUG org.hibernate.SQL - 
        /* <criteria> */ select
            m1_0.member_id 
        from
            member m1_0 
        where
            m1_0.account_id=? 
        fetch
            first ? rows only
    16:24:29.105 [Test worker] DEBUG org.hibernate.SQL - 
        /* insert for
            com.codepresso.codepresso.entity.member.Member */insert 
        into
            member (account_id, birth_date, email, last_login_at, name, nickname, password, phone, profile_image, role, member_id) 
        values
            (?, ?, ?, ?, ?, ?, ?, ?, ?, ?, default)
    16:24:29.106 [Test worker] DEBUG org.hibernate.SQL - 
        /* <criteria> */ select
            m1_0.member_id 
        from
            member m1_0 
        where
            m1_0.account_id=? 
        fetch
            first ? rows only
    16:24:29.106 [Test worker] DEBUG org.hibernate.SQL - 
        /* insert for
            com.codepresso.codepresso.entity.member.Member */insert 
        into
            member (account_id, birth_date, email, last_login_at, name, nickname, password, phone, profile_image, role, member_id) 
        values
            (?, ?, ?, ?, ?, ?, ?, ?, ?, ?, default)
    16:24:29.106 [Test worker] DEBUG org.hibernate.SQL - 
        /* <criteria> */ select
            m1_0.member_id 
        from
            member m1_0 
        where
            m1_0.account_id=? 
        fetch
            first ? rows only
    16:24:29.107 [Test worker] DEBUG org.hibernate.SQL - 
        /* insert for
            com.codepresso.codepresso.entity.member.Member */insert 
        into
            member (account_id, birth_date, email, last_login_at, name, nickname, password, phone, profile_image, role, member_id) 
        values
            (?, ?, ?, ?, ?, ?, ?, ?, ?, ?, default)
    16:24:29.108 [Test worker] DEBUG org.hibernate.SQL - 
        /* <criteria> */ select
            m1_0.member_id 
        from
            member m1_0 
        where
            m1_0.account_id=? 
        fetch
            first ? rows only
    16:24:29.108 [Test worker] DEBUG org.hibernate.SQL - 
        /* insert for
            com.codepresso.codepresso.entity.member.Member */insert 
        into
            member (account_id, birth_date, email, last_login_at, name, nickname, password, phone, profile_image, role, member_id) 
        values
            (?, ?, ?, ?, ?, ?, ?, ?, ?, ?, default)
    16:24:29.110 [Test worker] DEBUG org.hibernate.SQL - 
        /* <criteria> */ select
            m1_0.member_id 
        from
            member m1_0 
        where
            m1_0.account_id=? 
        fetch
            first ? rows only
    16:24:29.110 [Test worker] DEBUG org.hibernate.SQL - 
        /* insert for
            com.codepresso.codepresso.entity.member.Member */insert 
        into
            member (account_id, birth_date, email, last_login_at, name, nickname, password, phone, profile_image, role, member_id) 
        values
            (?, ?, ?, ?, ?, ?, ?, ?, ?, ?, default)
    16:24:29.111 [Test worker] DEBUG org.hibernate.SQL - 
        /* <criteria> */ select
            m1_0.member_id 
        from
            member m1_0 
        where
            m1_0.account_id=? 
        fetch
            first ? rows only
    16:24:29.112 [Test worker] DEBUG org.hibernate.SQL - 
        /* insert for
            com.codepresso.codepresso.entity.member.Member */insert 
        into
            member (account_id, birth_date, email, last_login_at, name, nickname, password, phone, profile_image, role, member_id) 
        values
            (?, ?, ?, ?, ?, ?, ?, ?, ?, ?, default)
    16:24:29.113 [Test worker] DEBUG org.hibernate.SQL - 
        /* <criteria> */ select
            m1_0.member_id 
        from
            member m1_0 
        where
            m1_0.account_id=? 
        fetch
            first ? rows only
    16:24:29.113 [Test worker] DEBUG org.hibernate.SQL - 
        /* insert for
            com.codepresso.codepresso.entity.member.Member */insert 
        into
            member (account_id, birth_date, email, last_login_at, name, nickname, password, phone, profile_image, role, member_id) 
        values
            (?, ?, ?, ?, ?, ?, ?, ?, ?, ?, default)
    16:24:29.114 [Test worker] DEBUG org.hibernate.SQL - 
        /* <criteria> */ select
            m1_0.member_id 
        from
            member m1_0 
        where
            m1_0.account_id=? 
        fetch
            first ? rows only
    16:24:29.114 [Test worker] DEBUG org.hibernate.SQL - 
        /* insert for
            com.codepresso.codepresso.entity.member.Member */insert 
        into
            member (account_id, birth_date, email, last_login_at, name, nickname, password, phone, profile_image, role, member_id) 
        values
            (?, ?, ?, ?, ?, ?, ?, ?, ?, ?, default)
    16:24:29.115 [Test worker] DEBUG org.hibernate.SQL - 
        /* <criteria> */ select
            m1_0.member_id 
        from
            member m1_0 
        where
            m1_0.account_id=? 
        fetch
            first ? rows only
    16:24:29.115 [Test worker] DEBUG org.hibernate.SQL - 
        /* insert for
            com.codepresso.codepresso.entity.member.Member */insert 
        into
            member (account_id, birth_date, email, last_login_at, name, nickname, password, phone, profile_image, role, member_id) 
        values
            (?, ?, ?, ?, ?, ?, ?, ?, ?, ?, default)
    16:24:29.116 [Test worker] DEBUG org.hibernate.SQL - 
        /* <criteria> */ select
            m1_0.member_id 
        from
            member m1_0 
        where
            m1_0.account_id=? 
        fetch
            first ? rows only
    16:24:29.116 [Test worker] DEBUG org.hibernate.SQL - 
        /* insert for
            com.codepresso.codepresso.entity.member.Member */insert 
        into
            member (account_id, birth_date, email, last_login_at, name, nickname, password, phone, profile_image, role, member_id) 
        values
            (?, ?, ?, ?, ?, ?, ?, ?, ?, ?, default)
    16:24:29.117 [Test worker] DEBUG org.hibernate.SQL - 
        /* <criteria> */ select
            m1_0.member_id 
        from
            member m1_0 
        where
            m1_0.account_id=? 
        fetch
            first ? rows only
    16:24:29.117 [Test worker] DEBUG org.hibernate.SQL - 
        /* insert for
            com.codepresso.codepresso.entity.member.Member */insert 
        into
            member (account_id, birth_date, email, last_login_at, name, nickname, password, phone, profile_image, role, member_id) 
        values
            (?, ?, ?, ?, ?, ?, ?, ?, ?, ?, default)
    16:24:29.118 [Test worker] DEBUG org.hibernate.SQL - 
        /* <criteria> */ select
            m1_0.member_id 
        from
            member m1_0 
        where
            m1_0.account_id=? 
        fetch
            first ? rows only
    16:24:29.118 [Test worker] DEBUG org.hibernate.SQL - 
        /* insert for
            com.codepresso.codepresso.entity.member.Member */insert 
        into
            member (account_id, birth_date, email, last_login_at, name, nickname, password, phone, profile_image, role, member_id) 
        values
            (?, ?, ?, ?, ?, ?, ?, ?, ?, ?, default)
    16:24:29.118 [Test worker] DEBUG org.hibernate.SQL - 
        /* <criteria> */ select
            m1_0.member_id 
        from
            member m1_0 
        where
            m1_0.account_id=? 
        fetch
            first ? rows only
    16:24:29.119 [Test worker] DEBUG org.hibernate.SQL - 
        /* insert for
            com.codepresso.codepresso.entity.member.Member */insert 
        into
            member (account_id, birth_date, email, last_login_at, name, nickname, password, phone, profile_image, role, member_id) 
        values
            (?, ?, ?, ?, ?, ?, ?, ?, ?, ?, default)
    16:24:29.119 [Test worker] DEBUG org.hibernate.SQL - 
        /* <criteria> */ select
            m1_0.member_id 
        from
            member m1_0 
        where
            m1_0.account_id=? 
        fetch
            first ? rows only
    16:24:29.119 [Test worker] DEBUG org.hibernate.SQL - 
        /* insert for
            com.codepresso.codepresso.entity.member.Member */insert 
        into
            member (account_id, birth_date, email, last_login_at, name, nickname, password, phone, profile_image, role, member_id) 
        values
            (?, ?, ?, ?, ?, ?, ?, ?, ?, ?, default)
    16:24:29.120 [Test worker] DEBUG org.hibernate.SQL - 
        /* <criteria> */ select
            m1_0.member_id 
        from
            member m1_0 
        where
            m1_0.account_id=? 
        fetch
            first ? rows only
    16:24:29.120 [Test worker] DEBUG org.hibernate.SQL - 
        /* insert for
            com.codepresso.codepresso.entity.member.Member */insert 
        into
            member (account_id, birth_date, email, last_login_at, name, nickname, password, phone, profile_image, role, member_id) 
        values
            (?, ?, ?, ?, ?, ?, ?, ?, ?, ?, default)
    16:24:29.121 [Test worker] DEBUG org.hibernate.SQL - 
        /* <criteria> */ select
            m1_0.member_id 
        from
            member m1_0 
        where
            m1_0.account_id=? 
        fetch
            first ? rows only
    16:24:29.121 [Test worker] DEBUG org.hibernate.SQL - 
        /* insert for
            com.codepresso.codepresso.entity.member.Member */insert 
        into
            member (account_id, birth_date, email, last_login_at, name, nickname, password, phone, profile_image, role, member_id) 
        values
            (?, ?, ?, ?, ?, ?, ?, ?, ?, ?, default)
    16:24:29.121 [Test worker] DEBUG org.hibernate.SQL - 
        /* <criteria> */ select
            m1_0.member_id 
        from
            member m1_0 
        where
            m1_0.account_id=? 
        fetch
            first ? rows only
    16:24:29.121 [Test worker] DEBUG org.hibernate.SQL - 
        /* insert for
            com.codepresso.codepresso.entity.member.Member */insert 
        into
            member (account_id, birth_date, email, last_login_at, name, nickname, password, phone, profile_image, role, member_id) 
        values
            (?, ?, ?, ?, ?, ?, ?, ?, ?, ?, default)
    16:24:29.122 [Test worker] DEBUG org.hibernate.SQL - 
        /* <criteria> */ select
            m1_0.member_id 
        from
            member m1_0 
        where
            m1_0.account_id=? 
        fetch
            first ? rows only
    16:24:29.122 [Test worker] DEBUG org.hibernate.SQL - 
        /* insert for
            com.codepresso.codepresso.entity.member.Member */insert 
        into
            member (account_id, birth_date, email, last_login_at, name, nickname, password, phone, profile_image, role, member_id) 
        values
            (?, ?, ?, ?, ?, ?, ?, ?, ?, ?, default)
    16:24:29.123 [Test worker] DEBUG org.hibernate.SQL - 
        /* <criteria> */ select
            m1_0.member_id 
        from
            member m1_0 
        where
            m1_0.account_id=? 
        fetch
            first ? rows only
    16:24:29.123 [Test worker] DEBUG org.hibernate.SQL - 
        /* insert for
            com.codepresso.codepresso.entity.member.Member */insert 
        into
            member (account_id, birth_date, email, last_login_at, name, nickname, password, phone, profile_image, role, member_id) 
        values
            (?, ?, ?, ?, ?, ?, ?, ?, ?, ?, default)
    16:24:29.124 [Test worker] DEBUG org.hibernate.SQL - 
        /* <criteria> */ select
            m1_0.member_id 
        from
            member m1_0 
        where
            m1_0.account_id=? 
        fetch
            first ? rows only
    16:24:29.124 [Test worker] DEBUG org.hibernate.SQL - 
        /* insert for
            com.codepresso.codepresso.entity.member.Member */insert 
        into
            member (account_id, birth_date, email, last_login_at, name, nickname, password, phone, profile_image, role, member_id) 
        values
            (?, ?, ?, ?, ?, ?, ?, ?, ?, ?, default)
    16:24:29.125 [Test worker] DEBUG org.hibernate.SQL - 
        /* <criteria> */ select
            m1_0.member_id 
        from
            member m1_0 
        where
            m1_0.account_id=? 
        fetch
            first ? rows only
    16:24:29.125 [Test worker] DEBUG org.hibernate.SQL - 
        /* insert for
            com.codepresso.codepresso.entity.member.Member */insert 
        into
            member (account_id, birth_date, email, last_login_at, name, nickname, password, phone, profile_image, role, member_id) 
        values
            (?, ?, ?, ?, ?, ?, ?, ?, ?, ?, default)
    16:24:29.129 [Test worker] DEBUG org.hibernate.SQL - 
        /* <criteria> */ select
            m1_0.member_id 
        from
            member m1_0 
        where
            m1_0.account_id=? 
        fetch
            first ? rows only
    16:24:29.130 [Test worker] DEBUG org.hibernate.SQL - 
        /* insert for
            com.codepresso.codepresso.entity.member.Member */insert 
        into
            member (account_id, birth_date, email, last_login_at, name, nickname, password, phone, profile_image, role, member_id) 
        values
            (?, ?, ?, ?, ?, ?, ?, ?, ?, ?, default)
    16:24:29.132 [Test worker] DEBUG org.hibernate.SQL - 
        /* <criteria> */ select
            m1_0.member_id 
        from
            member m1_0 
        where
            m1_0.account_id=? 
        fetch
            first ? rows only
    16:24:29.133 [Test worker] DEBUG org.hibernate.SQL - 
        /* insert for
            com.codepresso.codepresso.entity.member.Member */insert 
        into
            member (account_id, birth_date, email, last_login_at, name, nickname, password, phone, profile_image, role, member_id) 
        values
            (?, ?, ?, ?, ?, ?, ?, ?, ?, ?, default)
    16:24:29.135 [Test worker] DEBUG org.hibernate.SQL - 
        /* <criteria> */ select
            m1_0.member_id 
        from
            member m1_0 
        where
            m1_0.account_id=? 
        fetch
            first ? rows only
    16:24:29.135 [Test worker] DEBUG org.hibernate.SQL - 
        /* insert for
            com.codepresso.codepresso.entity.member.Member */insert 
        into
            member (account_id, birth_date, email, last_login_at, name, nickname, password, phone, profile_image, role, member_id) 
        values
            (?, ?, ?, ?, ?, ?, ?, ?, ?, ?, default)
    16:24:29.136 [Test worker] DEBUG org.hibernate.SQL - 
        /* <criteria> */ select
            m1_0.member_id 
        from
            member m1_0 
        where
            m1_0.account_id=? 
        fetch
            first ? rows only
    16:24:29.137 [Test worker] DEBUG org.hibernate.SQL - 
        /* insert for
            com.codepresso.codepresso.entity.member.Member */insert 
        into
            member (account_id, birth_date, email, last_login_at, name, nickname, password, phone, profile_image, role, member_id) 
        values
            (?, ?, ?, ?, ?, ?, ?, ?, ?, ?, default)
    16:24:29.137 [Test worker] DEBUG org.hibernate.SQL - 
        /* <criteria> */ select
            m1_0.member_id 
        from
            member m1_0 
        where
            m1_0.account_id=? 
        fetch
            first ? rows only
    16:24:29.138 [Test worker] DEBUG org.hibernate.SQL - 
        /* insert for
            com.codepresso.codepresso.entity.member.Member */insert 
        into
            member (account_id, birth_date, email, last_login_at, name, nickname, password, phone, profile_image, role, member_id) 
        values
            (?, ?, ?, ?, ?, ?, ?, ?, ?, ?, default)
    16:24:29.138 [Test worker] DEBUG org.hibernate.SQL - 
        /* <criteria> */ select
            m1_0.member_id 
        from
            member m1_0 
        where
            m1_0.account_id=? 
        fetch
            first ? rows only
    16:24:29.138 [Test worker] DEBUG org.hibernate.SQL - 
        /* insert for
            com.codepresso.codepresso.entity.member.Member */insert 
        into
            member (account_id, birth_date, email, last_login_at, name, nickname, password, phone, profile_image, role, member_id) 
        values
            (?, ?, ?, ?, ?, ?, ?, ?, ?, ?, default)
    16:24:29.139 [Test worker] DEBUG org.hibernate.SQL - 
        /* <criteria> */ select
            m1_0.member_id 
        from
            member m1_0 
        where
            m1_0.account_id=? 
        fetch
            first ? rows only
    16:24:29.139 [Test worker] DEBUG org.hibernate.SQL - 
        /* insert for
            com.codepresso.codepresso.entity.member.Member */insert 
        into
            member (account_id, birth_date, email, last_login_at, name, nickname, password, phone, profile_image, role, member_id) 
        values
            (?, ?, ?, ?, ?, ?, ?, ?, ?, ?, default)
    16:24:29.140 [Test worker] DEBUG org.hibernate.SQL - 
        /* <criteria> */ select
            m1_0.member_id 
        from
            member m1_0 
        where
            m1_0.account_id=? 
        fetch
            first ? rows only
    16:24:29.140 [Test worker] DEBUG org.hibernate.SQL - 
        /* insert for
            com.codepresso.codepresso.entity.member.Member */insert 
        into
            member (account_id, birth_date, email, last_login_at, name, nickname, password, phone, profile_image, role, member_id) 
        values
            (?, ?, ?, ?, ?, ?, ?, ?, ?, ?, default)
    16:24:29.142 [Test worker] DEBUG org.hibernate.SQL - 
        /* <criteria> */ select
            m1_0.member_id 
        from
            member m1_0 
        where
            m1_0.account_id=? 
        fetch
            first ? rows only
    16:24:29.142 [Test worker] DEBUG org.hibernate.SQL - 
        /* insert for
            com.codepresso.codepresso.entity.member.Member */insert 
        into
            member (account_id, birth_date, email, last_login_at, name, nickname, password, phone, profile_image, role, member_id) 
        values
            (?, ?, ?, ?, ?, ?, ?, ?, ?, ?, default)
    16:24:29.143 [Test worker] DEBUG org.hibernate.SQL - 
        /* <criteria> */ select
            m1_0.member_id 
        from
            member m1_0 
        where
            m1_0.account_id=? 
        fetch
            first ? rows only
    16:24:29.143 [Test worker] DEBUG org.hibernate.SQL - 
        /* insert for
            com.codepresso.codepresso.entity.member.Member */insert 
        into
            member (account_id, birth_date, email, last_login_at, name, nickname, password, phone, profile_image, role, member_id) 
        values
            (?, ?, ?, ?, ?, ?, ?, ?, ?, ?, default)
    16:24:29.144 [Test worker] DEBUG org.hibernate.SQL - 
        /* <criteria> */ select
            m1_0.member_id 
        from
            member m1_0 
        where
            m1_0.account_id=? 
        fetch
            first ? rows only
    16:24:29.144 [Test worker] DEBUG org.hibernate.SQL - 
        /* insert for
            com.codepresso.codepresso.entity.member.Member */insert 
        into
            member (account_id, birth_date, email, last_login_at, name, nickname, password, phone, profile_image, role, member_id) 
        values
            (?, ?, ?, ?, ?, ?, ?, ?, ?, ?, default)
    16:24:29.145 [Test worker] DEBUG org.hibernate.SQL - 
        /* <criteria> */ select
            m1_0.member_id 
        from
            member m1_0 
        where
            m1_0.account_id=? 
        fetch
            first ? rows only
    16:24:29.145 [Test worker] DEBUG org.hibernate.SQL - 
        /* insert for
            com.codepresso.codepresso.entity.member.Member */insert 
        into
            member (account_id, birth_date, email, last_login_at, name, nickname, password, phone, profile_image, role, member_id) 
        values
            (?, ?, ?, ?, ?, ?, ?, ?, ?, ?, default)
    16:24:29.146 [Test worker] DEBUG org.hibernate.SQL - 
        /* <criteria> */ select
            m1_0.member_id 
        from
            member m1_0 
        where
            m1_0.account_id=? 
        fetch
            first ? rows only
    16:24:29.146 [Test worker] DEBUG org.hibernate.SQL - 
        /* insert for
            com.codepresso.codepresso.entity.member.Member */insert 
        into
            member (account_id, birth_date, email, last_login_at, name, nickname, password, phone, profile_image, role, member_id) 
        values
            (?, ?, ?, ?, ?, ?, ?, ?, ?, ?, default)
    16:24:29.147 [Test worker] DEBUG org.hibernate.SQL - 
        /* <criteria> */ select
            m1_0.member_id 
        from
            member m1_0 
        where
            m1_0.account_id=? 
        fetch
            first ? rows only
    16:24:29.147 [Test worker] DEBUG org.hibernate.SQL - 
        /* insert for
            com.codepresso.codepresso.entity.member.Member */insert 
        into
            member (account_id, birth_date, email, last_login_at, name, nickname, password, phone, profile_image, role, member_id) 
        values
            (?, ?, ?, ?, ?, ?, ?, ?, ?, ?, default)
    16:24:29.148 [Test worker] DEBUG org.hibernate.SQL - 
        /* <criteria> */ select
            m1_0.member_id 
        from
            member m1_0 
        where
            m1_0.account_id=? 
        fetch
            first ? rows only
    16:24:29.148 [Test worker] DEBUG org.hibernate.SQL - 
        /* insert for
            com.codepresso.codepresso.entity.member.Member */insert 
        into
            member (account_id, birth_date, email, last_login_at, name, nickname, password, phone, profile_image, role, member_id) 
        values
            (?, ?, ?, ?, ?, ?, ?, ?, ?, ?, default)
    16:24:29.149 [Test worker] DEBUG org.hibernate.SQL - 
        /* <criteria> */ select
            m1_0.member_id 
        from
            member m1_0 
        where
            m1_0.account_id=? 
        fetch
            first ? rows only
    16:24:29.149 [Test worker] DEBUG org.hibernate.SQL - 
        /* insert for
            com.codepresso.codepresso.entity.member.Member */insert 
        into
            member (account_id, birth_date, email, last_login_at, name, nickname, password, phone, profile_image, role, member_id) 
        values
            (?, ?, ?, ?, ?, ?, ?, ?, ?, ?, default)
    16:24:29.151 [Test worker] DEBUG org.hibernate.SQL - 
        /* <criteria> */ select
            m1_0.member_id 
        from
            member m1_0 
        where
            m1_0.account_id=? 
        fetch
            first ? rows only
    16:24:29.151 [Test worker] DEBUG org.hibernate.SQL - 
        /* insert for
            com.codepresso.codepresso.entity.member.Member */insert 
        into
            member (account_id, birth_date, email, last_login_at, name, nickname, password, phone, profile_image, role, member_id) 
        values
            (?, ?, ?, ?, ?, ?, ?, ?, ?, ?, default)
    16:24:29.152 [Test worker] DEBUG org.hibernate.SQL - 
        /* <criteria> */ select
            m1_0.member_id 
        from
            member m1_0 
        where
            m1_0.account_id=? 
        fetch
            first ? rows only
    16:24:29.152 [Test worker] DEBUG org.hibernate.SQL - 
        /* insert for
            com.codepresso.codepresso.entity.member.Member */insert 
        into
            member (account_id, birth_date, email, last_login_at, name, nickname, password, phone, profile_image, role, member_id) 
        values
            (?, ?, ?, ?, ?, ?, ?, ?, ?, ?, default)
    16:24:29.153 [Test worker] DEBUG org.hibernate.SQL - 
        /* <criteria> */ select
            m1_0.member_id 
        from
            member m1_0 
        where
            m1_0.account_id=? 
        fetch
            first ? rows only
    16:24:29.154 [Test worker] DEBUG org.hibernate.SQL - 
        /* insert for
            com.codepresso.codepresso.entity.member.Member */insert 
        into
            member (account_id, birth_date, email, last_login_at, name, nickname, password, phone, profile_image, role, member_id) 
        values
            (?, ?, ?, ?, ?, ?, ?, ?, ?, ?, default)
    16:24:29.155 [Test worker] DEBUG org.hibernate.SQL - 
        /* <criteria> */ select
            m1_0.member_id 
        from
            member m1_0 
        where
            m1_0.account_id=? 
        fetch
            first ? rows only
    16:24:29.156 [Test worker] DEBUG org.hibernate.SQL - 
        /* insert for
            com.codepresso.codepresso.entity.member.Member */insert 
        into
            member (account_id, birth_date, email, last_login_at, name, nickname, password, phone, profile_image, role, member_id) 
        values
            (?, ?, ?, ?, ?, ?, ?, ?, ?, ?, default)
    16:24:29.157 [Test worker] DEBUG org.hibernate.SQL - 
        /* <criteria> */ select
            m1_0.member_id 
        from
            member m1_0 
        where
            m1_0.account_id=? 
        fetch
            first ? rows only
    16:24:29.158 [Test worker] DEBUG org.hibernate.SQL - 
        /* insert for
            com.codepresso.codepresso.entity.member.Member */insert 
        into
            member (account_id, birth_date, email, last_login_at, name, nickname, password, phone, profile_image, role, member_id) 
        values
            (?, ?, ?, ?, ?, ?, ?, ?, ?, ?, default)
    16:24:29.159 [Test worker] DEBUG org.hibernate.SQL - 
        /* <criteria> */ select
            m1_0.member_id 
        from
            member m1_0 
        where
            m1_0.account_id=? 
        fetch
            first ? rows only
    16:24:29.159 [Test worker] DEBUG org.hibernate.SQL - 
        /* insert for
            com.codepresso.codepresso.entity.member.Member */insert 
        into
            member (account_id, birth_date, email, last_login_at, name, nickname, password, phone, profile_image, role, member_id) 
        values
            (?, ?, ?, ?, ?, ?, ?, ?, ?, ?, default)
    16:24:29.160 [Test worker] DEBUG org.hibernate.SQL - 
        /* <criteria> */ select
            m1_0.member_id 
        from
            member m1_0 
        where
            m1_0.account_id=? 
        fetch
            first ? rows only
    16:24:29.160 [Test worker] DEBUG org.hibernate.SQL - 
        /* insert for
            com.codepresso.codepresso.entity.member.Member */insert 
        into
            member (account_id, birth_date, email, last_login_at, name, nickname, password, phone, profile_image, role, member_id) 
        values
            (?, ?, ?, ?, ?, ?, ?, ?, ?, ?, default)
    16:24:29.161 [Test worker] DEBUG org.hibernate.SQL - 
        /* <criteria> */ select
            m1_0.member_id 
        from
            member m1_0 
        where
            m1_0.account_id=? 
        fetch
            first ? rows only
    16:24:29.161 [Test worker] DEBUG org.hibernate.SQL - 
        /* insert for
            com.codepresso.codepresso.entity.member.Member */insert 
        into
            member (account_id, birth_date, email, last_login_at, name, nickname, password, phone, profile_image, role, member_id) 
        values
            (?, ?, ?, ?, ?, ?, ?, ?, ?, ?, default)
    16:24:29.162 [Test worker] DEBUG org.hibernate.SQL - 
        /* <criteria> */ select
            m1_0.member_id 
        from
            member m1_0 
        where
            m1_0.account_id=? 
        fetch
            first ? rows only
    16:24:29.162 [Test worker] DEBUG org.hibernate.SQL - 
        /* insert for
            com.codepresso.codepresso.entity.member.Member */insert 
        into
            member (account_id, birth_date, email, last_login_at, name, nickname, password, phone, profile_image, role, member_id) 
        values
            (?, ?, ?, ?, ?, ?, ?, ?, ?, ?, default)
    16:24:29.163 [Test worker] DEBUG org.hibernate.SQL - 
        /* <criteria> */ select
            m1_0.member_id 
        from
            member m1_0 
        where
            m1_0.account_id=? 
        fetch
            first ? rows only
    16:24:29.164 [Test worker] DEBUG org.hibernate.SQL - 
        /* insert for
            com.codepresso.codepresso.entity.member.Member */insert 
        into
            member (account_id, birth_date, email, last_login_at, name, nickname, password, phone, profile_image, role, member_id) 
        values
            (?, ?, ?, ?, ?, ?, ?, ?, ?, ?, default)
    16:24:29.164 [Test worker] DEBUG org.hibernate.SQL - 
        /* <criteria> */ select
            m1_0.member_id 
        from
            member m1_0 
        where
            m1_0.account_id=? 
        fetch
            first ? rows only
    16:24:29.165 [Test worker] DEBUG org.hibernate.SQL - 
        /* insert for
            com.codepresso.codepresso.entity.member.Member */insert 
        into
            member (account_id, birth_date, email, last_login_at, name, nickname, password, phone, profile_image, role, member_id) 
        values
            (?, ?, ?, ?, ?, ?, ?, ?, ?, ?, default)
    16:24:29.165 [Test worker] DEBUG org.hibernate.SQL - 
        /* <criteria> */ select
            m1_0.member_id 
        from
            member m1_0 
        where
            m1_0.account_id=? 
        fetch
            first ? rows only
    16:24:29.165 [Test worker] DEBUG org.hibernate.SQL - 
        /* insert for
            com.codepresso.codepresso.entity.member.Member */insert 
        into
            member (account_id, birth_date, email, last_login_at, name, nickname, password, phone, profile_image, role, member_id) 
        values
            (?, ?, ?, ?, ?, ?, ?, ?, ?, ?, default)
    16:24:29.168 [Test worker] DEBUG org.hibernate.SQL - 
        /* <criteria> */ select
            m1_0.member_id 
        from
            member m1_0 
        where
            m1_0.account_id=? 
        fetch
            first ? rows only
    16:24:29.169 [Test worker] DEBUG org.hibernate.SQL - 
        /* insert for
            com.codepresso.codepresso.entity.member.Member */insert 
        into
            member (account_id, birth_date, email, last_login_at, name, nickname, password, phone, profile_image, role, member_id) 
        values
            (?, ?, ?, ?, ?, ?, ?, ?, ?, ?, default)
    16:24:29.173 [Test worker] DEBUG org.hibernate.SQL - 
        /* <criteria> */ select
            m1_0.member_id 
        from
            member m1_0 
        where
            m1_0.account_id=? 
        fetch
            first ? rows only
    16:24:29.173 [Test worker] DEBUG org.hibernate.SQL - 
        /* insert for
            com.codepresso.codepresso.entity.member.Member */insert 
        into
            member (account_id, birth_date, email, last_login_at, name, nickname, password, phone, profile_image, role, member_id) 
        values
            (?, ?, ?, ?, ?, ?, ?, ?, ?, ?, default)
    16:24:29.174 [Test worker] DEBUG org.hibernate.SQL - 
        /* <criteria> */ select
            m1_0.member_id 
        from
            member m1_0 
        where
            m1_0.account_id=? 
        fetch
            first ? rows only
    16:24:29.175 [Test worker] DEBUG org.hibernate.SQL - 
        /* insert for
            com.codepresso.codepresso.entity.member.Member */insert 
        into
            member (account_id, birth_date, email, last_login_at, name, nickname, password, phone, profile_image, role, member_id) 
        values
            (?, ?, ?, ?, ?, ?, ?, ?, ?, ?, default)
    16:24:29.176 [Test worker] DEBUG org.hibernate.SQL - 
        /* <criteria> */ select
            m1_0.member_id 
        from
            member m1_0 
        where
            m1_0.account_id=? 
        fetch
            first ? rows only
    16:24:29.177 [Test worker] DEBUG org.hibernate.SQL - 
        /* insert for
            com.codepresso.codepresso.entity.member.Member */insert 
        into
            member (account_id, birth_date, email, last_login_at, name, nickname, password, phone, profile_image, role, member_id) 
        values
            (?, ?, ?, ?, ?, ?, ?, ?, ?, ?, default)
    16:24:29.178 [Test worker] DEBUG org.hibernate.SQL - 
        /* <criteria> */ select
            m1_0.member_id 
        from
            member m1_0 
        where
            m1_0.account_id=? 
        fetch
            first ? rows only
    16:24:29.179 [Test worker] DEBUG org.hibernate.SQL - 
        /* insert for
            com.codepresso.codepresso.entity.member.Member */insert 
        into
            member (account_id, birth_date, email, last_login_at, name, nickname, password, phone, profile_image, role, member_id) 
        values
            (?, ?, ?, ?, ?, ?, ?, ?, ?, ?, default)
    16:24:29.180 [Test worker] DEBUG org.hibernate.SQL - 
        /* <criteria> */ select
            m1_0.member_id 
        from
            member m1_0 
        where
            m1_0.account_id=? 
        fetch
            first ? rows only
    16:24:29.180 [Test worker] DEBUG org.hibernate.SQL - 
        /* insert for
            com.codepresso.codepresso.entity.member.Member */insert 
        into
            member (account_id, birth_date, email, last_login_at, name, nickname, password, phone, profile_image, role, member_id) 
        values
            (?, ?, ?, ?, ?, ?, ?, ?, ?, ?, default)
    16:24:29.181 [Test worker] DEBUG org.hibernate.SQL - 
        /* <criteria> */ select
            m1_0.member_id 
        from
            member m1_0 
        where
            m1_0.account_id=? 
        fetch
            first ? rows only
    16:24:29.182 [Test worker] DEBUG org.hibernate.SQL - 
        /* insert for
            com.codepresso.codepresso.entity.member.Member */insert 
        into
            member (account_id, birth_date, email, last_login_at, name, nickname, password, phone, profile_image, role, member_id) 
        values
            (?, ?, ?, ?, ?, ?, ?, ?, ?, ?, default)
    16:24:29.182 [Test worker] DEBUG org.hibernate.SQL - 
        /* <criteria> */ select
            m1_0.member_id 
        from
            member m1_0 
        where
            m1_0.account_id=? 
        fetch
            first ? rows only
    16:24:29.183 [Test worker] DEBUG org.hibernate.SQL - 
        /* insert for
            com.codepresso.codepresso.entity.member.Member */insert 
        into
            member (account_id, birth_date, email, last_login_at, name, nickname, password, phone, profile_image, role, member_id) 
        values
            (?, ?, ?, ?, ?, ?, ?, ?, ?, ?, default)
    16:24:29.183 [Test worker] DEBUG org.hibernate.SQL - 
        /* <criteria> */ select
            m1_0.member_id 
        from
            member m1_0 
        where
            m1_0.account_id=? 
        fetch
            first ? rows only
    16:24:29.183 [Test worker] DEBUG org.hibernate.SQL - 
        /* insert for
            com.codepresso.codepresso.entity.member.Member */insert 
        into
            member (account_id, birth_date, email, last_login_at, name, nickname, password, phone, profile_image, role, member_id) 
        values
            (?, ?, ?, ?, ?, ?, ?, ?, ?, ?, default)
    16:24:29.185 [Test worker] DEBUG org.hibernate.SQL - 
        /* <criteria> */ select
            m1_0.member_id 
        from
            member m1_0 
        where
            m1_0.account_id=? 
        fetch
            first ? rows only
    16:24:29.186 [Test worker] DEBUG org.hibernate.SQL - 
        /* insert for
            com.codepresso.codepresso.entity.member.Member */insert 
        into
            member (account_id, birth_date, email, last_login_at, name, nickname, password, phone, profile_image, role, member_id) 
        values
            (?, ?, ?, ?, ?, ?, ?, ?, ?, ?, default)
    16:24:29.187 [Test worker] DEBUG org.hibernate.SQL - 
        /* <criteria> */ select
            m1_0.member_id 
        from
            member m1_0 
        where
            m1_0.account_id=? 
        fetch
            first ? rows only
    16:24:29.187 [Test worker] DEBUG org.hibernate.SQL - 
        /* insert for
            com.codepresso.codepresso.entity.member.Member */insert 
        into
            member (account_id, birth_date, email, last_login_at, name, nickname, password, phone, profile_image, role, member_id) 
        values
            (?, ?, ?, ?, ?, ?, ?, ?, ?, ?, default)
    16:24:29.188 [Test worker] DEBUG org.hibernate.SQL - 
        /* <criteria> */ select
            m1_0.member_id 
        from
            member m1_0 
        where
            m1_0.account_id=? 
        fetch
            first ? rows only
    16:24:29.188 [Test worker] DEBUG org.hibernate.SQL - 
        /* insert for
            com.codepresso.codepresso.entity.member.Member */insert 
        into
            member (account_id, birth_date, email, last_login_at, name, nickname, password, phone, profile_image, role, member_id) 
        values
            (?, ?, ?, ?, ?, ?, ?, ?, ?, ?, default)
    16:24:29.189 [Test worker] DEBUG org.hibernate.SQL - 
        /* <criteria> */ select
            m1_0.member_id 
        from
            member m1_0 
        where
            m1_0.account_id=? 
        fetch
            first ? rows only
    16:24:29.189 [Test worker] DEBUG org.hibernate.SQL - 
        /* insert for
            com.codepresso.codepresso.entity.member.Member */insert 
        into
            member (account_id, birth_date, email, last_login_at, name, nickname, password, phone, profile_image, role, member_id) 
        values
            (?, ?, ?, ?, ?, ?, ?, ?, ?, ?, default)
    16:24:29.190 [Test worker] DEBUG org.hibernate.SQL - 
        /* <criteria> */ select
            m1_0.member_id 
        from
            member m1_0 
        where
            m1_0.account_id=? 
        fetch
            first ? rows only
    16:24:29.190 [Test worker] DEBUG org.hibernate.SQL - 
        /* insert for
            com.codepresso.codepresso.entity.member.Member */insert 
        into
            member (account_id, birth_date, email, last_login_at, name, nickname, password, phone, profile_image, role, member_id) 
        values
            (?, ?, ?, ?, ?, ?, ?, ?, ?, ?, default)
    16:24:29.199 [Test worker] INFO  c.c.c.config.init.BranchInitializer - [Init] BranchInitializer start
    16:24:29.229 [Test worker] INFO  c.c.c.config.init.BranchInitializer - [Init] branch rows now: 0
    16:24:29.229 [Test worker] INFO  c.c.c.config.init.BranchInitializer - [Init] BranchInitializer done
    16:24:29.297 [Test worker] INFO  c.c.c.config.init.ProductInitializer - [Init] branch rows now: 0
    16:24:29.324 [Test worker] INFO  c.c.c.c.i.NutritionInfoInitializer - [Init] branch rows now: 0
    16:24:29.326 [Test worker] INFO  c.c.c.c.init.OptionNameInitializer - [Init] OptionNameInitializer start
    16:24:29.336 [Test worker] INFO  c.c.c.c.init.OptionNameInitializer - [Init] option_name rows now: 0
    16:24:29.336 [Test worker] INFO  c.c.c.c.init.OptionNameInitializer - [Init] OptionNameInitializer done
    16:24:29.336 [Test worker] INFO  c.c.c.c.init.BoardTypeInitializer - [Init] BoardTypeInitializer start
    16:24:29.338 [Test worker] INFO  c.c.c.c.init.BoardTypeInitializer - [Init] board_type rows now: 0
    16:24:29.338 [Test worker] INFO  c.c.c.c.init.BoardTypeInitializer - [Init] BoardTypeInitializer done
    16:24:29.338 [Test worker] INFO  c.c.c.c.init.CouponTypeInitializer - [Init] CouponTypeInitializer start
    16:24:29.339 [Test worker] INFO  c.c.c.c.init.CouponTypeInitializer - [Init] coupon_type rows now: 0
    16:24:29.339 [Test worker] INFO  c.c.c.c.init.CouponTypeInitializer - [Init] CouponTypeInitializer done

FavoriteConcurrencyTest > 비관적 락 - 500명 동시 요청 STANDARD_ERROR
    Mockito is currently self-attaching to enable the inline-mock-maker. This will no longer work in future releases of the JDK. Please add Mockito as an agent to your build as described in Mockito's documentation: https://javadoc.io/doc/org.mockito/mockito-core/latest/org.mockito/org/mockito/Mockito.html#0.3
    WARNING: A Java agent has been loaded dynamically (/Users/admin/.gradle/caches/modules-2/files-2.1/net.bytebuddy/byte-buddy-agent/1.17.7/fbf3d6d649ed37fc9e9c59480a05be0a26e3c2da/byte-buddy-agent-1.17.7.jar)
    WARNING: If a serviceability tool is in use, please run with -XX:+EnableDynamicAgentLoading to hide this warning
    WARNING: If a serviceability tool is not in use, please run with -Djdk.instrument.traceUsage for more information
    WARNING: Dynamic loading of agents will be disallowed by default in a future release

OpenJDK 64-Bit Server VM warning: Sharing is only supported for boot loader classes because bootstrap classpath has been appended
Gradle Test Executor 10 finished executing tests.
16:24:30.859 [SpringApplicationShutdownHook] INFO  o.s.o.j.LocalContainerEntityManagerFactoryBean - Closing JPA EntityManagerFactory for persistence unit 'default'
16:24:30.860 [SpringApplicationShutdownHook] DEBUG org.hibernate.SQL - 
    drop table if exists allergen cascade 
16:24:30.861 [SpringApplicationShutdownHook] DEBUG org.hibernate.SQL - 
    drop table if exists board cascade 
16:24:30.861 [SpringApplicationShutdownHook] DEBUG org.hibernate.SQL - 
    drop table if exists board_type cascade 
16:24:30.862 [SpringApplicationShutdownHook] DEBUG org.hibernate.SQL - 
    drop table if exists branch cascade 
16:24:30.862 [SpringApplicationShutdownHook] DEBUG org.hibernate.SQL - 
    drop table if exists cart cascade 
16:24:30.862 [SpringApplicationShutdownHook] DEBUG org.hibernate.SQL - 
    drop table if exists cart_item cascade 
16:24:30.862 [SpringApplicationShutdownHook] DEBUG org.hibernate.SQL - 
    drop table if exists cart_option cascade 
16:24:30.862 [SpringApplicationShutdownHook] DEBUG org.hibernate.SQL - 
    drop table if exists category cascade 
16:24:30.862 [SpringApplicationShutdownHook] DEBUG org.hibernate.SQL - 
    drop table if exists coupon_type cascade 
16:24:30.862 [SpringApplicationShutdownHook] DEBUG org.hibernate.SQL - 
    drop table if exists favorite cascade 
16:24:30.863 [SpringApplicationShutdownHook] DEBUG org.hibernate.SQL - 
    drop table if exists hashtag cascade 
16:24:30.863 [SpringApplicationShutdownHook] DEBUG org.hibernate.SQL - 
    drop table if exists member cascade 
16:24:30.863 [SpringApplicationShutdownHook] DEBUG org.hibernate.SQL - 
    drop table if exists member_coupon cascade 
16:24:30.863 [SpringApplicationShutdownHook] DEBUG org.hibernate.SQL - 
    drop table if exists nutrition_info cascade 
16:24:30.863 [SpringApplicationShutdownHook] DEBUG org.hibernate.SQL - 
    drop table if exists option_name cascade 
16:24:30.863 [SpringApplicationShutdownHook] DEBUG org.hibernate.SQL - 
    drop table if exists option_style cascade 
16:24:30.864 [SpringApplicationShutdownHook] DEBUG org.hibernate.SQL - 
    drop table if exists order_detail cascade 
16:24:30.864 [SpringApplicationShutdownHook] DEBUG org.hibernate.SQL - 
    drop table if exists order_item_options cascade 
16:24:30.864 [SpringApplicationShutdownHook] DEBUG org.hibernate.SQL - 
    drop table if exists orders cascade 
16:24:30.864 [SpringApplicationShutdownHook] DEBUG org.hibernate.SQL - 
    drop table if exists payment cascade 
16:24:30.864 [SpringApplicationShutdownHook] DEBUG org.hibernate.SQL - 
    drop table if exists payment_detail cascade 
16:24:30.864 [SpringApplicationShutdownHook] DEBUG org.hibernate.SQL - 
    drop table if exists payment_type cascade 
16:24:30.864 [SpringApplicationShutdownHook] DEBUG org.hibernate.SQL - 
    drop table if exists product cascade 
16:24:30.865 [SpringApplicationShutdownHook] DEBUG org.hibernate.SQL - 
    drop table if exists product_option cascade 
16:24:30.865 [SpringApplicationShutdownHook] DEBUG org.hibernate.SQL - 
    drop table if exists review cascade 
16:24:30.865 [SpringApplicationShutdownHook] DEBUG org.hibernate.SQL - 
    drop table if exists stamp cascade 
16:24:30.867 [SpringApplicationShutdownHook] INFO  com.zaxxer.hikari.HikariDataSource - HikariPool-1 - Shutdown initiated...
16:24:30.868 [SpringApplicationShutdownHook] INFO  com.zaxxer.hikari.HikariDataSource - HikariPool-1 - Shutdown completed.

> Task :test FAILED

FavoriteConcurrencyTest > 비관적 락 - 500명 동시 요청 STANDARD_OUT
    16:24:29.665 [pool-2-thread-4] DEBUG org.hibernate.SQL - 
        /* SELECT
            p 
        FROM
            Product p 
        WHERE
            p.id = :productId */ select
                p1_0.product_id,
                p1_0.category_id,
                p1_0.favorite_count,
                p1_0.price,
                p1_0.product_content,
                p1_0.product_name,
                p1_0.product_photo,
                p1_0.version 
            from
                product p1_0 
            where
                p1_0.product_id=? for update
    16:24:29.665 [pool-2-thread-6] DEBUG org.hibernate.SQL - 
        /* SELECT
            p 
        FROM
            Product p 
        WHERE
            p.id = :productId */ select
                p1_0.product_id,
                p1_0.category_id,
                p1_0.favorite_count,
                p1_0.price,
                p1_0.product_content,
                p1_0.product_name,
                p1_0.product_photo,
                p1_0.version 
            from
                product p1_0 
            where
                p1_0.product_id=? for update
    16:24:29.665 [pool-2-thread-10] DEBUG org.hibernate.SQL - 
        /* SELECT
            p 
        FROM
            Product p 
        WHERE
            p.id = :productId */ select
                p1_0.product_id,
                p1_0.category_id,
                p1_0.favorite_count,
                p1_0.price,
                p1_0.product_content,
                p1_0.product_name,
                p1_0.product_photo,
                p1_0.version 
            from
                product p1_0 
            where
                p1_0.product_id=? for update
    16:24:29.668 [pool-2-thread-3] DEBUG org.hibernate.SQL - 
        /* SELECT
            p 
        FROM
            Product p 
        WHERE
            p.id = :productId */ select
                p1_0.product_id,
                p1_0.category_id,
                p1_0.favorite_count,
                p1_0.price,
                p1_0.product_content,
                p1_0.product_name,
                p1_0.product_photo,
                p1_0.version 
            from
                product p1_0 
            where
                p1_0.product_id=? for update
    16:24:29.668 [pool-2-thread-2] DEBUG org.hibernate.SQL - 
        /* SELECT
            p 
        FROM
            Product p 
        WHERE
            p.id = :productId */ select
                p1_0.product_id,
                p1_0.category_id,
                p1_0.favorite_count,
                p1_0.price,
                p1_0.product_content,
                p1_0.product_name,
                p1_0.product_photo,
                p1_0.version 
            from
                product p1_0 
            where
                p1_0.product_id=? for update
    16:24:29.668 [pool-2-thread-8] DEBUG org.hibernate.SQL - 
        /* SELECT
            p 
        FROM
            Product p 
        WHERE
            p.id = :productId */ select
                p1_0.product_id,
                p1_0.category_id,
                p1_0.favorite_count,
                p1_0.price,
                p1_0.product_content,
                p1_0.product_name,
                p1_0.product_photo,
                p1_0.version 
            from
                product p1_0 
            where
                p1_0.product_id=? for update
    16:24:29.668 [pool-2-thread-9] DEBUG org.hibernate.SQL - 
        /* SELECT
            p 
        FROM
            Product p 
        WHERE
            p.id = :productId */ select
                p1_0.product_id,
                p1_0.category_id,
                p1_0.favorite_count,
                p1_0.price,
                p1_0.product_content,
                p1_0.product_name,
                p1_0.product_photo,
                p1_0.version 
            from
                product p1_0 
            where
                p1_0.product_id=? for update
    16:24:29.668 [pool-2-thread-5] DEBUG org.hibernate.SQL - 
        /* SELECT
            p 
        FROM
            Product p 
        WHERE
            p.id = :productId */ select
                p1_0.product_id,
                p1_0.category_id,
                p1_0.favorite_count,
                p1_0.price,
                p1_0.product_content,
                p1_0.product_name,
                p1_0.product_photo,
                p1_0.version 
            from
                product p1_0 
            where
                p1_0.product_id=? for update
    16:24:29.668 [pool-2-thread-1] DEBUG org.hibernate.SQL - 
        /* SELECT
            p 
        FROM
            Product p 
        WHERE
            p.id = :productId */ select
                p1_0.product_id,
                p1_0.category_id,
                p1_0.favorite_count,
                p1_0.price,
                p1_0.product_content,
                p1_0.product_name,
                p1_0.product_photo,
                p1_0.version 
            from
                product p1_0 
            where
                p1_0.product_id=? for update
    16:24:29.668 [pool-2-thread-7] DEBUG org.hibernate.SQL - 
        /* SELECT
            p 
        FROM
            Product p 
        WHERE
            p.id = :productId */ select
                p1_0.product_id,
                p1_0.category_id,
                p1_0.favorite_count,
                p1_0.price,
                p1_0.product_content,
                p1_0.product_name,
                p1_0.product_photo,
                p1_0.version 
            from
                product p1_0 
            where
                p1_0.product_id=? for update
    16:24:29.685 [pool-2-thread-10] DEBUG org.hibernate.SQL - 
        select
            ni1_0.nutrition_info_id,
            ni1_0.caffeine,
            ni1_0.calories,
            ni1_0.carbohydrate,
            ni1_0.cholesterol,
            ni1_0.fat,
            ni1_0.product_id,
            ni1_0.protein,
            ni1_0.saturated_fat,
            ni1_0.sodium,
            ni1_0.sugar,
            ni1_0.trans_fat 
        from
            nutrition_info ni1_0 
        where
            ni1_0.product_id=?
    16:24:29.702 [pool-2-thread-10] DEBUG org.hibernate.SQL - 
        select
            f1_0.member_id,
            f1_0.product_id,
            f1_0.orderby 
        from
            favorite f1_0 
        where
            (
                f1_0.member_id, f1_0.product_id
            ) in ((?, ?))
    16:24:29.729 [pool-2-thread-10] DEBUG org.hibernate.SQL - 
        /* insert for
            com.codepresso.codepresso.entity.member.Favorite */insert 
        into
            favorite (orderby, member_id, product_id) 
        values
            (?, ?, ?)
    16:24:29.731 [pool-2-thread-10] DEBUG c.c.c.s.m.FavoritePessimisticService - 즐겨찾기 추가 성공 : memberId = 10, productId = 1
    16:24:29.731 [pool-2-thread-10] DEBUG c.c.c.s.m.FavoritePessimisticService - 메서드 종료 직전: memberId = 10, productId = 1
    16:24:29.734 [pool-2-thread-4] DEBUG org.hibernate.SQL - 
        select
            ni1_0.nutrition_info_id,
            ni1_0.caffeine,
            ni1_0.calories,
            ni1_0.carbohydrate,
            ni1_0.cholesterol,
            ni1_0.fat,
            ni1_0.product_id,
            ni1_0.protein,
            ni1_0.saturated_fat,
            ni1_0.sodium,
            ni1_0.sugar,
            ni1_0.trans_fat 
        from
            nutrition_info ni1_0 
        where
            ni1_0.product_id=?
    16:24:29.735 [pool-2-thread-10] DEBUG c.c.c.s.m.FavoriteConcurrencyTest - 실패 : Could not commit JPA transaction 
    16:24:29.737 [pool-2-thread-390] DEBUG org.hibernate.SQL - 
        /* SELECT
            p 
        FROM
            Product p 
        WHERE
            p.id = :productId */ select
                p1_0.product_id,
                p1_0.category_id,
                p1_0.favorite_count,
                p1_0.price,
                p1_0.product_content,
                p1_0.product_name,
                p1_0.product_photo,
                p1_0.version 
            from
                product p1_0 
            where
                p1_0.product_id=? for update
    16:24:29.738 [pool-2-thread-4] DEBUG org.hibernate.SQL - 
        select
            f1_0.member_id,
            f1_0.product_id,
            f1_0.orderby 
        from
            favorite f1_0 
        where
            (
                f1_0.member_id, f1_0.product_id
            ) in ((?, ?))
    16:24:29.739 [pool-2-thread-4] DEBUG org.hibernate.SQL - 
        /* insert for
            com.codepresso.codepresso.entity.member.Favorite */insert 
        into
            favorite (orderby, member_id, product_id) 
        values
            (?, ?, ?)
    16:24:29.739 [pool-2-thread-4] DEBUG c.c.c.s.m.FavoritePessimisticService - 즐겨찾기 추가 성공 : memberId = 4, productId = 1
    16:24:29.739 [pool-2-thread-4] DEBUG c.c.c.s.m.FavoritePessimisticService - 메서드 종료 직전: memberId = 4, productId = 1
    16:24:29.740 [pool-2-thread-4] DEBUG c.c.c.s.m.FavoriteConcurrencyTest - 실패 : Could not commit JPA transaction 
    16:24:29.740 [pool-2-thread-7] DEBUG org.hibernate.SQL - 
        select
            ni1_0.nutrition_info_id,
            ni1_0.caffeine,
            ni1_0.calories,
            ni1_0.carbohydrate,
            ni1_0.cholesterol,
            ni1_0.fat,
            ni1_0.product_id,
            ni1_0.protein,
            ni1_0.saturated_fat,
            ni1_0.sodium,
            ni1_0.sugar,
            ni1_0.trans_fat 
        from
            nutrition_info ni1_0 
        where
            ni1_0.product_id=?
    16:24:29.740 [pool-2-thread-408] DEBUG org.hibernate.SQL - 
        /* SELECT
            p 
        FROM
            Product p 
        WHERE
            p.id = :productId */ select
                p1_0.product_id,
                p1_0.category_id,
                p1_0.favorite_count,
                p1_0.price,
                p1_0.product_content,
                p1_0.product_name,
                p1_0.product_photo,
                p1_0.version 
            from
                product p1_0 
            where
                p1_0.product_id=? for update
    16:24:29.741 [pool-2-thread-7] DEBUG org.hibernate.SQL - 
        select
            f1_0.member_id,
            f1_0.product_id,
            f1_0.orderby 
        from
            favorite f1_0 
        where
            (
                f1_0.member_id, f1_0.product_id
            ) in ((?, ?))
    16:24:29.742 [pool-2-thread-7] DEBUG org.hibernate.SQL - 
        /* insert for
            com.codepresso.codepresso.entity.member.Favorite */insert 
        into
            favorite (orderby, member_id, product_id) 
        values
            (?, ?, ?)
    16:24:29.742 [pool-2-thread-7] DEBUG c.c.c.s.m.FavoritePessimisticService - 즐겨찾기 추가 성공 : memberId = 7, productId = 1
    16:24:29.742 [pool-2-thread-7] DEBUG c.c.c.s.m.FavoritePessimisticService - 메서드 종료 직전: memberId = 7, productId = 1
    16:24:29.743 [pool-2-thread-7] DEBUG c.c.c.s.m.FavoriteConcurrencyTest - 실패 : Could not commit JPA transaction 
    16:24:29.743 [pool-2-thread-408] DEBUG org.hibernate.SQL - 
        select
            ni1_0.nutrition_info_id,
            ni1_0.caffeine,
            ni1_0.calories,
            ni1_0.carbohydrate,
            ni1_0.cholesterol,
            ni1_0.fat,
            ni1_0.product_id,
            ni1_0.protein,
            ni1_0.saturated_fat,
            ni1_0.sodium,
            ni1_0.sugar,
            ni1_0.trans_fat 
        from
            nutrition_info ni1_0 
        where
            ni1_0.product_id=?
    16:24:29.744 [pool-2-thread-427] DEBUG org.hibernate.SQL - 
        /* SELECT
            p 
        FROM
            Product p 
        WHERE
            p.id = :productId */ select
                p1_0.product_id,
                p1_0.category_id,
                p1_0.favorite_count,
                p1_0.price,
                p1_0.product_content,
                p1_0.product_name,
                p1_0.product_photo,
                p1_0.version 
            from
                product p1_0 
            where
                p1_0.product_id=? for update
    16:24:29.744 [pool-2-thread-408] DEBUG org.hibernate.SQL - 
        select
            f1_0.member_id,
            f1_0.product_id,
            f1_0.orderby 
        from
            favorite f1_0 
        where
            (
                f1_0.member_id, f1_0.product_id
            ) in ((?, ?))
    16:24:29.745 [pool-2-thread-408] DEBUG org.hibernate.SQL - 
        /* insert for
            com.codepresso.codepresso.entity.member.Favorite */insert 
        into
            favorite (orderby, member_id, product_id) 
        values
            (?, ?, ?)
    16:24:29.746 [pool-2-thread-408] DEBUG c.c.c.s.m.FavoritePessimisticService - 즐겨찾기 추가 성공 : memberId = 408, productId = 1
    16:24:29.746 [pool-2-thread-408] DEBUG c.c.c.s.m.FavoritePessimisticService - 메서드 종료 직전: memberId = 408, productId = 1
    16:24:29.746 [pool-2-thread-408] DEBUG c.c.c.s.m.FavoriteConcurrencyTest - 실패 : Could not commit JPA transaction 
    16:24:29.747 [pool-2-thread-1] DEBUG org.hibernate.SQL - 
        select
            ni1_0.nutrition_info_id,
            ni1_0.caffeine,
            ni1_0.calories,
            ni1_0.carbohydrate,
            ni1_0.cholesterol,
            ni1_0.fat,
            ni1_0.product_id,
            ni1_0.protein,
            ni1_0.saturated_fat,
            ni1_0.sodium,
            ni1_0.sugar,
            ni1_0.trans_fat 
        from
            nutrition_info ni1_0 
        where
            ni1_0.product_id=?
    16:24:29.747 [pool-2-thread-14] DEBUG org.hibernate.SQL - 
        /* SELECT
            p 
        FROM
            Product p 
        WHERE
            p.id = :productId */ select
                p1_0.product_id,
                p1_0.category_id,
                p1_0.favorite_count,
                p1_0.price,
                p1_0.product_content,
                p1_0.product_name,
                p1_0.product_photo,
                p1_0.version 
            from
                product p1_0 
            where
                p1_0.product_id=? for update
    16:24:29.747 [pool-2-thread-1] DEBUG org.hibernate.SQL - 
        select
            f1_0.member_id,
            f1_0.product_id,
            f1_0.orderby 
        from
            favorite f1_0 
        where
            (
                f1_0.member_id, f1_0.product_id
            ) in ((?, ?))
    16:24:29.748 [pool-2-thread-1] DEBUG org.hibernate.SQL - 
        /* insert for
            com.codepresso.codepresso.entity.member.Favorite */insert 
        into
            favorite (orderby, member_id, product_id) 
        values
            (?, ?, ?)
    16:24:29.748 [pool-2-thread-1] DEBUG c.c.c.s.m.FavoritePessimisticService - 즐겨찾기 추가 성공 : memberId = 1, productId = 1
    16:24:29.748 [pool-2-thread-1] DEBUG c.c.c.s.m.FavoritePessimisticService - 메서드 종료 직전: memberId = 1, productId = 1
    16:24:29.749 [pool-2-thread-1] DEBUG c.c.c.s.m.FavoriteConcurrencyTest - 실패 : Could not commit JPA transaction 
    16:24:29.749 [pool-2-thread-3] DEBUG org.hibernate.SQL - 
        select
            ni1_0.nutrition_info_id,
            ni1_0.caffeine,
            ni1_0.calories,
            ni1_0.carbohydrate,
            ni1_0.cholesterol,
            ni1_0.fat,
            ni1_0.product_id,
            ni1_0.protein,
            ni1_0.saturated_fat,
            ni1_0.sodium,
            ni1_0.sugar,
            ni1_0.trans_fat 
        from
            nutrition_info ni1_0 
        where
            ni1_0.product_id=?
    16:24:29.749 [pool-2-thread-15] DEBUG org.hibernate.SQL - 
        /* SELECT
            p 
        FROM
            Product p 
        WHERE
            p.id = :productId */ select
                p1_0.product_id,
                p1_0.category_id,
                p1_0.favorite_count,
                p1_0.price,
                p1_0.product_content,
                p1_0.product_name,
                p1_0.product_photo,
                p1_0.version 
            from
                product p1_0 
            where
                p1_0.product_id=? for update
    16:24:29.750 [pool-2-thread-3] DEBUG org.hibernate.SQL - 
        select
            f1_0.member_id,
            f1_0.product_id,
            f1_0.orderby 
        from
            favorite f1_0 
        where
            (
                f1_0.member_id, f1_0.product_id
            ) in ((?, ?))
    16:24:29.751 [pool-2-thread-3] DEBUG org.hibernate.SQL - 
        /* insert for
            com.codepresso.codepresso.entity.member.Favorite */insert 
        into
            favorite (orderby, member_id, product_id) 
        values
            (?, ?, ?)
    16:24:29.751 [pool-2-thread-3] DEBUG c.c.c.s.m.FavoritePessimisticService - 즐겨찾기 추가 성공 : memberId = 3, productId = 1
    16:24:29.751 [pool-2-thread-3] DEBUG c.c.c.s.m.FavoritePessimisticService - 메서드 종료 직전: memberId = 3, productId = 1
    16:24:29.752 [pool-2-thread-3] DEBUG c.c.c.s.m.FavoriteConcurrencyTest - 실패 : Could not commit JPA transaction 
    16:24:29.752 [pool-2-thread-5] DEBUG org.hibernate.SQL - 
        select
            ni1_0.nutrition_info_id,
            ni1_0.caffeine,
            ni1_0.calories,
            ni1_0.carbohydrate,
            ni1_0.cholesterol,
            ni1_0.fat,
            ni1_0.product_id,
            ni1_0.protein,
            ni1_0.saturated_fat,
            ni1_0.sodium,
            ni1_0.sugar,
            ni1_0.trans_fat 
        from
            nutrition_info ni1_0 
        where
            ni1_0.product_id=?
    16:24:29.753 [pool-2-thread-16] DEBUG org.hibernate.SQL - 
        /* SELECT
            p 
        FROM
            Product p 
        WHERE
            p.id = :productId */ select
                p1_0.product_id,
                p1_0.category_id,
                p1_0.favorite_count,
                p1_0.price,
                p1_0.product_content,
                p1_0.product_name,
                p1_0.product_photo,
                p1_0.version 
            from
                product p1_0 
            where
                p1_0.product_id=? for update
    16:24:29.753 [pool-2-thread-5] DEBUG org.hibernate.SQL - 
        select
            f1_0.member_id,
            f1_0.product_id,
            f1_0.orderby 
        from
            favorite f1_0 
        where
            (
                f1_0.member_id, f1_0.product_id
            ) in ((?, ?))
    16:24:29.754 [pool-2-thread-5] DEBUG org.hibernate.SQL - 
        /* insert for
            com.codepresso.codepresso.entity.member.Favorite */insert 
        into
            favorite (orderby, member_id, product_id) 
        values
            (?, ?, ?)
    16:24:29.754 [pool-2-thread-5] DEBUG c.c.c.s.m.FavoritePessimisticService - 즐겨찾기 추가 성공 : memberId = 5, productId = 1
    16:24:29.754 [pool-2-thread-5] DEBUG c.c.c.s.m.FavoritePessimisticService - 메서드 종료 직전: memberId = 5, productId = 1
    16:24:29.755 [pool-2-thread-5] DEBUG c.c.c.s.m.FavoriteConcurrencyTest - 실패 : Could not commit JPA transaction 
    16:24:29.755 [pool-2-thread-14] DEBUG org.hibernate.SQL - 
        select
            ni1_0.nutrition_info_id,
            ni1_0.caffeine,
            ni1_0.calories,
            ni1_0.carbohydrate,
            ni1_0.cholesterol,
            ni1_0.fat,
            ni1_0.product_id,
            ni1_0.protein,
            ni1_0.saturated_fat,
            ni1_0.sodium,
            ni1_0.sugar,
            ni1_0.trans_fat 
        from
            nutrition_info ni1_0 
        where
            ni1_0.product_id=?
    16:24:29.755 [pool-2-thread-448] DEBUG org.hibernate.SQL - 
        /* SELECT
            p 
        FROM
            Product p 
        WHERE
            p.id = :productId */ select
                p1_0.product_id,
                p1_0.category_id,
                p1_0.favorite_count,
                p1_0.price,
                p1_0.product_content,
                p1_0.product_name,
                p1_0.product_photo,
                p1_0.version 
            from
                product p1_0 
            where
                p1_0.product_id=? for update
    16:24:29.756 [pool-2-thread-14] DEBUG org.hibernate.SQL - 
        select
            f1_0.member_id,
            f1_0.product_id,
            f1_0.orderby 
        from
            favorite f1_0 
        where
            (
                f1_0.member_id, f1_0.product_id
            ) in ((?, ?))
    16:24:29.756 [pool-2-thread-14] DEBUG org.hibernate.SQL - 
        /* insert for
            com.codepresso.codepresso.entity.member.Favorite */insert 
        into
            favorite (orderby, member_id, product_id) 
        values
            (?, ?, ?)
    16:24:29.757 [pool-2-thread-14] DEBUG c.c.c.s.m.FavoritePessimisticService - 즐겨찾기 추가 성공 : memberId = 14, productId = 1
    16:24:29.757 [pool-2-thread-14] DEBUG c.c.c.s.m.FavoritePessimisticService - 메서드 종료 직전: memberId = 14, productId = 1
    16:24:29.757 [pool-2-thread-14] DEBUG c.c.c.s.m.FavoriteConcurrencyTest - 실패 : Could not commit JPA transaction 
    16:24:29.757 [pool-2-thread-16] DEBUG org.hibernate.SQL - 
        select
            ni1_0.nutrition_info_id,
            ni1_0.caffeine,
            ni1_0.calories,
            ni1_0.carbohydrate,
            ni1_0.cholesterol,
            ni1_0.fat,
            ni1_0.product_id,
            ni1_0.protein,
            ni1_0.saturated_fat,
            ni1_0.sodium,
            ni1_0.sugar,
            ni1_0.trans_fat 
        from
            nutrition_info ni1_0 
        where
            ni1_0.product_id=?
    16:24:29.758 [pool-2-thread-480] DEBUG org.hibernate.SQL - 
        /* SELECT
            p 
        FROM
            Product p 
        WHERE
            p.id = :productId */ select
                p1_0.product_id,
                p1_0.category_id,
                p1_0.favorite_count,
                p1_0.price,
                p1_0.product_content,
                p1_0.product_name,
                p1_0.product_photo,
                p1_0.version 
            from
                product p1_0 
            where
                p1_0.product_id=? for update
    16:24:29.758 [pool-2-thread-16] DEBUG org.hibernate.SQL - 
        select
            f1_0.member_id,
            f1_0.product_id,
            f1_0.orderby 
        from
            favorite f1_0 
        where
            (
                f1_0.member_id, f1_0.product_id
            ) in ((?, ?))
    16:24:29.759 [pool-2-thread-16] DEBUG org.hibernate.SQL - 
        /* insert for
            com.codepresso.codepresso.entity.member.Favorite */insert 
        into
            favorite (orderby, member_id, product_id) 
        values
            (?, ?, ?)
    16:24:29.760 [pool-2-thread-16] DEBUG c.c.c.s.m.FavoritePessimisticService - 즐겨찾기 추가 성공 : memberId = 16, productId = 1
    16:24:29.760 [pool-2-thread-16] DEBUG c.c.c.s.m.FavoritePessimisticService - 메서드 종료 직전: memberId = 16, productId = 1
    16:24:29.760 [pool-2-thread-16] DEBUG c.c.c.s.m.FavoriteConcurrencyTest - 실패 : Could not commit JPA transaction 
    16:24:29.760 [pool-2-thread-448] DEBUG org.hibernate.SQL - 
        select
            ni1_0.nutrition_info_id,
            ni1_0.caffeine,
            ni1_0.calories,
            ni1_0.carbohydrate,
            ni1_0.cholesterol,
            ni1_0.fat,
            ni1_0.product_id,
            ni1_0.protein,
            ni1_0.saturated_fat,
            ni1_0.sodium,
            ni1_0.sugar,
            ni1_0.trans_fat 
        from
            nutrition_info ni1_0 
        where
            ni1_0.product_id=?
    16:24:29.761 [pool-2-thread-19] DEBUG org.hibernate.SQL - 
        /* SELECT
            p 
        FROM
            Product p 
        WHERE
            p.id = :productId */ select
                p1_0.product_id,
                p1_0.category_id,
                p1_0.favorite_count,
                p1_0.price,
                p1_0.product_content,
                p1_0.product_name,
                p1_0.product_photo,
                p1_0.version 
            from
                product p1_0 
            where
                p1_0.product_id=? for update
    16:24:29.761 [pool-2-thread-448] DEBUG org.hibernate.SQL - 
        select
            f1_0.member_id,
            f1_0.product_id,
            f1_0.orderby 
        from
            favorite f1_0 
        where
            (
                f1_0.member_id, f1_0.product_id
            ) in ((?, ?))
    16:24:29.762 [pool-2-thread-448] DEBUG org.hibernate.SQL - 
        /* insert for
            com.codepresso.codepresso.entity.member.Favorite */insert 
        into
            favorite (orderby, member_id, product_id) 
        values
            (?, ?, ?)
    16:24:29.762 [pool-2-thread-448] DEBUG c.c.c.s.m.FavoritePessimisticService - 즐겨찾기 추가 성공 : memberId = 448, productId = 1
    16:24:29.762 [pool-2-thread-448] DEBUG c.c.c.s.m.FavoritePessimisticService - 메서드 종료 직전: memberId = 448, productId = 1
    16:24:29.763 [pool-2-thread-448] DEBUG c.c.c.s.m.FavoriteConcurrencyTest - 실패 : Could not commit JPA transaction 
    16:24:29.763 [pool-2-thread-8] DEBUG org.hibernate.SQL - 
        select
            ni1_0.nutrition_info_id,
            ni1_0.caffeine,
            ni1_0.calories,
            ni1_0.carbohydrate,
            ni1_0.cholesterol,
            ni1_0.fat,
            ni1_0.product_id,
            ni1_0.protein,
            ni1_0.saturated_fat,
            ni1_0.sodium,
            ni1_0.sugar,
            ni1_0.trans_fat 
        from
            nutrition_info ni1_0 
        where
            ni1_0.product_id=?
    16:24:29.763 [pool-2-thread-20] DEBUG org.hibernate.SQL - 
        /* SELECT
            p 
        FROM
            Product p 
        WHERE
            p.id = :productId */ select
                p1_0.product_id,
                p1_0.category_id,
                p1_0.favorite_count,
                p1_0.price,
                p1_0.product_content,
                p1_0.product_name,
                p1_0.product_photo,
                p1_0.version 
            from
                product p1_0 
            where
                p1_0.product_id=? for update
    16:24:29.764 [pool-2-thread-8] DEBUG org.hibernate.SQL - 
        select
            f1_0.member_id,
            f1_0.product_id,
            f1_0.orderby 
        from
            favorite f1_0 
        where
            (
                f1_0.member_id, f1_0.product_id
            ) in ((?, ?))
    16:24:29.765 [pool-2-thread-8] DEBUG org.hibernate.SQL - 
        /* insert for
            com.codepresso.codepresso.entity.member.Favorite */insert 
        into
            favorite (orderby, member_id, product_id) 
        values
            (?, ?, ?)
    16:24:29.765 [pool-2-thread-8] DEBUG c.c.c.s.m.FavoritePessimisticService - 즐겨찾기 추가 성공 : memberId = 8, productId = 1
    16:24:29.765 [pool-2-thread-8] DEBUG c.c.c.s.m.FavoritePessimisticService - 메서드 종료 직전: memberId = 8, productId = 1
    16:24:29.766 [pool-2-thread-8] DEBUG c.c.c.s.m.FavoriteConcurrencyTest - 실패 : Could not commit JPA transaction 
    16:24:29.766 [pool-2-thread-15] DEBUG org.hibernate.SQL - 
        select
            ni1_0.nutrition_info_id,
            ni1_0.caffeine,
            ni1_0.calories,
            ni1_0.carbohydrate,
            ni1_0.cholesterol,
            ni1_0.fat,
            ni1_0.product_id,
            ni1_0.protein,
            ni1_0.saturated_fat,
            ni1_0.sodium,
            ni1_0.sugar,
            ni1_0.trans_fat 
        from
            nutrition_info ni1_0 
        where
            ni1_0.product_id=?
    16:24:29.766 [pool-2-thread-21] DEBUG org.hibernate.SQL - 
        /* SELECT
            p 
        FROM
            Product p 
        WHERE
            p.id = :productId */ select
                p1_0.product_id,
                p1_0.category_id,
                p1_0.favorite_count,
                p1_0.price,
                p1_0.product_content,
                p1_0.product_name,
                p1_0.product_photo,
                p1_0.version 
            from
                product p1_0 
            where
                p1_0.product_id=? for update
    16:24:29.767 [pool-2-thread-15] DEBUG org.hibernate.SQL - 
        select
            f1_0.member_id,
            f1_0.product_id,
            f1_0.orderby 
        from
            favorite f1_0 
        where
            (
                f1_0.member_id, f1_0.product_id
            ) in ((?, ?))
    16:24:29.767 [pool-2-thread-15] DEBUG org.hibernate.SQL - 
        /* insert for
            com.codepresso.codepresso.entity.member.Favorite */insert 
        into
            favorite (orderby, member_id, product_id) 
        values
            (?, ?, ?)
    16:24:29.768 [pool-2-thread-15] DEBUG c.c.c.s.m.FavoritePessimisticService - 즐겨찾기 추가 성공 : memberId = 15, productId = 1
    16:24:29.768 [pool-2-thread-15] DEBUG c.c.c.s.m.FavoritePessimisticService - 메서드 종료 직전: memberId = 15, productId = 1
    16:24:29.768 [pool-2-thread-15] DEBUG c.c.c.s.m.FavoriteConcurrencyTest - 실패 : Could not commit JPA transaction 
    16:24:29.768 [pool-2-thread-480] DEBUG org.hibernate.SQL - 
        select
            ni1_0.nutrition_info_id,
            ni1_0.caffeine,
            ni1_0.calories,
            ni1_0.carbohydrate,
            ni1_0.cholesterol,
            ni1_0.fat,
            ni1_0.product_id,
            ni1_0.protein,
            ni1_0.saturated_fat,
            ni1_0.sodium,
            ni1_0.sugar,
            ni1_0.trans_fat 
        from
            nutrition_info ni1_0 
        where
            ni1_0.product_id=?
    16:24:29.769 [pool-2-thread-22] DEBUG org.hibernate.SQL - 
        /* SELECT
            p 
        FROM
            Product p 
        WHERE
            p.id = :productId */ select
                p1_0.product_id,
                p1_0.category_id,
                p1_0.favorite_count,
                p1_0.price,
                p1_0.product_content,
                p1_0.product_name,
                p1_0.product_photo,
                p1_0.version 
            from
                product p1_0 
            where
                p1_0.product_id=? for update
    16:24:29.769 [pool-2-thread-480] DEBUG org.hibernate.SQL - 
        select
            f1_0.member_id,
            f1_0.product_id,
            f1_0.orderby 
        from
            favorite f1_0 
        where
            (
                f1_0.member_id, f1_0.product_id
            ) in ((?, ?))
    16:24:29.770 [pool-2-thread-480] DEBUG org.hibernate.SQL - 
        /* insert for
            com.codepresso.codepresso.entity.member.Favorite */insert 
        into
            favorite (orderby, member_id, product_id) 
        values
            (?, ?, ?)
    16:24:29.770 [pool-2-thread-480] DEBUG c.c.c.s.m.FavoritePessimisticService - 즐겨찾기 추가 성공 : memberId = 480, productId = 1
    16:24:29.771 [pool-2-thread-480] DEBUG c.c.c.s.m.FavoritePessimisticService - 메서드 종료 직전: memberId = 480, productId = 1
    16:24:29.771 [pool-2-thread-480] DEBUG c.c.c.s.m.FavoriteConcurrencyTest - 실패 : Could not commit JPA transaction 
    16:24:29.771 [pool-2-thread-6] DEBUG org.hibernate.SQL - 
        select
            ni1_0.nutrition_info_id,
            ni1_0.caffeine,
            ni1_0.calories,
            ni1_0.carbohydrate,
            ni1_0.cholesterol,
            ni1_0.fat,
            ni1_0.product_id,
            ni1_0.protein,
            ni1_0.saturated_fat,
            ni1_0.sodium,
            ni1_0.sugar,
            ni1_0.trans_fat 
        from
            nutrition_info ni1_0 
        where
            ni1_0.product_id=?
    16:24:29.771 [pool-2-thread-23] DEBUG org.hibernate.SQL - 
        /* SELECT
            p 
        FROM
            Product p 
        WHERE
            p.id = :productId */ select
                p1_0.product_id,
                p1_0.category_id,
                p1_0.favorite_count,
                p1_0.price,
                p1_0.product_content,
                p1_0.product_name,
                p1_0.product_photo,
                p1_0.version 
            from
                product p1_0 
            where
                p1_0.product_id=? for update
    16:24:29.772 [pool-2-thread-6] DEBUG org.hibernate.SQL - 
        select
            f1_0.member_id,
            f1_0.product_id,
            f1_0.orderby 
        from
            favorite f1_0 
        where
            (
                f1_0.member_id, f1_0.product_id
            ) in ((?, ?))
    16:24:29.773 [pool-2-thread-6] DEBUG org.hibernate.SQL - 
        /* insert for
            com.codepresso.codepresso.entity.member.Favorite */insert 
        into
            favorite (orderby, member_id, product_id) 
        values
            (?, ?, ?)
    16:24:29.773 [pool-2-thread-6] DEBUG c.c.c.s.m.FavoritePessimisticService - 즐겨찾기 추가 성공 : memberId = 6, productId = 1
    16:24:29.773 [pool-2-thread-6] DEBUG c.c.c.s.m.FavoritePessimisticService - 메서드 종료 직전: memberId = 6, productId = 1
    16:24:29.774 [pool-2-thread-6] DEBUG c.c.c.s.m.FavoriteConcurrencyTest - 실패 : Could not commit JPA transaction 
    16:24:29.774 [pool-2-thread-22] DEBUG org.hibernate.SQL - 
        select
            ni1_0.nutrition_info_id,
            ni1_0.caffeine,
            ni1_0.calories,
            ni1_0.carbohydrate,
            ni1_0.cholesterol,
            ni1_0.fat,
            ni1_0.product_id,
            ni1_0.protein,
            ni1_0.saturated_fat,
            ni1_0.sodium,
            ni1_0.sugar,
            ni1_0.trans_fat 
        from
            nutrition_info ni1_0 
        where
            ni1_0.product_id=?
    16:24:29.774 [pool-2-thread-25] DEBUG org.hibernate.SQL - 
        /* SELECT
            p 
        FROM
            Product p 
        WHERE
            p.id = :productId */ select
                p1_0.product_id,
                p1_0.category_id,
                p1_0.favorite_count,
                p1_0.price,
                p1_0.product_content,
                p1_0.product_name,
                p1_0.product_photo,
                p1_0.version 
            from
                product p1_0 
            where
                p1_0.product_id=? for update
    16:24:29.775 [pool-2-thread-22] DEBUG org.hibernate.SQL - 
        select
            f1_0.member_id,
            f1_0.product_id,
            f1_0.orderby 
        from
            favorite f1_0 
        where
            (
                f1_0.member_id, f1_0.product_id
            ) in ((?, ?))
    16:24:29.776 [pool-2-thread-22] DEBUG org.hibernate.SQL - 
        /* insert for
            com.codepresso.codepresso.entity.member.Favorite */insert 
        into
            favorite (orderby, member_id, product_id) 
        values
            (?, ?, ?)
    16:24:29.776 [pool-2-thread-22] DEBUG c.c.c.s.m.FavoritePessimisticService - 즐겨찾기 추가 성공 : memberId = 22, productId = 1
    16:24:29.776 [pool-2-thread-22] DEBUG c.c.c.s.m.FavoritePessimisticService - 메서드 종료 직전: memberId = 22, productId = 1
    16:24:29.777 [pool-2-thread-22] DEBUG c.c.c.s.m.FavoriteConcurrencyTest - 실패 : Could not commit JPA transaction 
    16:24:29.777 [pool-2-thread-21] DEBUG org.hibernate.SQL - 
        select
            ni1_0.nutrition_info_id,
            ni1_0.caffeine,
            ni1_0.calories,
            ni1_0.carbohydrate,
            ni1_0.cholesterol,
            ni1_0.fat,
            ni1_0.product_id,
            ni1_0.protein,
            ni1_0.saturated_fat,
            ni1_0.sodium,
            ni1_0.sugar,
            ni1_0.trans_fat 
        from
            nutrition_info ni1_0 
        where
            ni1_0.product_id=?
    16:24:29.777 [pool-2-thread-24] DEBUG org.hibernate.SQL - 
        /* SELECT
            p 
        FROM
            Product p 
        WHERE
            p.id = :productId */ select
                p1_0.product_id,
                p1_0.category_id,
                p1_0.favorite_count,
                p1_0.price,
                p1_0.product_content,
                p1_0.product_name,
                p1_0.product_photo,
                p1_0.version 
            from
                product p1_0 
            where
                p1_0.product_id=? for update
    16:24:29.778 [pool-2-thread-21] DEBUG org.hibernate.SQL - 
        select
            f1_0.member_id,
            f1_0.product_id,
            f1_0.orderby 
        from
            favorite f1_0 
        where
            (
                f1_0.member_id, f1_0.product_id
            ) in ((?, ?))
    16:24:29.779 [pool-2-thread-21] DEBUG org.hibernate.SQL - 
        /* insert for
            com.codepresso.codepresso.entity.member.Favorite */insert 
        into
            favorite (orderby, member_id, product_id) 
        values
            (?, ?, ?)
    16:24:29.779 [pool-2-thread-21] DEBUG c.c.c.s.m.FavoritePessimisticService - 즐겨찾기 추가 성공 : memberId = 21, productId = 1
    16:24:29.779 [pool-2-thread-21] DEBUG c.c.c.s.m.FavoritePessimisticService - 메서드 종료 직전: memberId = 21, productId = 1
    16:24:29.780 [pool-2-thread-21] DEBUG c.c.c.s.m.FavoriteConcurrencyTest - 실패 : Could not commit JPA transaction 
    16:24:29.780 [pool-2-thread-23] DEBUG org.hibernate.SQL - 
        select
            ni1_0.nutrition_info_id,
            ni1_0.caffeine,
            ni1_0.calories,
            ni1_0.carbohydrate,
            ni1_0.cholesterol,
            ni1_0.fat,
            ni1_0.product_id,
            ni1_0.protein,
            ni1_0.saturated_fat,
            ni1_0.sodium,
            ni1_0.sugar,
            ni1_0.trans_fat 
        from
            nutrition_info ni1_0 
        where
            ni1_0.product_id=?
    16:24:29.780 [pool-2-thread-26] DEBUG org.hibernate.SQL - 
        /* SELECT
            p 
        FROM
            Product p 
        WHERE
            p.id = :productId */ select
                p1_0.product_id,
                p1_0.category_id,
                p1_0.favorite_count,
                p1_0.price,
                p1_0.product_content,
                p1_0.product_name,
                p1_0.product_photo,
                p1_0.version 
            from
                product p1_0 
            where
                p1_0.product_id=? for update
    16:24:29.781 [pool-2-thread-23] DEBUG org.hibernate.SQL - 
        select
            f1_0.member_id,
            f1_0.product_id,
            f1_0.orderby 
        from
            favorite f1_0 
        where
            (
                f1_0.member_id, f1_0.product_id
            ) in ((?, ?))
    16:24:29.781 [pool-2-thread-23] DEBUG org.hibernate.SQL - 
        /* insert for
            com.codepresso.codepresso.entity.member.Favorite */insert 
        into
            favorite (orderby, member_id, product_id) 
        values
            (?, ?, ?)
    16:24:29.782 [pool-2-thread-23] DEBUG c.c.c.s.m.FavoritePessimisticService - 즐겨찾기 추가 성공 : memberId = 23, productId = 1
    16:24:29.782 [pool-2-thread-23] DEBUG c.c.c.s.m.FavoritePessimisticService - 메서드 종료 직전: memberId = 23, productId = 1
    16:24:29.782 [pool-2-thread-23] DEBUG c.c.c.s.m.FavoriteConcurrencyTest - 실패 : Could not commit JPA transaction 
    16:24:29.782 [pool-2-thread-2] DEBUG org.hibernate.SQL - 
        select
            ni1_0.nutrition_info_id,
            ni1_0.caffeine,
            ni1_0.calories,
            ni1_0.carbohydrate,
            ni1_0.cholesterol,
            ni1_0.fat,
            ni1_0.product_id,
            ni1_0.protein,
            ni1_0.saturated_fat,
            ni1_0.sodium,
            ni1_0.sugar,
            ni1_0.trans_fat 
        from
            nutrition_info ni1_0 
        where
            ni1_0.product_id=?
    16:24:29.782 [pool-2-thread-27] DEBUG org.hibernate.SQL - 
        /* SELECT
            p 
        FROM
            Product p 
        WHERE
            p.id = :productId */ select
                p1_0.product_id,
                p1_0.category_id,
                p1_0.favorite_count,
                p1_0.price,
                p1_0.product_content,
                p1_0.product_name,
                p1_0.product_photo,
                p1_0.version 
            from
                product p1_0 
            where
                p1_0.product_id=? for update
    16:24:29.783 [pool-2-thread-2] DEBUG org.hibernate.SQL - 
        select
            f1_0.member_id,
            f1_0.product_id,
            f1_0.orderby 
        from
            favorite f1_0 
        where
            (
                f1_0.member_id, f1_0.product_id
            ) in ((?, ?))
    16:24:29.784 [pool-2-thread-2] DEBUG org.hibernate.SQL - 
        /* insert for
            com.codepresso.codepresso.entity.member.Favorite */insert 
        into
            favorite (orderby, member_id, product_id) 
        values
            (?, ?, ?)
    16:24:29.784 [pool-2-thread-2] DEBUG c.c.c.s.m.FavoritePessimisticService - 즐겨찾기 추가 성공 : memberId = 2, productId = 1
    16:24:29.784 [pool-2-thread-2] DEBUG c.c.c.s.m.FavoritePessimisticService - 메서드 종료 직전: memberId = 2, productId = 1
    16:24:29.784 [pool-2-thread-2] DEBUG c.c.c.s.m.FavoriteConcurrencyTest - 실패 : Could not commit JPA transaction 
    16:24:29.784 [pool-2-thread-26] DEBUG org.hibernate.SQL - 
        select
            ni1_0.nutrition_info_id,
            ni1_0.caffeine,
            ni1_0.calories,
            ni1_0.carbohydrate,
            ni1_0.cholesterol,
            ni1_0.fat,
            ni1_0.product_id,
            ni1_0.protein,
            ni1_0.saturated_fat,
            ni1_0.sodium,
            ni1_0.sugar,
            ni1_0.trans_fat 
        from
            nutrition_info ni1_0 
        where
            ni1_0.product_id=?
    16:24:29.784 [pool-2-thread-28] DEBUG org.hibernate.SQL - 
        /* SELECT
            p 
        FROM
            Product p 
        WHERE
            p.id = :productId */ select
                p1_0.product_id,
                p1_0.category_id,
                p1_0.favorite_count,
                p1_0.price,
                p1_0.product_content,
                p1_0.product_name,
                p1_0.product_photo,
                p1_0.version 
            from
                product p1_0 
            where
                p1_0.product_id=? for update
    16:24:29.785 [pool-2-thread-26] DEBUG org.hibernate.SQL - 
        select
            f1_0.member_id,
            f1_0.product_id,
            f1_0.orderby 
        from
            favorite f1_0 
        where
            (
                f1_0.member_id, f1_0.product_id
            ) in ((?, ?))
    16:24:29.786 [pool-2-thread-26] DEBUG org.hibernate.SQL - 
        /* insert for
            com.codepresso.codepresso.entity.member.Favorite */insert 
        into
            favorite (orderby, member_id, product_id) 
        values
            (?, ?, ?)
    16:24:29.786 [pool-2-thread-26] DEBUG c.c.c.s.m.FavoritePessimisticService - 즐겨찾기 추가 성공 : memberId = 26, productId = 1
    16:24:29.786 [pool-2-thread-26] DEBUG c.c.c.s.m.FavoritePessimisticService - 메서드 종료 직전: memberId = 26, productId = 1
    16:24:29.786 [pool-2-thread-26] DEBUG c.c.c.s.m.FavoriteConcurrencyTest - 실패 : Could not commit JPA transaction 
    16:24:29.786 [pool-2-thread-27] DEBUG org.hibernate.SQL - 
        select
            ni1_0.nutrition_info_id,
            ni1_0.caffeine,
            ni1_0.calories,
            ni1_0.carbohydrate,
            ni1_0.cholesterol,
            ni1_0.fat,
            ni1_0.product_id,
            ni1_0.protein,
            ni1_0.saturated_fat,
            ni1_0.sodium,
            ni1_0.sugar,
            ni1_0.trans_fat 
        from
            nutrition_info ni1_0 
        where
            ni1_0.product_id=?
    16:24:29.786 [pool-2-thread-29] DEBUG org.hibernate.SQL - 
        /* SELECT
            p 
        FROM
            Product p 
        WHERE
            p.id = :productId */ select
                p1_0.product_id,
                p1_0.category_id,
                p1_0.favorite_count,
                p1_0.price,
                p1_0.product_content,
                p1_0.product_name,
                p1_0.product_photo,
                p1_0.version 
            from
                product p1_0 
            where
                p1_0.product_id=? for update
    16:24:29.787 [pool-2-thread-27] DEBUG org.hibernate.SQL - 
        select
            f1_0.member_id,
            f1_0.product_id,
            f1_0.orderby 
        from
            favorite f1_0 
        where
            (
                f1_0.member_id, f1_0.product_id
            ) in ((?, ?))
    16:24:29.787 [pool-2-thread-27] DEBUG org.hibernate.SQL - 
        /* insert for
            com.codepresso.codepresso.entity.member.Favorite */insert 
        into
            favorite (orderby, member_id, product_id) 
        values
            (?, ?, ?)
    16:24:29.788 [pool-2-thread-27] DEBUG c.c.c.s.m.FavoritePessimisticService - 즐겨찾기 추가 성공 : memberId = 27, productId = 1
    16:24:29.788 [pool-2-thread-27] DEBUG c.c.c.s.m.FavoritePessimisticService - 메서드 종료 직전: memberId = 27, productId = 1
    16:24:29.788 [pool-2-thread-27] DEBUG c.c.c.s.m.FavoriteConcurrencyTest - 실패 : Could not commit JPA transaction 
    16:24:29.788 [pool-2-thread-28] DEBUG org.hibernate.SQL - 
        select
            ni1_0.nutrition_info_id,
            ni1_0.caffeine,
            ni1_0.calories,
            ni1_0.carbohydrate,
            ni1_0.cholesterol,
            ni1_0.fat,
            ni1_0.product_id,
            ni1_0.protein,
            ni1_0.saturated_fat,
            ni1_0.sodium,
            ni1_0.sugar,
            ni1_0.trans_fat 
        from
            nutrition_info ni1_0 
        where
            ni1_0.product_id=?
    16:24:29.788 [pool-2-thread-30] DEBUG org.hibernate.SQL - 
        /* SELECT
            p 
        FROM
            Product p 
        WHERE
            p.id = :productId */ select
                p1_0.product_id,
                p1_0.category_id,
                p1_0.favorite_count,
                p1_0.price,
                p1_0.product_content,
                p1_0.product_name,
                p1_0.product_photo,
                p1_0.version 
            from
                product p1_0 
            where
                p1_0.product_id=? for update
    16:24:29.789 [pool-2-thread-28] DEBUG org.hibernate.SQL - 
        select
            f1_0.member_id,
            f1_0.product_id,
            f1_0.orderby 
        from
            favorite f1_0 
        where
            (
                f1_0.member_id, f1_0.product_id
            ) in ((?, ?))
    16:24:29.789 [pool-2-thread-28] DEBUG org.hibernate.SQL - 
        /* insert for
            com.codepresso.codepresso.entity.member.Favorite */insert 
        into
            favorite (orderby, member_id, product_id) 
        values
            (?, ?, ?)
    16:24:29.789 [pool-2-thread-28] DEBUG c.c.c.s.m.FavoritePessimisticService - 즐겨찾기 추가 성공 : memberId = 28, productId = 1
    16:24:29.789 [pool-2-thread-28] DEBUG c.c.c.s.m.FavoritePessimisticService - 메서드 종료 직전: memberId = 28, productId = 1
    16:24:29.790 [pool-2-thread-28] DEBUG c.c.c.s.m.FavoriteConcurrencyTest - 실패 : Could not commit JPA transaction 
    16:24:29.790 [pool-2-thread-29] DEBUG org.hibernate.SQL - 
        select
            ni1_0.nutrition_info_id,
            ni1_0.caffeine,
            ni1_0.calories,
            ni1_0.carbohydrate,
            ni1_0.cholesterol,
            ni1_0.fat,
            ni1_0.product_id,
            ni1_0.protein,
            ni1_0.saturated_fat,
            ni1_0.sodium,
            ni1_0.sugar,
            ni1_0.trans_fat 
        from
            nutrition_info ni1_0 
        where
            ni1_0.product_id=?
    16:24:29.790 [pool-2-thread-31] DEBUG org.hibernate.SQL - 
        /* SELECT
            p 
        FROM
            Product p 
        WHERE
            p.id = :productId */ select
                p1_0.product_id,
                p1_0.category_id,
                p1_0.favorite_count,
                p1_0.price,
                p1_0.product_content,
                p1_0.product_name,
                p1_0.product_photo,
                p1_0.version 
            from
                product p1_0 
            where
                p1_0.product_id=? for update
    16:24:29.790 [pool-2-thread-29] DEBUG org.hibernate.SQL - 
        select
            f1_0.member_id,
            f1_0.product_id,
            f1_0.orderby 
        from
            favorite f1_0 
        where
            (
                f1_0.member_id, f1_0.product_id
            ) in ((?, ?))
    16:24:29.791 [pool-2-thread-29] DEBUG org.hibernate.SQL - 
        /* insert for
            com.codepresso.codepresso.entity.member.Favorite */insert 
        into
            favorite (orderby, member_id, product_id) 
        values
            (?, ?, ?)
    16:24:29.792 [pool-2-thread-29] DEBUG c.c.c.s.m.FavoritePessimisticService - 즐겨찾기 추가 성공 : memberId = 29, productId = 1
    16:24:29.792 [pool-2-thread-29] DEBUG c.c.c.s.m.FavoritePessimisticService - 메서드 종료 직전: memberId = 29, productId = 1
    16:24:29.792 [pool-2-thread-29] DEBUG c.c.c.s.m.FavoriteConcurrencyTest - 실패 : Could not commit JPA transaction 
    16:24:29.792 [pool-2-thread-25] DEBUG org.hibernate.SQL - 
        select
            ni1_0.nutrition_info_id,
            ni1_0.caffeine,
            ni1_0.calories,
            ni1_0.carbohydrate,
            ni1_0.cholesterol,
            ni1_0.fat,
            ni1_0.product_id,
            ni1_0.protein,
            ni1_0.saturated_fat,
            ni1_0.sodium,
            ni1_0.sugar,
            ni1_0.trans_fat 
        from
            nutrition_info ni1_0 
        where
            ni1_0.product_id=?
    16:24:29.793 [pool-2-thread-32] DEBUG org.hibernate.SQL - 
        /* SELECT
            p 
        FROM
            Product p 
        WHERE
            p.id = :productId */ select
                p1_0.product_id,
                p1_0.category_id,
                p1_0.favorite_count,
                p1_0.price,
                p1_0.product_content,
                p1_0.product_name,
                p1_0.product_photo,
                p1_0.version 
            from
                product p1_0 
            where
                p1_0.product_id=? for update
    16:24:29.793 [pool-2-thread-25] DEBUG org.hibernate.SQL - 
        select
            f1_0.member_id,
            f1_0.product_id,
            f1_0.orderby 
        from
            favorite f1_0 
        where
            (
                f1_0.member_id, f1_0.product_id
            ) in ((?, ?))
    16:24:29.794 [pool-2-thread-25] DEBUG org.hibernate.SQL - 
        /* insert for
            com.codepresso.codepresso.entity.member.Favorite */insert 
        into
            favorite (orderby, member_id, product_id) 
        values
            (?, ?, ?)
    16:24:29.795 [pool-2-thread-25] DEBUG c.c.c.s.m.FavoritePessimisticService - 즐겨찾기 추가 성공 : memberId = 25, productId = 1
    16:24:29.795 [pool-2-thread-25] DEBUG c.c.c.s.m.FavoritePessimisticService - 메서드 종료 직전: memberId = 25, productId = 1
    16:24:29.795 [pool-2-thread-25] DEBUG c.c.c.s.m.FavoriteConcurrencyTest - 실패 : Could not commit JPA transaction 
    16:24:29.796 [pool-2-thread-31] DEBUG org.hibernate.SQL - 
        select
            ni1_0.nutrition_info_id,
            ni1_0.caffeine,
            ni1_0.calories,
            ni1_0.carbohydrate,
            ni1_0.cholesterol,
            ni1_0.fat,
            ni1_0.product_id,
            ni1_0.protein,
            ni1_0.saturated_fat,
            ni1_0.sodium,
            ni1_0.sugar,
            ni1_0.trans_fat 
        from
            nutrition_info ni1_0 
        where
            ni1_0.product_id=?
    16:24:29.796 [pool-2-thread-33] DEBUG org.hibernate.SQL - 
        /* SELECT
            p 
        FROM
            Product p 
        WHERE
            p.id = :productId */ select
                p1_0.product_id,
                p1_0.category_id,
                p1_0.favorite_count,
                p1_0.price,
                p1_0.product_content,
                p1_0.product_name,
                p1_0.product_photo,
                p1_0.version 
            from
                product p1_0 
            where
                p1_0.product_id=? for update
    16:24:29.797 [pool-2-thread-31] DEBUG org.hibernate.SQL - 
        select
            f1_0.member_id,
            f1_0.product_id,
            f1_0.orderby 
        from
            favorite f1_0 
        where
            (
                f1_0.member_id, f1_0.product_id
            ) in ((?, ?))
    16:24:29.797 [pool-2-thread-31] DEBUG org.hibernate.SQL - 
        /* insert for
            com.codepresso.codepresso.entity.member.Favorite */insert 
        into
            favorite (orderby, member_id, product_id) 
        values
            (?, ?, ?)
    16:24:29.797 [pool-2-thread-31] DEBUG c.c.c.s.m.FavoritePessimisticService - 즐겨찾기 추가 성공 : memberId = 31, productId = 1
    16:24:29.797 [pool-2-thread-31] DEBUG c.c.c.s.m.FavoritePessimisticService - 메서드 종료 직전: memberId = 31, productId = 1
    16:24:29.798 [pool-2-thread-31] DEBUG c.c.c.s.m.FavoriteConcurrencyTest - 실패 : Could not commit JPA transaction 
    16:24:29.798 [pool-2-thread-32] DEBUG org.hibernate.SQL - 
        select
            ni1_0.nutrition_info_id,
            ni1_0.caffeine,
            ni1_0.calories,
            ni1_0.carbohydrate,
            ni1_0.cholesterol,
            ni1_0.fat,
            ni1_0.product_id,
            ni1_0.protein,
            ni1_0.saturated_fat,
            ni1_0.sodium,
            ni1_0.sugar,
            ni1_0.trans_fat 
        from
            nutrition_info ni1_0 
        where
            ni1_0.product_id=?
    16:24:29.798 [pool-2-thread-34] DEBUG org.hibernate.SQL - 
        /* SELECT
            p 
        FROM
            Product p 
        WHERE
            p.id = :productId */ select
                p1_0.product_id,
                p1_0.category_id,
                p1_0.favorite_count,
                p1_0.price,
                p1_0.product_content,
                p1_0.product_name,
                p1_0.product_photo,
                p1_0.version 
            from
                product p1_0 
            where
                p1_0.product_id=? for update
    16:24:29.798 [pool-2-thread-32] DEBUG org.hibernate.SQL - 
        select
            f1_0.member_id,
            f1_0.product_id,
            f1_0.orderby 
        from
            favorite f1_0 
        where
            (
                f1_0.member_id, f1_0.product_id
            ) in ((?, ?))
    16:24:29.799 [pool-2-thread-32] DEBUG org.hibernate.SQL - 
        /* insert for
            com.codepresso.codepresso.entity.member.Favorite */insert 
        into
            favorite (orderby, member_id, product_id) 
        values
            (?, ?, ?)
    16:24:29.799 [pool-2-thread-32] DEBUG c.c.c.s.m.FavoritePessimisticService - 즐겨찾기 추가 성공 : memberId = 32, productId = 1
    16:24:29.799 [pool-2-thread-32] DEBUG c.c.c.s.m.FavoritePessimisticService - 메서드 종료 직전: memberId = 32, productId = 1
    16:24:29.800 [pool-2-thread-32] DEBUG c.c.c.s.m.FavoriteConcurrencyTest - 실패 : Could not commit JPA transaction 
    16:24:29.800 [pool-2-thread-390] DEBUG org.hibernate.SQL - 
        select
            ni1_0.nutrition_info_id,
            ni1_0.caffeine,
            ni1_0.calories,
            ni1_0.carbohydrate,
            ni1_0.cholesterol,
            ni1_0.fat,
            ni1_0.product_id,
            ni1_0.protein,
            ni1_0.saturated_fat,
            ni1_0.sodium,
            ni1_0.sugar,
            ni1_0.trans_fat 
        from
            nutrition_info ni1_0 
        where
            ni1_0.product_id=?
    16:24:29.800 [pool-2-thread-35] DEBUG org.hibernate.SQL - 
        /* SELECT
            p 
        FROM
            Product p 
        WHERE
            p.id = :productId */ select
                p1_0.product_id,
                p1_0.category_id,
                p1_0.favorite_count,
                p1_0.price,
                p1_0.product_content,
                p1_0.product_name,
                p1_0.product_photo,
                p1_0.version 
            from
                product p1_0 
            where
                p1_0.product_id=? for update
    16:24:29.800 [pool-2-thread-390] DEBUG org.hibernate.SQL - 
        select
            f1_0.member_id,
            f1_0.product_id,
            f1_0.orderby 
        from
            favorite f1_0 
        where
            (
                f1_0.member_id, f1_0.product_id
            ) in ((?, ?))
    16:24:29.801 [pool-2-thread-390] DEBUG org.hibernate.SQL - 
        /* insert for
            com.codepresso.codepresso.entity.member.Favorite */insert 
        into
            favorite (orderby, member_id, product_id) 
        values
            (?, ?, ?)
    16:24:29.801 [pool-2-thread-390] DEBUG c.c.c.s.m.FavoritePessimisticService - 즐겨찾기 추가 성공 : memberId = 390, productId = 1
    16:24:29.801 [pool-2-thread-390] DEBUG c.c.c.s.m.FavoritePessimisticService - 메서드 종료 직전: memberId = 390, productId = 1
    16:24:29.802 [pool-2-thread-390] DEBUG c.c.c.s.m.FavoriteConcurrencyTest - 실패 : Could not commit JPA transaction 
    16:24:29.802 [pool-2-thread-34] DEBUG org.hibernate.SQL - 
        select
            ni1_0.nutrition_info_id,
            ni1_0.caffeine,
            ni1_0.calories,
            ni1_0.carbohydrate,
            ni1_0.cholesterol,
            ni1_0.fat,
            ni1_0.product_id,
            ni1_0.protein,
            ni1_0.saturated_fat,
            ni1_0.sodium,
            ni1_0.sugar,
            ni1_0.trans_fat 
        from
            nutrition_info ni1_0 
        where
            ni1_0.product_id=?
    16:24:29.802 [pool-2-thread-36] DEBUG org.hibernate.SQL - 
        /* SELECT
            p 
        FROM
            Product p 
        WHERE
            p.id = :productId */ select
                p1_0.product_id,
                p1_0.category_id,
                p1_0.favorite_count,
                p1_0.price,
                p1_0.product_content,
                p1_0.product_name,
                p1_0.product_photo,
                p1_0.version 
            from
                product p1_0 
            where
                p1_0.product_id=? for update
    16:24:29.802 [pool-2-thread-34] DEBUG org.hibernate.SQL - 
        select
            f1_0.member_id,
            f1_0.product_id,
            f1_0.orderby 
        from
            favorite f1_0 
        where
            (
                f1_0.member_id, f1_0.product_id
            ) in ((?, ?))
    16:24:29.803 [pool-2-thread-34] DEBUG org.hibernate.SQL - 
        /* insert for
            com.codepresso.codepresso.entity.member.Favorite */insert 
        into
            favorite (orderby, member_id, product_id) 
        values
            (?, ?, ?)
    16:24:29.803 [pool-2-thread-34] DEBUG c.c.c.s.m.FavoritePessimisticService - 즐겨찾기 추가 성공 : memberId = 34, productId = 1
    16:24:29.803 [pool-2-thread-34] DEBUG c.c.c.s.m.FavoritePessimisticService - 메서드 종료 직전: memberId = 34, productId = 1
    16:24:29.804 [pool-2-thread-34] DEBUG c.c.c.s.m.FavoriteConcurrencyTest - 실패 : Could not commit JPA transaction 
    16:24:29.804 [pool-2-thread-35] DEBUG org.hibernate.SQL - 
        select
            ni1_0.nutrition_info_id,
            ni1_0.caffeine,
            ni1_0.calories,
            ni1_0.carbohydrate,
            ni1_0.cholesterol,
            ni1_0.fat,
            ni1_0.product_id,
            ni1_0.protein,
            ni1_0.saturated_fat,
            ni1_0.sodium,
            ni1_0.sugar,
            ni1_0.trans_fat 
        from
            nutrition_info ni1_0 
        where
            ni1_0.product_id=?
    16:24:29.804 [pool-2-thread-37] DEBUG org.hibernate.SQL - 
        /* SELECT
            p 
        FROM
            Product p 
        WHERE
            p.id = :productId */ select
                p1_0.product_id,
                p1_0.category_id,
                p1_0.favorite_count,
                p1_0.price,
                p1_0.product_content,
                p1_0.product_name,
                p1_0.product_photo,
                p1_0.version 
            from
                product p1_0 
            where
                p1_0.product_id=? for update
    16:24:29.804 [pool-2-thread-35] DEBUG org.hibernate.SQL - 
        select
            f1_0.member_id,
            f1_0.product_id,
            f1_0.orderby 
        from
            favorite f1_0 
        where
            (
                f1_0.member_id, f1_0.product_id
            ) in ((?, ?))
    16:24:29.805 [pool-2-thread-35] DEBUG org.hibernate.SQL - 
        /* insert for
            com.codepresso.codepresso.entity.member.Favorite */insert 
        into
            favorite (orderby, member_id, product_id) 
        values
            (?, ?, ?)
    16:24:29.805 [pool-2-thread-35] DEBUG c.c.c.s.m.FavoritePessimisticService - 즐겨찾기 추가 성공 : memberId = 35, productId = 1
    16:24:29.805 [pool-2-thread-35] DEBUG c.c.c.s.m.FavoritePessimisticService - 메서드 종료 직전: memberId = 35, productId = 1
    16:24:29.806 [pool-2-thread-35] DEBUG c.c.c.s.m.FavoriteConcurrencyTest - 실패 : Could not commit JPA transaction 
    16:24:29.806 [pool-2-thread-19] DEBUG org.hibernate.SQL - 
        select
            ni1_0.nutrition_info_id,
            ni1_0.caffeine,
            ni1_0.calories,
            ni1_0.carbohydrate,
            ni1_0.cholesterol,
            ni1_0.fat,
            ni1_0.product_id,
            ni1_0.protein,
            ni1_0.saturated_fat,
            ni1_0.sodium,
            ni1_0.sugar,
            ni1_0.trans_fat 
        from
            nutrition_info ni1_0 
        where
            ni1_0.product_id=?
    16:24:29.806 [pool-2-thread-38] DEBUG org.hibernate.SQL - 
        /* SELECT
            p 
        FROM
            Product p 
        WHERE
            p.id = :productId */ select
                p1_0.product_id,
                p1_0.category_id,
                p1_0.favorite_count,
                p1_0.price,
                p1_0.product_content,
                p1_0.product_name,
                p1_0.product_photo,
                p1_0.version 
            from
                product p1_0 
            where
                p1_0.product_id=? for update
    16:24:29.806 [pool-2-thread-19] DEBUG org.hibernate.SQL - 
        select
            f1_0.member_id,
            f1_0.product_id,
            f1_0.orderby 
        from
            favorite f1_0 
        where
            (
                f1_0.member_id, f1_0.product_id
            ) in ((?, ?))
    16:24:29.807 [pool-2-thread-19] DEBUG org.hibernate.SQL - 
        /* insert for
            com.codepresso.codepresso.entity.member.Favorite */insert 
        into
            favorite (orderby, member_id, product_id) 
        values
            (?, ?, ?)
    16:24:29.808 [pool-2-thread-19] DEBUG c.c.c.s.m.FavoritePessimisticService - 즐겨찾기 추가 성공 : memberId = 19, productId = 1
    16:24:29.808 [pool-2-thread-19] DEBUG c.c.c.s.m.FavoritePessimisticService - 메서드 종료 직전: memberId = 19, productId = 1
    16:24:29.808 [pool-2-thread-19] DEBUG c.c.c.s.m.FavoriteConcurrencyTest - 실패 : Could not commit JPA transaction 
    16:24:29.808 [pool-2-thread-38] DEBUG org.hibernate.SQL - 
        select
            ni1_0.nutrition_info_id,
            ni1_0.caffeine,
            ni1_0.calories,
            ni1_0.carbohydrate,
            ni1_0.cholesterol,
            ni1_0.fat,
            ni1_0.product_id,
            ni1_0.protein,
            ni1_0.saturated_fat,
            ni1_0.sodium,
            ni1_0.sugar,
            ni1_0.trans_fat 
        from
            nutrition_info ni1_0 
        where
            ni1_0.product_id=?
    16:24:29.809 [pool-2-thread-39] DEBUG org.hibernate.SQL - 
        /* SELECT
            p 
        FROM
            Product p 
        WHERE
            p.id = :productId */ select
                p1_0.product_id,
                p1_0.category_id,
                p1_0.favorite_count,
                p1_0.price,
                p1_0.product_content,
                p1_0.product_name,
                p1_0.product_photo,
                p1_0.version 
            from
                product p1_0 
            where
                p1_0.product_id=? for update
    16:24:29.809 [pool-2-thread-38] DEBUG org.hibernate.SQL - 
        select
            f1_0.member_id,
            f1_0.product_id,
            f1_0.orderby 
        from
            favorite f1_0 
        where
            (
                f1_0.member_id, f1_0.product_id
            ) in ((?, ?))
    16:24:29.810 [pool-2-thread-38] DEBUG org.hibernate.SQL - 
        /* insert for
            com.codepresso.codepresso.entity.member.Favorite */insert 
        into
            favorite (orderby, member_id, product_id) 
        values
            (?, ?, ?)
    16:24:29.810 [pool-2-thread-38] DEBUG c.c.c.s.m.FavoritePessimisticService - 즐겨찾기 추가 성공 : memberId = 38, productId = 1
    16:24:29.810 [pool-2-thread-38] DEBUG c.c.c.s.m.FavoritePessimisticService - 메서드 종료 직전: memberId = 38, productId = 1
    16:24:29.810 [pool-2-thread-38] DEBUG c.c.c.s.m.FavoriteConcurrencyTest - 실패 : Could not commit JPA transaction 
    16:24:29.810 [pool-2-thread-37] DEBUG org.hibernate.SQL - 
        select
            ni1_0.nutrition_info_id,
            ni1_0.caffeine,
            ni1_0.calories,
            ni1_0.carbohydrate,
            ni1_0.cholesterol,
            ni1_0.fat,
            ni1_0.product_id,
            ni1_0.protein,
            ni1_0.saturated_fat,
            ni1_0.sodium,
            ni1_0.sugar,
            ni1_0.trans_fat 
        from
            nutrition_info ni1_0 
        where
            ni1_0.product_id=?
    16:24:29.811 [pool-2-thread-40] DEBUG org.hibernate.SQL - 
        /* SELECT
            p 
        FROM
            Product p 
        WHERE
            p.id = :productId */ select
                p1_0.product_id,
                p1_0.category_id,
                p1_0.favorite_count,
                p1_0.price,
                p1_0.product_content,
                p1_0.product_name,
                p1_0.product_photo,
                p1_0.version 
            from
                product p1_0 
            where
                p1_0.product_id=? for update
    16:24:29.811 [pool-2-thread-37] DEBUG org.hibernate.SQL - 
        select
            f1_0.member_id,
            f1_0.product_id,
            f1_0.orderby 
        from
            favorite f1_0 
        where
            (
                f1_0.member_id, f1_0.product_id
            ) in ((?, ?))
    16:24:29.812 [pool-2-thread-37] DEBUG org.hibernate.SQL - 
        /* insert for
            com.codepresso.codepresso.entity.member.Favorite */insert 
        into
            favorite (orderby, member_id, product_id) 
        values
            (?, ?, ?)
    16:24:29.812 [pool-2-thread-37] DEBUG c.c.c.s.m.FavoritePessimisticService - 즐겨찾기 추가 성공 : memberId = 37, productId = 1
    16:24:29.812 [pool-2-thread-37] DEBUG c.c.c.s.m.FavoritePessimisticService - 메서드 종료 직전: memberId = 37, productId = 1
    16:24:29.813 [pool-2-thread-37] DEBUG c.c.c.s.m.FavoriteConcurrencyTest - 실패 : Could not commit JPA transaction 
    16:24:29.813 [pool-2-thread-39] DEBUG org.hibernate.SQL - 
        select
            ni1_0.nutrition_info_id,
            ni1_0.caffeine,
            ni1_0.calories,
            ni1_0.carbohydrate,
            ni1_0.cholesterol,
            ni1_0.fat,
            ni1_0.product_id,
            ni1_0.protein,
            ni1_0.saturated_fat,
            ni1_0.sodium,
            ni1_0.sugar,
            ni1_0.trans_fat 
        from
            nutrition_info ni1_0 
        where
            ni1_0.product_id=?
    16:24:29.813 [pool-2-thread-41] DEBUG org.hibernate.SQL - 
        /* SELECT
            p 
        FROM
            Product p 
        WHERE
            p.id = :productId */ select
                p1_0.product_id,
                p1_0.category_id,
                p1_0.favorite_count,
                p1_0.price,
                p1_0.product_content,
                p1_0.product_name,
                p1_0.product_photo,
                p1_0.version 
            from
                product p1_0 
            where
                p1_0.product_id=? for update
    16:24:29.813 [pool-2-thread-39] DEBUG org.hibernate.SQL - 
        select
            f1_0.member_id,
            f1_0.product_id,
            f1_0.orderby 
        from
            favorite f1_0 
        where
            (
                f1_0.member_id, f1_0.product_id
            ) in ((?, ?))
    16:24:29.814 [pool-2-thread-39] DEBUG org.hibernate.SQL - 
        /* insert for
            com.codepresso.codepresso.entity.member.Favorite */insert 
        into
            favorite (orderby, member_id, product_id) 
        values
            (?, ?, ?)
    16:24:29.815 [pool-2-thread-39] DEBUG c.c.c.s.m.FavoritePessimisticService - 즐겨찾기 추가 성공 : memberId = 39, productId = 1
    16:24:29.815 [pool-2-thread-39] DEBUG c.c.c.s.m.FavoritePessimisticService - 메서드 종료 직전: memberId = 39, productId = 1
    16:24:29.816 [pool-2-thread-39] DEBUG c.c.c.s.m.FavoriteConcurrencyTest - 실패 : Could not commit JPA transaction 
    16:24:29.816 [pool-2-thread-40] DEBUG org.hibernate.SQL - 
        select
            ni1_0.nutrition_info_id,
            ni1_0.caffeine,
            ni1_0.calories,
            ni1_0.carbohydrate,
            ni1_0.cholesterol,
            ni1_0.fat,
            ni1_0.product_id,
            ni1_0.protein,
            ni1_0.saturated_fat,
            ni1_0.sodium,
            ni1_0.sugar,
            ni1_0.trans_fat 
        from
            nutrition_info ni1_0 
        where
            ni1_0.product_id=?
    16:24:29.816 [pool-2-thread-42] DEBUG org.hibernate.SQL - 
        /* SELECT
            p 
        FROM
            Product p 
        WHERE
            p.id = :productId */ select
                p1_0.product_id,
                p1_0.category_id,
                p1_0.favorite_count,
                p1_0.price,
                p1_0.product_content,
                p1_0.product_name,
                p1_0.product_photo,
                p1_0.version 
            from
                product p1_0 
            where
                p1_0.product_id=? for update
    16:24:29.817 [pool-2-thread-40] DEBUG org.hibernate.SQL - 
        select
            f1_0.member_id,
            f1_0.product_id,
            f1_0.orderby 
        from
            favorite f1_0 
        where
            (
                f1_0.member_id, f1_0.product_id
            ) in ((?, ?))
    16:24:29.818 [pool-2-thread-40] DEBUG org.hibernate.SQL - 
        /* insert for
            com.codepresso.codepresso.entity.member.Favorite */insert 
        into
            favorite (orderby, member_id, product_id) 
        values
            (?, ?, ?)
    16:24:29.818 [pool-2-thread-40] DEBUG c.c.c.s.m.FavoritePessimisticService - 즐겨찾기 추가 성공 : memberId = 40, productId = 1
    16:24:29.818 [pool-2-thread-40] DEBUG c.c.c.s.m.FavoritePessimisticService - 메서드 종료 직전: memberId = 40, productId = 1
    16:24:29.818 [pool-2-thread-40] DEBUG c.c.c.s.m.FavoriteConcurrencyTest - 실패 : Could not commit JPA transaction 
    16:24:29.818 [pool-2-thread-41] DEBUG org.hibernate.SQL - 
        select
            ni1_0.nutrition_info_id,
            ni1_0.caffeine,
            ni1_0.calories,
            ni1_0.carbohydrate,
            ni1_0.cholesterol,
            ni1_0.fat,
            ni1_0.product_id,
            ni1_0.protein,
            ni1_0.saturated_fat,
            ni1_0.sodium,
            ni1_0.sugar,
            ni1_0.trans_fat 
        from
            nutrition_info ni1_0 
        where
            ni1_0.product_id=?
    16:24:29.819 [pool-2-thread-43] DEBUG org.hibernate.SQL - 
        /* SELECT
            p 
        FROM
            Product p 
        WHERE
            p.id = :productId */ select
                p1_0.product_id,
                p1_0.category_id,
                p1_0.favorite_count,
                p1_0.price,
                p1_0.product_content,
                p1_0.product_name,
                p1_0.product_photo,
                p1_0.version 
            from
                product p1_0 
            where
                p1_0.product_id=? for update
    16:24:29.819 [pool-2-thread-41] DEBUG org.hibernate.SQL - 
        select
            f1_0.member_id,
            f1_0.product_id,
            f1_0.orderby 
        from
            favorite f1_0 
        where
            (
                f1_0.member_id, f1_0.product_id
            ) in ((?, ?))
    16:24:29.819 [pool-2-thread-41] DEBUG org.hibernate.SQL - 
        /* insert for
            com.codepresso.codepresso.entity.member.Favorite */insert 
        into
            favorite (orderby, member_id, product_id) 
        values
            (?, ?, ?)
    16:24:29.820 [pool-2-thread-41] DEBUG c.c.c.s.m.FavoritePessimisticService - 즐겨찾기 추가 성공 : memberId = 41, productId = 1
    16:24:29.820 [pool-2-thread-41] DEBUG c.c.c.s.m.FavoritePessimisticService - 메서드 종료 직전: memberId = 41, productId = 1
    16:24:29.820 [pool-2-thread-41] DEBUG c.c.c.s.m.FavoriteConcurrencyTest - 실패 : Could not commit JPA transaction 
    16:24:29.820 [pool-2-thread-30] DEBUG org.hibernate.SQL - 
        select
            ni1_0.nutrition_info_id,
            ni1_0.caffeine,
            ni1_0.calories,
            ni1_0.carbohydrate,
            ni1_0.cholesterol,
            ni1_0.fat,
            ni1_0.product_id,
            ni1_0.protein,
            ni1_0.saturated_fat,
            ni1_0.sodium,
            ni1_0.sugar,
            ni1_0.trans_fat 
        from
            nutrition_info ni1_0 
        where
            ni1_0.product_id=?
    16:24:29.820 [pool-2-thread-44] DEBUG org.hibernate.SQL - 
        /* SELECT
            p 
        FROM
            Product p 
        WHERE
            p.id = :productId */ select
                p1_0.product_id,
                p1_0.category_id,
                p1_0.favorite_count,
                p1_0.price,
                p1_0.product_content,
                p1_0.product_name,
                p1_0.product_photo,
                p1_0.version 
            from
                product p1_0 
            where
                p1_0.product_id=? for update
    16:24:29.821 [pool-2-thread-30] DEBUG org.hibernate.SQL - 
        select
            f1_0.member_id,
            f1_0.product_id,
            f1_0.orderby 
        from
            favorite f1_0 
        where
            (
                f1_0.member_id, f1_0.product_id
            ) in ((?, ?))
    16:24:29.821 [pool-2-thread-30] DEBUG org.hibernate.SQL - 
        /* insert for
            com.codepresso.codepresso.entity.member.Favorite */insert 
        into
            favorite (orderby, member_id, product_id) 
        values
            (?, ?, ?)
    16:24:29.821 [pool-2-thread-30] DEBUG c.c.c.s.m.FavoritePessimisticService - 즐겨찾기 추가 성공 : memberId = 30, productId = 1
    16:24:29.821 [pool-2-thread-30] DEBUG c.c.c.s.m.FavoritePessimisticService - 메서드 종료 직전: memberId = 30, productId = 1
    16:24:29.822 [pool-2-thread-30] DEBUG c.c.c.s.m.FavoriteConcurrencyTest - 실패 : Could not commit JPA transaction 
    16:24:29.822 [pool-2-thread-43] DEBUG org.hibernate.SQL - 
        select
            ni1_0.nutrition_info_id,
            ni1_0.caffeine,
            ni1_0.calories,
            ni1_0.carbohydrate,
            ni1_0.cholesterol,
            ni1_0.fat,
            ni1_0.product_id,
            ni1_0.protein,
            ni1_0.saturated_fat,
            ni1_0.sodium,
            ni1_0.sugar,
            ni1_0.trans_fat 
        from
            nutrition_info ni1_0 
        where
            ni1_0.product_id=?
    16:24:29.822 [pool-2-thread-45] DEBUG org.hibernate.SQL - 
        /* SELECT
            p 
        FROM
            Product p 
        WHERE
            p.id = :productId */ select
                p1_0.product_id,
                p1_0.category_id,
                p1_0.favorite_count,
                p1_0.price,
                p1_0.product_content,
                p1_0.product_name,
                p1_0.product_photo,
                p1_0.version 
            from
                product p1_0 
            where
                p1_0.product_id=? for update
    16:24:29.822 [pool-2-thread-43] DEBUG org.hibernate.SQL - 
        select
            f1_0.member_id,
            f1_0.product_id,
            f1_0.orderby 
        from
            favorite f1_0 
        where
            (
                f1_0.member_id, f1_0.product_id
            ) in ((?, ?))
    16:24:29.823 [pool-2-thread-43] DEBUG org.hibernate.SQL - 
        /* insert for
            com.codepresso.codepresso.entity.member.Favorite */insert 
        into
            favorite (orderby, member_id, product_id) 
        values
            (?, ?, ?)
    16:24:29.823 [pool-2-thread-43] DEBUG c.c.c.s.m.FavoritePessimisticService - 즐겨찾기 추가 성공 : memberId = 43, productId = 1
    16:24:29.823 [pool-2-thread-43] DEBUG c.c.c.s.m.FavoritePessimisticService - 메서드 종료 직전: memberId = 43, productId = 1
    16:24:29.823 [pool-2-thread-43] DEBUG c.c.c.s.m.FavoriteConcurrencyTest - 실패 : Could not commit JPA transaction 
    16:24:29.823 [pool-2-thread-44] DEBUG org.hibernate.SQL - 
        select
            ni1_0.nutrition_info_id,
            ni1_0.caffeine,
            ni1_0.calories,
            ni1_0.carbohydrate,
            ni1_0.cholesterol,
            ni1_0.fat,
            ni1_0.product_id,
            ni1_0.protein,
            ni1_0.saturated_fat,
            ni1_0.sodium,
            ni1_0.sugar,
            ni1_0.trans_fat 
        from
            nutrition_info ni1_0 
        where
            ni1_0.product_id=?
    16:24:29.824 [pool-2-thread-46] DEBUG org.hibernate.SQL - 
        /* SELECT
            p 
        FROM
            Product p 
        WHERE
            p.id = :productId */ select
                p1_0.product_id,
                p1_0.category_id,
                p1_0.favorite_count,
                p1_0.price,
                p1_0.product_content,
                p1_0.product_name,
                p1_0.product_photo,
                p1_0.version 
            from
                product p1_0 
            where
                p1_0.product_id=? for update
    16:24:29.824 [pool-2-thread-44] DEBUG org.hibernate.SQL - 
        select
            f1_0.member_id,
            f1_0.product_id,
            f1_0.orderby 
        from
            favorite f1_0 
        where
            (
                f1_0.member_id, f1_0.product_id
            ) in ((?, ?))
    16:24:29.825 [pool-2-thread-44] DEBUG org.hibernate.SQL - 
        /* insert for
            com.codepresso.codepresso.entity.member.Favorite */insert 
        into
            favorite (orderby, member_id, product_id) 
        values
            (?, ?, ?)
    16:24:29.825 [pool-2-thread-44] DEBUG c.c.c.s.m.FavoritePessimisticService - 즐겨찾기 추가 성공 : memberId = 44, productId = 1
    16:24:29.825 [pool-2-thread-44] DEBUG c.c.c.s.m.FavoritePessimisticService - 메서드 종료 직전: memberId = 44, productId = 1
    16:24:29.825 [pool-2-thread-44] DEBUG c.c.c.s.m.FavoriteConcurrencyTest - 실패 : Could not commit JPA transaction 
    16:24:29.825 [pool-2-thread-45] DEBUG org.hibernate.SQL - 
        select
            ni1_0.nutrition_info_id,
            ni1_0.caffeine,
            ni1_0.calories,
            ni1_0.carbohydrate,
            ni1_0.cholesterol,
            ni1_0.fat,
            ni1_0.product_id,
            ni1_0.protein,
            ni1_0.saturated_fat,
            ni1_0.sodium,
            ni1_0.sugar,
            ni1_0.trans_fat 
        from
            nutrition_info ni1_0 
        where
            ni1_0.product_id=?
    16:24:29.826 [pool-2-thread-47] DEBUG org.hibernate.SQL - 
        /* SELECT
            p 
        FROM
            Product p 
        WHERE
            p.id = :productId */ select
                p1_0.product_id,
                p1_0.category_id,
                p1_0.favorite_count,
                p1_0.price,
                p1_0.product_content,
                p1_0.product_name,
                p1_0.product_photo,
                p1_0.version 
            from
                product p1_0 
            where
                p1_0.product_id=? for update
    16:24:29.826 [pool-2-thread-45] DEBUG org.hibernate.SQL - 
        select
            f1_0.member_id,
            f1_0.product_id,
            f1_0.orderby 
        from
            favorite f1_0 
        where
            (
                f1_0.member_id, f1_0.product_id
            ) in ((?, ?))
    16:24:29.827 [pool-2-thread-45] DEBUG org.hibernate.SQL - 
        /* insert for
            com.codepresso.codepresso.entity.member.Favorite */insert 
        into
            favorite (orderby, member_id, product_id) 
        values
            (?, ?, ?)
    16:24:29.827 [pool-2-thread-45] DEBUG c.c.c.s.m.FavoritePessimisticService - 즐겨찾기 추가 성공 : memberId = 45, productId = 1
    16:24:29.827 [pool-2-thread-45] DEBUG c.c.c.s.m.FavoritePessimisticService - 메서드 종료 직전: memberId = 45, productId = 1
    16:24:29.828 [pool-2-thread-45] DEBUG c.c.c.s.m.FavoriteConcurrencyTest - 실패 : Could not commit JPA transaction 
    16:24:29.828 [pool-2-thread-46] DEBUG org.hibernate.SQL - 
        select
            ni1_0.nutrition_info_id,
            ni1_0.caffeine,
            ni1_0.calories,
            ni1_0.carbohydrate,
            ni1_0.cholesterol,
            ni1_0.fat,
            ni1_0.product_id,
            ni1_0.protein,
            ni1_0.saturated_fat,
            ni1_0.sodium,
            ni1_0.sugar,
            ni1_0.trans_fat 
        from
            nutrition_info ni1_0 
        where
            ni1_0.product_id=?
    16:24:29.828 [pool-2-thread-48] DEBUG org.hibernate.SQL - 
        /* SELECT
            p 
        FROM
            Product p 
        WHERE
            p.id = :productId */ select
                p1_0.product_id,
                p1_0.category_id,
                p1_0.favorite_count,
                p1_0.price,
                p1_0.product_content,
                p1_0.product_name,
                p1_0.product_photo,
                p1_0.version 
            from
                product p1_0 
            where
                p1_0.product_id=? for update
    16:24:29.829 [pool-2-thread-46] DEBUG org.hibernate.SQL - 
        select
            f1_0.member_id,
            f1_0.product_id,
            f1_0.orderby 
        from
            favorite f1_0 
        where
            (
                f1_0.member_id, f1_0.product_id
            ) in ((?, ?))
    16:24:29.829 [pool-2-thread-46] DEBUG org.hibernate.SQL - 
        /* insert for
            com.codepresso.codepresso.entity.member.Favorite */insert 
        into
            favorite (orderby, member_id, product_id) 
        values
            (?, ?, ?)
    16:24:29.830 [pool-2-thread-46] DEBUG c.c.c.s.m.FavoritePessimisticService - 즐겨찾기 추가 성공 : memberId = 46, productId = 1
    16:24:29.830 [pool-2-thread-46] DEBUG c.c.c.s.m.FavoritePessimisticService - 메서드 종료 직전: memberId = 46, productId = 1
    16:24:29.830 [pool-2-thread-46] DEBUG c.c.c.s.m.FavoriteConcurrencyTest - 실패 : Could not commit JPA transaction 
    16:24:29.830 [pool-2-thread-47] DEBUG org.hibernate.SQL - 
        select
            ni1_0.nutrition_info_id,
            ni1_0.caffeine,
            ni1_0.calories,
            ni1_0.carbohydrate,
            ni1_0.cholesterol,
            ni1_0.fat,
            ni1_0.product_id,
            ni1_0.protein,
            ni1_0.saturated_fat,
            ni1_0.sodium,
            ni1_0.sugar,
            ni1_0.trans_fat 
        from
            nutrition_info ni1_0 
        where
            ni1_0.product_id=?
    16:24:29.830 [pool-2-thread-49] DEBUG org.hibernate.SQL - 
        /* SELECT
            p 
        FROM
            Product p 
        WHERE
            p.id = :productId */ select
                p1_0.product_id,
                p1_0.category_id,
                p1_0.favorite_count,
                p1_0.price,
                p1_0.product_content,
                p1_0.product_name,
                p1_0.product_photo,
                p1_0.version 
            from
                product p1_0 
            where
                p1_0.product_id=? for update
    16:24:29.830 [pool-2-thread-47] DEBUG org.hibernate.SQL - 
        select
            f1_0.member_id,
            f1_0.product_id,
            f1_0.orderby 
        from
            favorite f1_0 
        where
            (
                f1_0.member_id, f1_0.product_id
            ) in ((?, ?))
    16:24:29.831 [pool-2-thread-47] DEBUG org.hibernate.SQL - 
        /* insert for
            com.codepresso.codepresso.entity.member.Favorite */insert 
        into
            favorite (orderby, member_id, product_id) 
        values
            (?, ?, ?)
    16:24:29.831 [pool-2-thread-47] DEBUG c.c.c.s.m.FavoritePessimisticService - 즐겨찾기 추가 성공 : memberId = 47, productId = 1
    16:24:29.831 [pool-2-thread-47] DEBUG c.c.c.s.m.FavoritePessimisticService - 메서드 종료 직전: memberId = 47, productId = 1
    16:24:29.832 [pool-2-thread-47] DEBUG c.c.c.s.m.FavoriteConcurrencyTest - 실패 : Could not commit JPA transaction 
    16:24:29.832 [pool-2-thread-48] DEBUG org.hibernate.SQL - 
        select
            ni1_0.nutrition_info_id,
            ni1_0.caffeine,
            ni1_0.calories,
            ni1_0.carbohydrate,
            ni1_0.cholesterol,
            ni1_0.fat,
            ni1_0.product_id,
            ni1_0.protein,
            ni1_0.saturated_fat,
            ni1_0.sodium,
            ni1_0.sugar,
            ni1_0.trans_fat 
        from
            nutrition_info ni1_0 
        where
            ni1_0.product_id=?
    16:24:29.832 [pool-2-thread-50] DEBUG org.hibernate.SQL - 
        /* SELECT
            p 
        FROM
            Product p 
        WHERE
            p.id = :productId */ select
                p1_0.product_id,
                p1_0.category_id,
                p1_0.favorite_count,
                p1_0.price,
                p1_0.product_content,
                p1_0.product_name,
                p1_0.product_photo,
                p1_0.version 
            from
                product p1_0 
            where
                p1_0.product_id=? for update
    16:24:29.832 [pool-2-thread-48] DEBUG org.hibernate.SQL - 
        select
            f1_0.member_id,
            f1_0.product_id,
            f1_0.orderby 
        from
            favorite f1_0 
        where
            (
                f1_0.member_id, f1_0.product_id
            ) in ((?, ?))
    16:24:29.833 [pool-2-thread-48] DEBUG org.hibernate.SQL - 
        /* insert for
            com.codepresso.codepresso.entity.member.Favorite */insert 
        into
            favorite (orderby, member_id, product_id) 
        values
            (?, ?, ?)
    16:24:29.834 [pool-2-thread-48] DEBUG c.c.c.s.m.FavoritePessimisticService - 즐겨찾기 추가 성공 : memberId = 48, productId = 1
    16:24:29.834 [pool-2-thread-48] DEBUG c.c.c.s.m.FavoritePessimisticService - 메서드 종료 직전: memberId = 48, productId = 1
    16:24:29.834 [pool-2-thread-48] DEBUG c.c.c.s.m.FavoriteConcurrencyTest - 실패 : Could not commit JPA transaction 
    16:24:29.835 [pool-2-thread-51] DEBUG org.hibernate.SQL - 
        /* SELECT
            p 
        FROM
            Product p 
        WHERE
            p.id = :productId */ select
                p1_0.product_id,
                p1_0.category_id,
                p1_0.favorite_count,
                p1_0.price,
                p1_0.product_content,
                p1_0.product_name,
                p1_0.product_photo,
                p1_0.version 
            from
                product p1_0 
            where
                p1_0.product_id=? for update
    16:24:29.835 [pool-2-thread-49] DEBUG org.hibernate.SQL - 
        select
            ni1_0.nutrition_info_id,
            ni1_0.caffeine,
            ni1_0.calories,
            ni1_0.carbohydrate,
            ni1_0.cholesterol,
            ni1_0.fat,
            ni1_0.product_id,
            ni1_0.protein,
            ni1_0.saturated_fat,
            ni1_0.sodium,
            ni1_0.sugar,
            ni1_0.trans_fat 
        from
            nutrition_info ni1_0 
        where
            ni1_0.product_id=?
    16:24:29.835 [pool-2-thread-49] DEBUG org.hibernate.SQL - 
        select
            f1_0.member_id,
            f1_0.product_id,
            f1_0.orderby 
        from
            favorite f1_0 
        where
            (
                f1_0.member_id, f1_0.product_id
            ) in ((?, ?))
    16:24:29.836 [pool-2-thread-49] DEBUG org.hibernate.SQL - 
        /* insert for
            com.codepresso.codepresso.entity.member.Favorite */insert 
        into
            favorite (orderby, member_id, product_id) 
        values
            (?, ?, ?)
    16:24:29.836 [pool-2-thread-49] DEBUG c.c.c.s.m.FavoritePessimisticService - 즐겨찾기 추가 성공 : memberId = 49, productId = 1
    16:24:29.836 [pool-2-thread-49] DEBUG c.c.c.s.m.FavoritePessimisticService - 메서드 종료 직전: memberId = 49, productId = 1
    16:24:29.837 [pool-2-thread-49] DEBUG c.c.c.s.m.FavoriteConcurrencyTest - 실패 : Could not commit JPA transaction 
    16:24:29.837 [pool-2-thread-50] DEBUG org.hibernate.SQL - 
        select
            ni1_0.nutrition_info_id,
            ni1_0.caffeine,
            ni1_0.calories,
            ni1_0.carbohydrate,
            ni1_0.cholesterol,
            ni1_0.fat,
            ni1_0.product_id,
            ni1_0.protein,
            ni1_0.saturated_fat,
            ni1_0.sodium,
            ni1_0.sugar,
            ni1_0.trans_fat 
        from
            nutrition_info ni1_0 
        where
            ni1_0.product_id=?
    16:24:29.837 [pool-2-thread-52] DEBUG org.hibernate.SQL - 
        /* SELECT
            p 
        FROM
            Product p 
        WHERE
            p.id = :productId */ select
                p1_0.product_id,
                p1_0.category_id,
                p1_0.favorite_count,
                p1_0.price,
                p1_0.product_content,
                p1_0.product_name,
                p1_0.product_photo,
                p1_0.version 
            from
                product p1_0 
            where
                p1_0.product_id=? for update
    16:24:29.838 [pool-2-thread-50] DEBUG org.hibernate.SQL - 
        select
            f1_0.member_id,
            f1_0.product_id,
            f1_0.orderby 
        from
            favorite f1_0 
        where
            (
                f1_0.member_id, f1_0.product_id
            ) in ((?, ?))
    16:24:29.839 [pool-2-thread-50] DEBUG org.hibernate.SQL - 
        /* insert for
            com.codepresso.codepresso.entity.member.Favorite */insert 
        into
            favorite (orderby, member_id, product_id) 
        values
            (?, ?, ?)
    16:24:29.839 [pool-2-thread-50] DEBUG c.c.c.s.m.FavoritePessimisticService - 즐겨찾기 추가 성공 : memberId = 50, productId = 1
    16:24:29.839 [pool-2-thread-50] DEBUG c.c.c.s.m.FavoritePessimisticService - 메서드 종료 직전: memberId = 50, productId = 1
    16:24:29.839 [pool-2-thread-50] DEBUG c.c.c.s.m.FavoriteConcurrencyTest - 실패 : Could not commit JPA transaction 
    16:24:29.839 [pool-2-thread-52] DEBUG org.hibernate.SQL - 
        select
            ni1_0.nutrition_info_id,
            ni1_0.caffeine,
            ni1_0.calories,
            ni1_0.carbohydrate,
            ni1_0.cholesterol,
            ni1_0.fat,
            ni1_0.product_id,
            ni1_0.protein,
            ni1_0.saturated_fat,
            ni1_0.sodium,
            ni1_0.sugar,
            ni1_0.trans_fat 
        from
            nutrition_info ni1_0 
        where
            ni1_0.product_id=?
    16:24:29.840 [pool-2-thread-53] DEBUG org.hibernate.SQL - 
        /* SELECT
            p 
        FROM
            Product p 
        WHERE
            p.id = :productId */ select
                p1_0.product_id,
                p1_0.category_id,
                p1_0.favorite_count,
                p1_0.price,
                p1_0.product_content,
                p1_0.product_name,
                p1_0.product_photo,
                p1_0.version 
            from
                product p1_0 
            where
                p1_0.product_id=? for update
    16:24:29.840 [pool-2-thread-52] DEBUG org.hibernate.SQL - 
        select
            f1_0.member_id,
            f1_0.product_id,
            f1_0.orderby 
        from
            favorite f1_0 
        where
            (
                f1_0.member_id, f1_0.product_id
            ) in ((?, ?))
    16:24:29.841 [pool-2-thread-52] DEBUG org.hibernate.SQL - 
        /* insert for
            com.codepresso.codepresso.entity.member.Favorite */insert 
        into
            favorite (orderby, member_id, product_id) 
        values
            (?, ?, ?)
    16:24:29.841 [pool-2-thread-52] DEBUG c.c.c.s.m.FavoritePessimisticService - 즐겨찾기 추가 성공 : memberId = 52, productId = 1
    16:24:29.841 [pool-2-thread-52] DEBUG c.c.c.s.m.FavoritePessimisticService - 메서드 종료 직전: memberId = 52, productId = 1
    16:24:29.841 [pool-2-thread-52] DEBUG c.c.c.s.m.FavoriteConcurrencyTest - 실패 : Could not commit JPA transaction 
    16:24:29.841 [pool-2-thread-42] DEBUG org.hibernate.SQL - 
        select
            ni1_0.nutrition_info_id,
            ni1_0.caffeine,
            ni1_0.calories,
            ni1_0.carbohydrate,
            ni1_0.cholesterol,
            ni1_0.fat,
            ni1_0.product_id,
            ni1_0.protein,
            ni1_0.saturated_fat,
            ni1_0.sodium,
            ni1_0.sugar,
            ni1_0.trans_fat 
        from
            nutrition_info ni1_0 
        where
            ni1_0.product_id=?
    16:24:29.842 [pool-2-thread-54] DEBUG org.hibernate.SQL - 
        /* SELECT
            p 
        FROM
            Product p 
        WHERE
            p.id = :productId */ select
                p1_0.product_id,
                p1_0.category_id,
                p1_0.favorite_count,
                p1_0.price,
                p1_0.product_content,
                p1_0.product_name,
                p1_0.product_photo,
                p1_0.version 
            from
                product p1_0 
            where
                p1_0.product_id=? for update
    16:24:29.842 [pool-2-thread-42] DEBUG org.hibernate.SQL - 
        select
            f1_0.member_id,
            f1_0.product_id,
            f1_0.orderby 
        from
            favorite f1_0 
        where
            (
                f1_0.member_id, f1_0.product_id
            ) in ((?, ?))
    16:24:29.842 [pool-2-thread-42] DEBUG org.hibernate.SQL - 
        /* insert for
            com.codepresso.codepresso.entity.member.Favorite */insert 
        into
            favorite (orderby, member_id, product_id) 
        values
            (?, ?, ?)
    16:24:29.843 [pool-2-thread-42] DEBUG c.c.c.s.m.FavoritePessimisticService - 즐겨찾기 추가 성공 : memberId = 42, productId = 1
    16:24:29.843 [pool-2-thread-42] DEBUG c.c.c.s.m.FavoritePessimisticService - 메서드 종료 직전: memberId = 42, productId = 1
    16:24:29.843 [pool-2-thread-42] DEBUG c.c.c.s.m.FavoriteConcurrencyTest - 실패 : Could not commit JPA transaction 
    16:24:29.843 [pool-2-thread-53] DEBUG org.hibernate.SQL - 
        select
            ni1_0.nutrition_info_id,
            ni1_0.caffeine,
            ni1_0.calories,
            ni1_0.carbohydrate,
            ni1_0.cholesterol,
            ni1_0.fat,
            ni1_0.product_id,
            ni1_0.protein,
            ni1_0.saturated_fat,
            ni1_0.sodium,
            ni1_0.sugar,
            ni1_0.trans_fat 
        from
            nutrition_info ni1_0 
        where
            ni1_0.product_id=?
    16:24:29.843 [pool-2-thread-55] DEBUG org.hibernate.SQL - 
        /* SELECT
            p 
        FROM
            Product p 
        WHERE
            p.id = :productId */ select
                p1_0.product_id,
                p1_0.category_id,
                p1_0.favorite_count,
                p1_0.price,
                p1_0.product_content,
                p1_0.product_name,
                p1_0.product_photo,
                p1_0.version 
            from
                product p1_0 
            where
                p1_0.product_id=? for update
    16:24:29.844 [pool-2-thread-53] DEBUG org.hibernate.SQL - 
        select
            f1_0.member_id,
            f1_0.product_id,
            f1_0.orderby 
        from
            favorite f1_0 
        where
            (
                f1_0.member_id, f1_0.product_id
            ) in ((?, ?))
    16:24:29.844 [pool-2-thread-53] DEBUG org.hibernate.SQL - 
        /* insert for
            com.codepresso.codepresso.entity.member.Favorite */insert 
        into
            favorite (orderby, member_id, product_id) 
        values
            (?, ?, ?)
    16:24:29.845 [pool-2-thread-53] DEBUG c.c.c.s.m.FavoritePessimisticService - 즐겨찾기 추가 성공 : memberId = 53, productId = 1
    16:24:29.845 [pool-2-thread-53] DEBUG c.c.c.s.m.FavoritePessimisticService - 메서드 종료 직전: memberId = 53, productId = 1
    16:24:29.845 [pool-2-thread-53] DEBUG c.c.c.s.m.FavoriteConcurrencyTest - 실패 : Could not commit JPA transaction 
    16:24:29.845 [pool-2-thread-54] DEBUG org.hibernate.SQL - 
        select
            ni1_0.nutrition_info_id,
            ni1_0.caffeine,
            ni1_0.calories,
            ni1_0.carbohydrate,
            ni1_0.cholesterol,
            ni1_0.fat,
            ni1_0.product_id,
            ni1_0.protein,
            ni1_0.saturated_fat,
            ni1_0.sodium,
            ni1_0.sugar,
            ni1_0.trans_fat 
        from
            nutrition_info ni1_0 
        where
            ni1_0.product_id=?
    16:24:29.846 [pool-2-thread-56] DEBUG org.hibernate.SQL - 
        /* SELECT
            p 
        FROM
            Product p 
        WHERE
            p.id = :productId */ select
                p1_0.product_id,
                p1_0.category_id,
                p1_0.favorite_count,
                p1_0.price,
                p1_0.product_content,
                p1_0.product_name,
                p1_0.product_photo,
                p1_0.version 
            from
                product p1_0 
            where
                p1_0.product_id=? for update
    16:24:29.846 [pool-2-thread-54] DEBUG org.hibernate.SQL - 
        select
            f1_0.member_id,
            f1_0.product_id,
            f1_0.orderby 
        from
            favorite f1_0 
        where
            (
                f1_0.member_id, f1_0.product_id
            ) in ((?, ?))
    16:24:29.847 [pool-2-thread-54] DEBUG org.hibernate.SQL - 
        /* insert for
            com.codepresso.codepresso.entity.member.Favorite */insert 
        into
            favorite (orderby, member_id, product_id) 
        values
            (?, ?, ?)
    16:24:29.847 [pool-2-thread-54] DEBUG c.c.c.s.m.FavoritePessimisticService - 즐겨찾기 추가 성공 : memberId = 54, productId = 1
    16:24:29.847 [pool-2-thread-54] DEBUG c.c.c.s.m.FavoritePessimisticService - 메서드 종료 직전: memberId = 54, productId = 1
    16:24:29.848 [pool-2-thread-54] DEBUG c.c.c.s.m.FavoriteConcurrencyTest - 실패 : Could not commit JPA transaction 
    16:24:29.848 [pool-2-thread-55] DEBUG org.hibernate.SQL - 
        select
            ni1_0.nutrition_info_id,
            ni1_0.caffeine,
            ni1_0.calories,
            ni1_0.carbohydrate,
            ni1_0.cholesterol,
            ni1_0.fat,
            ni1_0.product_id,
            ni1_0.protein,
            ni1_0.saturated_fat,
            ni1_0.sodium,
            ni1_0.sugar,
            ni1_0.trans_fat 
        from
            nutrition_info ni1_0 
        where
            ni1_0.product_id=?
    16:24:29.848 [pool-2-thread-57] DEBUG org.hibernate.SQL - 
        /* SELECT
            p 
        FROM
            Product p 
        WHERE
            p.id = :productId */ select
                p1_0.product_id,
                p1_0.category_id,
                p1_0.favorite_count,
                p1_0.price,
                p1_0.product_content,
                p1_0.product_name,
                p1_0.product_photo,
                p1_0.version 
            from
                product p1_0 
            where
                p1_0.product_id=? for update
    16:24:29.848 [pool-2-thread-55] DEBUG org.hibernate.SQL - 
        select
            f1_0.member_id,
            f1_0.product_id,
            f1_0.orderby 
        from
            favorite f1_0 
        where
            (
                f1_0.member_id, f1_0.product_id
            ) in ((?, ?))
    16:24:29.849 [pool-2-thread-55] DEBUG org.hibernate.SQL - 
        /* insert for
            com.codepresso.codepresso.entity.member.Favorite */insert 
        into
            favorite (orderby, member_id, product_id) 
        values
            (?, ?, ?)
    16:24:29.849 [pool-2-thread-55] DEBUG c.c.c.s.m.FavoritePessimisticService - 즐겨찾기 추가 성공 : memberId = 55, productId = 1
    16:24:29.849 [pool-2-thread-55] DEBUG c.c.c.s.m.FavoritePessimisticService - 메서드 종료 직전: memberId = 55, productId = 1
    16:24:29.849 [pool-2-thread-55] DEBUG c.c.c.s.m.FavoriteConcurrencyTest - 실패 : Could not commit JPA transaction 
    16:24:29.850 [pool-2-thread-56] DEBUG org.hibernate.SQL - 
        select
            ni1_0.nutrition_info_id,
            ni1_0.caffeine,
            ni1_0.calories,
            ni1_0.carbohydrate,
            ni1_0.cholesterol,
            ni1_0.fat,
            ni1_0.product_id,
            ni1_0.protein,
            ni1_0.saturated_fat,
            ni1_0.sodium,
            ni1_0.sugar,
            ni1_0.trans_fat 
        from
            nutrition_info ni1_0 
        where
            ni1_0.product_id=?
    16:24:29.850 [pool-2-thread-59] DEBUG org.hibernate.SQL - 
        /* SELECT
            p 
        FROM
            Product p 
        WHERE
            p.id = :productId */ select
                p1_0.product_id,
                p1_0.category_id,
                p1_0.favorite_count,
                p1_0.price,
                p1_0.product_content,
                p1_0.product_name,
                p1_0.product_photo,
                p1_0.version 
            from
                product p1_0 
            where
                p1_0.product_id=? for update
    16:24:29.850 [pool-2-thread-56] DEBUG org.hibernate.SQL - 
        select
            f1_0.member_id,
            f1_0.product_id,
            f1_0.orderby 
        from
            favorite f1_0 
        where
            (
                f1_0.member_id, f1_0.product_id
            ) in ((?, ?))
    16:24:29.851 [pool-2-thread-56] DEBUG org.hibernate.SQL - 
        /* insert for
            com.codepresso.codepresso.entity.member.Favorite */insert 
        into
            favorite (orderby, member_id, product_id) 
        values
            (?, ?, ?)
    16:24:29.852 [pool-2-thread-56] DEBUG c.c.c.s.m.FavoritePessimisticService - 즐겨찾기 추가 성공 : memberId = 56, productId = 1
    16:24:29.852 [pool-2-thread-56] DEBUG c.c.c.s.m.FavoritePessimisticService - 메서드 종료 직전: memberId = 56, productId = 1
    16:24:29.852 [pool-2-thread-56] DEBUG c.c.c.s.m.FavoriteConcurrencyTest - 실패 : Could not commit JPA transaction 
    16:24:29.852 [pool-2-thread-57] DEBUG org.hibernate.SQL - 
        select
            ni1_0.nutrition_info_id,
            ni1_0.caffeine,
            ni1_0.calories,
            ni1_0.carbohydrate,
            ni1_0.cholesterol,
            ni1_0.fat,
            ni1_0.product_id,
            ni1_0.protein,
            ni1_0.saturated_fat,
            ni1_0.sodium,
            ni1_0.sugar,
            ni1_0.trans_fat 
        from
            nutrition_info ni1_0 
        where
            ni1_0.product_id=?
    16:24:29.853 [pool-2-thread-58] DEBUG org.hibernate.SQL - 
        /* SELECT
            p 
        FROM
            Product p 
        WHERE
            p.id = :productId */ select
                p1_0.product_id,
                p1_0.category_id,
                p1_0.favorite_count,
                p1_0.price,
                p1_0.product_content,
                p1_0.product_name,
                p1_0.product_photo,
                p1_0.version 
            from
                product p1_0 
            where
                p1_0.product_id=? for update
    16:24:29.853 [pool-2-thread-57] DEBUG org.hibernate.SQL - 
        select
            f1_0.member_id,
            f1_0.product_id,
            f1_0.orderby 
        from
            favorite f1_0 
        where
            (
                f1_0.member_id, f1_0.product_id
            ) in ((?, ?))
    16:24:29.854 [pool-2-thread-57] DEBUG org.hibernate.SQL - 
        /* insert for
            com.codepresso.codepresso.entity.member.Favorite */insert 
        into
            favorite (orderby, member_id, product_id) 
        values
            (?, ?, ?)
    16:24:29.854 [pool-2-thread-57] DEBUG c.c.c.s.m.FavoritePessimisticService - 즐겨찾기 추가 성공 : memberId = 57, productId = 1
    16:24:29.854 [pool-2-thread-57] DEBUG c.c.c.s.m.FavoritePessimisticService - 메서드 종료 직전: memberId = 57, productId = 1
    16:24:29.854 [pool-2-thread-57] DEBUG c.c.c.s.m.FavoriteConcurrencyTest - 실패 : Could not commit JPA transaction 
    16:24:29.855 [pool-2-thread-36] DEBUG org.hibernate.SQL - 
        select
            ni1_0.nutrition_info_id,
            ni1_0.caffeine,
            ni1_0.calories,
            ni1_0.carbohydrate,
            ni1_0.cholesterol,
            ni1_0.fat,
            ni1_0.product_id,
            ni1_0.protein,
            ni1_0.saturated_fat,
            ni1_0.sodium,
            ni1_0.sugar,
            ni1_0.trans_fat 
        from
            nutrition_info ni1_0 
        where
            ni1_0.product_id=?
    16:24:29.855 [pool-2-thread-60] DEBUG org.hibernate.SQL - 
        /* SELECT
            p 
        FROM
            Product p 
        WHERE
            p.id = :productId */ select
                p1_0.product_id,
                p1_0.category_id,
                p1_0.favorite_count,
                p1_0.price,
                p1_0.product_content,
                p1_0.product_name,
                p1_0.product_photo,
                p1_0.version 
            from
                product p1_0 
            where
                p1_0.product_id=? for update
    16:24:29.855 [pool-2-thread-36] DEBUG org.hibernate.SQL - 
        select
            f1_0.member_id,
            f1_0.product_id,
            f1_0.orderby 
        from
            favorite f1_0 
        where
            (
                f1_0.member_id, f1_0.product_id
            ) in ((?, ?))
    16:24:29.856 [pool-2-thread-36] DEBUG org.hibernate.SQL - 
        /* insert for
            com.codepresso.codepresso.entity.member.Favorite */insert 
        into
            favorite (orderby, member_id, product_id) 
        values
            (?, ?, ?)
    16:24:29.856 [pool-2-thread-36] DEBUG c.c.c.s.m.FavoritePessimisticService - 즐겨찾기 추가 성공 : memberId = 36, productId = 1
    16:24:29.856 [pool-2-thread-36] DEBUG c.c.c.s.m.FavoritePessimisticService - 메서드 종료 직전: memberId = 36, productId = 1
    16:24:29.856 [pool-2-thread-36] DEBUG c.c.c.s.m.FavoriteConcurrencyTest - 실패 : Could not commit JPA transaction 
    16:24:29.856 [pool-2-thread-58] DEBUG org.hibernate.SQL - 
        select
            ni1_0.nutrition_info_id,
            ni1_0.caffeine,
            ni1_0.calories,
            ni1_0.carbohydrate,
            ni1_0.cholesterol,
            ni1_0.fat,
            ni1_0.product_id,
            ni1_0.protein,
            ni1_0.saturated_fat,
            ni1_0.sodium,
            ni1_0.sugar,
            ni1_0.trans_fat 
        from
            nutrition_info ni1_0 
        where
            ni1_0.product_id=?
    16:24:29.857 [pool-2-thread-61] DEBUG org.hibernate.SQL - 
        /* SELECT
            p 
        FROM
            Product p 
        WHERE
            p.id = :productId */ select
                p1_0.product_id,
                p1_0.category_id,
                p1_0.favorite_count,
                p1_0.price,
                p1_0.product_content,
                p1_0.product_name,
                p1_0.product_photo,
                p1_0.version 
            from
                product p1_0 
            where
                p1_0.product_id=? for update
    16:24:29.857 [pool-2-thread-58] DEBUG org.hibernate.SQL - 
        select
            f1_0.member_id,
            f1_0.product_id,
            f1_0.orderby 
        from
            favorite f1_0 
        where
            (
                f1_0.member_id, f1_0.product_id
            ) in ((?, ?))
    16:24:29.858 [pool-2-thread-58] DEBUG org.hibernate.SQL - 
        /* insert for
            com.codepresso.codepresso.entity.member.Favorite */insert 
        into
            favorite (orderby, member_id, product_id) 
        values
            (?, ?, ?)
    16:24:29.858 [pool-2-thread-58] DEBUG c.c.c.s.m.FavoritePessimisticService - 즐겨찾기 추가 성공 : memberId = 58, productId = 1
    16:24:29.858 [pool-2-thread-58] DEBUG c.c.c.s.m.FavoritePessimisticService - 메서드 종료 직전: memberId = 58, productId = 1
    16:24:29.858 [pool-2-thread-58] DEBUG c.c.c.s.m.FavoriteConcurrencyTest - 실패 : Could not commit JPA transaction 
    16:24:29.858 [pool-2-thread-59] DEBUG org.hibernate.SQL - 
        select
            ni1_0.nutrition_info_id,
            ni1_0.caffeine,
            ni1_0.calories,
            ni1_0.carbohydrate,
            ni1_0.cholesterol,
            ni1_0.fat,
            ni1_0.product_id,
            ni1_0.protein,
            ni1_0.saturated_fat,
            ni1_0.sodium,
            ni1_0.sugar,
            ni1_0.trans_fat 
        from
            nutrition_info ni1_0 
        where
            ni1_0.product_id=?
    16:24:29.859 [pool-2-thread-63] DEBUG org.hibernate.SQL - 
        /* SELECT
            p 
        FROM
            Product p 
        WHERE
            p.id = :productId */ select
                p1_0.product_id,
                p1_0.category_id,
                p1_0.favorite_count,
                p1_0.price,
                p1_0.product_content,
                p1_0.product_name,
                p1_0.product_photo,
                p1_0.version 
            from
                product p1_0 
            where
                p1_0.product_id=? for update
    16:24:29.859 [pool-2-thread-59] DEBUG org.hibernate.SQL - 
        select
            f1_0.member_id,
            f1_0.product_id,
            f1_0.orderby 
        from
            favorite f1_0 
        where
            (
                f1_0.member_id, f1_0.product_id
            ) in ((?, ?))
    16:24:29.859 [pool-2-thread-59] DEBUG org.hibernate.SQL - 
        /* insert for
            com.codepresso.codepresso.entity.member.Favorite */insert 
        into
            favorite (orderby, member_id, product_id) 
        values
            (?, ?, ?)
    16:24:29.859 [pool-2-thread-59] DEBUG c.c.c.s.m.FavoritePessimisticService - 즐겨찾기 추가 성공 : memberId = 59, productId = 1
    16:24:29.859 [pool-2-thread-59] DEBUG c.c.c.s.m.FavoritePessimisticService - 메서드 종료 직전: memberId = 59, productId = 1
    16:24:29.860 [pool-2-thread-59] DEBUG c.c.c.s.m.FavoriteConcurrencyTest - 실패 : Could not commit JPA transaction 
    16:24:29.860 [pool-2-thread-61] DEBUG org.hibernate.SQL - 
        select
            ni1_0.nutrition_info_id,
            ni1_0.caffeine,
            ni1_0.calories,
            ni1_0.carbohydrate,
            ni1_0.cholesterol,
            ni1_0.fat,
            ni1_0.product_id,
            ni1_0.protein,
            ni1_0.saturated_fat,
            ni1_0.sodium,
            ni1_0.sugar,
            ni1_0.trans_fat 
        from
            nutrition_info ni1_0 
        where
            ni1_0.product_id=?
    16:24:29.861 [pool-2-thread-61] DEBUG org.hibernate.SQL - 
        select
            f1_0.member_id,
            f1_0.product_id,
            f1_0.orderby 
        from
            favorite f1_0 
        where
            (
                f1_0.member_id, f1_0.product_id
            ) in ((?, ?))
    16:24:29.861 [pool-2-thread-62] DEBUG org.hibernate.SQL - 
        /* SELECT
            p 
        FROM
            Product p 
        WHERE
            p.id = :productId */ select
                p1_0.product_id,
                p1_0.category_id,
                p1_0.favorite_count,
                p1_0.price,
                p1_0.product_content,
                p1_0.product_name,
                p1_0.product_photo,
                p1_0.version 
            from
                product p1_0 
            where
                p1_0.product_id=? for update
    16:24:29.861 [pool-2-thread-61] DEBUG org.hibernate.SQL - 
        /* insert for
            com.codepresso.codepresso.entity.member.Favorite */insert 
        into
            favorite (orderby, member_id, product_id) 
        values
            (?, ?, ?)
    16:24:29.862 [pool-2-thread-61] DEBUG c.c.c.s.m.FavoritePessimisticService - 즐겨찾기 추가 성공 : memberId = 61, productId = 1
    16:24:29.862 [pool-2-thread-61] DEBUG c.c.c.s.m.FavoritePessimisticService - 메서드 종료 직전: memberId = 61, productId = 1
    16:24:29.862 [pool-2-thread-61] DEBUG c.c.c.s.m.FavoriteConcurrencyTest - 실패 : Could not commit JPA transaction 
    16:24:29.863 [pool-2-thread-63] DEBUG org.hibernate.SQL - 
        select
            ni1_0.nutrition_info_id,
            ni1_0.caffeine,
            ni1_0.calories,
            ni1_0.carbohydrate,
            ni1_0.cholesterol,
            ni1_0.fat,
            ni1_0.product_id,
            ni1_0.protein,
            ni1_0.saturated_fat,
            ni1_0.sodium,
            ni1_0.sugar,
            ni1_0.trans_fat 
        from
            nutrition_info ni1_0 
        where
            ni1_0.product_id=?
    16:24:29.863 [pool-2-thread-64] DEBUG org.hibernate.SQL - 
        /* SELECT
            p 
        FROM
            Product p 
        WHERE
            p.id = :productId */ select
                p1_0.product_id,
                p1_0.category_id,
                p1_0.favorite_count,
                p1_0.price,
                p1_0.product_content,
                p1_0.product_name,
                p1_0.product_photo,
                p1_0.version 
            from
                product p1_0 
            where
                p1_0.product_id=? for update
    16:24:29.863 [pool-2-thread-63] DEBUG org.hibernate.SQL - 
        select
            f1_0.member_id,
            f1_0.product_id,
            f1_0.orderby 
        from
            favorite f1_0 
        where
            (
                f1_0.member_id, f1_0.product_id
            ) in ((?, ?))
    16:24:29.864 [pool-2-thread-63] DEBUG org.hibernate.SQL - 
        /* insert for
            com.codepresso.codepresso.entity.member.Favorite */insert 
        into
            favorite (orderby, member_id, product_id) 
        values
            (?, ?, ?)
    16:24:29.864 [pool-2-thread-63] DEBUG c.c.c.s.m.FavoritePessimisticService - 즐겨찾기 추가 성공 : memberId = 63, productId = 1
    16:24:29.864 [pool-2-thread-63] DEBUG c.c.c.s.m.FavoritePessimisticService - 메서드 종료 직전: memberId = 63, productId = 1
    16:24:29.864 [pool-2-thread-63] DEBUG c.c.c.s.m.FavoriteConcurrencyTest - 실패 : Could not commit JPA transaction 
    16:24:29.865 [pool-2-thread-62] DEBUG org.hibernate.SQL - 
        select
            ni1_0.nutrition_info_id,
            ni1_0.caffeine,
            ni1_0.calories,
            ni1_0.carbohydrate,
            ni1_0.cholesterol,
            ni1_0.fat,
            ni1_0.product_id,
            ni1_0.protein,
            ni1_0.saturated_fat,
            ni1_0.sodium,
            ni1_0.sugar,
            ni1_0.trans_fat 
        from
            nutrition_info ni1_0 
        where
            ni1_0.product_id=?
    16:24:29.865 [pool-2-thread-65] DEBUG org.hibernate.SQL - 
        /* SELECT
            p 
        FROM
            Product p 
        WHERE
            p.id = :productId */ select
                p1_0.product_id,
                p1_0.category_id,
                p1_0.favorite_count,
                p1_0.price,
                p1_0.product_content,
                p1_0.product_name,
                p1_0.product_photo,
                p1_0.version 
            from
                product p1_0 
            where
                p1_0.product_id=? for update
    16:24:29.865 [pool-2-thread-62] DEBUG org.hibernate.SQL - 
        select
            f1_0.member_id,
            f1_0.product_id,
            f1_0.orderby 
        from
            favorite f1_0 
        where
            (
                f1_0.member_id, f1_0.product_id
            ) in ((?, ?))
    16:24:29.866 [pool-2-thread-62] DEBUG org.hibernate.SQL - 
        /* insert for
            com.codepresso.codepresso.entity.member.Favorite */insert 
        into
            favorite (orderby, member_id, product_id) 
        values
            (?, ?, ?)
    16:24:29.866 [pool-2-thread-62] DEBUG c.c.c.s.m.FavoritePessimisticService - 즐겨찾기 추가 성공 : memberId = 62, productId = 1
    16:24:29.866 [pool-2-thread-62] DEBUG c.c.c.s.m.FavoritePessimisticService - 메서드 종료 직전: memberId = 62, productId = 1
    16:24:29.866 [pool-2-thread-62] DEBUG c.c.c.s.m.FavoriteConcurrencyTest - 실패 : Could not commit JPA transaction 
    16:24:29.866 [pool-2-thread-60] DEBUG org.hibernate.SQL - 
        select
            ni1_0.nutrition_info_id,
            ni1_0.caffeine,
            ni1_0.calories,
            ni1_0.carbohydrate,
            ni1_0.cholesterol,
            ni1_0.fat,
            ni1_0.product_id,
            ni1_0.protein,
            ni1_0.saturated_fat,
            ni1_0.sodium,
            ni1_0.sugar,
            ni1_0.trans_fat 
        from
            nutrition_info ni1_0 
        where
            ni1_0.product_id=?
    16:24:29.867 [pool-2-thread-66] DEBUG org.hibernate.SQL - 
        /* SELECT
            p 
        FROM
            Product p 
        WHERE
            p.id = :productId */ select
                p1_0.product_id,
                p1_0.category_id,
                p1_0.favorite_count,
                p1_0.price,
                p1_0.product_content,
                p1_0.product_name,
                p1_0.product_photo,
                p1_0.version 
            from
                product p1_0 
            where
                p1_0.product_id=? for update
    16:24:29.867 [pool-2-thread-60] DEBUG org.hibernate.SQL - 
        select
            f1_0.member_id,
            f1_0.product_id,
            f1_0.orderby 
        from
            favorite f1_0 
        where
            (
                f1_0.member_id, f1_0.product_id
            ) in ((?, ?))
    16:24:29.867 [pool-2-thread-60] DEBUG org.hibernate.SQL - 
        /* insert for
            com.codepresso.codepresso.entity.member.Favorite */insert 
        into
            favorite (orderby, member_id, product_id) 
        values
            (?, ?, ?)
    16:24:29.868 [pool-2-thread-60] DEBUG c.c.c.s.m.FavoritePessimisticService - 즐겨찾기 추가 성공 : memberId = 60, productId = 1
    16:24:29.868 [pool-2-thread-60] DEBUG c.c.c.s.m.FavoritePessimisticService - 메서드 종료 직전: memberId = 60, productId = 1
    16:24:29.868 [pool-2-thread-60] DEBUG c.c.c.s.m.FavoriteConcurrencyTest - 실패 : Could not commit JPA transaction 
    16:24:29.868 [pool-2-thread-65] DEBUG org.hibernate.SQL - 
        select
            ni1_0.nutrition_info_id,
            ni1_0.caffeine,
            ni1_0.calories,
            ni1_0.carbohydrate,
            ni1_0.cholesterol,
            ni1_0.fat,
            ni1_0.product_id,
            ni1_0.protein,
            ni1_0.saturated_fat,
            ni1_0.sodium,
            ni1_0.sugar,
            ni1_0.trans_fat 
        from
            nutrition_info ni1_0 
        where
            ni1_0.product_id=?
    16:24:29.868 [pool-2-thread-67] DEBUG org.hibernate.SQL - 
        /* SELECT
            p 
        FROM
            Product p 
        WHERE
            p.id = :productId */ select
                p1_0.product_id,
                p1_0.category_id,
                p1_0.favorite_count,
                p1_0.price,
                p1_0.product_content,
                p1_0.product_name,
                p1_0.product_photo,
                p1_0.version 
            from
                product p1_0 
            where
                p1_0.product_id=? for update
    16:24:29.869 [pool-2-thread-65] DEBUG org.hibernate.SQL - 
        select
            f1_0.member_id,
            f1_0.product_id,
            f1_0.orderby 
        from
            favorite f1_0 
        where
            (
                f1_0.member_id, f1_0.product_id
            ) in ((?, ?))
    16:24:29.869 [pool-2-thread-65] DEBUG org.hibernate.SQL - 
        /* insert for
            com.codepresso.codepresso.entity.member.Favorite */insert 
        into
            favorite (orderby, member_id, product_id) 
        values
            (?, ?, ?)
    16:24:29.869 [pool-2-thread-65] DEBUG c.c.c.s.m.FavoritePessimisticService - 즐겨찾기 추가 성공 : memberId = 65, productId = 1
    16:24:29.869 [pool-2-thread-65] DEBUG c.c.c.s.m.FavoritePessimisticService - 메서드 종료 직전: memberId = 65, productId = 1
    16:24:29.870 [pool-2-thread-65] DEBUG c.c.c.s.m.FavoriteConcurrencyTest - 실패 : Could not commit JPA transaction 
    16:24:29.870 [pool-2-thread-66] DEBUG org.hibernate.SQL - 
        select
            ni1_0.nutrition_info_id,
            ni1_0.caffeine,
            ni1_0.calories,
            ni1_0.carbohydrate,
            ni1_0.cholesterol,
            ni1_0.fat,
            ni1_0.product_id,
            ni1_0.protein,
            ni1_0.saturated_fat,
            ni1_0.sodium,
            ni1_0.sugar,
            ni1_0.trans_fat 
        from
            nutrition_info ni1_0 
        where
            ni1_0.product_id=?
    16:24:29.870 [pool-2-thread-68] DEBUG org.hibernate.SQL - 
        /* SELECT
            p 
        FROM
            Product p 
        WHERE
            p.id = :productId */ select
                p1_0.product_id,
                p1_0.category_id,
                p1_0.favorite_count,
                p1_0.price,
                p1_0.product_content,
                p1_0.product_name,
                p1_0.product_photo,
                p1_0.version 
            from
                product p1_0 
            where
                p1_0.product_id=? for update
    16:24:29.870 [pool-2-thread-66] DEBUG org.hibernate.SQL - 
        select
            f1_0.member_id,
            f1_0.product_id,
            f1_0.orderby 
        from
            favorite f1_0 
        where
            (
                f1_0.member_id, f1_0.product_id
            ) in ((?, ?))
    16:24:29.871 [pool-2-thread-66] DEBUG org.hibernate.SQL - 
        /* insert for
            com.codepresso.codepresso.entity.member.Favorite */insert 
        into
            favorite (orderby, member_id, product_id) 
        values
            (?, ?, ?)
    16:24:29.871 [pool-2-thread-66] DEBUG c.c.c.s.m.FavoritePessimisticService - 즐겨찾기 추가 성공 : memberId = 66, productId = 1
    16:24:29.871 [pool-2-thread-66] DEBUG c.c.c.s.m.FavoritePessimisticService - 메서드 종료 직전: memberId = 66, productId = 1
    16:24:29.872 [pool-2-thread-66] DEBUG c.c.c.s.m.FavoriteConcurrencyTest - 실패 : Could not commit JPA transaction 
    16:24:29.872 [pool-2-thread-67] DEBUG org.hibernate.SQL - 
        select
            ni1_0.nutrition_info_id,
            ni1_0.caffeine,
            ni1_0.calories,
            ni1_0.carbohydrate,
            ni1_0.cholesterol,
            ni1_0.fat,
            ni1_0.product_id,
            ni1_0.protein,
            ni1_0.saturated_fat,
            ni1_0.sodium,
            ni1_0.sugar,
            ni1_0.trans_fat 
        from
            nutrition_info ni1_0 
        where
            ni1_0.product_id=?
    16:24:29.872 [pool-2-thread-70] DEBUG org.hibernate.SQL - 
        /* SELECT
            p 
        FROM
            Product p 
        WHERE
            p.id = :productId */ select
                p1_0.product_id,
                p1_0.category_id,
                p1_0.favorite_count,
                p1_0.price,
                p1_0.product_content,
                p1_0.product_name,
                p1_0.product_photo,
                p1_0.version 
            from
                product p1_0 
            where
                p1_0.product_id=? for update
    16:24:29.872 [pool-2-thread-67] DEBUG org.hibernate.SQL - 
        select
            f1_0.member_id,
            f1_0.product_id,
            f1_0.orderby 
        from
            favorite f1_0 
        where
            (
                f1_0.member_id, f1_0.product_id
            ) in ((?, ?))
    16:24:29.873 [pool-2-thread-67] DEBUG org.hibernate.SQL - 
        /* insert for
            com.codepresso.codepresso.entity.member.Favorite */insert 
        into
            favorite (orderby, member_id, product_id) 
        values
            (?, ?, ?)
    16:24:29.873 [pool-2-thread-67] DEBUG c.c.c.s.m.FavoritePessimisticService - 즐겨찾기 추가 성공 : memberId = 67, productId = 1
    16:24:29.873 [pool-2-thread-67] DEBUG c.c.c.s.m.FavoritePessimisticService - 메서드 종료 직전: memberId = 67, productId = 1
    16:24:29.873 [pool-2-thread-67] DEBUG c.c.c.s.m.FavoriteConcurrencyTest - 실패 : Could not commit JPA transaction 
    16:24:29.873 [pool-2-thread-68] DEBUG org.hibernate.SQL - 
        select
            ni1_0.nutrition_info_id,
            ni1_0.caffeine,
            ni1_0.calories,
            ni1_0.carbohydrate,
            ni1_0.cholesterol,
            ni1_0.fat,
            ni1_0.product_id,
            ni1_0.protein,
            ni1_0.saturated_fat,
            ni1_0.sodium,
            ni1_0.sugar,
            ni1_0.trans_fat 
        from
            nutrition_info ni1_0 
        where
            ni1_0.product_id=?
    16:24:29.874 [pool-2-thread-72] DEBUG org.hibernate.SQL - 
        /* SELECT
            p 
        FROM
            Product p 
        WHERE
            p.id = :productId */ select
                p1_0.product_id,
                p1_0.category_id,
                p1_0.favorite_count,
                p1_0.price,
                p1_0.product_content,
                p1_0.product_name,
                p1_0.product_photo,
                p1_0.version 
            from
                product p1_0 
            where
                p1_0.product_id=? for update
    16:24:29.874 [pool-2-thread-68] DEBUG org.hibernate.SQL - 
        select
            f1_0.member_id,
            f1_0.product_id,
            f1_0.orderby 
        from
            favorite f1_0 
        where
            (
                f1_0.member_id, f1_0.product_id
            ) in ((?, ?))
    16:24:29.874 [pool-2-thread-68] DEBUG org.hibernate.SQL - 
        /* insert for
            com.codepresso.codepresso.entity.member.Favorite */insert 
        into
            favorite (orderby, member_id, product_id) 
        values
            (?, ?, ?)
    16:24:29.875 [pool-2-thread-68] DEBUG c.c.c.s.m.FavoritePessimisticService - 즐겨찾기 추가 성공 : memberId = 68, productId = 1
    16:24:29.875 [pool-2-thread-68] DEBUG c.c.c.s.m.FavoritePessimisticService - 메서드 종료 직전: memberId = 68, productId = 1
    16:24:29.875 [pool-2-thread-68] DEBUG c.c.c.s.m.FavoriteConcurrencyTest - 실패 : Could not commit JPA transaction 
    16:24:29.875 [pool-2-thread-70] DEBUG org.hibernate.SQL - 
        select
            ni1_0.nutrition_info_id,
            ni1_0.caffeine,
            ni1_0.calories,
            ni1_0.carbohydrate,
            ni1_0.cholesterol,
            ni1_0.fat,
            ni1_0.product_id,
            ni1_0.protein,
            ni1_0.saturated_fat,
            ni1_0.sodium,
            ni1_0.sugar,
            ni1_0.trans_fat 
        from
            nutrition_info ni1_0 
        where
            ni1_0.product_id=?
    16:24:29.875 [pool-2-thread-71] DEBUG org.hibernate.SQL - 
        /* SELECT
            p 
        FROM
            Product p 
        WHERE
            p.id = :productId */ select
                p1_0.product_id,
                p1_0.category_id,
                p1_0.favorite_count,
                p1_0.price,
                p1_0.product_content,
                p1_0.product_name,
                p1_0.product_photo,
                p1_0.version 
            from
                product p1_0 
            where
                p1_0.product_id=? for update
    16:24:29.876 [pool-2-thread-70] DEBUG org.hibernate.SQL - 
        select
            f1_0.member_id,
            f1_0.product_id,
            f1_0.orderby 
        from
            favorite f1_0 
        where
            (
                f1_0.member_id, f1_0.product_id
            ) in ((?, ?))
    16:24:29.876 [pool-2-thread-70] DEBUG org.hibernate.SQL - 
        /* insert for
            com.codepresso.codepresso.entity.member.Favorite */insert 
        into
            favorite (orderby, member_id, product_id) 
        values
            (?, ?, ?)
    16:24:29.876 [pool-2-thread-70] DEBUG c.c.c.s.m.FavoritePessimisticService - 즐겨찾기 추가 성공 : memberId = 70, productId = 1
    16:24:29.876 [pool-2-thread-70] DEBUG c.c.c.s.m.FavoritePessimisticService - 메서드 종료 직전: memberId = 70, productId = 1
    16:24:29.877 [pool-2-thread-70] DEBUG c.c.c.s.m.FavoriteConcurrencyTest - 실패 : Could not commit JPA transaction 
    16:24:29.877 [pool-2-thread-71] DEBUG org.hibernate.SQL - 
        select
            ni1_0.nutrition_info_id,
            ni1_0.caffeine,
            ni1_0.calories,
            ni1_0.carbohydrate,
            ni1_0.cholesterol,
            ni1_0.fat,
            ni1_0.product_id,
            ni1_0.protein,
            ni1_0.saturated_fat,
            ni1_0.sodium,
            ni1_0.sugar,
            ni1_0.trans_fat 
        from
            nutrition_info ni1_0 
        where
            ni1_0.product_id=?
    16:24:29.877 [pool-2-thread-73] DEBUG org.hibernate.SQL - 
        /* SELECT
            p 
        FROM
            Product p 
        WHERE
            p.id = :productId */ select
                p1_0.product_id,
                p1_0.category_id,
                p1_0.favorite_count,
                p1_0.price,
                p1_0.product_content,
                p1_0.product_name,
                p1_0.product_photo,
                p1_0.version 
            from
                product p1_0 
            where
                p1_0.product_id=? for update
    16:24:29.878 [pool-2-thread-71] DEBUG org.hibernate.SQL - 
        select
            f1_0.member_id,
            f1_0.product_id,
            f1_0.orderby 
        from
            favorite f1_0 
        where
            (
                f1_0.member_id, f1_0.product_id
            ) in ((?, ?))
    16:24:29.879 [pool-2-thread-71] DEBUG org.hibernate.SQL - 
        /* insert for
            com.codepresso.codepresso.entity.member.Favorite */insert 
        into
            favorite (orderby, member_id, product_id) 
        values
            (?, ?, ?)
    16:24:29.879 [pool-2-thread-71] DEBUG c.c.c.s.m.FavoritePessimisticService - 즐겨찾기 추가 성공 : memberId = 71, productId = 1
    16:24:29.879 [pool-2-thread-71] DEBUG c.c.c.s.m.FavoritePessimisticService - 메서드 종료 직전: memberId = 71, productId = 1
    16:24:29.879 [pool-2-thread-71] DEBUG c.c.c.s.m.FavoriteConcurrencyTest - 실패 : Could not commit JPA transaction 
    16:24:29.879 [pool-2-thread-427] DEBUG org.hibernate.SQL - 
        select
            ni1_0.nutrition_info_id,
            ni1_0.caffeine,
            ni1_0.calories,
            ni1_0.carbohydrate,
            ni1_0.cholesterol,
            ni1_0.fat,
            ni1_0.product_id,
            ni1_0.protein,
            ni1_0.saturated_fat,
            ni1_0.sodium,
            ni1_0.sugar,
            ni1_0.trans_fat 
        from
            nutrition_info ni1_0 
        where
            ni1_0.product_id=?
    16:24:29.879 [pool-2-thread-74] DEBUG org.hibernate.SQL - 
        /* SELECT
            p 
        FROM
            Product p 
        WHERE
            p.id = :productId */ select
                p1_0.product_id,
                p1_0.category_id,
                p1_0.favorite_count,
                p1_0.price,
                p1_0.product_content,
                p1_0.product_name,
                p1_0.product_photo,
                p1_0.version 
            from
                product p1_0 
            where
                p1_0.product_id=? for update
    16:24:29.880 [pool-2-thread-427] DEBUG org.hibernate.SQL - 
        select
            f1_0.member_id,
            f1_0.product_id,
            f1_0.orderby 
        from
            favorite f1_0 
        where
            (
                f1_0.member_id, f1_0.product_id
            ) in ((?, ?))
    16:24:29.881 [pool-2-thread-427] DEBUG org.hibernate.SQL - 
        /* insert for
            com.codepresso.codepresso.entity.member.Favorite */insert 
        into
            favorite (orderby, member_id, product_id) 
        values
            (?, ?, ?)
    16:24:29.881 [pool-2-thread-427] DEBUG c.c.c.s.m.FavoritePessimisticService - 즐겨찾기 추가 성공 : memberId = 427, productId = 1
    16:24:29.882 [pool-2-thread-427] DEBUG c.c.c.s.m.FavoritePessimisticService - 메서드 종료 직전: memberId = 427, productId = 1
    16:24:29.882 [pool-2-thread-427] DEBUG c.c.c.s.m.FavoriteConcurrencyTest - 실패 : Could not commit JPA transaction 
    16:24:29.882 [pool-2-thread-73] DEBUG org.hibernate.SQL - 
        select
            ni1_0.nutrition_info_id,
            ni1_0.caffeine,
            ni1_0.calories,
            ni1_0.carbohydrate,
            ni1_0.cholesterol,
            ni1_0.fat,
            ni1_0.product_id,
            ni1_0.protein,
            ni1_0.saturated_fat,
            ni1_0.sodium,
            ni1_0.sugar,
            ni1_0.trans_fat 
        from
            nutrition_info ni1_0 
        where
            ni1_0.product_id=?
    16:24:29.882 [pool-2-thread-75] DEBUG org.hibernate.SQL - 
        /* SELECT
            p 
        FROM
            Product p 
        WHERE
            p.id = :productId */ select
                p1_0.product_id,
                p1_0.category_id,
                p1_0.favorite_count,
                p1_0.price,
                p1_0.product_content,
                p1_0.product_name,
                p1_0.product_photo,
                p1_0.version 
            from
                product p1_0 
            where
                p1_0.product_id=? for update
    16:24:29.883 [pool-2-thread-73] DEBUG org.hibernate.SQL - 
        select
            f1_0.member_id,
            f1_0.product_id,
            f1_0.orderby 
        from
            favorite f1_0 
        where
            (
                f1_0.member_id, f1_0.product_id
            ) in ((?, ?))
    16:24:29.883 [pool-2-thread-73] DEBUG org.hibernate.SQL - 
        /* insert for
            com.codepresso.codepresso.entity.member.Favorite */insert 
        into
            favorite (orderby, member_id, product_id) 
        values
            (?, ?, ?)
    16:24:29.883 [pool-2-thread-73] DEBUG c.c.c.s.m.FavoritePessimisticService - 즐겨찾기 추가 성공 : memberId = 73, productId = 1
    16:24:29.883 [pool-2-thread-73] DEBUG c.c.c.s.m.FavoritePessimisticService - 메서드 종료 직전: memberId = 73, productId = 1
    16:24:29.884 [pool-2-thread-73] DEBUG c.c.c.s.m.FavoriteConcurrencyTest - 실패 : Could not commit JPA transaction 
    16:24:29.884 [pool-2-thread-74] DEBUG org.hibernate.SQL - 
        select
            ni1_0.nutrition_info_id,
            ni1_0.caffeine,
            ni1_0.calories,
            ni1_0.carbohydrate,
            ni1_0.cholesterol,
            ni1_0.fat,
            ni1_0.product_id,
            ni1_0.protein,
            ni1_0.saturated_fat,
            ni1_0.sodium,
            ni1_0.sugar,
            ni1_0.trans_fat 
        from
            nutrition_info ni1_0 
        where
            ni1_0.product_id=?
    16:24:29.884 [pool-2-thread-69] DEBUG org.hibernate.SQL - 
        /* SELECT
            p 
        FROM
            Product p 
        WHERE
            p.id = :productId */ select
                p1_0.product_id,
                p1_0.category_id,
                p1_0.favorite_count,
                p1_0.price,
                p1_0.product_content,
                p1_0.product_name,
                p1_0.product_photo,
                p1_0.version 
            from
                product p1_0 
            where
                p1_0.product_id=? for update
    16:24:29.884 [pool-2-thread-74] DEBUG org.hibernate.SQL - 
        select
            f1_0.member_id,
            f1_0.product_id,
            f1_0.orderby 
        from
            favorite f1_0 
        where
            (
                f1_0.member_id, f1_0.product_id
            ) in ((?, ?))
    16:24:29.885 [pool-2-thread-74] DEBUG org.hibernate.SQL - 
        /* insert for
            com.codepresso.codepresso.entity.member.Favorite */insert 
        into
            favorite (orderby, member_id, product_id) 
        values
            (?, ?, ?)
    16:24:29.885 [pool-2-thread-74] DEBUG c.c.c.s.m.FavoritePessimisticService - 즐겨찾기 추가 성공 : memberId = 74, productId = 1
    16:24:29.885 [pool-2-thread-74] DEBUG c.c.c.s.m.FavoritePessimisticService - 메서드 종료 직전: memberId = 74, productId = 1
    16:24:29.885 [pool-2-thread-74] DEBUG c.c.c.s.m.FavoriteConcurrencyTest - 실패 : Could not commit JPA transaction 
    16:24:29.885 [pool-2-thread-75] DEBUG org.hibernate.SQL - 
        select
            ni1_0.nutrition_info_id,
            ni1_0.caffeine,
            ni1_0.calories,
            ni1_0.carbohydrate,
            ni1_0.cholesterol,
            ni1_0.fat,
            ni1_0.product_id,
            ni1_0.protein,
            ni1_0.saturated_fat,
            ni1_0.sodium,
            ni1_0.sugar,
            ni1_0.trans_fat 
        from
            nutrition_info ni1_0 
        where
            ni1_0.product_id=?
    16:24:29.886 [pool-2-thread-76] DEBUG org.hibernate.SQL - 
        /* SELECT
            p 
        FROM
            Product p 
        WHERE
            p.id = :productId */ select
                p1_0.product_id,
                p1_0.category_id,
                p1_0.favorite_count,
                p1_0.price,
                p1_0.product_content,
                p1_0.product_name,
                p1_0.product_photo,
                p1_0.version 
            from
                product p1_0 
            where
                p1_0.product_id=? for update
    16:24:29.886 [pool-2-thread-75] DEBUG org.hibernate.SQL - 
        select
            f1_0.member_id,
            f1_0.product_id,
            f1_0.orderby 
        from
            favorite f1_0 
        where
            (
                f1_0.member_id, f1_0.product_id
            ) in ((?, ?))
    16:24:29.886 [pool-2-thread-75] DEBUG org.hibernate.SQL - 
        /* insert for
            com.codepresso.codepresso.entity.member.Favorite */insert 
        into
            favorite (orderby, member_id, product_id) 
        values
            (?, ?, ?)
    16:24:29.887 [pool-2-thread-75] DEBUG c.c.c.s.m.FavoritePessimisticService - 즐겨찾기 추가 성공 : memberId = 75, productId = 1
    16:24:29.887 [pool-2-thread-75] DEBUG c.c.c.s.m.FavoritePessimisticService - 메서드 종료 직전: memberId = 75, productId = 1
    16:24:29.887 [pool-2-thread-75] DEBUG c.c.c.s.m.FavoriteConcurrencyTest - 실패 : Could not commit JPA transaction 
    16:24:29.887 [pool-2-thread-69] DEBUG org.hibernate.SQL - 
        select
            ni1_0.nutrition_info_id,
            ni1_0.caffeine,
            ni1_0.calories,
            ni1_0.carbohydrate,
            ni1_0.cholesterol,
            ni1_0.fat,
            ni1_0.product_id,
            ni1_0.protein,
            ni1_0.saturated_fat,
            ni1_0.sodium,
            ni1_0.sugar,
            ni1_0.trans_fat 
        from
            nutrition_info ni1_0 
        where
            ni1_0.product_id=?
    16:24:29.887 [pool-2-thread-77] DEBUG org.hibernate.SQL - 
        /* SELECT
            p 
        FROM
            Product p 
        WHERE
            p.id = :productId */ select
                p1_0.product_id,
                p1_0.category_id,
                p1_0.favorite_count,
                p1_0.price,
                p1_0.product_content,
                p1_0.product_name,
                p1_0.product_photo,
                p1_0.version 
            from
                product p1_0 
            where
                p1_0.product_id=? for update
    16:24:29.888 [pool-2-thread-69] DEBUG org.hibernate.SQL - 
        select
            f1_0.member_id,
            f1_0.product_id,
            f1_0.orderby 
        from
            favorite f1_0 
        where
            (
                f1_0.member_id, f1_0.product_id
            ) in ((?, ?))
    16:24:29.888 [pool-2-thread-69] DEBUG org.hibernate.SQL - 
        /* insert for
            com.codepresso.codepresso.entity.member.Favorite */insert 
        into
            favorite (orderby, member_id, product_id) 
        values
            (?, ?, ?)
    16:24:29.888 [pool-2-thread-69] DEBUG c.c.c.s.m.FavoritePessimisticService - 즐겨찾기 추가 성공 : memberId = 69, productId = 1
    16:24:29.888 [pool-2-thread-69] DEBUG c.c.c.s.m.FavoritePessimisticService - 메서드 종료 직전: memberId = 69, productId = 1
    16:24:29.888 [pool-2-thread-69] DEBUG c.c.c.s.m.FavoriteConcurrencyTest - 실패 : Could not commit JPA transaction 
    16:24:29.889 [pool-2-thread-76] DEBUG org.hibernate.SQL - 
        select
            ni1_0.nutrition_info_id,
            ni1_0.caffeine,
            ni1_0.calories,
            ni1_0.carbohydrate,
            ni1_0.cholesterol,
            ni1_0.fat,
            ni1_0.product_id,
            ni1_0.protein,
            ni1_0.saturated_fat,
            ni1_0.sodium,
            ni1_0.sugar,
            ni1_0.trans_fat 
        from
            nutrition_info ni1_0 
        where
            ni1_0.product_id=?
    16:24:29.889 [pool-2-thread-78] DEBUG org.hibernate.SQL - 
        /* SELECT
            p 
        FROM
            Product p 
        WHERE
            p.id = :productId */ select
                p1_0.product_id,
                p1_0.category_id,
                p1_0.favorite_count,
                p1_0.price,
                p1_0.product_content,
                p1_0.product_name,
                p1_0.product_photo,
                p1_0.version 
            from
                product p1_0 
            where
                p1_0.product_id=? for update
    16:24:29.889 [pool-2-thread-76] DEBUG org.hibernate.SQL - 
        select
            f1_0.member_id,
            f1_0.product_id,
            f1_0.orderby 
        from
            favorite f1_0 
        where
            (
                f1_0.member_id, f1_0.product_id
            ) in ((?, ?))
    16:24:29.889 [pool-2-thread-76] DEBUG org.hibernate.SQL - 
        /* insert for
            com.codepresso.codepresso.entity.member.Favorite */insert 
        into
            favorite (orderby, member_id, product_id) 
        values
            (?, ?, ?)
    16:24:29.890 [pool-2-thread-76] DEBUG c.c.c.s.m.FavoritePessimisticService - 즐겨찾기 추가 성공 : memberId = 76, productId = 1
    16:24:29.890 [pool-2-thread-76] DEBUG c.c.c.s.m.FavoritePessimisticService - 메서드 종료 직전: memberId = 76, productId = 1
    16:24:29.890 [pool-2-thread-76] DEBUG c.c.c.s.m.FavoriteConcurrencyTest - 실패 : Could not commit JPA transaction 
    16:24:29.890 [pool-2-thread-77] DEBUG org.hibernate.SQL - 
        select
            ni1_0.nutrition_info_id,
            ni1_0.caffeine,
            ni1_0.calories,
            ni1_0.carbohydrate,
            ni1_0.cholesterol,
            ni1_0.fat,
            ni1_0.product_id,
            ni1_0.protein,
            ni1_0.saturated_fat,
            ni1_0.sodium,
            ni1_0.sugar,
            ni1_0.trans_fat 
        from
            nutrition_info ni1_0 
        where
            ni1_0.product_id=?
    16:24:29.890 [pool-2-thread-79] DEBUG org.hibernate.SQL - 
        /* SELECT
            p 
        FROM
            Product p 
        WHERE
            p.id = :productId */ select
                p1_0.product_id,
                p1_0.category_id,
                p1_0.favorite_count,
                p1_0.price,
                p1_0.product_content,
                p1_0.product_name,
                p1_0.product_photo,
                p1_0.version 
            from
                product p1_0 
            where
                p1_0.product_id=? for update
    16:24:29.890 [pool-2-thread-77] DEBUG org.hibernate.SQL - 
        select
            f1_0.member_id,
            f1_0.product_id,
            f1_0.orderby 
        from
            favorite f1_0 
        where
            (
                f1_0.member_id, f1_0.product_id
            ) in ((?, ?))
    16:24:29.891 [pool-2-thread-77] DEBUG org.hibernate.SQL - 
        /* insert for
            com.codepresso.codepresso.entity.member.Favorite */insert 
        into
            favorite (orderby, member_id, product_id) 
        values
            (?, ?, ?)
    16:24:29.891 [pool-2-thread-77] DEBUG c.c.c.s.m.FavoritePessimisticService - 즐겨찾기 추가 성공 : memberId = 77, productId = 1
    16:24:29.891 [pool-2-thread-77] DEBUG c.c.c.s.m.FavoritePessimisticService - 메서드 종료 직전: memberId = 77, productId = 1
    16:24:29.891 [pool-2-thread-77] DEBUG c.c.c.s.m.FavoriteConcurrencyTest - 실패 : Could not commit JPA transaction 
    16:24:29.892 [pool-2-thread-79] DEBUG org.hibernate.SQL - 
        select
            ni1_0.nutrition_info_id,
            ni1_0.caffeine,
            ni1_0.calories,
            ni1_0.carbohydrate,
            ni1_0.cholesterol,
            ni1_0.fat,
            ni1_0.product_id,
            ni1_0.protein,
            ni1_0.saturated_fat,
            ni1_0.sodium,
            ni1_0.sugar,
            ni1_0.trans_fat 
        from
            nutrition_info ni1_0 
        where
            ni1_0.product_id=?
    16:24:29.892 [pool-2-thread-80] DEBUG org.hibernate.SQL - 
        /* SELECT
            p 
        FROM
            Product p 
        WHERE
            p.id = :productId */ select
                p1_0.product_id,
                p1_0.category_id,
                p1_0.favorite_count,
                p1_0.price,
                p1_0.product_content,
                p1_0.product_name,
                p1_0.product_photo,
                p1_0.version 
            from
                product p1_0 
            where
                p1_0.product_id=? for update
    16:24:29.893 [pool-2-thread-79] DEBUG org.hibernate.SQL - 
        select
            f1_0.member_id,
            f1_0.product_id,
            f1_0.orderby 
        from
            favorite f1_0 
        where
            (
                f1_0.member_id, f1_0.product_id
            ) in ((?, ?))
    16:24:29.893 [pool-2-thread-79] DEBUG org.hibernate.SQL - 
        /* insert for
            com.codepresso.codepresso.entity.member.Favorite */insert 
        into
            favorite (orderby, member_id, product_id) 
        values
            (?, ?, ?)
    16:24:29.894 [pool-2-thread-79] DEBUG c.c.c.s.m.FavoritePessimisticService - 즐겨찾기 추가 성공 : memberId = 79, productId = 1
    16:24:29.894 [pool-2-thread-79] DEBUG c.c.c.s.m.FavoritePessimisticService - 메서드 종료 직전: memberId = 79, productId = 1
    16:24:29.894 [pool-2-thread-79] DEBUG c.c.c.s.m.FavoriteConcurrencyTest - 실패 : Could not commit JPA transaction 
    16:24:29.894 [pool-2-thread-78] DEBUG org.hibernate.SQL - 
        select
            ni1_0.nutrition_info_id,
            ni1_0.caffeine,
            ni1_0.calories,
            ni1_0.carbohydrate,
            ni1_0.cholesterol,
            ni1_0.fat,
            ni1_0.product_id,
            ni1_0.protein,
            ni1_0.saturated_fat,
            ni1_0.sodium,
            ni1_0.sugar,
            ni1_0.trans_fat 
        from
            nutrition_info ni1_0 
        where
            ni1_0.product_id=?
    16:24:29.894 [pool-2-thread-81] DEBUG org.hibernate.SQL - 
        /* SELECT
            p 
        FROM
            Product p 
        WHERE
            p.id = :productId */ select
                p1_0.product_id,
                p1_0.category_id,
                p1_0.favorite_count,
                p1_0.price,
                p1_0.product_content,
                p1_0.product_name,
                p1_0.product_photo,
                p1_0.version 
            from
                product p1_0 
            where
                p1_0.product_id=? for update
    16:24:29.895 [pool-2-thread-78] DEBUG org.hibernate.SQL - 
        select
            f1_0.member_id,
            f1_0.product_id,
            f1_0.orderby 
        from
            favorite f1_0 
        where
            (
                f1_0.member_id, f1_0.product_id
            ) in ((?, ?))
    16:24:29.896 [pool-2-thread-78] DEBUG org.hibernate.SQL - 
        /* insert for
            com.codepresso.codepresso.entity.member.Favorite */insert 
        into
            favorite (orderby, member_id, product_id) 
        values
            (?, ?, ?)
    16:24:29.896 [pool-2-thread-78] DEBUG c.c.c.s.m.FavoritePessimisticService - 즐겨찾기 추가 성공 : memberId = 78, productId = 1
    16:24:29.896 [pool-2-thread-78] DEBUG c.c.c.s.m.FavoritePessimisticService - 메서드 종료 직전: memberId = 78, productId = 1
    16:24:29.896 [pool-2-thread-78] DEBUG c.c.c.s.m.FavoriteConcurrencyTest - 실패 : Could not commit JPA transaction 
    16:24:29.896 [pool-2-thread-80] DEBUG org.hibernate.SQL - 
        select
            ni1_0.nutrition_info_id,
            ni1_0.caffeine,
            ni1_0.calories,
            ni1_0.carbohydrate,
            ni1_0.cholesterol,
            ni1_0.fat,
            ni1_0.product_id,
            ni1_0.protein,
            ni1_0.saturated_fat,
            ni1_0.sodium,
            ni1_0.sugar,
            ni1_0.trans_fat 
        from
            nutrition_info ni1_0 
        where
            ni1_0.product_id=?
    16:24:29.897 [pool-2-thread-83] DEBUG org.hibernate.SQL - 
        /* SELECT
            p 
        FROM
            Product p 
        WHERE
            p.id = :productId */ select
                p1_0.product_id,
                p1_0.category_id,
                p1_0.favorite_count,
                p1_0.price,
                p1_0.product_content,
                p1_0.product_name,
                p1_0.product_photo,
                p1_0.version 
            from
                product p1_0 
            where
                p1_0.product_id=? for update
    16:24:29.897 [pool-2-thread-80] DEBUG org.hibernate.SQL - 
        select
            f1_0.member_id,
            f1_0.product_id,
            f1_0.orderby 
        from
            favorite f1_0 
        where
            (
                f1_0.member_id, f1_0.product_id
            ) in ((?, ?))
    16:24:29.897 [pool-2-thread-80] DEBUG org.hibernate.SQL - 
        /* insert for
            com.codepresso.codepresso.entity.member.Favorite */insert 
        into
            favorite (orderby, member_id, product_id) 
        values
            (?, ?, ?)
    16:24:29.898 [pool-2-thread-80] DEBUG c.c.c.s.m.FavoritePessimisticService - 즐겨찾기 추가 성공 : memberId = 80, productId = 1
    16:24:29.898 [pool-2-thread-80] DEBUG c.c.c.s.m.FavoritePessimisticService - 메서드 종료 직전: memberId = 80, productId = 1
    16:24:29.898 [pool-2-thread-80] DEBUG c.c.c.s.m.FavoriteConcurrencyTest - 실패 : Could not commit JPA transaction 
    16:24:29.898 [pool-2-thread-81] DEBUG org.hibernate.SQL - 
        select
            ni1_0.nutrition_info_id,
            ni1_0.caffeine,
            ni1_0.calories,
            ni1_0.carbohydrate,
            ni1_0.cholesterol,
            ni1_0.fat,
            ni1_0.product_id,
            ni1_0.protein,
            ni1_0.saturated_fat,
            ni1_0.sodium,
            ni1_0.sugar,
            ni1_0.trans_fat 
        from
            nutrition_info ni1_0 
        where
            ni1_0.product_id=?
    16:24:29.898 [pool-2-thread-82] DEBUG org.hibernate.SQL - 
        /* SELECT
            p 
        FROM
            Product p 
        WHERE
            p.id = :productId */ select
                p1_0.product_id,
                p1_0.category_id,
                p1_0.favorite_count,
                p1_0.price,
                p1_0.product_content,
                p1_0.product_name,
                p1_0.product_photo,
                p1_0.version 
            from
                product p1_0 
            where
                p1_0.product_id=? for update
    16:24:29.898 [pool-2-thread-81] DEBUG org.hibernate.SQL - 
        select
            f1_0.member_id,
            f1_0.product_id,
            f1_0.orderby 
        from
            favorite f1_0 
        where
            (
                f1_0.member_id, f1_0.product_id
            ) in ((?, ?))
    16:24:29.899 [pool-2-thread-81] DEBUG org.hibernate.SQL - 
        /* insert for
            com.codepresso.codepresso.entity.member.Favorite */insert 
        into
            favorite (orderby, member_id, product_id) 
        values
            (?, ?, ?)
    16:24:29.899 [pool-2-thread-81] DEBUG c.c.c.s.m.FavoritePessimisticService - 즐겨찾기 추가 성공 : memberId = 81, productId = 1
    16:24:29.899 [pool-2-thread-81] DEBUG c.c.c.s.m.FavoritePessimisticService - 메서드 종료 직전: memberId = 81, productId = 1
    16:24:29.899 [pool-2-thread-81] DEBUG c.c.c.s.m.FavoriteConcurrencyTest - 실패 : Could not commit JPA transaction 
    16:24:29.899 [pool-2-thread-82] DEBUG org.hibernate.SQL - 
        select
            ni1_0.nutrition_info_id,
            ni1_0.caffeine,
            ni1_0.calories,
            ni1_0.carbohydrate,
            ni1_0.cholesterol,
            ni1_0.fat,
            ni1_0.product_id,
            ni1_0.protein,
            ni1_0.saturated_fat,
            ni1_0.sodium,
            ni1_0.sugar,
            ni1_0.trans_fat 
        from
            nutrition_info ni1_0 
        where
            ni1_0.product_id=?
    16:24:29.900 [pool-2-thread-84] DEBUG org.hibernate.SQL - 
        /* SELECT
            p 
        FROM
            Product p 
        WHERE
            p.id = :productId */ select
                p1_0.product_id,
                p1_0.category_id,
                p1_0.favorite_count,
                p1_0.price,
                p1_0.product_content,
                p1_0.product_name,
                p1_0.product_photo,
                p1_0.version 
            from
                product p1_0 
            where
                p1_0.product_id=? for update
    16:24:29.900 [pool-2-thread-82] DEBUG org.hibernate.SQL - 
        select
            f1_0.member_id,
            f1_0.product_id,
            f1_0.orderby 
        from
            favorite f1_0 
        where
            (
                f1_0.member_id, f1_0.product_id
            ) in ((?, ?))
    16:24:29.901 [pool-2-thread-82] DEBUG org.hibernate.SQL - 
        /* insert for
            com.codepresso.codepresso.entity.member.Favorite */insert 
        into
            favorite (orderby, member_id, product_id) 
        values
            (?, ?, ?)
    16:24:29.901 [pool-2-thread-82] DEBUG c.c.c.s.m.FavoritePessimisticService - 즐겨찾기 추가 성공 : memberId = 82, productId = 1
    16:24:29.901 [pool-2-thread-82] DEBUG c.c.c.s.m.FavoritePessimisticService - 메서드 종료 직전: memberId = 82, productId = 1
    16:24:29.901 [pool-2-thread-82] DEBUG c.c.c.s.m.FavoriteConcurrencyTest - 실패 : Could not commit JPA transaction 
    16:24:29.901 [pool-2-thread-72] DEBUG org.hibernate.SQL - 
        select
            ni1_0.nutrition_info_id,
            ni1_0.caffeine,
            ni1_0.calories,
            ni1_0.carbohydrate,
            ni1_0.cholesterol,
            ni1_0.fat,
            ni1_0.product_id,
            ni1_0.protein,
            ni1_0.saturated_fat,
            ni1_0.sodium,
            ni1_0.sugar,
            ni1_0.trans_fat 
        from
            nutrition_info ni1_0 
        where
            ni1_0.product_id=?
    16:24:29.902 [pool-2-thread-85] DEBUG org.hibernate.SQL - 
        /* SELECT
            p 
        FROM
            Product p 
        WHERE
            p.id = :productId */ select
                p1_0.product_id,
                p1_0.category_id,
                p1_0.favorite_count,
                p1_0.price,
                p1_0.product_content,
                p1_0.product_name,
                p1_0.product_photo,
                p1_0.version 
            from
                product p1_0 
            where
                p1_0.product_id=? for update
    16:24:29.903 [pool-2-thread-72] DEBUG org.hibernate.SQL - 
        select
            f1_0.member_id,
            f1_0.product_id,
            f1_0.orderby 
        from
            favorite f1_0 
        where
            (
                f1_0.member_id, f1_0.product_id
            ) in ((?, ?))
    16:24:29.903 [pool-2-thread-72] DEBUG org.hibernate.SQL - 
        /* insert for
            com.codepresso.codepresso.entity.member.Favorite */insert 
        into
            favorite (orderby, member_id, product_id) 
        values
            (?, ?, ?)
    16:24:29.903 [pool-2-thread-72] DEBUG c.c.c.s.m.FavoritePessimisticService - 즐겨찾기 추가 성공 : memberId = 72, productId = 1
    16:24:29.903 [pool-2-thread-72] DEBUG c.c.c.s.m.FavoritePessimisticService - 메서드 종료 직전: memberId = 72, productId = 1
    16:24:29.904 [pool-2-thread-72] DEBUG c.c.c.s.m.FavoriteConcurrencyTest - 실패 : Could not commit JPA transaction 
    16:24:29.904 [pool-2-thread-84] DEBUG org.hibernate.SQL - 
        select
            ni1_0.nutrition_info_id,
            ni1_0.caffeine,
            ni1_0.calories,
            ni1_0.carbohydrate,
            ni1_0.cholesterol,
            ni1_0.fat,
            ni1_0.product_id,
            ni1_0.protein,
            ni1_0.saturated_fat,
            ni1_0.sodium,
            ni1_0.sugar,
            ni1_0.trans_fat 
        from
            nutrition_info ni1_0 
        where
            ni1_0.product_id=?
    16:24:29.904 [pool-2-thread-86] DEBUG org.hibernate.SQL - 
        /* SELECT
            p 
        FROM
            Product p 
        WHERE
            p.id = :productId */ select
                p1_0.product_id,
                p1_0.category_id,
                p1_0.favorite_count,
                p1_0.price,
                p1_0.product_content,
                p1_0.product_name,
                p1_0.product_photo,
                p1_0.version 
            from
                product p1_0 
            where
                p1_0.product_id=? for update
    16:24:29.904 [pool-2-thread-84] DEBUG org.hibernate.SQL - 
        select
            f1_0.member_id,
            f1_0.product_id,
            f1_0.orderby 
        from
            favorite f1_0 
        where
            (
                f1_0.member_id, f1_0.product_id
            ) in ((?, ?))
    16:24:29.905 [pool-2-thread-84] DEBUG org.hibernate.SQL - 
        /* insert for
            com.codepresso.codepresso.entity.member.Favorite */insert 
        into
            favorite (orderby, member_id, product_id) 
        values
            (?, ?, ?)
    16:24:29.905 [pool-2-thread-84] DEBUG c.c.c.s.m.FavoritePessimisticService - 즐겨찾기 추가 성공 : memberId = 84, productId = 1
    16:24:29.905 [pool-2-thread-84] DEBUG c.c.c.s.m.FavoritePessimisticService - 메서드 종료 직전: memberId = 84, productId = 1
    16:24:29.906 [pool-2-thread-84] DEBUG c.c.c.s.m.FavoriteConcurrencyTest - 실패 : Could not commit JPA transaction 
    16:24:29.907 [pool-2-thread-85] DEBUG org.hibernate.SQL - 
        select
            ni1_0.nutrition_info_id,
            ni1_0.caffeine,
            ni1_0.calories,
            ni1_0.carbohydrate,
            ni1_0.cholesterol,
            ni1_0.fat,
            ni1_0.product_id,
            ni1_0.protein,
            ni1_0.saturated_fat,
            ni1_0.sodium,
            ni1_0.sugar,
            ni1_0.trans_fat 
        from
            nutrition_info ni1_0 
        where
            ni1_0.product_id=?
    16:24:29.907 [pool-2-thread-87] DEBUG org.hibernate.SQL - 
        /* SELECT
            p 
        FROM
            Product p 
        WHERE
            p.id = :productId */ select
                p1_0.product_id,
                p1_0.category_id,
                p1_0.favorite_count,
                p1_0.price,
                p1_0.product_content,
                p1_0.product_name,
                p1_0.product_photo,
                p1_0.version 
            from
                product p1_0 
            where
                p1_0.product_id=? for update
    16:24:29.907 [pool-2-thread-85] DEBUG org.hibernate.SQL - 
        select
            f1_0.member_id,
            f1_0.product_id,
            f1_0.orderby 
        from
            favorite f1_0 
        where
            (
                f1_0.member_id, f1_0.product_id
            ) in ((?, ?))
    16:24:29.909 [pool-2-thread-85] DEBUG org.hibernate.SQL - 
        /* insert for
            com.codepresso.codepresso.entity.member.Favorite */insert 
        into
            favorite (orderby, member_id, product_id) 
        values
            (?, ?, ?)
    16:24:29.909 [pool-2-thread-85] DEBUG c.c.c.s.m.FavoritePessimisticService - 즐겨찾기 추가 성공 : memberId = 85, productId = 1
    16:24:29.909 [pool-2-thread-85] DEBUG c.c.c.s.m.FavoritePessimisticService - 메서드 종료 직전: memberId = 85, productId = 1
    16:24:29.909 [pool-2-thread-85] DEBUG c.c.c.s.m.FavoriteConcurrencyTest - 실패 : Could not commit JPA transaction 
    16:24:29.909 [pool-2-thread-88] DEBUG org.hibernate.SQL - 
        /* SELECT
            p 
        FROM
            Product p 
        WHERE
            p.id = :productId */ select
                p1_0.product_id,
                p1_0.category_id,
                p1_0.favorite_count,
                p1_0.price,
                p1_0.product_content,
                p1_0.product_name,
                p1_0.product_photo,
                p1_0.version 
            from
                product p1_0 
            where
                p1_0.product_id=? for update
    16:24:29.910 [pool-2-thread-86] DEBUG org.hibernate.SQL - 
        select
            ni1_0.nutrition_info_id,
            ni1_0.caffeine,
            ni1_0.calories,
            ni1_0.carbohydrate,
            ni1_0.cholesterol,
            ni1_0.fat,
            ni1_0.product_id,
            ni1_0.protein,
            ni1_0.saturated_fat,
            ni1_0.sodium,
            ni1_0.sugar,
            ni1_0.trans_fat 
        from
            nutrition_info ni1_0 
        where
            ni1_0.product_id=?
    16:24:29.911 [pool-2-thread-86] DEBUG org.hibernate.SQL - 
        select
            f1_0.member_id,
            f1_0.product_id,
            f1_0.orderby 
        from
            favorite f1_0 
        where
            (
                f1_0.member_id, f1_0.product_id
            ) in ((?, ?))
    16:24:29.912 [pool-2-thread-86] DEBUG org.hibernate.SQL - 
        /* insert for
            com.codepresso.codepresso.entity.member.Favorite */insert 
        into
            favorite (orderby, member_id, product_id) 
        values
            (?, ?, ?)
    16:24:29.912 [pool-2-thread-86] DEBUG c.c.c.s.m.FavoritePessimisticService - 즐겨찾기 추가 성공 : memberId = 86, productId = 1
    16:24:29.912 [pool-2-thread-86] DEBUG c.c.c.s.m.FavoritePessimisticService - 메서드 종료 직전: memberId = 86, productId = 1
    16:24:29.913 [pool-2-thread-83] DEBUG org.hibernate.SQL - 
        select
            ni1_0.nutrition_info_id,
            ni1_0.caffeine,
            ni1_0.calories,
            ni1_0.carbohydrate,
            ni1_0.cholesterol,
            ni1_0.fat,
            ni1_0.product_id,
            ni1_0.protein,
            ni1_0.saturated_fat,
            ni1_0.sodium,
            ni1_0.sugar,
            ni1_0.trans_fat 
        from
            nutrition_info ni1_0 
        where
            ni1_0.product_id=?
    16:24:29.913 [pool-2-thread-86] DEBUG c.c.c.s.m.FavoriteConcurrencyTest - 실패 : Could not commit JPA transaction 
    16:24:29.914 [pool-2-thread-83] DEBUG org.hibernate.SQL - 
        select
            f1_0.member_id,
            f1_0.product_id,
            f1_0.orderby 
        from
            favorite f1_0 
        where
            (
                f1_0.member_id, f1_0.product_id
            ) in ((?, ?))
    16:24:29.914 [pool-2-thread-83] DEBUG org.hibernate.SQL - 
        /* insert for
            com.codepresso.codepresso.entity.member.Favorite */insert 
        into
            favorite (orderby, member_id, product_id) 
        values
            (?, ?, ?)
    16:24:29.915 [pool-2-thread-89] DEBUG org.hibernate.SQL - 
        /* SELECT
            p 
        FROM
            Product p 
        WHERE
            p.id = :productId */ select
                p1_0.product_id,
                p1_0.category_id,
                p1_0.favorite_count,
                p1_0.price,
                p1_0.product_content,
                p1_0.product_name,
                p1_0.product_photo,
                p1_0.version 
            from
                product p1_0 
            where
                p1_0.product_id=? for update
    16:24:29.915 [pool-2-thread-83] DEBUG c.c.c.s.m.FavoritePessimisticService - 즐겨찾기 추가 성공 : memberId = 83, productId = 1
    16:24:29.915 [pool-2-thread-83] DEBUG c.c.c.s.m.FavoritePessimisticService - 메서드 종료 직전: memberId = 83, productId = 1
    16:24:29.915 [pool-2-thread-83] DEBUG c.c.c.s.m.FavoriteConcurrencyTest - 실패 : Could not commit JPA transaction 
    16:24:29.917 [pool-2-thread-90] DEBUG org.hibernate.SQL - 
        /* SELECT
            p 
        FROM
            Product p 
        WHERE
            p.id = :productId */ select
                p1_0.product_id,
                p1_0.category_id,
                p1_0.favorite_count,
                p1_0.price,
                p1_0.product_content,
                p1_0.product_name,
                p1_0.product_photo,
                p1_0.version 
            from
                product p1_0 
            where
                p1_0.product_id=? for update
    16:24:29.917 [pool-2-thread-20] DEBUG org.hibernate.SQL - 
        select
            ni1_0.nutrition_info_id,
            ni1_0.caffeine,
            ni1_0.calories,
            ni1_0.carbohydrate,
            ni1_0.cholesterol,
            ni1_0.fat,
            ni1_0.product_id,
            ni1_0.protein,
            ni1_0.saturated_fat,
            ni1_0.sodium,
            ni1_0.sugar,
            ni1_0.trans_fat 
        from
            nutrition_info ni1_0 
        where
            ni1_0.product_id=?
    16:24:29.920 [pool-2-thread-20] DEBUG org.hibernate.SQL - 
        select
            f1_0.member_id,
            f1_0.product_id,
            f1_0.orderby 
        from
            favorite f1_0 
        where
            (
                f1_0.member_id, f1_0.product_id
            ) in ((?, ?))
    16:24:29.922 [pool-2-thread-20] DEBUG org.hibernate.SQL - 
        /* insert for
            com.codepresso.codepresso.entity.member.Favorite */insert 
        into
            favorite (orderby, member_id, product_id) 
        values
            (?, ?, ?)
    16:24:29.922 [pool-2-thread-20] DEBUG c.c.c.s.m.FavoritePessimisticService - 즐겨찾기 추가 성공 : memberId = 20, productId = 1
    16:24:29.922 [pool-2-thread-20] DEBUG c.c.c.s.m.FavoritePessimisticService - 메서드 종료 직전: memberId = 20, productId = 1
    16:24:29.923 [pool-2-thread-20] DEBUG c.c.c.s.m.FavoriteConcurrencyTest - 실패 : Could not commit JPA transaction 
    16:24:29.923 [pool-2-thread-90] DEBUG org.hibernate.SQL - 
        select
            ni1_0.nutrition_info_id,
            ni1_0.caffeine,
            ni1_0.calories,
            ni1_0.carbohydrate,
            ni1_0.cholesterol,
            ni1_0.fat,
            ni1_0.product_id,
            ni1_0.protein,
            ni1_0.saturated_fat,
            ni1_0.sodium,
            ni1_0.sugar,
            ni1_0.trans_fat 
        from
            nutrition_info ni1_0 
        where
            ni1_0.product_id=?
    16:24:29.923 [pool-2-thread-91] DEBUG org.hibernate.SQL - 
        /* SELECT
            p 
        FROM
            Product p 
        WHERE
            p.id = :productId */ select
                p1_0.product_id,
                p1_0.category_id,
                p1_0.favorite_count,
                p1_0.price,
                p1_0.product_content,
                p1_0.product_name,
                p1_0.product_photo,
                p1_0.version 
            from
                product p1_0 
            where
                p1_0.product_id=? for update
    16:24:29.925 [pool-2-thread-90] DEBUG org.hibernate.SQL - 
        select
            f1_0.member_id,
            f1_0.product_id,
            f1_0.orderby 
        from
            favorite f1_0 
        where
            (
                f1_0.member_id, f1_0.product_id
            ) in ((?, ?))
    16:24:29.927 [pool-2-thread-90] DEBUG org.hibernate.SQL - 
        /* insert for
            com.codepresso.codepresso.entity.member.Favorite */insert 
        into
            favorite (orderby, member_id, product_id) 
        values
            (?, ?, ?)
    16:24:29.928 [pool-2-thread-90] DEBUG c.c.c.s.m.FavoritePessimisticService - 즐겨찾기 추가 성공 : memberId = 90, productId = 1
    16:24:29.928 [pool-2-thread-90] DEBUG c.c.c.s.m.FavoritePessimisticService - 메서드 종료 직전: memberId = 90, productId = 1
    16:24:29.928 [pool-2-thread-90] DEBUG c.c.c.s.m.FavoriteConcurrencyTest - 실패 : Could not commit JPA transaction 
    16:24:29.928 [pool-2-thread-51] DEBUG org.hibernate.SQL - 
        select
            ni1_0.nutrition_info_id,
            ni1_0.caffeine,
            ni1_0.calories,
            ni1_0.carbohydrate,
            ni1_0.cholesterol,
            ni1_0.fat,
            ni1_0.product_id,
            ni1_0.protein,
            ni1_0.saturated_fat,
            ni1_0.sodium,
            ni1_0.sugar,
            ni1_0.trans_fat 
        from
            nutrition_info ni1_0 
        where
            ni1_0.product_id=?
    16:24:29.929 [pool-2-thread-92] DEBUG org.hibernate.SQL - 
        /* SELECT
            p 
        FROM
            Product p 
        WHERE
            p.id = :productId */ select
                p1_0.product_id,
                p1_0.category_id,
                p1_0.favorite_count,
                p1_0.price,
                p1_0.product_content,
                p1_0.product_name,
                p1_0.product_photo,
                p1_0.version 
            from
                product p1_0 
            where
                p1_0.product_id=? for update
    16:24:29.929 [pool-2-thread-51] DEBUG org.hibernate.SQL - 
        select
            f1_0.member_id,
            f1_0.product_id,
            f1_0.orderby 
        from
            favorite f1_0 
        where
            (
                f1_0.member_id, f1_0.product_id
            ) in ((?, ?))
    16:24:29.930 [pool-2-thread-51] DEBUG org.hibernate.SQL - 
        /* insert for
            com.codepresso.codepresso.entity.member.Favorite */insert 
        into
            favorite (orderby, member_id, product_id) 
        values
            (?, ?, ?)
    16:24:29.930 [pool-2-thread-51] DEBUG c.c.c.s.m.FavoritePessimisticService - 즐겨찾기 추가 성공 : memberId = 51, productId = 1
    16:24:29.930 [pool-2-thread-51] DEBUG c.c.c.s.m.FavoritePessimisticService - 메서드 종료 직전: memberId = 51, productId = 1
    16:24:29.930 [pool-2-thread-51] DEBUG c.c.c.s.m.FavoriteConcurrencyTest - 실패 : Could not commit JPA transaction 
    16:24:29.931 [pool-2-thread-93] DEBUG org.hibernate.SQL - 
        /* SELECT
            p 
        FROM
            Product p 
        WHERE
            p.id = :productId */ select
                p1_0.product_id,
                p1_0.category_id,
                p1_0.favorite_count,
                p1_0.price,
                p1_0.product_content,
                p1_0.product_name,
                p1_0.product_photo,
                p1_0.version 
            from
                product p1_0 
            where
                p1_0.product_id=? for update
    16:24:29.931 [pool-2-thread-91] DEBUG org.hibernate.SQL - 
        select
            ni1_0.nutrition_info_id,
            ni1_0.caffeine,
            ni1_0.calories,
            ni1_0.carbohydrate,
            ni1_0.cholesterol,
            ni1_0.fat,
            ni1_0.product_id,
            ni1_0.protein,
            ni1_0.saturated_fat,
            ni1_0.sodium,
            ni1_0.sugar,
            ni1_0.trans_fat 
        from
            nutrition_info ni1_0 
        where
            ni1_0.product_id=?
    16:24:29.932 [pool-2-thread-91] DEBUG org.hibernate.SQL - 
        select
            f1_0.member_id,
            f1_0.product_id,
            f1_0.orderby 
        from
            favorite f1_0 
        where
            (
                f1_0.member_id, f1_0.product_id
            ) in ((?, ?))
    16:24:29.932 [pool-2-thread-91] DEBUG org.hibernate.SQL - 
        /* insert for
            com.codepresso.codepresso.entity.member.Favorite */insert 
        into
            favorite (orderby, member_id, product_id) 
        values
            (?, ?, ?)
    16:24:29.933 [pool-2-thread-91] DEBUG c.c.c.s.m.FavoritePessimisticService - 즐겨찾기 추가 성공 : memberId = 91, productId = 1
    16:24:29.933 [pool-2-thread-91] DEBUG c.c.c.s.m.FavoritePessimisticService - 메서드 종료 직전: memberId = 91, productId = 1
    16:24:29.933 [pool-2-thread-91] DEBUG c.c.c.s.m.FavoriteConcurrencyTest - 실패 : Could not commit JPA transaction 
    16:24:29.933 [pool-2-thread-9] DEBUG org.hibernate.SQL - 
        select
            ni1_0.nutrition_info_id,
            ni1_0.caffeine,
            ni1_0.calories,
            ni1_0.carbohydrate,
            ni1_0.cholesterol,
            ni1_0.fat,
            ni1_0.product_id,
            ni1_0.protein,
            ni1_0.saturated_fat,
            ni1_0.sodium,
            ni1_0.sugar,
            ni1_0.trans_fat 
        from
            nutrition_info ni1_0 
        where
            ni1_0.product_id=?
    16:24:29.933 [pool-2-thread-94] DEBUG org.hibernate.SQL - 
        /* SELECT
            p 
        FROM
            Product p 
        WHERE
            p.id = :productId */ select
                p1_0.product_id,
                p1_0.category_id,
                p1_0.favorite_count,
                p1_0.price,
                p1_0.product_content,
                p1_0.product_name,
                p1_0.product_photo,
                p1_0.version 
            from
                product p1_0 
            where
                p1_0.product_id=? for update
    16:24:29.934 [pool-2-thread-9] DEBUG org.hibernate.SQL - 
        select
            f1_0.member_id,
            f1_0.product_id,
            f1_0.orderby 
        from
            favorite f1_0 
        where
            (
                f1_0.member_id, f1_0.product_id
            ) in ((?, ?))
    16:24:29.935 [pool-2-thread-9] DEBUG org.hibernate.SQL - 
        /* insert for
            com.codepresso.codepresso.entity.member.Favorite */insert 
        into
            favorite (orderby, member_id, product_id) 
        values
            (?, ?, ?)
    16:24:29.935 [pool-2-thread-9] DEBUG c.c.c.s.m.FavoritePessimisticService - 즐겨찾기 추가 성공 : memberId = 9, productId = 1
    16:24:29.935 [pool-2-thread-9] DEBUG c.c.c.s.m.FavoritePessimisticService - 메서드 종료 직전: memberId = 9, productId = 1
    16:24:29.935 [pool-2-thread-9] DEBUG c.c.c.s.m.FavoriteConcurrencyTest - 실패 : Could not commit JPA transaction 
    16:24:29.936 [pool-2-thread-93] DEBUG org.hibernate.SQL - 
        select
            ni1_0.nutrition_info_id,
            ni1_0.caffeine,
            ni1_0.calories,
            ni1_0.carbohydrate,
            ni1_0.cholesterol,
            ni1_0.fat,
            ni1_0.product_id,
            ni1_0.protein,
            ni1_0.saturated_fat,
            ni1_0.sodium,
            ni1_0.sugar,
            ni1_0.trans_fat 
        from
            nutrition_info ni1_0 
        where
            ni1_0.product_id=?
    16:24:29.936 [pool-2-thread-95] DEBUG org.hibernate.SQL - 
        /* SELECT
            p 
        FROM
            Product p 
        WHERE
            p.id = :productId */ select
                p1_0.product_id,
                p1_0.category_id,
                p1_0.favorite_count,
                p1_0.price,
                p1_0.product_content,
                p1_0.product_name,
                p1_0.product_photo,
                p1_0.version 
            from
                product p1_0 
            where
                p1_0.product_id=? for update
    16:24:29.936 [pool-2-thread-93] DEBUG org.hibernate.SQL - 
        select
            f1_0.member_id,
            f1_0.product_id,
            f1_0.orderby 
        from
            favorite f1_0 
        where
            (
                f1_0.member_id, f1_0.product_id
            ) in ((?, ?))
    16:24:29.937 [pool-2-thread-93] DEBUG org.hibernate.SQL - 
        /* insert for
            com.codepresso.codepresso.entity.member.Favorite */insert 
        into
            favorite (orderby, member_id, product_id) 
        values
            (?, ?, ?)
    16:24:29.938 [pool-2-thread-93] DEBUG c.c.c.s.m.FavoritePessimisticService - 즐겨찾기 추가 성공 : memberId = 93, productId = 1
    16:24:29.938 [pool-2-thread-93] DEBUG c.c.c.s.m.FavoritePessimisticService - 메서드 종료 직전: memberId = 93, productId = 1
    16:24:29.938 [pool-2-thread-93] DEBUG c.c.c.s.m.FavoriteConcurrencyTest - 실패 : Could not commit JPA transaction 
    16:24:29.939 [pool-2-thread-95] DEBUG org.hibernate.SQL - 
        select
            ni1_0.nutrition_info_id,
            ni1_0.caffeine,
            ni1_0.calories,
            ni1_0.carbohydrate,
            ni1_0.cholesterol,
            ni1_0.fat,
            ni1_0.product_id,
            ni1_0.protein,
            ni1_0.saturated_fat,
            ni1_0.sodium,
            ni1_0.sugar,
            ni1_0.trans_fat 
        from
            nutrition_info ni1_0 
        where
            ni1_0.product_id=?
    16:24:29.939 [pool-2-thread-96] DEBUG org.hibernate.SQL - 
        /* SELECT
            p 
        FROM
            Product p 
        WHERE
            p.id = :productId */ select
                p1_0.product_id,
                p1_0.category_id,
                p1_0.favorite_count,
                p1_0.price,
                p1_0.product_content,
                p1_0.product_name,
                p1_0.product_photo,
                p1_0.version 
            from
                product p1_0 
            where
                p1_0.product_id=? for update
    16:24:29.940 [pool-2-thread-95] DEBUG org.hibernate.SQL - 
        select
            f1_0.member_id,
            f1_0.product_id,
            f1_0.orderby 
        from
            favorite f1_0 
        where
            (
                f1_0.member_id, f1_0.product_id
            ) in ((?, ?))
    16:24:29.941 [pool-2-thread-95] DEBUG org.hibernate.SQL - 
        /* insert for
            com.codepresso.codepresso.entity.member.Favorite */insert 
        into
            favorite (orderby, member_id, product_id) 
        values
            (?, ?, ?)
    16:24:29.942 [pool-2-thread-95] DEBUG c.c.c.s.m.FavoritePessimisticService - 즐겨찾기 추가 성공 : memberId = 95, productId = 1
    16:24:29.942 [pool-2-thread-95] DEBUG c.c.c.s.m.FavoritePessimisticService - 메서드 종료 직전: memberId = 95, productId = 1
    16:24:29.943 [pool-2-thread-95] DEBUG c.c.c.s.m.FavoriteConcurrencyTest - 실패 : Could not commit JPA transaction 
    16:24:29.943 [pool-2-thread-94] DEBUG org.hibernate.SQL - 
        select
            ni1_0.nutrition_info_id,
            ni1_0.caffeine,
            ni1_0.calories,
            ni1_0.carbohydrate,
            ni1_0.cholesterol,
            ni1_0.fat,
            ni1_0.product_id,
            ni1_0.protein,
            ni1_0.saturated_fat,
            ni1_0.sodium,
            ni1_0.sugar,
            ni1_0.trans_fat 
        from
            nutrition_info ni1_0 
        where
            ni1_0.product_id=?
    16:24:29.943 [pool-2-thread-97] DEBUG org.hibernate.SQL - 
        /* SELECT
            p 
        FROM
            Product p 
        WHERE
            p.id = :productId */ select
                p1_0.product_id,
                p1_0.category_id,
                p1_0.favorite_count,
                p1_0.price,
                p1_0.product_content,
                p1_0.product_name,
                p1_0.product_photo,
                p1_0.version 
            from
                product p1_0 
            where
                p1_0.product_id=? for update
    16:24:29.945 [pool-2-thread-94] DEBUG org.hibernate.SQL - 
        select
            f1_0.member_id,
            f1_0.product_id,
            f1_0.orderby 
        from
            favorite f1_0 
        where
            (
                f1_0.member_id, f1_0.product_id
            ) in ((?, ?))
    16:24:29.947 [pool-2-thread-94] DEBUG org.hibernate.SQL - 
        /* insert for
            com.codepresso.codepresso.entity.member.Favorite */insert 
        into
            favorite (orderby, member_id, product_id) 
        values
            (?, ?, ?)
    16:24:29.947 [pool-2-thread-94] DEBUG c.c.c.s.m.FavoritePessimisticService - 즐겨찾기 추가 성공 : memberId = 94, productId = 1
    16:24:29.947 [pool-2-thread-94] DEBUG c.c.c.s.m.FavoritePessimisticService - 메서드 종료 직전: memberId = 94, productId = 1
    16:24:29.948 [pool-2-thread-94] DEBUG c.c.c.s.m.FavoriteConcurrencyTest - 실패 : Could not commit JPA transaction 
    16:24:29.948 [pool-2-thread-96] DEBUG org.hibernate.SQL - 
        select
            ni1_0.nutrition_info_id,
            ni1_0.caffeine,
            ni1_0.calories,
            ni1_0.carbohydrate,
            ni1_0.cholesterol,
            ni1_0.fat,
            ni1_0.product_id,
            ni1_0.protein,
            ni1_0.saturated_fat,
            ni1_0.sodium,
            ni1_0.sugar,
            ni1_0.trans_fat 
        from
            nutrition_info ni1_0 
        where
            ni1_0.product_id=?
    16:24:29.949 [pool-2-thread-96] DEBUG org.hibernate.SQL - 
        select
            f1_0.member_id,
            f1_0.product_id,
            f1_0.orderby 
        from
            favorite f1_0 
        where
            (
                f1_0.member_id, f1_0.product_id
            ) in ((?, ?))
    16:24:29.949 [pool-2-thread-98] DEBUG org.hibernate.SQL - 
        /* SELECT
            p 
        FROM
            Product p 
        WHERE
            p.id = :productId */ select
                p1_0.product_id,
                p1_0.category_id,
                p1_0.favorite_count,
                p1_0.price,
                p1_0.product_content,
                p1_0.product_name,
                p1_0.product_photo,
                p1_0.version 
            from
                product p1_0 
            where
                p1_0.product_id=? for update
    16:24:29.951 [pool-2-thread-96] DEBUG org.hibernate.SQL - 
        /* insert for
            com.codepresso.codepresso.entity.member.Favorite */insert 
        into
            favorite (orderby, member_id, product_id) 
        values
            (?, ?, ?)
    16:24:29.951 [pool-2-thread-96] DEBUG c.c.c.s.m.FavoritePessimisticService - 즐겨찾기 추가 성공 : memberId = 96, productId = 1
    16:24:29.951 [pool-2-thread-96] DEBUG c.c.c.s.m.FavoritePessimisticService - 메서드 종료 직전: memberId = 96, productId = 1
    16:24:29.951 [pool-2-thread-96] DEBUG c.c.c.s.m.FavoriteConcurrencyTest - 실패 : Could not commit JPA transaction 
    16:24:29.952 [pool-2-thread-97] DEBUG org.hibernate.SQL - 
        select
            ni1_0.nutrition_info_id,
            ni1_0.caffeine,
            ni1_0.calories,
            ni1_0.carbohydrate,
            ni1_0.cholesterol,
            ni1_0.fat,
            ni1_0.product_id,
            ni1_0.protein,
            ni1_0.saturated_fat,
            ni1_0.sodium,
            ni1_0.sugar,
            ni1_0.trans_fat 
        from
            nutrition_info ni1_0 
        where
            ni1_0.product_id=?
    16:24:29.952 [pool-2-thread-99] DEBUG org.hibernate.SQL - 
        /* SELECT
            p 
        FROM
            Product p 
        WHERE
            p.id = :productId */ select
                p1_0.product_id,
                p1_0.category_id,
                p1_0.favorite_count,
                p1_0.price,
                p1_0.product_content,
                p1_0.product_name,
                p1_0.product_photo,
                p1_0.version 
            from
                product p1_0 
            where
                p1_0.product_id=? for update
    16:24:29.953 [pool-2-thread-97] DEBUG org.hibernate.SQL - 
        select
            f1_0.member_id,
            f1_0.product_id,
            f1_0.orderby 
        from
            favorite f1_0 
        where
            (
                f1_0.member_id, f1_0.product_id
            ) in ((?, ?))
    16:24:29.954 [pool-2-thread-97] DEBUG org.hibernate.SQL - 
        /* insert for
            com.codepresso.codepresso.entity.member.Favorite */insert 
        into
            favorite (orderby, member_id, product_id) 
        values
            (?, ?, ?)
    16:24:29.954 [pool-2-thread-97] DEBUG c.c.c.s.m.FavoritePessimisticService - 즐겨찾기 추가 성공 : memberId = 97, productId = 1
    16:24:29.954 [pool-2-thread-97] DEBUG c.c.c.s.m.FavoritePessimisticService - 메서드 종료 직전: memberId = 97, productId = 1
    16:24:29.954 [pool-2-thread-97] DEBUG c.c.c.s.m.FavoriteConcurrencyTest - 실패 : Could not commit JPA transaction 
    16:24:29.955 [pool-2-thread-98] DEBUG org.hibernate.SQL - 
        select
            ni1_0.nutrition_info_id,
            ni1_0.caffeine,
            ni1_0.calories,
            ni1_0.carbohydrate,
            ni1_0.cholesterol,
            ni1_0.fat,
            ni1_0.product_id,
            ni1_0.protein,
            ni1_0.saturated_fat,
            ni1_0.sodium,
            ni1_0.sugar,
            ni1_0.trans_fat 
        from
            nutrition_info ni1_0 
        where
            ni1_0.product_id=?
    16:24:29.955 [pool-2-thread-100] DEBUG org.hibernate.SQL - 
        /* SELECT
            p 
        FROM
            Product p 
        WHERE
            p.id = :productId */ select
                p1_0.product_id,
                p1_0.category_id,
                p1_0.favorite_count,
                p1_0.price,
                p1_0.product_content,
                p1_0.product_name,
                p1_0.product_photo,
                p1_0.version 
            from
                product p1_0 
            where
                p1_0.product_id=? for update
    16:24:29.956 [pool-2-thread-98] DEBUG org.hibernate.SQL - 
        select
            f1_0.member_id,
            f1_0.product_id,
            f1_0.orderby 
        from
            favorite f1_0 
        where
            (
                f1_0.member_id, f1_0.product_id
            ) in ((?, ?))
    16:24:29.957 [pool-2-thread-98] DEBUG org.hibernate.SQL - 
        /* insert for
            com.codepresso.codepresso.entity.member.Favorite */insert 
        into
            favorite (orderby, member_id, product_id) 
        values
            (?, ?, ?)
    16:24:29.957 [pool-2-thread-98] DEBUG c.c.c.s.m.FavoritePessimisticService - 즐겨찾기 추가 성공 : memberId = 98, productId = 1
    16:24:29.957 [pool-2-thread-98] DEBUG c.c.c.s.m.FavoritePessimisticService - 메서드 종료 직전: memberId = 98, productId = 1
    16:24:29.958 [pool-2-thread-98] DEBUG c.c.c.s.m.FavoriteConcurrencyTest - 실패 : Could not commit JPA transaction 
    16:24:29.962 [pool-2-thread-89] DEBUG org.hibernate.SQL - 
        select
            ni1_0.nutrition_info_id,
            ni1_0.caffeine,
            ni1_0.calories,
            ni1_0.carbohydrate,
            ni1_0.cholesterol,
            ni1_0.fat,
            ni1_0.product_id,
            ni1_0.protein,
            ni1_0.saturated_fat,
            ni1_0.sodium,
            ni1_0.sugar,
            ni1_0.trans_fat 
        from
            nutrition_info ni1_0 
        where
            ni1_0.product_id=?
    16:24:29.963 [pool-2-thread-89] DEBUG org.hibernate.SQL - 
        select
            f1_0.member_id,
            f1_0.product_id,
            f1_0.orderby 
        from
            favorite f1_0 
        where
            (
                f1_0.member_id, f1_0.product_id
            ) in ((?, ?))
    16:24:29.963 [pool-2-thread-101] DEBUG org.hibernate.SQL - 
        /* SELECT
            p 
        FROM
            Product p 
        WHERE
            p.id = :productId */ select
                p1_0.product_id,
                p1_0.category_id,
                p1_0.favorite_count,
                p1_0.price,
                p1_0.product_content,
                p1_0.product_name,
                p1_0.product_photo,
                p1_0.version 
            from
                product p1_0 
            where
                p1_0.product_id=? for update
    16:24:29.963 [pool-2-thread-89] DEBUG org.hibernate.SQL - 
        /* insert for
            com.codepresso.codepresso.entity.member.Favorite */insert 
        into
            favorite (orderby, member_id, product_id) 
        values
            (?, ?, ?)
    16:24:29.963 [pool-2-thread-89] DEBUG c.c.c.s.m.FavoritePessimisticService - 즐겨찾기 추가 성공 : memberId = 89, productId = 1
    16:24:29.963 [pool-2-thread-89] DEBUG c.c.c.s.m.FavoritePessimisticService - 메서드 종료 직전: memberId = 89, productId = 1
    16:24:29.964 [pool-2-thread-89] DEBUG c.c.c.s.m.FavoriteConcurrencyTest - 실패 : Could not commit JPA transaction 
    16:24:29.964 [pool-2-thread-88] DEBUG org.hibernate.SQL - 
        select
            ni1_0.nutrition_info_id,
            ni1_0.caffeine,
            ni1_0.calories,
            ni1_0.carbohydrate,
            ni1_0.cholesterol,
            ni1_0.fat,
            ni1_0.product_id,
            ni1_0.protein,
            ni1_0.saturated_fat,
            ni1_0.sodium,
            ni1_0.sugar,
            ni1_0.trans_fat 
        from
            nutrition_info ni1_0 
        where
            ni1_0.product_id=?
    16:24:29.964 [pool-2-thread-88] DEBUG org.hibernate.SQL - 
        select
            f1_0.member_id,
            f1_0.product_id,
            f1_0.orderby 
        from
            favorite f1_0 
        where
            (
                f1_0.member_id, f1_0.product_id
            ) in ((?, ?))
    16:24:29.965 [pool-2-thread-88] DEBUG org.hibernate.SQL - 
        /* insert for
            com.codepresso.codepresso.entity.member.Favorite */insert 
        into
            favorite (orderby, member_id, product_id) 
        values
            (?, ?, ?)
    16:24:29.965 [pool-2-thread-102] DEBUG org.hibernate.SQL - 
        /* SELECT
            p 
        FROM
            Product p 
        WHERE
            p.id = :productId */ select
                p1_0.product_id,
                p1_0.category_id,
                p1_0.favorite_count,
                p1_0.price,
                p1_0.product_content,
                p1_0.product_name,
                p1_0.product_photo,
                p1_0.version 
            from
                product p1_0 
            where
                p1_0.product_id=? for update
    16:24:29.965 [pool-2-thread-88] DEBUG c.c.c.s.m.FavoritePessimisticService - 즐겨찾기 추가 성공 : memberId = 88, productId = 1
    16:24:29.966 [pool-2-thread-88] DEBUG c.c.c.s.m.FavoritePessimisticService - 메서드 종료 직전: memberId = 88, productId = 1
    16:24:29.967 [pool-2-thread-88] DEBUG c.c.c.s.m.FavoriteConcurrencyTest - 실패 : Could not commit JPA transaction 
    16:24:29.967 [pool-2-thread-101] DEBUG org.hibernate.SQL - 
        select
            ni1_0.nutrition_info_id,
            ni1_0.caffeine,
            ni1_0.calories,
            ni1_0.carbohydrate,
            ni1_0.cholesterol,
            ni1_0.fat,
            ni1_0.product_id,
            ni1_0.protein,
            ni1_0.saturated_fat,
            ni1_0.sodium,
            ni1_0.sugar,
            ni1_0.trans_fat 
        from
            nutrition_info ni1_0 
        where
            ni1_0.product_id=?
    16:24:29.969 [pool-2-thread-101] DEBUG org.hibernate.SQL - 
        select
            f1_0.member_id,
            f1_0.product_id,
            f1_0.orderby 
        from
            favorite f1_0 
        where
            (
                f1_0.member_id, f1_0.product_id
            ) in ((?, ?))
    16:24:29.970 [pool-2-thread-103] DEBUG org.hibernate.SQL - 
        /* SELECT
            p 
        FROM
            Product p 
        WHERE
            p.id = :productId */ select
                p1_0.product_id,
                p1_0.category_id,
                p1_0.favorite_count,
                p1_0.price,
                p1_0.product_content,
                p1_0.product_name,
                p1_0.product_photo,
                p1_0.version 
            from
                product p1_0 
            where
                p1_0.product_id=? for update
    16:24:29.970 [pool-2-thread-101] DEBUG org.hibernate.SQL - 
        /* insert for
            com.codepresso.codepresso.entity.member.Favorite */insert 
        into
            favorite (orderby, member_id, product_id) 
        values
            (?, ?, ?)
    16:24:29.970 [pool-2-thread-101] DEBUG c.c.c.s.m.FavoritePessimisticService - 즐겨찾기 추가 성공 : memberId = 101, productId = 1
    16:24:29.970 [pool-2-thread-101] DEBUG c.c.c.s.m.FavoritePessimisticService - 메서드 종료 직전: memberId = 101, productId = 1
    16:24:29.971 [pool-2-thread-101] DEBUG c.c.c.s.m.FavoriteConcurrencyTest - 실패 : Could not commit JPA transaction 
    16:24:29.971 [pool-2-thread-87] DEBUG org.hibernate.SQL - 
        select
            ni1_0.nutrition_info_id,
            ni1_0.caffeine,
            ni1_0.calories,
            ni1_0.carbohydrate,
            ni1_0.cholesterol,
            ni1_0.fat,
            ni1_0.product_id,
            ni1_0.protein,
            ni1_0.saturated_fat,
            ni1_0.sodium,
            ni1_0.sugar,
            ni1_0.trans_fat 
        from
            nutrition_info ni1_0 
        where
            ni1_0.product_id=?
    16:24:29.972 [pool-2-thread-104] DEBUG org.hibernate.SQL - 
        /* SELECT
            p 
        FROM
            Product p 
        WHERE
            p.id = :productId */ select
                p1_0.product_id,
                p1_0.category_id,
                p1_0.favorite_count,
                p1_0.price,
                p1_0.product_content,
                p1_0.product_name,
                p1_0.product_photo,
                p1_0.version 
            from
                product p1_0 
            where
                p1_0.product_id=? for update
    16:24:29.972 [pool-2-thread-87] DEBUG org.hibernate.SQL - 
        select
            f1_0.member_id,
            f1_0.product_id,
            f1_0.orderby 
        from
            favorite f1_0 
        where
            (
                f1_0.member_id, f1_0.product_id
            ) in ((?, ?))
    16:24:29.973 [pool-2-thread-87] DEBUG org.hibernate.SQL - 
        /* insert for
            com.codepresso.codepresso.entity.member.Favorite */insert 
        into
            favorite (orderby, member_id, product_id) 
        values
            (?, ?, ?)
    16:24:29.973 [pool-2-thread-87] DEBUG c.c.c.s.m.FavoritePessimisticService - 즐겨찾기 추가 성공 : memberId = 87, productId = 1
    16:24:29.973 [pool-2-thread-87] DEBUG c.c.c.s.m.FavoritePessimisticService - 메서드 종료 직전: memberId = 87, productId = 1
    16:24:29.974 [pool-2-thread-87] DEBUG c.c.c.s.m.FavoriteConcurrencyTest - 실패 : Could not commit JPA transaction 
    16:24:29.974 [pool-2-thread-104] DEBUG org.hibernate.SQL - 
        select
            ni1_0.nutrition_info_id,
            ni1_0.caffeine,
            ni1_0.calories,
            ni1_0.carbohydrate,
            ni1_0.cholesterol,
            ni1_0.fat,
            ni1_0.product_id,
            ni1_0.protein,
            ni1_0.saturated_fat,
            ni1_0.sodium,
            ni1_0.sugar,
            ni1_0.trans_fat 
        from
            nutrition_info ni1_0 
        where
            ni1_0.product_id=?
    16:24:29.974 [pool-2-thread-105] DEBUG org.hibernate.SQL - 
        /* SELECT
            p 
        FROM
            Product p 
        WHERE
            p.id = :productId */ select
                p1_0.product_id,
                p1_0.category_id,
                p1_0.favorite_count,
                p1_0.price,
                p1_0.product_content,
                p1_0.product_name,
                p1_0.product_photo,
                p1_0.version 
            from
                product p1_0 
            where
                p1_0.product_id=? for update
    16:24:29.976 [pool-2-thread-104] DEBUG org.hibernate.SQL - 
        select
            f1_0.member_id,
            f1_0.product_id,
            f1_0.orderby 
        from
            favorite f1_0 
        where
            (
                f1_0.member_id, f1_0.product_id
            ) in ((?, ?))
    16:24:29.977 [pool-2-thread-104] DEBUG org.hibernate.SQL - 
        /* insert for
            com.codepresso.codepresso.entity.member.Favorite */insert 
        into
            favorite (orderby, member_id, product_id) 
        values
            (?, ?, ?)
    16:24:29.978 [pool-2-thread-104] DEBUG c.c.c.s.m.FavoritePessimisticService - 즐겨찾기 추가 성공 : memberId = 104, productId = 1
    16:24:29.978 [pool-2-thread-104] DEBUG c.c.c.s.m.FavoritePessimisticService - 메서드 종료 직전: memberId = 104, productId = 1
    16:24:29.978 [pool-2-thread-104] DEBUG c.c.c.s.m.FavoriteConcurrencyTest - 실패 : Could not commit JPA transaction 
    16:24:29.979 [pool-2-thread-102] DEBUG org.hibernate.SQL - 
        select
            ni1_0.nutrition_info_id,
            ni1_0.caffeine,
            ni1_0.calories,
            ni1_0.carbohydrate,
            ni1_0.cholesterol,
            ni1_0.fat,
            ni1_0.product_id,
            ni1_0.protein,
            ni1_0.saturated_fat,
            ni1_0.sodium,
            ni1_0.sugar,
            ni1_0.trans_fat 
        from
            nutrition_info ni1_0 
        where
            ni1_0.product_id=?
    16:24:29.979 [pool-2-thread-106] DEBUG org.hibernate.SQL - 
        /* SELECT
            p 
        FROM
            Product p 
        WHERE
            p.id = :productId */ select
                p1_0.product_id,
                p1_0.category_id,
                p1_0.favorite_count,
                p1_0.price,
                p1_0.product_content,
                p1_0.product_name,
                p1_0.product_photo,
                p1_0.version 
            from
                product p1_0 
            where
                p1_0.product_id=? for update
    16:24:29.979 [pool-2-thread-102] DEBUG org.hibernate.SQL - 
        select
            f1_0.member_id,
            f1_0.product_id,
            f1_0.orderby 
        from
            favorite f1_0 
        where
            (
                f1_0.member_id, f1_0.product_id
            ) in ((?, ?))
    16:24:29.980 [pool-2-thread-102] DEBUG org.hibernate.SQL - 
        /* insert for
            com.codepresso.codepresso.entity.member.Favorite */insert 
        into
            favorite (orderby, member_id, product_id) 
        values
            (?, ?, ?)
    16:24:29.980 [pool-2-thread-102] DEBUG c.c.c.s.m.FavoritePessimisticService - 즐겨찾기 추가 성공 : memberId = 102, productId = 1
    16:24:29.980 [pool-2-thread-102] DEBUG c.c.c.s.m.FavoritePessimisticService - 메서드 종료 직전: memberId = 102, productId = 1
    16:24:29.980 [pool-2-thread-102] DEBUG c.c.c.s.m.FavoriteConcurrencyTest - 실패 : Could not commit JPA transaction 
    16:24:29.981 [pool-2-thread-33] DEBUG org.hibernate.SQL - 
        select
            ni1_0.nutrition_info_id,
            ni1_0.caffeine,
            ni1_0.calories,
            ni1_0.carbohydrate,
            ni1_0.cholesterol,
            ni1_0.fat,
            ni1_0.product_id,
            ni1_0.protein,
            ni1_0.saturated_fat,
            ni1_0.sodium,
            ni1_0.sugar,
            ni1_0.trans_fat 
        from
            nutrition_info ni1_0 
        where
            ni1_0.product_id=?
    16:24:29.981 [pool-2-thread-107] DEBUG org.hibernate.SQL - 
        /* SELECT
            p 
        FROM
            Product p 
        WHERE
            p.id = :productId */ select
                p1_0.product_id,
                p1_0.category_id,
                p1_0.favorite_count,
                p1_0.price,
                p1_0.product_content,
                p1_0.product_name,
                p1_0.product_photo,
                p1_0.version 
            from
                product p1_0 
            where
                p1_0.product_id=? for update
    16:24:29.981 [pool-2-thread-33] DEBUG org.hibernate.SQL - 
        select
            f1_0.member_id,
            f1_0.product_id,
            f1_0.orderby 
        from
            favorite f1_0 
        where
            (
                f1_0.member_id, f1_0.product_id
            ) in ((?, ?))
    16:24:29.982 [pool-2-thread-33] DEBUG org.hibernate.SQL - 
        /* insert for
            com.codepresso.codepresso.entity.member.Favorite */insert 
        into
            favorite (orderby, member_id, product_id) 
        values
            (?, ?, ?)
    16:24:29.982 [pool-2-thread-33] DEBUG c.c.c.s.m.FavoritePessimisticService - 즐겨찾기 추가 성공 : memberId = 33, productId = 1
    16:24:29.982 [pool-2-thread-33] DEBUG c.c.c.s.m.FavoritePessimisticService - 메서드 종료 직전: memberId = 33, productId = 1
    16:24:29.982 [pool-2-thread-33] DEBUG c.c.c.s.m.FavoriteConcurrencyTest - 실패 : Could not commit JPA transaction 
    16:24:29.982 [pool-2-thread-92] DEBUG org.hibernate.SQL - 
        select
            ni1_0.nutrition_info_id,
            ni1_0.caffeine,
            ni1_0.calories,
            ni1_0.carbohydrate,
            ni1_0.cholesterol,
            ni1_0.fat,
            ni1_0.product_id,
            ni1_0.protein,
            ni1_0.saturated_fat,
            ni1_0.sodium,
            ni1_0.sugar,
            ni1_0.trans_fat 
        from
            nutrition_info ni1_0 
        where
            ni1_0.product_id=?
    16:24:29.983 [pool-2-thread-108] DEBUG org.hibernate.SQL - 
        /* SELECT
            p 
        FROM
            Product p 
        WHERE
            p.id = :productId */ select
                p1_0.product_id,
                p1_0.category_id,
                p1_0.favorite_count,
                p1_0.price,
                p1_0.product_content,
                p1_0.product_name,
                p1_0.product_photo,
                p1_0.version 
            from
                product p1_0 
            where
                p1_0.product_id=? for update
    16:24:29.983 [pool-2-thread-92] DEBUG org.hibernate.SQL - 
        select
            f1_0.member_id,
            f1_0.product_id,
            f1_0.orderby 
        from
            favorite f1_0 
        where
            (
                f1_0.member_id, f1_0.product_id
            ) in ((?, ?))
    16:24:29.984 [pool-2-thread-92] DEBUG org.hibernate.SQL - 
        /* insert for
            com.codepresso.codepresso.entity.member.Favorite */insert 
        into
            favorite (orderby, member_id, product_id) 
        values
            (?, ?, ?)
    16:24:29.984 [pool-2-thread-92] DEBUG c.c.c.s.m.FavoritePessimisticService - 즐겨찾기 추가 성공 : memberId = 92, productId = 1
    16:24:29.984 [pool-2-thread-92] DEBUG c.c.c.s.m.FavoritePessimisticService - 메서드 종료 직전: memberId = 92, productId = 1
    16:24:29.984 [pool-2-thread-92] DEBUG c.c.c.s.m.FavoriteConcurrencyTest - 실패 : Could not commit JPA transaction 
    16:24:29.984 [pool-2-thread-107] DEBUG org.hibernate.SQL - 
        select
            ni1_0.nutrition_info_id,
            ni1_0.caffeine,
            ni1_0.calories,
            ni1_0.carbohydrate,
            ni1_0.cholesterol,
            ni1_0.fat,
            ni1_0.product_id,
            ni1_0.protein,
            ni1_0.saturated_fat,
            ni1_0.sodium,
            ni1_0.sugar,
            ni1_0.trans_fat 
        from
            nutrition_info ni1_0 
        where
            ni1_0.product_id=?
    16:24:29.985 [pool-2-thread-109] DEBUG org.hibernate.SQL - 
        /* SELECT
            p 
        FROM
            Product p 
        WHERE
            p.id = :productId */ select
                p1_0.product_id,
                p1_0.category_id,
                p1_0.favorite_count,
                p1_0.price,
                p1_0.product_content,
                p1_0.product_name,
                p1_0.product_photo,
                p1_0.version 
            from
                product p1_0 
            where
                p1_0.product_id=? for update
    16:24:29.985 [pool-2-thread-107] DEBUG org.hibernate.SQL - 
        select
            f1_0.member_id,
            f1_0.product_id,
            f1_0.orderby 
        from
            favorite f1_0 
        where
            (
                f1_0.member_id, f1_0.product_id
            ) in ((?, ?))
    16:24:29.986 [pool-2-thread-107] DEBUG org.hibernate.SQL - 
        /* insert for
            com.codepresso.codepresso.entity.member.Favorite */insert 
        into
            favorite (orderby, member_id, product_id) 
        values
            (?, ?, ?)
    16:24:29.986 [pool-2-thread-107] DEBUG c.c.c.s.m.FavoritePessimisticService - 즐겨찾기 추가 성공 : memberId = 107, productId = 1
    16:24:29.986 [pool-2-thread-107] DEBUG c.c.c.s.m.FavoritePessimisticService - 메서드 종료 직전: memberId = 107, productId = 1
    16:24:29.986 [pool-2-thread-107] DEBUG c.c.c.s.m.FavoriteConcurrencyTest - 실패 : Could not commit JPA transaction 
    16:24:29.986 [pool-2-thread-109] DEBUG org.hibernate.SQL - 
        select
            ni1_0.nutrition_info_id,
            ni1_0.caffeine,
            ni1_0.calories,
            ni1_0.carbohydrate,
            ni1_0.cholesterol,
            ni1_0.fat,
            ni1_0.product_id,
            ni1_0.protein,
            ni1_0.saturated_fat,
            ni1_0.sodium,
            ni1_0.sugar,
            ni1_0.trans_fat 
        from
            nutrition_info ni1_0 
        where
            ni1_0.product_id=?
    16:24:29.987 [pool-2-thread-110] DEBUG org.hibernate.SQL - 
        /* SELECT
            p 
        FROM
            Product p 
        WHERE
            p.id = :productId */ select
                p1_0.product_id,
                p1_0.category_id,
                p1_0.favorite_count,
                p1_0.price,
                p1_0.product_content,
                p1_0.product_name,
                p1_0.product_photo,
                p1_0.version 
            from
                product p1_0 
            where
                p1_0.product_id=? for update
    16:24:29.987 [pool-2-thread-109] DEBUG org.hibernate.SQL - 
        select
            f1_0.member_id,
            f1_0.product_id,
            f1_0.orderby 
        from
            favorite f1_0 
        where
            (
                f1_0.member_id, f1_0.product_id
            ) in ((?, ?))
    16:24:29.988 [pool-2-thread-109] DEBUG org.hibernate.SQL - 
        /* insert for
            com.codepresso.codepresso.entity.member.Favorite */insert 
        into
            favorite (orderby, member_id, product_id) 
        values
            (?, ?, ?)
    16:24:29.988 [pool-2-thread-109] DEBUG c.c.c.s.m.FavoritePessimisticService - 즐겨찾기 추가 성공 : memberId = 109, productId = 1
    16:24:29.988 [pool-2-thread-109] DEBUG c.c.c.s.m.FavoritePessimisticService - 메서드 종료 직전: memberId = 109, productId = 1
    16:24:29.988 [pool-2-thread-109] DEBUG c.c.c.s.m.FavoriteConcurrencyTest - 실패 : Could not commit JPA transaction 
    16:24:29.989 [pool-2-thread-105] DEBUG org.hibernate.SQL - 
        select
            ni1_0.nutrition_info_id,
            ni1_0.caffeine,
            ni1_0.calories,
            ni1_0.carbohydrate,
            ni1_0.cholesterol,
            ni1_0.fat,
            ni1_0.product_id,
            ni1_0.protein,
            ni1_0.saturated_fat,
            ni1_0.sodium,
            ni1_0.sugar,
            ni1_0.trans_fat 
        from
            nutrition_info ni1_0 
        where
            ni1_0.product_id=?
    16:24:29.989 [pool-2-thread-111] DEBUG org.hibernate.SQL - 
        /* SELECT
            p 
        FROM
            Product p 
        WHERE
            p.id = :productId */ select
                p1_0.product_id,
                p1_0.category_id,
                p1_0.favorite_count,
                p1_0.price,
                p1_0.product_content,
                p1_0.product_name,
                p1_0.product_photo,
                p1_0.version 
            from
                product p1_0 
            where
                p1_0.product_id=? for update
    16:24:29.989 [pool-2-thread-105] DEBUG org.hibernate.SQL - 
        select
            f1_0.member_id,
            f1_0.product_id,
            f1_0.orderby 
        from
            favorite f1_0 
        where
            (
                f1_0.member_id, f1_0.product_id
            ) in ((?, ?))
    16:24:29.990 [pool-2-thread-105] DEBUG org.hibernate.SQL - 
        /* insert for
            com.codepresso.codepresso.entity.member.Favorite */insert 
        into
            favorite (orderby, member_id, product_id) 
        values
            (?, ?, ?)
    16:24:29.990 [pool-2-thread-105] DEBUG c.c.c.s.m.FavoritePessimisticService - 즐겨찾기 추가 성공 : memberId = 105, productId = 1
    16:24:29.990 [pool-2-thread-105] DEBUG c.c.c.s.m.FavoritePessimisticService - 메서드 종료 직전: memberId = 105, productId = 1
    16:24:29.990 [pool-2-thread-105] DEBUG c.c.c.s.m.FavoriteConcurrencyTest - 실패 : Could not commit JPA transaction 
    16:24:29.990 [pool-2-thread-99] DEBUG org.hibernate.SQL - 
        select
            ni1_0.nutrition_info_id,
            ni1_0.caffeine,
            ni1_0.calories,
            ni1_0.carbohydrate,
            ni1_0.cholesterol,
            ni1_0.fat,
            ni1_0.product_id,
            ni1_0.protein,
            ni1_0.saturated_fat,
            ni1_0.sodium,
            ni1_0.sugar,
            ni1_0.trans_fat 
        from
            nutrition_info ni1_0 
        where
            ni1_0.product_id=?
    16:24:29.990 [pool-2-thread-112] DEBUG org.hibernate.SQL - 
        /* SELECT
            p 
        FROM
            Product p 
        WHERE
            p.id = :productId */ select
                p1_0.product_id,
                p1_0.category_id,
                p1_0.favorite_count,
                p1_0.price,
                p1_0.product_content,
                p1_0.product_name,
                p1_0.product_photo,
                p1_0.version 
            from
                product p1_0 
            where
                p1_0.product_id=? for update
    16:24:29.990 [pool-2-thread-99] DEBUG org.hibernate.SQL - 
        select
            f1_0.member_id,
            f1_0.product_id,
            f1_0.orderby 
        from
            favorite f1_0 
        where
            (
                f1_0.member_id, f1_0.product_id
            ) in ((?, ?))
    16:24:29.991 [pool-2-thread-99] DEBUG org.hibernate.SQL - 
        /* insert for
            com.codepresso.codepresso.entity.member.Favorite */insert 
        into
            favorite (orderby, member_id, product_id) 
        values
            (?, ?, ?)
    16:24:29.991 [pool-2-thread-99] DEBUG c.c.c.s.m.FavoritePessimisticService - 즐겨찾기 추가 성공 : memberId = 99, productId = 1
    16:24:29.991 [pool-2-thread-99] DEBUG c.c.c.s.m.FavoritePessimisticService - 메서드 종료 직전: memberId = 99, productId = 1
    16:24:29.992 [pool-2-thread-99] DEBUG c.c.c.s.m.FavoriteConcurrencyTest - 실패 : Could not commit JPA transaction 
    16:24:29.992 [pool-2-thread-64] DEBUG org.hibernate.SQL - 
        select
            ni1_0.nutrition_info_id,
            ni1_0.caffeine,
            ni1_0.calories,
            ni1_0.carbohydrate,
            ni1_0.cholesterol,
            ni1_0.fat,
            ni1_0.product_id,
            ni1_0.protein,
            ni1_0.saturated_fat,
            ni1_0.sodium,
            ni1_0.sugar,
            ni1_0.trans_fat 
        from
            nutrition_info ni1_0 
        where
            ni1_0.product_id=?
    16:24:29.992 [pool-2-thread-113] DEBUG org.hibernate.SQL - 
        /* SELECT
            p 
        FROM
            Product p 
        WHERE
            p.id = :productId */ select
                p1_0.product_id,
                p1_0.category_id,
                p1_0.favorite_count,
                p1_0.price,
                p1_0.product_content,
                p1_0.product_name,
                p1_0.product_photo,
                p1_0.version 
            from
                product p1_0 
            where
                p1_0.product_id=? for update
    16:24:29.993 [pool-2-thread-64] DEBUG org.hibernate.SQL - 
        select
            f1_0.member_id,
            f1_0.product_id,
            f1_0.orderby 
        from
            favorite f1_0 
        where
            (
                f1_0.member_id, f1_0.product_id
            ) in ((?, ?))
    16:24:29.994 [pool-2-thread-64] DEBUG org.hibernate.SQL - 
        /* insert for
            com.codepresso.codepresso.entity.member.Favorite */insert 
        into
            favorite (orderby, member_id, product_id) 
        values
            (?, ?, ?)
    16:24:29.994 [pool-2-thread-64] DEBUG c.c.c.s.m.FavoritePessimisticService - 즐겨찾기 추가 성공 : memberId = 64, productId = 1
    16:24:29.994 [pool-2-thread-64] DEBUG c.c.c.s.m.FavoritePessimisticService - 메서드 종료 직전: memberId = 64, productId = 1
    16:24:29.995 [pool-2-thread-64] DEBUG c.c.c.s.m.FavoriteConcurrencyTest - 실패 : Could not commit JPA transaction 
    16:24:29.995 [pool-2-thread-111] DEBUG org.hibernate.SQL - 
        select
            ni1_0.nutrition_info_id,
            ni1_0.caffeine,
            ni1_0.calories,
            ni1_0.carbohydrate,
            ni1_0.cholesterol,
            ni1_0.fat,
            ni1_0.product_id,
            ni1_0.protein,
            ni1_0.saturated_fat,
            ni1_0.sodium,
            ni1_0.sugar,
            ni1_0.trans_fat 
        from
            nutrition_info ni1_0 
        where
            ni1_0.product_id=?
    16:24:29.995 [pool-2-thread-114] DEBUG org.hibernate.SQL - 
        /* SELECT
            p 
        FROM
            Product p 
        WHERE
            p.id = :productId */ select
                p1_0.product_id,
                p1_0.category_id,
                p1_0.favorite_count,
                p1_0.price,
                p1_0.product_content,
                p1_0.product_name,
                p1_0.product_photo,
                p1_0.version 
            from
                product p1_0 
            where
                p1_0.product_id=? for update
    16:24:29.996 [pool-2-thread-111] DEBUG org.hibernate.SQL - 
        select
            f1_0.member_id,
            f1_0.product_id,
            f1_0.orderby 
        from
            favorite f1_0 
        where
            (
                f1_0.member_id, f1_0.product_id
            ) in ((?, ?))
    16:24:29.996 [pool-2-thread-111] DEBUG org.hibernate.SQL - 
        /* insert for
            com.codepresso.codepresso.entity.member.Favorite */insert 
        into
            favorite (orderby, member_id, product_id) 
        values
            (?, ?, ?)
    16:24:29.997 [pool-2-thread-111] DEBUG c.c.c.s.m.FavoritePessimisticService - 즐겨찾기 추가 성공 : memberId = 111, productId = 1
    16:24:29.997 [pool-2-thread-111] DEBUG c.c.c.s.m.FavoritePessimisticService - 메서드 종료 직전: memberId = 111, productId = 1
    16:24:29.997 [pool-2-thread-113] DEBUG org.hibernate.SQL - 
        select
            ni1_0.nutrition_info_id,
            ni1_0.caffeine,
            ni1_0.calories,
            ni1_0.carbohydrate,
            ni1_0.cholesterol,
            ni1_0.fat,
            ni1_0.product_id,
            ni1_0.protein,
            ni1_0.saturated_fat,
            ni1_0.sodium,
            ni1_0.sugar,
            ni1_0.trans_fat 
        from
            nutrition_info ni1_0 
        where
            ni1_0.product_id=?
    16:24:29.997 [pool-2-thread-111] DEBUG c.c.c.s.m.FavoriteConcurrencyTest - 실패 : Could not commit JPA transaction 
    16:24:29.997 [pool-2-thread-115] DEBUG org.hibernate.SQL - 
        /* SELECT
            p 
        FROM
            Product p 
        WHERE
            p.id = :productId */ select
                p1_0.product_id,
                p1_0.category_id,
                p1_0.favorite_count,
                p1_0.price,
                p1_0.product_content,
                p1_0.product_name,
                p1_0.product_photo,
                p1_0.version 
            from
                product p1_0 
            where
                p1_0.product_id=? for update
    16:24:29.997 [pool-2-thread-113] DEBUG org.hibernate.SQL - 
        select
            f1_0.member_id,
            f1_0.product_id,
            f1_0.orderby 
        from
            favorite f1_0 
        where
            (
                f1_0.member_id, f1_0.product_id
            ) in ((?, ?))
    16:24:29.998 [pool-2-thread-113] DEBUG org.hibernate.SQL - 
        /* insert for
            com.codepresso.codepresso.entity.member.Favorite */insert 
        into
            favorite (orderby, member_id, product_id) 
        values
            (?, ?, ?)
    16:24:29.998 [pool-2-thread-113] DEBUG c.c.c.s.m.FavoritePessimisticService - 즐겨찾기 추가 성공 : memberId = 113, productId = 1
    16:24:29.998 [pool-2-thread-113] DEBUG c.c.c.s.m.FavoritePessimisticService - 메서드 종료 직전: memberId = 113, productId = 1
    16:24:29.999 [pool-2-thread-113] DEBUG c.c.c.s.m.FavoriteConcurrencyTest - 실패 : Could not commit JPA transaction 
    16:24:29.999 [pool-2-thread-110] DEBUG org.hibernate.SQL - 
        select
            ni1_0.nutrition_info_id,
            ni1_0.caffeine,
            ni1_0.calories,
            ni1_0.carbohydrate,
            ni1_0.cholesterol,
            ni1_0.fat,
            ni1_0.product_id,
            ni1_0.protein,
            ni1_0.saturated_fat,
            ni1_0.sodium,
            ni1_0.sugar,
            ni1_0.trans_fat 
        from
            nutrition_info ni1_0 
        where
            ni1_0.product_id=?
    16:24:29.999 [pool-2-thread-116] DEBUG org.hibernate.SQL - 
        /* SELECT
            p 
        FROM
            Product p 
        WHERE
            p.id = :productId */ select
                p1_0.product_id,
                p1_0.category_id,
                p1_0.favorite_count,
                p1_0.price,
                p1_0.product_content,
                p1_0.product_name,
                p1_0.product_photo,
                p1_0.version 
            from
                product p1_0 
            where
                p1_0.product_id=? for update
    16:24:29.999 [pool-2-thread-110] DEBUG org.hibernate.SQL - 
        select
            f1_0.member_id,
            f1_0.product_id,
            f1_0.orderby 
        from
            favorite f1_0 
        where
            (
                f1_0.member_id, f1_0.product_id
            ) in ((?, ?))
    16:24:30.000 [pool-2-thread-110] DEBUG org.hibernate.SQL - 
        /* insert for
            com.codepresso.codepresso.entity.member.Favorite */insert 
        into
            favorite (orderby, member_id, product_id) 
        values
            (?, ?, ?)
    16:24:30.000 [pool-2-thread-110] DEBUG c.c.c.s.m.FavoritePessimisticService - 즐겨찾기 추가 성공 : memberId = 110, productId = 1
    16:24:30.000 [pool-2-thread-110] DEBUG c.c.c.s.m.FavoritePessimisticService - 메서드 종료 직전: memberId = 110, productId = 1
    16:24:30.001 [pool-2-thread-110] DEBUG c.c.c.s.m.FavoriteConcurrencyTest - 실패 : Could not commit JPA transaction 
    16:24:30.001 [pool-2-thread-114] DEBUG org.hibernate.SQL - 
        select
            ni1_0.nutrition_info_id,
            ni1_0.caffeine,
            ni1_0.calories,
            ni1_0.carbohydrate,
            ni1_0.cholesterol,
            ni1_0.fat,
            ni1_0.product_id,
            ni1_0.protein,
            ni1_0.saturated_fat,
            ni1_0.sodium,
            ni1_0.sugar,
            ni1_0.trans_fat 
        from
            nutrition_info ni1_0 
        where
            ni1_0.product_id=?
    16:24:30.001 [pool-2-thread-117] DEBUG org.hibernate.SQL - 
        /* SELECT
            p 
        FROM
            Product p 
        WHERE
            p.id = :productId */ select
                p1_0.product_id,
                p1_0.category_id,
                p1_0.favorite_count,
                p1_0.price,
                p1_0.product_content,
                p1_0.product_name,
                p1_0.product_photo,
                p1_0.version 
            from
                product p1_0 
            where
                p1_0.product_id=? for update
    16:24:30.001 [pool-2-thread-114] DEBUG org.hibernate.SQL - 
        select
            f1_0.member_id,
            f1_0.product_id,
            f1_0.orderby 
        from
            favorite f1_0 
        where
            (
                f1_0.member_id, f1_0.product_id
            ) in ((?, ?))
    16:24:30.002 [pool-2-thread-114] DEBUG org.hibernate.SQL - 
        /* insert for
            com.codepresso.codepresso.entity.member.Favorite */insert 
        into
            favorite (orderby, member_id, product_id) 
        values
            (?, ?, ?)
    16:24:30.002 [pool-2-thread-114] DEBUG c.c.c.s.m.FavoritePessimisticService - 즐겨찾기 추가 성공 : memberId = 114, productId = 1
    16:24:30.002 [pool-2-thread-114] DEBUG c.c.c.s.m.FavoritePessimisticService - 메서드 종료 직전: memberId = 114, productId = 1
    16:24:30.002 [pool-2-thread-114] DEBUG c.c.c.s.m.FavoriteConcurrencyTest - 실패 : Could not commit JPA transaction 
    16:24:30.002 [pool-2-thread-117] DEBUG org.hibernate.SQL - 
        select
            ni1_0.nutrition_info_id,
            ni1_0.caffeine,
            ni1_0.calories,
            ni1_0.carbohydrate,
            ni1_0.cholesterol,
            ni1_0.fat,
            ni1_0.product_id,
            ni1_0.protein,
            ni1_0.saturated_fat,
            ni1_0.sodium,
            ni1_0.sugar,
            ni1_0.trans_fat 
        from
            nutrition_info ni1_0 
        where
            ni1_0.product_id=?
    16:24:30.002 [pool-2-thread-118] DEBUG org.hibernate.SQL - 
        /* SELECT
            p 
        FROM
            Product p 
        WHERE
            p.id = :productId */ select
                p1_0.product_id,
                p1_0.category_id,
                p1_0.favorite_count,
                p1_0.price,
                p1_0.product_content,
                p1_0.product_name,
                p1_0.product_photo,
                p1_0.version 
            from
                product p1_0 
            where
                p1_0.product_id=? for update
    16:24:30.003 [pool-2-thread-117] DEBUG org.hibernate.SQL - 
        select
            f1_0.member_id,
            f1_0.product_id,
            f1_0.orderby 
        from
            favorite f1_0 
        where
            (
                f1_0.member_id, f1_0.product_id
            ) in ((?, ?))
    16:24:30.004 [pool-2-thread-117] DEBUG org.hibernate.SQL - 
        /* insert for
            com.codepresso.codepresso.entity.member.Favorite */insert 
        into
            favorite (orderby, member_id, product_id) 
        values
            (?, ?, ?)
    16:24:30.004 [pool-2-thread-117] DEBUG c.c.c.s.m.FavoritePessimisticService - 즐겨찾기 추가 성공 : memberId = 117, productId = 1
    16:24:30.004 [pool-2-thread-117] DEBUG c.c.c.s.m.FavoritePessimisticService - 메서드 종료 직전: memberId = 117, productId = 1
    16:24:30.004 [pool-2-thread-117] DEBUG c.c.c.s.m.FavoriteConcurrencyTest - 실패 : Could not commit JPA transaction 
    16:24:30.004 [pool-2-thread-115] DEBUG org.hibernate.SQL - 
        select
            ni1_0.nutrition_info_id,
            ni1_0.caffeine,
            ni1_0.calories,
            ni1_0.carbohydrate,
            ni1_0.cholesterol,
            ni1_0.fat,
            ni1_0.product_id,
            ni1_0.protein,
            ni1_0.saturated_fat,
            ni1_0.sodium,
            ni1_0.sugar,
            ni1_0.trans_fat 
        from
            nutrition_info ni1_0 
        where
            ni1_0.product_id=?
    16:24:30.004 [pool-2-thread-120] DEBUG org.hibernate.SQL - 
        /* SELECT
            p 
        FROM
            Product p 
        WHERE
            p.id = :productId */ select
                p1_0.product_id,
                p1_0.category_id,
                p1_0.favorite_count,
                p1_0.price,
                p1_0.product_content,
                p1_0.product_name,
                p1_0.product_photo,
                p1_0.version 
            from
                product p1_0 
            where
                p1_0.product_id=? for update
    16:24:30.005 [pool-2-thread-115] DEBUG org.hibernate.SQL - 
        select
            f1_0.member_id,
            f1_0.product_id,
            f1_0.orderby 
        from
            favorite f1_0 
        where
            (
                f1_0.member_id, f1_0.product_id
            ) in ((?, ?))
    16:24:30.005 [pool-2-thread-115] DEBUG org.hibernate.SQL - 
        /* insert for
            com.codepresso.codepresso.entity.member.Favorite */insert 
        into
            favorite (orderby, member_id, product_id) 
        values
            (?, ?, ?)
    16:24:30.005 [pool-2-thread-115] DEBUG c.c.c.s.m.FavoritePessimisticService - 즐겨찾기 추가 성공 : memberId = 115, productId = 1
    16:24:30.005 [pool-2-thread-115] DEBUG c.c.c.s.m.FavoritePessimisticService - 메서드 종료 직전: memberId = 115, productId = 1
    16:24:30.005 [pool-2-thread-115] DEBUG c.c.c.s.m.FavoriteConcurrencyTest - 실패 : Could not commit JPA transaction 
    16:24:30.006 [pool-2-thread-120] DEBUG org.hibernate.SQL - 
        select
            ni1_0.nutrition_info_id,
            ni1_0.caffeine,
            ni1_0.calories,
            ni1_0.carbohydrate,
            ni1_0.cholesterol,
            ni1_0.fat,
            ni1_0.product_id,
            ni1_0.protein,
            ni1_0.saturated_fat,
            ni1_0.sodium,
            ni1_0.sugar,
            ni1_0.trans_fat 
        from
            nutrition_info ni1_0 
        where
            ni1_0.product_id=?
    16:24:30.006 [pool-2-thread-120] DEBUG org.hibernate.SQL - 
        select
            f1_0.member_id,
            f1_0.product_id,
            f1_0.orderby 
        from
            favorite f1_0 
        where
            (
                f1_0.member_id, f1_0.product_id
            ) in ((?, ?))
    16:24:30.006 [pool-2-thread-119] DEBUG org.hibernate.SQL - 
        /* SELECT
            p 
        FROM
            Product p 
        WHERE
            p.id = :productId */ select
                p1_0.product_id,
                p1_0.category_id,
                p1_0.favorite_count,
                p1_0.price,
                p1_0.product_content,
                p1_0.product_name,
                p1_0.product_photo,
                p1_0.version 
            from
                product p1_0 
            where
                p1_0.product_id=? for update
    16:24:30.006 [pool-2-thread-120] DEBUG org.hibernate.SQL - 
        /* insert for
            com.codepresso.codepresso.entity.member.Favorite */insert 
        into
            favorite (orderby, member_id, product_id) 
        values
            (?, ?, ?)
    16:24:30.006 [pool-2-thread-120] DEBUG c.c.c.s.m.FavoritePessimisticService - 즐겨찾기 추가 성공 : memberId = 120, productId = 1
    16:24:30.006 [pool-2-thread-120] DEBUG c.c.c.s.m.FavoritePessimisticService - 메서드 종료 직전: memberId = 120, productId = 1
    16:24:30.007 [pool-2-thread-120] DEBUG c.c.c.s.m.FavoriteConcurrencyTest - 실패 : Could not commit JPA transaction 
    16:24:30.007 [pool-2-thread-118] DEBUG org.hibernate.SQL - 
        select
            ni1_0.nutrition_info_id,
            ni1_0.caffeine,
            ni1_0.calories,
            ni1_0.carbohydrate,
            ni1_0.cholesterol,
            ni1_0.fat,
            ni1_0.product_id,
            ni1_0.protein,
            ni1_0.saturated_fat,
            ni1_0.sodium,
            ni1_0.sugar,
            ni1_0.trans_fat 
        from
            nutrition_info ni1_0 
        where
            ni1_0.product_id=?
    16:24:30.007 [pool-2-thread-121] DEBUG org.hibernate.SQL - 
        /* SELECT
            p 
        FROM
            Product p 
        WHERE
            p.id = :productId */ select
                p1_0.product_id,
                p1_0.category_id,
                p1_0.favorite_count,
                p1_0.price,
                p1_0.product_content,
                p1_0.product_name,
                p1_0.product_photo,
                p1_0.version 
            from
                product p1_0 
            where
                p1_0.product_id=? for update
    16:24:30.007 [pool-2-thread-118] DEBUG org.hibernate.SQL - 
        select
            f1_0.member_id,
            f1_0.product_id,
            f1_0.orderby 
        from
            favorite f1_0 
        where
            (
                f1_0.member_id, f1_0.product_id
            ) in ((?, ?))
    16:24:30.008 [pool-2-thread-118] DEBUG org.hibernate.SQL - 
        /* insert for
            com.codepresso.codepresso.entity.member.Favorite */insert 
        into
            favorite (orderby, member_id, product_id) 
        values
            (?, ?, ?)
    16:24:30.008 [pool-2-thread-118] DEBUG c.c.c.s.m.FavoritePessimisticService - 즐겨찾기 추가 성공 : memberId = 118, productId = 1
    16:24:30.008 [pool-2-thread-118] DEBUG c.c.c.s.m.FavoritePessimisticService - 메서드 종료 직전: memberId = 118, productId = 1
    16:24:30.008 [pool-2-thread-118] DEBUG c.c.c.s.m.FavoriteConcurrencyTest - 실패 : Could not commit JPA transaction 
    16:24:30.009 [pool-2-thread-116] DEBUG org.hibernate.SQL - 
        select
            ni1_0.nutrition_info_id,
            ni1_0.caffeine,
            ni1_0.calories,
            ni1_0.carbohydrate,
            ni1_0.cholesterol,
            ni1_0.fat,
            ni1_0.product_id,
            ni1_0.protein,
            ni1_0.saturated_fat,
            ni1_0.sodium,
            ni1_0.sugar,
            ni1_0.trans_fat 
        from
            nutrition_info ni1_0 
        where
            ni1_0.product_id=?
    16:24:30.009 [pool-2-thread-122] DEBUG org.hibernate.SQL - 
        /* SELECT
            p 
        FROM
            Product p 
        WHERE
            p.id = :productId */ select
                p1_0.product_id,
                p1_0.category_id,
                p1_0.favorite_count,
                p1_0.price,
                p1_0.product_content,
                p1_0.product_name,
                p1_0.product_photo,
                p1_0.version 
            from
                product p1_0 
            where
                p1_0.product_id=? for update
    16:24:30.009 [pool-2-thread-116] DEBUG org.hibernate.SQL - 
        select
            f1_0.member_id,
            f1_0.product_id,
            f1_0.orderby 
        from
            favorite f1_0 
        where
            (
                f1_0.member_id, f1_0.product_id
            ) in ((?, ?))
    16:24:30.010 [pool-2-thread-116] DEBUG org.hibernate.SQL - 
        /* insert for
            com.codepresso.codepresso.entity.member.Favorite */insert 
        into
            favorite (orderby, member_id, product_id) 
        values
            (?, ?, ?)
    16:24:30.010 [pool-2-thread-116] DEBUG c.c.c.s.m.FavoritePessimisticService - 즐겨찾기 추가 성공 : memberId = 116, productId = 1
    16:24:30.010 [pool-2-thread-116] DEBUG c.c.c.s.m.FavoritePessimisticService - 메서드 종료 직전: memberId = 116, productId = 1
    16:24:30.010 [pool-2-thread-116] DEBUG c.c.c.s.m.FavoriteConcurrencyTest - 실패 : Could not commit JPA transaction 
    16:24:30.011 [pool-2-thread-123] DEBUG org.hibernate.SQL - 
        /* SELECT
            p 
        FROM
            Product p 
        WHERE
            p.id = :productId */ select
                p1_0.product_id,
                p1_0.category_id,
                p1_0.favorite_count,
                p1_0.price,
                p1_0.product_content,
                p1_0.product_name,
                p1_0.product_photo,
                p1_0.version 
            from
                product p1_0 
            where
                p1_0.product_id=? for update
    16:24:30.011 [pool-2-thread-121] DEBUG org.hibernate.SQL - 
        select
            ni1_0.nutrition_info_id,
            ni1_0.caffeine,
            ni1_0.calories,
            ni1_0.carbohydrate,
            ni1_0.cholesterol,
            ni1_0.fat,
            ni1_0.product_id,
            ni1_0.protein,
            ni1_0.saturated_fat,
            ni1_0.sodium,
            ni1_0.sugar,
            ni1_0.trans_fat 
        from
            nutrition_info ni1_0 
        where
            ni1_0.product_id=?
    16:24:30.011 [pool-2-thread-121] DEBUG org.hibernate.SQL - 
        select
            f1_0.member_id,
            f1_0.product_id,
            f1_0.orderby 
        from
            favorite f1_0 
        where
            (
                f1_0.member_id, f1_0.product_id
            ) in ((?, ?))
    16:24:30.012 [pool-2-thread-121] DEBUG org.hibernate.SQL - 
        /* insert for
            com.codepresso.codepresso.entity.member.Favorite */insert 
        into
            favorite (orderby, member_id, product_id) 
        values
            (?, ?, ?)
    16:24:30.012 [pool-2-thread-121] DEBUG c.c.c.s.m.FavoritePessimisticService - 즐겨찾기 추가 성공 : memberId = 121, productId = 1
    16:24:30.012 [pool-2-thread-121] DEBUG c.c.c.s.m.FavoritePessimisticService - 메서드 종료 직전: memberId = 121, productId = 1
    16:24:30.013 [pool-2-thread-121] DEBUG c.c.c.s.m.FavoriteConcurrencyTest - 실패 : Could not commit JPA transaction 
    16:24:30.013 [pool-2-thread-122] DEBUG org.hibernate.SQL - 
        select
            ni1_0.nutrition_info_id,
            ni1_0.caffeine,
            ni1_0.calories,
            ni1_0.carbohydrate,
            ni1_0.cholesterol,
            ni1_0.fat,
            ni1_0.product_id,
            ni1_0.protein,
            ni1_0.saturated_fat,
            ni1_0.sodium,
            ni1_0.sugar,
            ni1_0.trans_fat 
        from
            nutrition_info ni1_0 
        where
            ni1_0.product_id=?
    16:24:30.013 [pool-2-thread-124] DEBUG org.hibernate.SQL - 
        /* SELECT
            p 
        FROM
            Product p 
        WHERE
            p.id = :productId */ select
                p1_0.product_id,
                p1_0.category_id,
                p1_0.favorite_count,
                p1_0.price,
                p1_0.product_content,
                p1_0.product_name,
                p1_0.product_photo,
                p1_0.version 
            from
                product p1_0 
            where
                p1_0.product_id=? for update
    16:24:30.013 [pool-2-thread-122] DEBUG org.hibernate.SQL - 
        select
            f1_0.member_id,
            f1_0.product_id,
            f1_0.orderby 
        from
            favorite f1_0 
        where
            (
                f1_0.member_id, f1_0.product_id
            ) in ((?, ?))
    16:24:30.014 [pool-2-thread-122] DEBUG org.hibernate.SQL - 
        /* insert for
            com.codepresso.codepresso.entity.member.Favorite */insert 
        into
            favorite (orderby, member_id, product_id) 
        values
            (?, ?, ?)
    16:24:30.014 [pool-2-thread-122] DEBUG c.c.c.s.m.FavoritePessimisticService - 즐겨찾기 추가 성공 : memberId = 122, productId = 1
    16:24:30.014 [pool-2-thread-122] DEBUG c.c.c.s.m.FavoritePessimisticService - 메서드 종료 직전: memberId = 122, productId = 1
    16:24:30.014 [pool-2-thread-122] DEBUG c.c.c.s.m.FavoriteConcurrencyTest - 실패 : Could not commit JPA transaction 
    16:24:30.015 [pool-2-thread-125] DEBUG org.hibernate.SQL - 
        /* SELECT
            p 
        FROM
            Product p 
        WHERE
            p.id = :productId */ select
                p1_0.product_id,
                p1_0.category_id,
                p1_0.favorite_count,
                p1_0.price,
                p1_0.product_content,
                p1_0.product_name,
                p1_0.product_photo,
                p1_0.version 
            from
                product p1_0 
            where
                p1_0.product_id=? for update
    16:24:30.015 [pool-2-thread-119] DEBUG org.hibernate.SQL - 
        select
            ni1_0.nutrition_info_id,
            ni1_0.caffeine,
            ni1_0.calories,
            ni1_0.carbohydrate,
            ni1_0.cholesterol,
            ni1_0.fat,
            ni1_0.product_id,
            ni1_0.protein,
            ni1_0.saturated_fat,
            ni1_0.sodium,
            ni1_0.sugar,
            ni1_0.trans_fat 
        from
            nutrition_info ni1_0 
        where
            ni1_0.product_id=?
    16:24:30.015 [pool-2-thread-119] DEBUG org.hibernate.SQL - 
        select
            f1_0.member_id,
            f1_0.product_id,
            f1_0.orderby 
        from
            favorite f1_0 
        where
            (
                f1_0.member_id, f1_0.product_id
            ) in ((?, ?))
    16:24:30.016 [pool-2-thread-119] DEBUG org.hibernate.SQL - 
        /* insert for
            com.codepresso.codepresso.entity.member.Favorite */insert 
        into
            favorite (orderby, member_id, product_id) 
        values
            (?, ?, ?)
    16:24:30.016 [pool-2-thread-119] DEBUG c.c.c.s.m.FavoritePessimisticService - 즐겨찾기 추가 성공 : memberId = 119, productId = 1
    16:24:30.016 [pool-2-thread-119] DEBUG c.c.c.s.m.FavoritePessimisticService - 메서드 종료 직전: memberId = 119, productId = 1
    16:24:30.016 [pool-2-thread-119] DEBUG c.c.c.s.m.FavoriteConcurrencyTest - 실패 : Could not commit JPA transaction 
    16:24:30.016 [pool-2-thread-124] DEBUG org.hibernate.SQL - 
        select
            ni1_0.nutrition_info_id,
            ni1_0.caffeine,
            ni1_0.calories,
            ni1_0.carbohydrate,
            ni1_0.cholesterol,
            ni1_0.fat,
            ni1_0.product_id,
            ni1_0.protein,
            ni1_0.saturated_fat,
            ni1_0.sodium,
            ni1_0.sugar,
            ni1_0.trans_fat 
        from
            nutrition_info ni1_0 
        where
            ni1_0.product_id=?
    16:24:30.017 [pool-2-thread-126] DEBUG org.hibernate.SQL - 
        /* SELECT
            p 
        FROM
            Product p 
        WHERE
            p.id = :productId */ select
                p1_0.product_id,
                p1_0.category_id,
                p1_0.favorite_count,
                p1_0.price,
                p1_0.product_content,
                p1_0.product_name,
                p1_0.product_photo,
                p1_0.version 
            from
                product p1_0 
            where
                p1_0.product_id=? for update
    16:24:30.017 [pool-2-thread-124] DEBUG org.hibernate.SQL - 
        select
            f1_0.member_id,
            f1_0.product_id,
            f1_0.orderby 
        from
            favorite f1_0 
        where
            (
                f1_0.member_id, f1_0.product_id
            ) in ((?, ?))
    16:24:30.018 [pool-2-thread-124] DEBUG org.hibernate.SQL - 
        /* insert for
            com.codepresso.codepresso.entity.member.Favorite */insert 
        into
            favorite (orderby, member_id, product_id) 
        values
            (?, ?, ?)
    16:24:30.018 [pool-2-thread-124] DEBUG c.c.c.s.m.FavoritePessimisticService - 즐겨찾기 추가 성공 : memberId = 124, productId = 1
    16:24:30.018 [pool-2-thread-124] DEBUG c.c.c.s.m.FavoritePessimisticService - 메서드 종료 직전: memberId = 124, productId = 1
    16:24:30.018 [pool-2-thread-124] DEBUG c.c.c.s.m.FavoriteConcurrencyTest - 실패 : Could not commit JPA transaction 
    16:24:30.018 [pool-2-thread-125] DEBUG org.hibernate.SQL - 
        select
            ni1_0.nutrition_info_id,
            ni1_0.caffeine,
            ni1_0.calories,
            ni1_0.carbohydrate,
            ni1_0.cholesterol,
            ni1_0.fat,
            ni1_0.product_id,
            ni1_0.protein,
            ni1_0.saturated_fat,
            ni1_0.sodium,
            ni1_0.sugar,
            ni1_0.trans_fat 
        from
            nutrition_info ni1_0 
        where
            ni1_0.product_id=?
    16:24:30.019 [pool-2-thread-129] DEBUG org.hibernate.SQL - 
        /* SELECT
            p 
        FROM
            Product p 
        WHERE
            p.id = :productId */ select
                p1_0.product_id,
                p1_0.category_id,
                p1_0.favorite_count,
                p1_0.price,
                p1_0.product_content,
                p1_0.product_name,
                p1_0.product_photo,
                p1_0.version 
            from
                product p1_0 
            where
                p1_0.product_id=? for update
    16:24:30.019 [pool-2-thread-125] DEBUG org.hibernate.SQL - 
        select
            f1_0.member_id,
            f1_0.product_id,
            f1_0.orderby 
        from
            favorite f1_0 
        where
            (
                f1_0.member_id, f1_0.product_id
            ) in ((?, ?))
    16:24:30.019 [pool-2-thread-125] DEBUG org.hibernate.SQL - 
        /* insert for
            com.codepresso.codepresso.entity.member.Favorite */insert 
        into
            favorite (orderby, member_id, product_id) 
        values
            (?, ?, ?)
    16:24:30.019 [pool-2-thread-125] DEBUG c.c.c.s.m.FavoritePessimisticService - 즐겨찾기 추가 성공 : memberId = 125, productId = 1
    16:24:30.019 [pool-2-thread-125] DEBUG c.c.c.s.m.FavoritePessimisticService - 메서드 종료 직전: memberId = 125, productId = 1
    16:24:30.020 [pool-2-thread-125] DEBUG c.c.c.s.m.FavoriteConcurrencyTest - 실패 : Could not commit JPA transaction 
    16:24:30.020 [pool-2-thread-127] DEBUG org.hibernate.SQL - 
        /* SELECT
            p 
        FROM
            Product p 
        WHERE
            p.id = :productId */ select
                p1_0.product_id,
                p1_0.category_id,
                p1_0.favorite_count,
                p1_0.price,
                p1_0.product_content,
                p1_0.product_name,
                p1_0.product_photo,
                p1_0.version 
            from
                product p1_0 
            where
                p1_0.product_id=? for update
    16:24:30.020 [pool-2-thread-24] DEBUG org.hibernate.SQL - 
        select
            ni1_0.nutrition_info_id,
            ni1_0.caffeine,
            ni1_0.calories,
            ni1_0.carbohydrate,
            ni1_0.cholesterol,
            ni1_0.fat,
            ni1_0.product_id,
            ni1_0.protein,
            ni1_0.saturated_fat,
            ni1_0.sodium,
            ni1_0.sugar,
            ni1_0.trans_fat 
        from
            nutrition_info ni1_0 
        where
            ni1_0.product_id=?
    16:24:30.021 [pool-2-thread-24] DEBUG org.hibernate.SQL - 
        select
            f1_0.member_id,
            f1_0.product_id,
            f1_0.orderby 
        from
            favorite f1_0 
        where
            (
                f1_0.member_id, f1_0.product_id
            ) in ((?, ?))
    16:24:30.022 [pool-2-thread-24] DEBUG org.hibernate.SQL - 
        /* insert for
            com.codepresso.codepresso.entity.member.Favorite */insert 
        into
            favorite (orderby, member_id, product_id) 
        values
            (?, ?, ?)
    16:24:30.022 [pool-2-thread-24] DEBUG c.c.c.s.m.FavoritePessimisticService - 즐겨찾기 추가 성공 : memberId = 24, productId = 1
    16:24:30.022 [pool-2-thread-24] DEBUG c.c.c.s.m.FavoritePessimisticService - 메서드 종료 직전: memberId = 24, productId = 1
    16:24:30.022 [pool-2-thread-24] DEBUG c.c.c.s.m.FavoriteConcurrencyTest - 실패 : Could not commit JPA transaction 
    16:24:30.022 [pool-2-thread-103] DEBUG org.hibernate.SQL - 
        select
            ni1_0.nutrition_info_id,
            ni1_0.caffeine,
            ni1_0.calories,
            ni1_0.carbohydrate,
            ni1_0.cholesterol,
            ni1_0.fat,
            ni1_0.product_id,
            ni1_0.protein,
            ni1_0.saturated_fat,
            ni1_0.sodium,
            ni1_0.sugar,
            ni1_0.trans_fat 
        from
            nutrition_info ni1_0 
        where
            ni1_0.product_id=?
    16:24:30.022 [pool-2-thread-130] DEBUG org.hibernate.SQL - 
        /* SELECT
            p 
        FROM
            Product p 
        WHERE
            p.id = :productId */ select
                p1_0.product_id,
                p1_0.category_id,
                p1_0.favorite_count,
                p1_0.price,
                p1_0.product_content,
                p1_0.product_name,
                p1_0.product_photo,
                p1_0.version 
            from
                product p1_0 
            where
                p1_0.product_id=? for update
    16:24:30.023 [pool-2-thread-103] DEBUG org.hibernate.SQL - 
        select
            f1_0.member_id,
            f1_0.product_id,
            f1_0.orderby 
        from
            favorite f1_0 
        where
            (
                f1_0.member_id, f1_0.product_id
            ) in ((?, ?))
    16:24:30.023 [pool-2-thread-103] DEBUG org.hibernate.SQL - 
        /* insert for
            com.codepresso.codepresso.entity.member.Favorite */insert 
        into
            favorite (orderby, member_id, product_id) 
        values
            (?, ?, ?)
    16:24:30.023 [pool-2-thread-103] DEBUG c.c.c.s.m.FavoritePessimisticService - 즐겨찾기 추가 성공 : memberId = 103, productId = 1
    16:24:30.023 [pool-2-thread-103] DEBUG c.c.c.s.m.FavoritePessimisticService - 메서드 종료 직전: memberId = 103, productId = 1
    16:24:30.023 [pool-2-thread-103] DEBUG c.c.c.s.m.FavoriteConcurrencyTest - 실패 : Could not commit JPA transaction 
    16:24:30.024 [pool-2-thread-112] DEBUG org.hibernate.SQL - 
        select
            ni1_0.nutrition_info_id,
            ni1_0.caffeine,
            ni1_0.calories,
            ni1_0.carbohydrate,
            ni1_0.cholesterol,
            ni1_0.fat,
            ni1_0.product_id,
            ni1_0.protein,
            ni1_0.saturated_fat,
            ni1_0.sodium,
            ni1_0.sugar,
            ni1_0.trans_fat 
        from
            nutrition_info ni1_0 
        where
            ni1_0.product_id=?
    16:24:30.024 [pool-2-thread-131] DEBUG org.hibernate.SQL - 
        /* SELECT
            p 
        FROM
            Product p 
        WHERE
            p.id = :productId */ select
                p1_0.product_id,
                p1_0.category_id,
                p1_0.favorite_count,
                p1_0.price,
                p1_0.product_content,
                p1_0.product_name,
                p1_0.product_photo,
                p1_0.version 
            from
                product p1_0 
            where
                p1_0.product_id=? for update
    16:24:30.024 [pool-2-thread-112] DEBUG org.hibernate.SQL - 
        select
            f1_0.member_id,
            f1_0.product_id,
            f1_0.orderby 
        from
            favorite f1_0 
        where
            (
                f1_0.member_id, f1_0.product_id
            ) in ((?, ?))
    16:24:30.024 [pool-2-thread-112] DEBUG org.hibernate.SQL - 
        /* insert for
            com.codepresso.codepresso.entity.member.Favorite */insert 
        into
            favorite (orderby, member_id, product_id) 
        values
            (?, ?, ?)
    16:24:30.025 [pool-2-thread-112] DEBUG c.c.c.s.m.FavoritePessimisticService - 즐겨찾기 추가 성공 : memberId = 112, productId = 1
    16:24:30.025 [pool-2-thread-112] DEBUG c.c.c.s.m.FavoritePessimisticService - 메서드 종료 직전: memberId = 112, productId = 1
    16:24:30.025 [pool-2-thread-112] DEBUG c.c.c.s.m.FavoriteConcurrencyTest - 실패 : Could not commit JPA transaction 
    16:24:30.025 [pool-2-thread-130] DEBUG org.hibernate.SQL - 
        select
            ni1_0.nutrition_info_id,
            ni1_0.caffeine,
            ni1_0.calories,
            ni1_0.carbohydrate,
            ni1_0.cholesterol,
            ni1_0.fat,
            ni1_0.product_id,
            ni1_0.protein,
            ni1_0.saturated_fat,
            ni1_0.sodium,
            ni1_0.sugar,
            ni1_0.trans_fat 
        from
            nutrition_info ni1_0 
        where
            ni1_0.product_id=?
    16:24:30.026 [pool-2-thread-130] DEBUG org.hibernate.SQL - 
        select
            f1_0.member_id,
            f1_0.product_id,
            f1_0.orderby 
        from
            favorite f1_0 
        where
            (
                f1_0.member_id, f1_0.product_id
            ) in ((?, ?))
    16:24:30.026 [pool-2-thread-132] DEBUG org.hibernate.SQL - 
        /* SELECT
            p 
        FROM
            Product p 
        WHERE
            p.id = :productId */ select
                p1_0.product_id,
                p1_0.category_id,
                p1_0.favorite_count,
                p1_0.price,
                p1_0.product_content,
                p1_0.product_name,
                p1_0.product_photo,
                p1_0.version 
            from
                product p1_0 
            where
                p1_0.product_id=? for update
    16:24:30.027 [pool-2-thread-130] DEBUG org.hibernate.SQL - 
        /* insert for
            com.codepresso.codepresso.entity.member.Favorite */insert 
        into
            favorite (orderby, member_id, product_id) 
        values
            (?, ?, ?)
    16:24:30.027 [pool-2-thread-130] DEBUG c.c.c.s.m.FavoritePessimisticService - 즐겨찾기 추가 성공 : memberId = 130, productId = 1
    16:24:30.027 [pool-2-thread-130] DEBUG c.c.c.s.m.FavoritePessimisticService - 메서드 종료 직전: memberId = 130, productId = 1
    16:24:30.028 [pool-2-thread-130] DEBUG c.c.c.s.m.FavoriteConcurrencyTest - 실패 : Could not commit JPA transaction 
    16:24:30.028 [pool-2-thread-123] DEBUG org.hibernate.SQL - 
        select
            ni1_0.nutrition_info_id,
            ni1_0.caffeine,
            ni1_0.calories,
            ni1_0.carbohydrate,
            ni1_0.cholesterol,
            ni1_0.fat,
            ni1_0.product_id,
            ni1_0.protein,
            ni1_0.saturated_fat,
            ni1_0.sodium,
            ni1_0.sugar,
            ni1_0.trans_fat 
        from
            nutrition_info ni1_0 
        where
            ni1_0.product_id=?
    16:24:30.029 [pool-2-thread-133] DEBUG org.hibernate.SQL - 
        /* SELECT
            p 
        FROM
            Product p 
        WHERE
            p.id = :productId */ select
                p1_0.product_id,
                p1_0.category_id,
                p1_0.favorite_count,
                p1_0.price,
                p1_0.product_content,
                p1_0.product_name,
                p1_0.product_photo,
                p1_0.version 
            from
                product p1_0 
            where
                p1_0.product_id=? for update
    16:24:30.029 [pool-2-thread-123] DEBUG org.hibernate.SQL - 
        select
            f1_0.member_id,
            f1_0.product_id,
            f1_0.orderby 
        from
            favorite f1_0 
        where
            (
                f1_0.member_id, f1_0.product_id
            ) in ((?, ?))
    16:24:30.030 [pool-2-thread-123] DEBUG org.hibernate.SQL - 
        /* insert for
            com.codepresso.codepresso.entity.member.Favorite */insert 
        into
            favorite (orderby, member_id, product_id) 
        values
            (?, ?, ?)
    16:24:30.030 [pool-2-thread-123] DEBUG c.c.c.s.m.FavoritePessimisticService - 즐겨찾기 추가 성공 : memberId = 123, productId = 1
    16:24:30.030 [pool-2-thread-123] DEBUG c.c.c.s.m.FavoritePessimisticService - 메서드 종료 직전: memberId = 123, productId = 1
    16:24:30.030 [pool-2-thread-123] DEBUG c.c.c.s.m.FavoriteConcurrencyTest - 실패 : Could not commit JPA transaction 
    16:24:30.030 [pool-2-thread-131] DEBUG org.hibernate.SQL - 
        select
            ni1_0.nutrition_info_id,
            ni1_0.caffeine,
            ni1_0.calories,
            ni1_0.carbohydrate,
            ni1_0.cholesterol,
            ni1_0.fat,
            ni1_0.product_id,
            ni1_0.protein,
            ni1_0.saturated_fat,
            ni1_0.sodium,
            ni1_0.sugar,
            ni1_0.trans_fat 
        from
            nutrition_info ni1_0 
        where
            ni1_0.product_id=?
    16:24:30.030 [pool-2-thread-128] DEBUG org.hibernate.SQL - 
        /* SELECT
            p 
        FROM
            Product p 
        WHERE
            p.id = :productId */ select
                p1_0.product_id,
                p1_0.category_id,
                p1_0.favorite_count,
                p1_0.price,
                p1_0.product_content,
                p1_0.product_name,
                p1_0.product_photo,
                p1_0.version 
            from
                product p1_0 
            where
                p1_0.product_id=? for update
    16:24:30.031 [pool-2-thread-131] DEBUG org.hibernate.SQL - 
        select
            f1_0.member_id,
            f1_0.product_id,
            f1_0.orderby 
        from
            favorite f1_0 
        where
            (
                f1_0.member_id, f1_0.product_id
            ) in ((?, ?))
    16:24:30.031 [pool-2-thread-131] DEBUG org.hibernate.SQL - 
        /* insert for
            com.codepresso.codepresso.entity.member.Favorite */insert 
        into
            favorite (orderby, member_id, product_id) 
        values
            (?, ?, ?)
    16:24:30.032 [pool-2-thread-131] DEBUG c.c.c.s.m.FavoritePessimisticService - 즐겨찾기 추가 성공 : memberId = 131, productId = 1
    16:24:30.032 [pool-2-thread-131] DEBUG c.c.c.s.m.FavoritePessimisticService - 메서드 종료 직전: memberId = 131, productId = 1
    16:24:30.032 [pool-2-thread-131] DEBUG c.c.c.s.m.FavoriteConcurrencyTest - 실패 : Could not commit JPA transaction 
    16:24:30.032 [pool-2-thread-100] DEBUG org.hibernate.SQL - 
        select
            ni1_0.nutrition_info_id,
            ni1_0.caffeine,
            ni1_0.calories,
            ni1_0.carbohydrate,
            ni1_0.cholesterol,
            ni1_0.fat,
            ni1_0.product_id,
            ni1_0.protein,
            ni1_0.saturated_fat,
            ni1_0.sodium,
            ni1_0.sugar,
            ni1_0.trans_fat 
        from
            nutrition_info ni1_0 
        where
            ni1_0.product_id=?
    16:24:30.032 [pool-2-thread-134] DEBUG org.hibernate.SQL - 
        /* SELECT
            p 
        FROM
            Product p 
        WHERE
            p.id = :productId */ select
                p1_0.product_id,
                p1_0.category_id,
                p1_0.favorite_count,
                p1_0.price,
                p1_0.product_content,
                p1_0.product_name,
                p1_0.product_photo,
                p1_0.version 
            from
                product p1_0 
            where
                p1_0.product_id=? for update
    16:24:30.032 [pool-2-thread-100] DEBUG org.hibernate.SQL - 
        select
            f1_0.member_id,
            f1_0.product_id,
            f1_0.orderby 
        from
            favorite f1_0 
        where
            (
                f1_0.member_id, f1_0.product_id
            ) in ((?, ?))
    16:24:30.033 [pool-2-thread-100] DEBUG org.hibernate.SQL - 
        /* insert for
            com.codepresso.codepresso.entity.member.Favorite */insert 
        into
            favorite (orderby, member_id, product_id) 
        values
            (?, ?, ?)
    16:24:30.033 [pool-2-thread-100] DEBUG c.c.c.s.m.FavoritePessimisticService - 즐겨찾기 추가 성공 : memberId = 100, productId = 1
    16:24:30.033 [pool-2-thread-100] DEBUG c.c.c.s.m.FavoritePessimisticService - 메서드 종료 직전: memberId = 100, productId = 1
    16:24:30.033 [pool-2-thread-100] DEBUG c.c.c.s.m.FavoriteConcurrencyTest - 실패 : Could not commit JPA transaction 
    16:24:30.034 [pool-2-thread-136] DEBUG org.hibernate.SQL - 
        /* SELECT
            p 
        FROM
            Product p 
        WHERE
            p.id = :productId */ select
                p1_0.product_id,
                p1_0.category_id,
                p1_0.favorite_count,
                p1_0.price,
                p1_0.product_content,
                p1_0.product_name,
                p1_0.product_photo,
                p1_0.version 
            from
                product p1_0 
            where
                p1_0.product_id=? for update
    16:24:30.034 [pool-2-thread-106] DEBUG org.hibernate.SQL - 
        select
            ni1_0.nutrition_info_id,
            ni1_0.caffeine,
            ni1_0.calories,
            ni1_0.carbohydrate,
            ni1_0.cholesterol,
            ni1_0.fat,
            ni1_0.product_id,
            ni1_0.protein,
            ni1_0.saturated_fat,
            ni1_0.sodium,
            ni1_0.sugar,
            ni1_0.trans_fat 
        from
            nutrition_info ni1_0 
        where
            ni1_0.product_id=?
    16:24:30.034 [pool-2-thread-106] DEBUG org.hibernate.SQL - 
        select
            f1_0.member_id,
            f1_0.product_id,
            f1_0.orderby 
        from
            favorite f1_0 
        where
            (
                f1_0.member_id, f1_0.product_id
            ) in ((?, ?))
    16:24:30.035 [pool-2-thread-106] DEBUG org.hibernate.SQL - 
        /* insert for
            com.codepresso.codepresso.entity.member.Favorite */insert 
        into
            favorite (orderby, member_id, product_id) 
        values
            (?, ?, ?)
    16:24:30.035 [pool-2-thread-106] DEBUG c.c.c.s.m.FavoritePessimisticService - 즐겨찾기 추가 성공 : memberId = 106, productId = 1
    16:24:30.035 [pool-2-thread-106] DEBUG c.c.c.s.m.FavoritePessimisticService - 메서드 종료 직전: memberId = 106, productId = 1
    16:24:30.035 [pool-2-thread-106] DEBUG c.c.c.s.m.FavoriteConcurrencyTest - 실패 : Could not commit JPA transaction 
    16:24:30.036 [pool-2-thread-135] DEBUG org.hibernate.SQL - 
        /* SELECT
            p 
        FROM
            Product p 
        WHERE
            p.id = :productId */ select
                p1_0.product_id,
                p1_0.category_id,
                p1_0.favorite_count,
                p1_0.price,
                p1_0.product_content,
                p1_0.product_name,
                p1_0.product_photo,
                p1_0.version 
            from
                product p1_0 
            where
                p1_0.product_id=? for update
    16:24:30.036 [pool-2-thread-128] DEBUG org.hibernate.SQL - 
        select
            ni1_0.nutrition_info_id,
            ni1_0.caffeine,
            ni1_0.calories,
            ni1_0.carbohydrate,
            ni1_0.cholesterol,
            ni1_0.fat,
            ni1_0.product_id,
            ni1_0.protein,
            ni1_0.saturated_fat,
            ni1_0.sodium,
            ni1_0.sugar,
            ni1_0.trans_fat 
        from
            nutrition_info ni1_0 
        where
            ni1_0.product_id=?
    16:24:30.036 [pool-2-thread-128] DEBUG org.hibernate.SQL - 
        select
            f1_0.member_id,
            f1_0.product_id,
            f1_0.orderby 
        from
            favorite f1_0 
        where
            (
                f1_0.member_id, f1_0.product_id
            ) in ((?, ?))
    16:24:30.037 [pool-2-thread-128] DEBUG org.hibernate.SQL - 
        /* insert for
            com.codepresso.codepresso.entity.member.Favorite */insert 
        into
            favorite (orderby, member_id, product_id) 
        values
            (?, ?, ?)
    16:24:30.037 [pool-2-thread-128] DEBUG c.c.c.s.m.FavoritePessimisticService - 즐겨찾기 추가 성공 : memberId = 128, productId = 1
    16:24:30.037 [pool-2-thread-128] DEBUG c.c.c.s.m.FavoritePessimisticService - 메서드 종료 직전: memberId = 128, productId = 1
    16:24:30.037 [pool-2-thread-128] DEBUG c.c.c.s.m.FavoriteConcurrencyTest - 실패 : Could not commit JPA transaction 
    16:24:30.038 [pool-2-thread-137] DEBUG org.hibernate.SQL - 
        /* SELECT
            p 
        FROM
            Product p 
        WHERE
            p.id = :productId */ select
                p1_0.product_id,
                p1_0.category_id,
                p1_0.favorite_count,
                p1_0.price,
                p1_0.product_content,
                p1_0.product_name,
                p1_0.product_photo,
                p1_0.version 
            from
                product p1_0 
            where
                p1_0.product_id=? for update
    16:24:30.038 [pool-2-thread-108] DEBUG org.hibernate.SQL - 
        select
            ni1_0.nutrition_info_id,
            ni1_0.caffeine,
            ni1_0.calories,
            ni1_0.carbohydrate,
            ni1_0.cholesterol,
            ni1_0.fat,
            ni1_0.product_id,
            ni1_0.protein,
            ni1_0.saturated_fat,
            ni1_0.sodium,
            ni1_0.sugar,
            ni1_0.trans_fat 
        from
            nutrition_info ni1_0 
        where
            ni1_0.product_id=?
    16:24:30.040 [pool-2-thread-108] DEBUG org.hibernate.SQL - 
        select
            f1_0.member_id,
            f1_0.product_id,
            f1_0.orderby 
        from
            favorite f1_0 
        where
            (
                f1_0.member_id, f1_0.product_id
            ) in ((?, ?))
    16:24:30.040 [pool-2-thread-108] DEBUG org.hibernate.SQL - 
        /* insert for
            com.codepresso.codepresso.entity.member.Favorite */insert 
        into
            favorite (orderby, member_id, product_id) 
        values
            (?, ?, ?)
    16:24:30.041 [pool-2-thread-108] DEBUG c.c.c.s.m.FavoritePessimisticService - 즐겨찾기 추가 성공 : memberId = 108, productId = 1
    16:24:30.041 [pool-2-thread-108] DEBUG c.c.c.s.m.FavoritePessimisticService - 메서드 종료 직전: memberId = 108, productId = 1
    16:24:30.041 [pool-2-thread-108] DEBUG c.c.c.s.m.FavoriteConcurrencyTest - 실패 : Could not commit JPA transaction 
    16:24:30.041 [pool-2-thread-135] DEBUG org.hibernate.SQL - 
        select
            ni1_0.nutrition_info_id,
            ni1_0.caffeine,
            ni1_0.calories,
            ni1_0.carbohydrate,
            ni1_0.cholesterol,
            ni1_0.fat,
            ni1_0.product_id,
            ni1_0.protein,
            ni1_0.saturated_fat,
            ni1_0.sodium,
            ni1_0.sugar,
            ni1_0.trans_fat 
        from
            nutrition_info ni1_0 
        where
            ni1_0.product_id=?
    16:24:30.042 [pool-2-thread-139] DEBUG org.hibernate.SQL - 
        /* SELECT
            p 
        FROM
            Product p 
        WHERE
            p.id = :productId */ select
                p1_0.product_id,
                p1_0.category_id,
                p1_0.favorite_count,
                p1_0.price,
                p1_0.product_content,
                p1_0.product_name,
                p1_0.product_photo,
                p1_0.version 
            from
                product p1_0 
            where
                p1_0.product_id=? for update
    16:24:30.042 [pool-2-thread-135] DEBUG org.hibernate.SQL - 
        select
            f1_0.member_id,
            f1_0.product_id,
            f1_0.orderby 
        from
            favorite f1_0 
        where
            (
                f1_0.member_id, f1_0.product_id
            ) in ((?, ?))
    16:24:30.043 [pool-2-thread-135] DEBUG org.hibernate.SQL - 
        /* insert for
            com.codepresso.codepresso.entity.member.Favorite */insert 
        into
            favorite (orderby, member_id, product_id) 
        values
            (?, ?, ?)
    16:24:30.043 [pool-2-thread-135] DEBUG c.c.c.s.m.FavoritePessimisticService - 즐겨찾기 추가 성공 : memberId = 135, productId = 1
    16:24:30.043 [pool-2-thread-135] DEBUG c.c.c.s.m.FavoritePessimisticService - 메서드 종료 직전: memberId = 135, productId = 1
    16:24:30.043 [pool-2-thread-135] DEBUG c.c.c.s.m.FavoriteConcurrencyTest - 실패 : Could not commit JPA transaction 
    16:24:30.044 [pool-2-thread-137] DEBUG org.hibernate.SQL - 
        select
            ni1_0.nutrition_info_id,
            ni1_0.caffeine,
            ni1_0.calories,
            ni1_0.carbohydrate,
            ni1_0.cholesterol,
            ni1_0.fat,
            ni1_0.product_id,
            ni1_0.protein,
            ni1_0.saturated_fat,
            ni1_0.sodium,
            ni1_0.sugar,
            ni1_0.trans_fat 
        from
            nutrition_info ni1_0 
        where
            ni1_0.product_id=?
    16:24:30.044 [pool-2-thread-140] DEBUG org.hibernate.SQL - 
        /* SELECT
            p 
        FROM
            Product p 
        WHERE
            p.id = :productId */ select
                p1_0.product_id,
                p1_0.category_id,
                p1_0.favorite_count,
                p1_0.price,
                p1_0.product_content,
                p1_0.product_name,
                p1_0.product_photo,
                p1_0.version 
            from
                product p1_0 
            where
                p1_0.product_id=? for update
    16:24:30.044 [pool-2-thread-137] DEBUG org.hibernate.SQL - 
        select
            f1_0.member_id,
            f1_0.product_id,
            f1_0.orderby 
        from
            favorite f1_0 
        where
            (
                f1_0.member_id, f1_0.product_id
            ) in ((?, ?))
    16:24:30.045 [pool-2-thread-137] DEBUG org.hibernate.SQL - 
        /* insert for
            com.codepresso.codepresso.entity.member.Favorite */insert 
        into
            favorite (orderby, member_id, product_id) 
        values
            (?, ?, ?)
    16:24:30.045 [pool-2-thread-137] DEBUG c.c.c.s.m.FavoritePessimisticService - 즐겨찾기 추가 성공 : memberId = 137, productId = 1
    16:24:30.045 [pool-2-thread-137] DEBUG c.c.c.s.m.FavoritePessimisticService - 메서드 종료 직전: memberId = 137, productId = 1
    16:24:30.046 [pool-2-thread-139] DEBUG org.hibernate.SQL - 
        select
            ni1_0.nutrition_info_id,
            ni1_0.caffeine,
            ni1_0.calories,
            ni1_0.carbohydrate,
            ni1_0.cholesterol,
            ni1_0.fat,
            ni1_0.product_id,
            ni1_0.protein,
            ni1_0.saturated_fat,
            ni1_0.sodium,
            ni1_0.sugar,
            ni1_0.trans_fat 
        from
            nutrition_info ni1_0 
        where
            ni1_0.product_id=?
    16:24:30.046 [pool-2-thread-137] DEBUG c.c.c.s.m.FavoriteConcurrencyTest - 실패 : Could not commit JPA transaction 
    16:24:30.046 [pool-2-thread-138] DEBUG org.hibernate.SQL - 
        /* SELECT
            p 
        FROM
            Product p 
        WHERE
            p.id = :productId */ select
                p1_0.product_id,
                p1_0.category_id,
                p1_0.favorite_count,
                p1_0.price,
                p1_0.product_content,
                p1_0.product_name,
                p1_0.product_photo,
                p1_0.version 
            from
                product p1_0 
            where
                p1_0.product_id=? for update
    16:24:30.046 [pool-2-thread-139] DEBUG org.hibernate.SQL - 
        select
            f1_0.member_id,
            f1_0.product_id,
            f1_0.orderby 
        from
            favorite f1_0 
        where
            (
                f1_0.member_id, f1_0.product_id
            ) in ((?, ?))
    16:24:30.047 [pool-2-thread-139] DEBUG org.hibernate.SQL - 
        /* insert for
            com.codepresso.codepresso.entity.member.Favorite */insert 
        into
            favorite (orderby, member_id, product_id) 
        values
            (?, ?, ?)
    16:24:30.047 [pool-2-thread-139] DEBUG c.c.c.s.m.FavoritePessimisticService - 즐겨찾기 추가 성공 : memberId = 139, productId = 1
    16:24:30.047 [pool-2-thread-139] DEBUG c.c.c.s.m.FavoritePessimisticService - 메서드 종료 직전: memberId = 139, productId = 1
    16:24:30.047 [pool-2-thread-139] DEBUG c.c.c.s.m.FavoriteConcurrencyTest - 실패 : Could not commit JPA transaction 
    16:24:30.047 [pool-2-thread-140] DEBUG org.hibernate.SQL - 
        select
            ni1_0.nutrition_info_id,
            ni1_0.caffeine,
            ni1_0.calories,
            ni1_0.carbohydrate,
            ni1_0.cholesterol,
            ni1_0.fat,
            ni1_0.product_id,
            ni1_0.protein,
            ni1_0.saturated_fat,
            ni1_0.sodium,
            ni1_0.sugar,
            ni1_0.trans_fat 
        from
            nutrition_info ni1_0 
        where
            ni1_0.product_id=?
    16:24:30.047 [pool-2-thread-141] DEBUG org.hibernate.SQL - 
        /* SELECT
            p 
        FROM
            Product p 
        WHERE
            p.id = :productId */ select
                p1_0.product_id,
                p1_0.category_id,
                p1_0.favorite_count,
                p1_0.price,
                p1_0.product_content,
                p1_0.product_name,
                p1_0.product_photo,
                p1_0.version 
            from
                product p1_0 
            where
                p1_0.product_id=? for update
    16:24:30.048 [pool-2-thread-140] DEBUG org.hibernate.SQL - 
        select
            f1_0.member_id,
            f1_0.product_id,
            f1_0.orderby 
        from
            favorite f1_0 
        where
            (
                f1_0.member_id, f1_0.product_id
            ) in ((?, ?))
    16:24:30.048 [pool-2-thread-140] DEBUG org.hibernate.SQL - 
        /* insert for
            com.codepresso.codepresso.entity.member.Favorite */insert 
        into
            favorite (orderby, member_id, product_id) 
        values
            (?, ?, ?)
    16:24:30.049 [pool-2-thread-140] DEBUG c.c.c.s.m.FavoritePessimisticService - 즐겨찾기 추가 성공 : memberId = 140, productId = 1
    16:24:30.049 [pool-2-thread-140] DEBUG c.c.c.s.m.FavoritePessimisticService - 메서드 종료 직전: memberId = 140, productId = 1
    16:24:30.049 [pool-2-thread-140] DEBUG c.c.c.s.m.FavoriteConcurrencyTest - 실패 : Could not commit JPA transaction 
    16:24:30.049 [pool-2-thread-138] DEBUG org.hibernate.SQL - 
        select
            ni1_0.nutrition_info_id,
            ni1_0.caffeine,
            ni1_0.calories,
            ni1_0.carbohydrate,
            ni1_0.cholesterol,
            ni1_0.fat,
            ni1_0.product_id,
            ni1_0.protein,
            ni1_0.saturated_fat,
            ni1_0.sodium,
            ni1_0.sugar,
            ni1_0.trans_fat 
        from
            nutrition_info ni1_0 
        where
            ni1_0.product_id=?
    16:24:30.050 [pool-2-thread-142] DEBUG org.hibernate.SQL - 
        /* SELECT
            p 
        FROM
            Product p 
        WHERE
            p.id = :productId */ select
                p1_0.product_id,
                p1_0.category_id,
                p1_0.favorite_count,
                p1_0.price,
                p1_0.product_content,
                p1_0.product_name,
                p1_0.product_photo,
                p1_0.version 
            from
                product p1_0 
            where
                p1_0.product_id=? for update
    16:24:30.050 [pool-2-thread-138] DEBUG org.hibernate.SQL - 
        select
            f1_0.member_id,
            f1_0.product_id,
            f1_0.orderby 
        from
            favorite f1_0 
        where
            (
                f1_0.member_id, f1_0.product_id
            ) in ((?, ?))
    16:24:30.051 [pool-2-thread-138] DEBUG org.hibernate.SQL - 
        /* insert for
            com.codepresso.codepresso.entity.member.Favorite */insert 
        into
            favorite (orderby, member_id, product_id) 
        values
            (?, ?, ?)
    16:24:30.051 [pool-2-thread-138] DEBUG c.c.c.s.m.FavoritePessimisticService - 즐겨찾기 추가 성공 : memberId = 138, productId = 1
    16:24:30.051 [pool-2-thread-138] DEBUG c.c.c.s.m.FavoritePessimisticService - 메서드 종료 직전: memberId = 138, productId = 1
    16:24:30.052 [pool-2-thread-138] DEBUG c.c.c.s.m.FavoriteConcurrencyTest - 실패 : Could not commit JPA transaction 
    16:24:30.052 [pool-2-thread-134] DEBUG org.hibernate.SQL - 
        select
            ni1_0.nutrition_info_id,
            ni1_0.caffeine,
            ni1_0.calories,
            ni1_0.carbohydrate,
            ni1_0.cholesterol,
            ni1_0.fat,
            ni1_0.product_id,
            ni1_0.protein,
            ni1_0.saturated_fat,
            ni1_0.sodium,
            ni1_0.sugar,
            ni1_0.trans_fat 
        from
            nutrition_info ni1_0 
        where
            ni1_0.product_id=?
    16:24:30.053 [pool-2-thread-143] DEBUG org.hibernate.SQL - 
        /* SELECT
            p 
        FROM
            Product p 
        WHERE
            p.id = :productId */ select
                p1_0.product_id,
                p1_0.category_id,
                p1_0.favorite_count,
                p1_0.price,
                p1_0.product_content,
                p1_0.product_name,
                p1_0.product_photo,
                p1_0.version 
            from
                product p1_0 
            where
                p1_0.product_id=? for update
    16:24:30.053 [pool-2-thread-134] DEBUG org.hibernate.SQL - 
        select
            f1_0.member_id,
            f1_0.product_id,
            f1_0.orderby 
        from
            favorite f1_0 
        where
            (
                f1_0.member_id, f1_0.product_id
            ) in ((?, ?))
    16:24:30.054 [pool-2-thread-134] DEBUG org.hibernate.SQL - 
        /* insert for
            com.codepresso.codepresso.entity.member.Favorite */insert 
        into
            favorite (orderby, member_id, product_id) 
        values
            (?, ?, ?)
    16:24:30.054 [pool-2-thread-134] DEBUG c.c.c.s.m.FavoritePessimisticService - 즐겨찾기 추가 성공 : memberId = 134, productId = 1
    16:24:30.054 [pool-2-thread-134] DEBUG c.c.c.s.m.FavoritePessimisticService - 메서드 종료 직전: memberId = 134, productId = 1
    16:24:30.054 [pool-2-thread-134] DEBUG c.c.c.s.m.FavoriteConcurrencyTest - 실패 : Could not commit JPA transaction 
    16:24:30.054 [pool-2-thread-141] DEBUG org.hibernate.SQL - 
        select
            ni1_0.nutrition_info_id,
            ni1_0.caffeine,
            ni1_0.calories,
            ni1_0.carbohydrate,
            ni1_0.cholesterol,
            ni1_0.fat,
            ni1_0.product_id,
            ni1_0.protein,
            ni1_0.saturated_fat,
            ni1_0.sodium,
            ni1_0.sugar,
            ni1_0.trans_fat 
        from
            nutrition_info ni1_0 
        where
            ni1_0.product_id=?
    16:24:30.055 [pool-2-thread-144] DEBUG org.hibernate.SQL - 
        /* SELECT
            p 
        FROM
            Product p 
        WHERE
            p.id = :productId */ select
                p1_0.product_id,
                p1_0.category_id,
                p1_0.favorite_count,
                p1_0.price,
                p1_0.product_content,
                p1_0.product_name,
                p1_0.product_photo,
                p1_0.version 
            from
                product p1_0 
            where
                p1_0.product_id=? for update
    16:24:30.055 [pool-2-thread-141] DEBUG org.hibernate.SQL - 
        select
            f1_0.member_id,
            f1_0.product_id,
            f1_0.orderby 
        from
            favorite f1_0 
        where
            (
                f1_0.member_id, f1_0.product_id
            ) in ((?, ?))
    16:24:30.056 [pool-2-thread-141] DEBUG org.hibernate.SQL - 
        /* insert for
            com.codepresso.codepresso.entity.member.Favorite */insert 
        into
            favorite (orderby, member_id, product_id) 
        values
            (?, ?, ?)
    16:24:30.056 [pool-2-thread-141] DEBUG c.c.c.s.m.FavoritePessimisticService - 즐겨찾기 추가 성공 : memberId = 141, productId = 1
    16:24:30.056 [pool-2-thread-141] DEBUG c.c.c.s.m.FavoritePessimisticService - 메서드 종료 직전: memberId = 141, productId = 1
    16:24:30.057 [pool-2-thread-141] DEBUG c.c.c.s.m.FavoriteConcurrencyTest - 실패 : Could not commit JPA transaction 
    16:24:30.057 [pool-2-thread-142] DEBUG org.hibernate.SQL - 
        select
            ni1_0.nutrition_info_id,
            ni1_0.caffeine,
            ni1_0.calories,
            ni1_0.carbohydrate,
            ni1_0.cholesterol,
            ni1_0.fat,
            ni1_0.product_id,
            ni1_0.protein,
            ni1_0.saturated_fat,
            ni1_0.sodium,
            ni1_0.sugar,
            ni1_0.trans_fat 
        from
            nutrition_info ni1_0 
        where
            ni1_0.product_id=?
    16:24:30.057 [pool-2-thread-145] DEBUG org.hibernate.SQL - 
        /* SELECT
            p 
        FROM
            Product p 
        WHERE
            p.id = :productId */ select
                p1_0.product_id,
                p1_0.category_id,
                p1_0.favorite_count,
                p1_0.price,
                p1_0.product_content,
                p1_0.product_name,
                p1_0.product_photo,
                p1_0.version 
            from
                product p1_0 
            where
                p1_0.product_id=? for update
    16:24:30.058 [pool-2-thread-142] DEBUG org.hibernate.SQL - 
        select
            f1_0.member_id,
            f1_0.product_id,
            f1_0.orderby 
        from
            favorite f1_0 
        where
            (
                f1_0.member_id, f1_0.product_id
            ) in ((?, ?))
    16:24:30.059 [pool-2-thread-142] DEBUG org.hibernate.SQL - 
        /* insert for
            com.codepresso.codepresso.entity.member.Favorite */insert 
        into
            favorite (orderby, member_id, product_id) 
        values
            (?, ?, ?)
    16:24:30.060 [pool-2-thread-142] DEBUG c.c.c.s.m.FavoritePessimisticService - 즐겨찾기 추가 성공 : memberId = 142, productId = 1
    16:24:30.060 [pool-2-thread-142] DEBUG c.c.c.s.m.FavoritePessimisticService - 메서드 종료 직전: memberId = 142, productId = 1
    16:24:30.060 [pool-2-thread-142] DEBUG c.c.c.s.m.FavoriteConcurrencyTest - 실패 : Could not commit JPA transaction 
    16:24:30.062 [pool-2-thread-146] DEBUG org.hibernate.SQL - 
        /* SELECT
            p 
        FROM
            Product p 
        WHERE
            p.id = :productId */ select
                p1_0.product_id,
                p1_0.category_id,
                p1_0.favorite_count,
                p1_0.price,
                p1_0.product_content,
                p1_0.product_name,
                p1_0.product_photo,
                p1_0.version 
            from
                product p1_0 
            where
                p1_0.product_id=? for update
    16:24:30.063 [pool-2-thread-132] DEBUG org.hibernate.SQL - 
        select
            ni1_0.nutrition_info_id,
            ni1_0.caffeine,
            ni1_0.calories,
            ni1_0.carbohydrate,
            ni1_0.cholesterol,
            ni1_0.fat,
            ni1_0.product_id,
            ni1_0.protein,
            ni1_0.saturated_fat,
            ni1_0.sodium,
            ni1_0.sugar,
            ni1_0.trans_fat 
        from
            nutrition_info ni1_0 
        where
            ni1_0.product_id=?
    16:24:30.064 [pool-2-thread-132] DEBUG org.hibernate.SQL - 
        select
            f1_0.member_id,
            f1_0.product_id,
            f1_0.orderby 
        from
            favorite f1_0 
        where
            (
                f1_0.member_id, f1_0.product_id
            ) in ((?, ?))
    16:24:30.064 [pool-2-thread-132] DEBUG org.hibernate.SQL - 
        /* insert for
            com.codepresso.codepresso.entity.member.Favorite */insert 
        into
            favorite (orderby, member_id, product_id) 
        values
            (?, ?, ?)
    16:24:30.074 [pool-2-thread-132] DEBUG c.c.c.s.m.FavoritePessimisticService - 즐겨찾기 추가 성공 : memberId = 132, productId = 1
    16:24:30.074 [pool-2-thread-132] DEBUG c.c.c.s.m.FavoritePessimisticService - 메서드 종료 직전: memberId = 132, productId = 1
    16:24:30.076 [pool-2-thread-132] DEBUG c.c.c.s.m.FavoriteConcurrencyTest - 실패 : Could not commit JPA transaction 
    16:24:30.081 [pool-2-thread-144] DEBUG org.hibernate.SQL - 
        select
            ni1_0.nutrition_info_id,
            ni1_0.caffeine,
            ni1_0.calories,
            ni1_0.carbohydrate,
            ni1_0.cholesterol,
            ni1_0.fat,
            ni1_0.product_id,
            ni1_0.protein,
            ni1_0.saturated_fat,
            ni1_0.sodium,
            ni1_0.sugar,
            ni1_0.trans_fat 
        from
            nutrition_info ni1_0 
        where
            ni1_0.product_id=?
    16:24:30.084 [pool-2-thread-144] DEBUG org.hibernate.SQL - 
        select
            f1_0.member_id,
            f1_0.product_id,
            f1_0.orderby 
        from
            favorite f1_0 
        where
            (
                f1_0.member_id, f1_0.product_id
            ) in ((?, ?))
    16:24:30.085 [pool-2-thread-144] DEBUG org.hibernate.SQL - 
        /* insert for
            com.codepresso.codepresso.entity.member.Favorite */insert 
        into
            favorite (orderby, member_id, product_id) 
        values
            (?, ?, ?)
    16:24:30.086 [pool-2-thread-144] DEBUG c.c.c.s.m.FavoritePessimisticService - 즐겨찾기 추가 성공 : memberId = 144, productId = 1
    16:24:30.086 [pool-2-thread-144] DEBUG c.c.c.s.m.FavoritePessimisticService - 메서드 종료 직전: memberId = 144, productId = 1
    16:24:30.086 [pool-2-thread-144] DEBUG c.c.c.s.m.FavoriteConcurrencyTest - 실패 : Could not commit JPA transaction 
    16:24:30.087 [pool-2-thread-146] DEBUG org.hibernate.SQL - 
        select
            ni1_0.nutrition_info_id,
            ni1_0.caffeine,
            ni1_0.calories,
            ni1_0.carbohydrate,
            ni1_0.cholesterol,
            ni1_0.fat,
            ni1_0.product_id,
            ni1_0.protein,
            ni1_0.saturated_fat,
            ni1_0.sodium,
            ni1_0.sugar,
            ni1_0.trans_fat 
        from
            nutrition_info ni1_0 
        where
            ni1_0.product_id=?
    16:24:30.087 [pool-2-thread-147] DEBUG org.hibernate.SQL - 
        /* SELECT
            p 
        FROM
            Product p 
        WHERE
            p.id = :productId */ select
                p1_0.product_id,
                p1_0.category_id,
                p1_0.favorite_count,
                p1_0.price,
                p1_0.product_content,
                p1_0.product_name,
                p1_0.product_photo,
                p1_0.version 
            from
                product p1_0 
            where
                p1_0.product_id=? for update
    16:24:30.089 [pool-2-thread-148] DEBUG org.hibernate.SQL - 
        /* SELECT
            p 
        FROM
            Product p 
        WHERE
            p.id = :productId */ select
                p1_0.product_id,
                p1_0.category_id,
                p1_0.favorite_count,
                p1_0.price,
                p1_0.product_content,
                p1_0.product_name,
                p1_0.product_photo,
                p1_0.version 
            from
                product p1_0 
            where
                p1_0.product_id=? for update
    16:24:30.092 [pool-2-thread-146] DEBUG org.hibernate.SQL - 
        select
            f1_0.member_id,
            f1_0.product_id,
            f1_0.orderby 
        from
            favorite f1_0 
        where
            (
                f1_0.member_id, f1_0.product_id
            ) in ((?, ?))
    16:24:30.099 [pool-2-thread-146] DEBUG org.hibernate.SQL - 
        /* insert for
            com.codepresso.codepresso.entity.member.Favorite */insert 
        into
            favorite (orderby, member_id, product_id) 
        values
            (?, ?, ?)
    16:24:30.099 [pool-2-thread-146] DEBUG c.c.c.s.m.FavoritePessimisticService - 즐겨찾기 추가 성공 : memberId = 146, productId = 1
    16:24:30.099 [pool-2-thread-146] DEBUG c.c.c.s.m.FavoritePessimisticService - 메서드 종료 직전: memberId = 146, productId = 1
    16:24:30.100 [pool-2-thread-146] DEBUG c.c.c.s.m.FavoriteConcurrencyTest - 실패 : Could not commit JPA transaction 
    16:24:30.103 [pool-2-thread-147] DEBUG org.hibernate.SQL - 
        select
            ni1_0.nutrition_info_id,
            ni1_0.caffeine,
            ni1_0.calories,
            ni1_0.carbohydrate,
            ni1_0.cholesterol,
            ni1_0.fat,
            ni1_0.product_id,
            ni1_0.protein,
            ni1_0.saturated_fat,
            ni1_0.sodium,
            ni1_0.sugar,
            ni1_0.trans_fat 
        from
            nutrition_info ni1_0 
        where
            ni1_0.product_id=?
    16:24:30.104 [pool-2-thread-147] DEBUG org.hibernate.SQL - 
        select
            f1_0.member_id,
            f1_0.product_id,
            f1_0.orderby 
        from
            favorite f1_0 
        where
            (
                f1_0.member_id, f1_0.product_id
            ) in ((?, ?))
    16:24:30.105 [pool-2-thread-147] DEBUG org.hibernate.SQL - 
        /* insert for
            com.codepresso.codepresso.entity.member.Favorite */insert 
        into
            favorite (orderby, member_id, product_id) 
        values
            (?, ?, ?)
    16:24:30.105 [pool-2-thread-147] DEBUG c.c.c.s.m.FavoritePessimisticService - 즐겨찾기 추가 성공 : memberId = 147, productId = 1
    16:24:30.105 [pool-2-thread-147] DEBUG c.c.c.s.m.FavoritePessimisticService - 메서드 종료 직전: memberId = 147, productId = 1
    16:24:30.103 [pool-2-thread-149] DEBUG org.hibernate.SQL - 
        /* SELECT
            p 
        FROM
            Product p 
        WHERE
            p.id = :productId */ select
                p1_0.product_id,
                p1_0.category_id,
                p1_0.favorite_count,
                p1_0.price,
                p1_0.product_content,
                p1_0.product_name,
                p1_0.product_photo,
                p1_0.version 
            from
                product p1_0 
            where
                p1_0.product_id=? for update
    16:24:30.107 [pool-2-thread-150] DEBUG org.hibernate.SQL - 
        /* SELECT
            p 
        FROM
            Product p 
        WHERE
            p.id = :productId */ select
                p1_0.product_id,
                p1_0.category_id,
                p1_0.favorite_count,
                p1_0.price,
                p1_0.product_content,
                p1_0.product_name,
                p1_0.product_photo,
                p1_0.version 
            from
                product p1_0 
            where
                p1_0.product_id=? for update
    16:24:30.105 [pool-2-thread-147] DEBUG c.c.c.s.m.FavoriteConcurrencyTest - 실패 : Could not commit JPA transaction 
    16:24:30.106 [pool-2-thread-143] DEBUG org.hibernate.SQL - 
        select
            ni1_0.nutrition_info_id,
            ni1_0.caffeine,
            ni1_0.calories,
            ni1_0.carbohydrate,
            ni1_0.cholesterol,
            ni1_0.fat,
            ni1_0.product_id,
            ni1_0.protein,
            ni1_0.saturated_fat,
            ni1_0.sodium,
            ni1_0.sugar,
            ni1_0.trans_fat 
        from
            nutrition_info ni1_0 
        where
            ni1_0.product_id=?
    16:24:30.111 [pool-2-thread-143] DEBUG org.hibernate.SQL - 
        select
            f1_0.member_id,
            f1_0.product_id,
            f1_0.orderby 
        from
            favorite f1_0 
        where
            (
                f1_0.member_id, f1_0.product_id
            ) in ((?, ?))
    16:24:30.113 [pool-2-thread-143] DEBUG org.hibernate.SQL - 
        /* insert for
            com.codepresso.codepresso.entity.member.Favorite */insert 
        into
            favorite (orderby, member_id, product_id) 
        values
            (?, ?, ?)
    16:24:30.114 [pool-2-thread-143] DEBUG c.c.c.s.m.FavoritePessimisticService - 즐겨찾기 추가 성공 : memberId = 143, productId = 1
    16:24:30.114 [pool-2-thread-143] DEBUG c.c.c.s.m.FavoritePessimisticService - 메서드 종료 직전: memberId = 143, productId = 1
    16:24:30.114 [pool-2-thread-143] DEBUG c.c.c.s.m.FavoriteConcurrencyTest - 실패 : Could not commit JPA transaction 
    16:24:30.115 [pool-2-thread-127] DEBUG org.hibernate.SQL - 
        select
            ni1_0.nutrition_info_id,
            ni1_0.caffeine,
            ni1_0.calories,
            ni1_0.carbohydrate,
            ni1_0.cholesterol,
            ni1_0.fat,
            ni1_0.product_id,
            ni1_0.protein,
            ni1_0.saturated_fat,
            ni1_0.sodium,
            ni1_0.sugar,
            ni1_0.trans_fat 
        from
            nutrition_info ni1_0 
        where
            ni1_0.product_id=?
    16:24:30.115 [pool-2-thread-151] DEBUG org.hibernate.SQL - 
        /* SELECT
            p 
        FROM
            Product p 
        WHERE
            p.id = :productId */ select
                p1_0.product_id,
                p1_0.category_id,
                p1_0.favorite_count,
                p1_0.price,
                p1_0.product_content,
                p1_0.product_name,
                p1_0.product_photo,
                p1_0.version 
            from
                product p1_0 
            where
                p1_0.product_id=? for update
    16:24:30.116 [pool-2-thread-127] DEBUG org.hibernate.SQL - 
        select
            f1_0.member_id,
            f1_0.product_id,
            f1_0.orderby 
        from
            favorite f1_0 
        where
            (
                f1_0.member_id, f1_0.product_id
            ) in ((?, ?))
    16:24:30.119 [pool-2-thread-127] DEBUG org.hibernate.SQL - 
        /* insert for
            com.codepresso.codepresso.entity.member.Favorite */insert 
        into
            favorite (orderby, member_id, product_id) 
        values
            (?, ?, ?)
    16:24:30.119 [pool-2-thread-127] DEBUG c.c.c.s.m.FavoritePessimisticService - 즐겨찾기 추가 성공 : memberId = 127, productId = 1
    16:24:30.119 [pool-2-thread-127] DEBUG c.c.c.s.m.FavoritePessimisticService - 메서드 종료 직전: memberId = 127, productId = 1
    16:24:30.119 [pool-2-thread-127] DEBUG c.c.c.s.m.FavoriteConcurrencyTest - 실패 : Could not commit JPA transaction 
    16:24:30.120 [pool-2-thread-133] DEBUG org.hibernate.SQL - 
        select
            ni1_0.nutrition_info_id,
            ni1_0.caffeine,
            ni1_0.calories,
            ni1_0.carbohydrate,
            ni1_0.cholesterol,
            ni1_0.fat,
            ni1_0.product_id,
            ni1_0.protein,
            ni1_0.saturated_fat,
            ni1_0.sodium,
            ni1_0.sugar,
            ni1_0.trans_fat 
        from
            nutrition_info ni1_0 
        where
            ni1_0.product_id=?
    16:24:30.121 [pool-2-thread-152] DEBUG org.hibernate.SQL - 
        /* SELECT
            p 
        FROM
            Product p 
        WHERE
            p.id = :productId */ select
                p1_0.product_id,
                p1_0.category_id,
                p1_0.favorite_count,
                p1_0.price,
                p1_0.product_content,
                p1_0.product_name,
                p1_0.product_photo,
                p1_0.version 
            from
                product p1_0 
            where
                p1_0.product_id=? for update
    16:24:30.121 [pool-2-thread-133] DEBUG org.hibernate.SQL - 
        select
            f1_0.member_id,
            f1_0.product_id,
            f1_0.orderby 
        from
            favorite f1_0 
        where
            (
                f1_0.member_id, f1_0.product_id
            ) in ((?, ?))
    16:24:30.122 [pool-2-thread-133] DEBUG org.hibernate.SQL - 
        /* insert for
            com.codepresso.codepresso.entity.member.Favorite */insert 
        into
            favorite (orderby, member_id, product_id) 
        values
            (?, ?, ?)
    16:24:30.122 [pool-2-thread-133] DEBUG c.c.c.s.m.FavoritePessimisticService - 즐겨찾기 추가 성공 : memberId = 133, productId = 1
    16:24:30.122 [pool-2-thread-133] DEBUG c.c.c.s.m.FavoritePessimisticService - 메서드 종료 직전: memberId = 133, productId = 1
    16:24:30.123 [pool-2-thread-133] DEBUG c.c.c.s.m.FavoriteConcurrencyTest - 실패 : Could not commit JPA transaction 
    16:24:30.123 [pool-2-thread-149] DEBUG org.hibernate.SQL - 
        select
            ni1_0.nutrition_info_id,
            ni1_0.caffeine,
            ni1_0.calories,
            ni1_0.carbohydrate,
            ni1_0.cholesterol,
            ni1_0.fat,
            ni1_0.product_id,
            ni1_0.protein,
            ni1_0.saturated_fat,
            ni1_0.sodium,
            ni1_0.sugar,
            ni1_0.trans_fat 
        from
            nutrition_info ni1_0 
        where
            ni1_0.product_id=?
    16:24:30.123 [pool-2-thread-153] DEBUG org.hibernate.SQL - 
        /* SELECT
            p 
        FROM
            Product p 
        WHERE
            p.id = :productId */ select
                p1_0.product_id,
                p1_0.category_id,
                p1_0.favorite_count,
                p1_0.price,
                p1_0.product_content,
                p1_0.product_name,
                p1_0.product_photo,
                p1_0.version 
            from
                product p1_0 
            where
                p1_0.product_id=? for update
    16:24:30.124 [pool-2-thread-149] DEBUG org.hibernate.SQL - 
        select
            f1_0.member_id,
            f1_0.product_id,
            f1_0.orderby 
        from
            favorite f1_0 
        where
            (
                f1_0.member_id, f1_0.product_id
            ) in ((?, ?))
    16:24:30.125 [pool-2-thread-149] DEBUG org.hibernate.SQL - 
        /* insert for
            com.codepresso.codepresso.entity.member.Favorite */insert 
        into
            favorite (orderby, member_id, product_id) 
        values
            (?, ?, ?)
    16:24:30.125 [pool-2-thread-149] DEBUG c.c.c.s.m.FavoritePessimisticService - 즐겨찾기 추가 성공 : memberId = 149, productId = 1
    16:24:30.125 [pool-2-thread-149] DEBUG c.c.c.s.m.FavoritePessimisticService - 메서드 종료 직전: memberId = 149, productId = 1
    16:24:30.126 [pool-2-thread-149] DEBUG c.c.c.s.m.FavoriteConcurrencyTest - 실패 : Could not commit JPA transaction 
    16:24:30.126 [pool-2-thread-129] DEBUG org.hibernate.SQL - 
        select
            ni1_0.nutrition_info_id,
            ni1_0.caffeine,
            ni1_0.calories,
            ni1_0.carbohydrate,
            ni1_0.cholesterol,
            ni1_0.fat,
            ni1_0.product_id,
            ni1_0.protein,
            ni1_0.saturated_fat,
            ni1_0.sodium,
            ni1_0.sugar,
            ni1_0.trans_fat 
        from
            nutrition_info ni1_0 
        where
            ni1_0.product_id=?
    16:24:30.126 [pool-2-thread-154] DEBUG org.hibernate.SQL - 
        /* SELECT
            p 
        FROM
            Product p 
        WHERE
            p.id = :productId */ select
                p1_0.product_id,
                p1_0.category_id,
                p1_0.favorite_count,
                p1_0.price,
                p1_0.product_content,
                p1_0.product_name,
                p1_0.product_photo,
                p1_0.version 
            from
                product p1_0 
            where
                p1_0.product_id=? for update
    16:24:30.127 [pool-2-thread-129] DEBUG org.hibernate.SQL - 
        select
            f1_0.member_id,
            f1_0.product_id,
            f1_0.orderby 
        from
            favorite f1_0 
        where
            (
                f1_0.member_id, f1_0.product_id
            ) in ((?, ?))
    16:24:30.127 [pool-2-thread-129] DEBUG org.hibernate.SQL - 
        /* insert for
            com.codepresso.codepresso.entity.member.Favorite */insert 
        into
            favorite (orderby, member_id, product_id) 
        values
            (?, ?, ?)
    16:24:30.127 [pool-2-thread-129] DEBUG c.c.c.s.m.FavoritePessimisticService - 즐겨찾기 추가 성공 : memberId = 129, productId = 1
    16:24:30.127 [pool-2-thread-129] DEBUG c.c.c.s.m.FavoritePessimisticService - 메서드 종료 직전: memberId = 129, productId = 1
    16:24:30.128 [pool-2-thread-129] DEBUG c.c.c.s.m.FavoriteConcurrencyTest - 실패 : Could not commit JPA transaction 
    16:24:30.128 [pool-2-thread-153] DEBUG org.hibernate.SQL - 
        select
            ni1_0.nutrition_info_id,
            ni1_0.caffeine,
            ni1_0.calories,
            ni1_0.carbohydrate,
            ni1_0.cholesterol,
            ni1_0.fat,
            ni1_0.product_id,
            ni1_0.protein,
            ni1_0.saturated_fat,
            ni1_0.sodium,
            ni1_0.sugar,
            ni1_0.trans_fat 
        from
            nutrition_info ni1_0 
        where
            ni1_0.product_id=?
    16:24:30.128 [pool-2-thread-153] DEBUG org.hibernate.SQL - 
        select
            f1_0.member_id,
            f1_0.product_id,
            f1_0.orderby 
        from
            favorite f1_0 
        where
            (
                f1_0.member_id, f1_0.product_id
            ) in ((?, ?))
    16:24:30.129 [pool-2-thread-153] DEBUG org.hibernate.SQL - 
        /* insert for
            com.codepresso.codepresso.entity.member.Favorite */insert 
        into
            favorite (orderby, member_id, product_id) 
        values
            (?, ?, ?)
    16:24:30.129 [pool-2-thread-153] DEBUG c.c.c.s.m.FavoritePessimisticService - 즐겨찾기 추가 성공 : memberId = 153, productId = 1
    16:24:30.129 [pool-2-thread-153] DEBUG c.c.c.s.m.FavoritePessimisticService - 메서드 종료 직전: memberId = 153, productId = 1
    16:24:30.129 [pool-2-thread-153] DEBUG c.c.c.s.m.FavoriteConcurrencyTest - 실패 : Could not commit JPA transaction 
    16:24:30.129 [pool-2-thread-155] DEBUG org.hibernate.SQL - 
        /* SELECT
            p 
        FROM
            Product p 
        WHERE
            p.id = :productId */ select
                p1_0.product_id,
                p1_0.category_id,
                p1_0.favorite_count,
                p1_0.price,
                p1_0.product_content,
                p1_0.product_name,
                p1_0.product_photo,
                p1_0.version 
            from
                product p1_0 
            where
                p1_0.product_id=? for update
    16:24:30.130 [pool-2-thread-136] DEBUG org.hibernate.SQL - 
        select
            ni1_0.nutrition_info_id,
            ni1_0.caffeine,
            ni1_0.calories,
            ni1_0.carbohydrate,
            ni1_0.cholesterol,
            ni1_0.fat,
            ni1_0.product_id,
            ni1_0.protein,
            ni1_0.saturated_fat,
            ni1_0.sodium,
            ni1_0.sugar,
            ni1_0.trans_fat 
        from
            nutrition_info ni1_0 
        where
            ni1_0.product_id=?
    16:24:30.130 [pool-2-thread-156] DEBUG org.hibernate.SQL - 
        /* SELECT
            p 
        FROM
            Product p 
        WHERE
            p.id = :productId */ select
                p1_0.product_id,
                p1_0.category_id,
                p1_0.favorite_count,
                p1_0.price,
                p1_0.product_content,
                p1_0.product_name,
                p1_0.product_photo,
                p1_0.version 
            from
                product p1_0 
            where
                p1_0.product_id=? for update
    16:24:30.131 [pool-2-thread-136] DEBUG org.hibernate.SQL - 
        select
            f1_0.member_id,
            f1_0.product_id,
            f1_0.orderby 
        from
            favorite f1_0 
        where
            (
                f1_0.member_id, f1_0.product_id
            ) in ((?, ?))
    16:24:30.131 [pool-2-thread-136] DEBUG org.hibernate.SQL - 
        /* insert for
            com.codepresso.codepresso.entity.member.Favorite */insert 
        into
            favorite (orderby, member_id, product_id) 
        values
            (?, ?, ?)
    16:24:30.132 [pool-2-thread-136] DEBUG c.c.c.s.m.FavoritePessimisticService - 즐겨찾기 추가 성공 : memberId = 136, productId = 1
    16:24:30.132 [pool-2-thread-136] DEBUG c.c.c.s.m.FavoritePessimisticService - 메서드 종료 직전: memberId = 136, productId = 1
    16:24:30.132 [pool-2-thread-136] DEBUG c.c.c.s.m.FavoriteConcurrencyTest - 실패 : Could not commit JPA transaction 
    16:24:30.135 [pool-2-thread-155] DEBUG org.hibernate.SQL - 
        select
            ni1_0.nutrition_info_id,
            ni1_0.caffeine,
            ni1_0.calories,
            ni1_0.carbohydrate,
            ni1_0.cholesterol,
            ni1_0.fat,
            ni1_0.product_id,
            ni1_0.protein,
            ni1_0.saturated_fat,
            ni1_0.sodium,
            ni1_0.sugar,
            ni1_0.trans_fat 
        from
            nutrition_info ni1_0 
        where
            ni1_0.product_id=?
    16:24:30.135 [pool-2-thread-158] DEBUG org.hibernate.SQL - 
        /* SELECT
            p 
        FROM
            Product p 
        WHERE
            p.id = :productId */ select
                p1_0.product_id,
                p1_0.category_id,
                p1_0.favorite_count,
                p1_0.price,
                p1_0.product_content,
                p1_0.product_name,
                p1_0.product_photo,
                p1_0.version 
            from
                product p1_0 
            where
                p1_0.product_id=? for update
    16:24:30.136 [pool-2-thread-155] DEBUG org.hibernate.SQL - 
        select
            f1_0.member_id,
            f1_0.product_id,
            f1_0.orderby 
        from
            favorite f1_0 
        where
            (
                f1_0.member_id, f1_0.product_id
            ) in ((?, ?))
    16:24:30.137 [pool-2-thread-155] DEBUG org.hibernate.SQL - 
        /* insert for
            com.codepresso.codepresso.entity.member.Favorite */insert 
        into
            favorite (orderby, member_id, product_id) 
        values
            (?, ?, ?)
    16:24:30.138 [pool-2-thread-155] DEBUG c.c.c.s.m.FavoritePessimisticService - 즐겨찾기 추가 성공 : memberId = 155, productId = 1
    16:24:30.138 [pool-2-thread-155] DEBUG c.c.c.s.m.FavoritePessimisticService - 메서드 종료 직전: memberId = 155, productId = 1
    16:24:30.138 [pool-2-thread-155] DEBUG c.c.c.s.m.FavoriteConcurrencyTest - 실패 : Could not commit JPA transaction 
    16:24:30.139 [pool-2-thread-145] DEBUG org.hibernate.SQL - 
        select
            ni1_0.nutrition_info_id,
            ni1_0.caffeine,
            ni1_0.calories,
            ni1_0.carbohydrate,
            ni1_0.cholesterol,
            ni1_0.fat,
            ni1_0.product_id,
            ni1_0.protein,
            ni1_0.saturated_fat,
            ni1_0.sodium,
            ni1_0.sugar,
            ni1_0.trans_fat 
        from
            nutrition_info ni1_0 
        where
            ni1_0.product_id=?
    16:24:30.140 [pool-2-thread-145] DEBUG org.hibernate.SQL - 
        select
            f1_0.member_id,
            f1_0.product_id,
            f1_0.orderby 
        from
            favorite f1_0 
        where
            (
                f1_0.member_id, f1_0.product_id
            ) in ((?, ?))
    16:24:30.140 [pool-2-thread-157] DEBUG org.hibernate.SQL - 
        /* SELECT
            p 
        FROM
            Product p 
        WHERE
            p.id = :productId */ select
                p1_0.product_id,
                p1_0.category_id,
                p1_0.favorite_count,
                p1_0.price,
                p1_0.product_content,
                p1_0.product_name,
                p1_0.product_photo,
                p1_0.version 
            from
                product p1_0 
            where
                p1_0.product_id=? for update
    16:24:30.140 [pool-2-thread-145] DEBUG org.hibernate.SQL - 
        /* insert for
            com.codepresso.codepresso.entity.member.Favorite */insert 
        into
            favorite (orderby, member_id, product_id) 
        values
            (?, ?, ?)
    16:24:30.140 [pool-2-thread-145] DEBUG c.c.c.s.m.FavoritePessimisticService - 즐겨찾기 추가 성공 : memberId = 145, productId = 1
    16:24:30.140 [pool-2-thread-145] DEBUG c.c.c.s.m.FavoritePessimisticService - 메서드 종료 직전: memberId = 145, productId = 1
    16:24:30.141 [pool-2-thread-145] DEBUG c.c.c.s.m.FavoriteConcurrencyTest - 실패 : Could not commit JPA transaction 
    16:24:30.141 [pool-2-thread-148] DEBUG org.hibernate.SQL - 
        select
            ni1_0.nutrition_info_id,
            ni1_0.caffeine,
            ni1_0.calories,
            ni1_0.carbohydrate,
            ni1_0.cholesterol,
            ni1_0.fat,
            ni1_0.product_id,
            ni1_0.protein,
            ni1_0.saturated_fat,
            ni1_0.sodium,
            ni1_0.sugar,
            ni1_0.trans_fat 
        from
            nutrition_info ni1_0 
        where
            ni1_0.product_id=?
    16:24:30.142 [pool-2-thread-148] DEBUG org.hibernate.SQL - 
        select
            f1_0.member_id,
            f1_0.product_id,
            f1_0.orderby 
        from
            favorite f1_0 
        where
            (
                f1_0.member_id, f1_0.product_id
            ) in ((?, ?))
    16:24:30.143 [pool-2-thread-159] DEBUG org.hibernate.SQL - 
        /* SELECT
            p 
        FROM
            Product p 
        WHERE
            p.id = :productId */ select
                p1_0.product_id,
                p1_0.category_id,
                p1_0.favorite_count,
                p1_0.price,
                p1_0.product_content,
                p1_0.product_name,
                p1_0.product_photo,
                p1_0.version 
            from
                product p1_0 
            where
                p1_0.product_id=? for update
    16:24:30.143 [pool-2-thread-148] DEBUG org.hibernate.SQL - 
        /* insert for
            com.codepresso.codepresso.entity.member.Favorite */insert 
        into
            favorite (orderby, member_id, product_id) 
        values
            (?, ?, ?)
    16:24:30.143 [pool-2-thread-148] DEBUG c.c.c.s.m.FavoritePessimisticService - 즐겨찾기 추가 성공 : memberId = 148, productId = 1
    16:24:30.143 [pool-2-thread-148] DEBUG c.c.c.s.m.FavoritePessimisticService - 메서드 종료 직전: memberId = 148, productId = 1
    16:24:30.144 [pool-2-thread-148] DEBUG c.c.c.s.m.FavoriteConcurrencyTest - 실패 : Could not commit JPA transaction 
    16:24:30.145 [pool-2-thread-126] DEBUG org.hibernate.SQL - 
        select
            ni1_0.nutrition_info_id,
            ni1_0.caffeine,
            ni1_0.calories,
            ni1_0.carbohydrate,
            ni1_0.cholesterol,
            ni1_0.fat,
            ni1_0.product_id,
            ni1_0.protein,
            ni1_0.saturated_fat,
            ni1_0.sodium,
            ni1_0.sugar,
            ni1_0.trans_fat 
        from
            nutrition_info ni1_0 
        where
            ni1_0.product_id=?
    16:24:30.145 [pool-2-thread-126] DEBUG org.hibernate.SQL - 
        select
            f1_0.member_id,
            f1_0.product_id,
            f1_0.orderby 
        from
            favorite f1_0 
        where
            (
                f1_0.member_id, f1_0.product_id
            ) in ((?, ?))
    16:24:30.146 [pool-2-thread-160] DEBUG org.hibernate.SQL - 
        /* SELECT
            p 
        FROM
            Product p 
        WHERE
            p.id = :productId */ select
                p1_0.product_id,
                p1_0.category_id,
                p1_0.favorite_count,
                p1_0.price,
                p1_0.product_content,
                p1_0.product_name,
                p1_0.product_photo,
                p1_0.version 
            from
                product p1_0 
            where
                p1_0.product_id=? for update
    16:24:30.146 [pool-2-thread-126] DEBUG org.hibernate.SQL - 
        /* insert for
            com.codepresso.codepresso.entity.member.Favorite */insert 
        into
            favorite (orderby, member_id, product_id) 
        values
            (?, ?, ?)
    16:24:30.146 [pool-2-thread-126] DEBUG c.c.c.s.m.FavoritePessimisticService - 즐겨찾기 추가 성공 : memberId = 126, productId = 1
    16:24:30.146 [pool-2-thread-126] DEBUG c.c.c.s.m.FavoritePessimisticService - 메서드 종료 직전: memberId = 126, productId = 1
    16:24:30.146 [pool-2-thread-126] DEBUG c.c.c.s.m.FavoriteConcurrencyTest - 실패 : Could not commit JPA transaction 
    16:24:30.147 [pool-2-thread-159] DEBUG org.hibernate.SQL - 
        select
            ni1_0.nutrition_info_id,
            ni1_0.caffeine,
            ni1_0.calories,
            ni1_0.carbohydrate,
            ni1_0.cholesterol,
            ni1_0.fat,
            ni1_0.product_id,
            ni1_0.protein,
            ni1_0.saturated_fat,
            ni1_0.sodium,
            ni1_0.sugar,
            ni1_0.trans_fat 
        from
            nutrition_info ni1_0 
        where
            ni1_0.product_id=?
    16:24:30.147 [pool-2-thread-159] DEBUG org.hibernate.SQL - 
        select
            f1_0.member_id,
            f1_0.product_id,
            f1_0.orderby 
        from
            favorite f1_0 
        where
            (
                f1_0.member_id, f1_0.product_id
            ) in ((?, ?))
    16:24:30.148 [pool-2-thread-159] DEBUG org.hibernate.SQL - 
        /* insert for
            com.codepresso.codepresso.entity.member.Favorite */insert 
        into
            favorite (orderby, member_id, product_id) 
        values
            (?, ?, ?)
    16:24:30.148 [pool-2-thread-159] DEBUG c.c.c.s.m.FavoritePessimisticService - 즐겨찾기 추가 성공 : memberId = 159, productId = 1
    16:24:30.148 [pool-2-thread-159] DEBUG c.c.c.s.m.FavoritePessimisticService - 메서드 종료 직전: memberId = 159, productId = 1
    16:24:30.148 [pool-2-thread-159] DEBUG c.c.c.s.m.FavoriteConcurrencyTest - 실패 : Could not commit JPA transaction 
    16:24:30.148 [pool-2-thread-161] DEBUG org.hibernate.SQL - 
        /* SELECT
            p 
        FROM
            Product p 
        WHERE
            p.id = :productId */ select
                p1_0.product_id,
                p1_0.category_id,
                p1_0.favorite_count,
                p1_0.price,
                p1_0.product_content,
                p1_0.product_name,
                p1_0.product_photo,
                p1_0.version 
            from
                product p1_0 
            where
                p1_0.product_id=? for update
    16:24:30.148 [pool-2-thread-150] DEBUG org.hibernate.SQL - 
        select
            ni1_0.nutrition_info_id,
            ni1_0.caffeine,
            ni1_0.calories,
            ni1_0.carbohydrate,
            ni1_0.cholesterol,
            ni1_0.fat,
            ni1_0.product_id,
            ni1_0.protein,
            ni1_0.saturated_fat,
            ni1_0.sodium,
            ni1_0.sugar,
            ni1_0.trans_fat 
        from
            nutrition_info ni1_0 
        where
            ni1_0.product_id=?
    16:24:30.150 [pool-2-thread-150] DEBUG org.hibernate.SQL - 
        select
            f1_0.member_id,
            f1_0.product_id,
            f1_0.orderby 
        from
            favorite f1_0 
        where
            (
                f1_0.member_id, f1_0.product_id
            ) in ((?, ?))
    16:24:30.150 [pool-2-thread-162] DEBUG org.hibernate.SQL - 
        /* SELECT
            p 
        FROM
            Product p 
        WHERE
            p.id = :productId */ select
                p1_0.product_id,
                p1_0.category_id,
                p1_0.favorite_count,
                p1_0.price,
                p1_0.product_content,
                p1_0.product_name,
                p1_0.product_photo,
                p1_0.version 
            from
                product p1_0 
            where
                p1_0.product_id=? for update
    16:24:30.150 [pool-2-thread-150] DEBUG org.hibernate.SQL - 
        /* insert for
            com.codepresso.codepresso.entity.member.Favorite */insert 
        into
            favorite (orderby, member_id, product_id) 
        values
            (?, ?, ?)
    16:24:30.150 [pool-2-thread-150] DEBUG c.c.c.s.m.FavoritePessimisticService - 즐겨찾기 추가 성공 : memberId = 150, productId = 1
    16:24:30.150 [pool-2-thread-150] DEBUG c.c.c.s.m.FavoritePessimisticService - 메서드 종료 직전: memberId = 150, productId = 1
    16:24:30.151 [pool-2-thread-150] DEBUG c.c.c.s.m.FavoriteConcurrencyTest - 실패 : Could not commit JPA transaction 
    16:24:30.152 [pool-2-thread-157] DEBUG org.hibernate.SQL - 
        select
            ni1_0.nutrition_info_id,
            ni1_0.caffeine,
            ni1_0.calories,
            ni1_0.carbohydrate,
            ni1_0.cholesterol,
            ni1_0.fat,
            ni1_0.product_id,
            ni1_0.protein,
            ni1_0.saturated_fat,
            ni1_0.sodium,
            ni1_0.sugar,
            ni1_0.trans_fat 
        from
            nutrition_info ni1_0 
        where
            ni1_0.product_id=?
    16:24:30.152 [pool-2-thread-163] DEBUG org.hibernate.SQL - 
        /* SELECT
            p 
        FROM
            Product p 
        WHERE
            p.id = :productId */ select
                p1_0.product_id,
                p1_0.category_id,
                p1_0.favorite_count,
                p1_0.price,
                p1_0.product_content,
                p1_0.product_name,
                p1_0.product_photo,
                p1_0.version 
            from
                product p1_0 
            where
                p1_0.product_id=? for update
    16:24:30.153 [pool-2-thread-157] DEBUG org.hibernate.SQL - 
        select
            f1_0.member_id,
            f1_0.product_id,
            f1_0.orderby 
        from
            favorite f1_0 
        where
            (
                f1_0.member_id, f1_0.product_id
            ) in ((?, ?))
    16:24:30.153 [pool-2-thread-157] DEBUG org.hibernate.SQL - 
        /* insert for
            com.codepresso.codepresso.entity.member.Favorite */insert 
        into
            favorite (orderby, member_id, product_id) 
        values
            (?, ?, ?)
    16:24:30.153 [pool-2-thread-157] DEBUG c.c.c.s.m.FavoritePessimisticService - 즐겨찾기 추가 성공 : memberId = 157, productId = 1
    16:24:30.153 [pool-2-thread-157] DEBUG c.c.c.s.m.FavoritePessimisticService - 메서드 종료 직전: memberId = 157, productId = 1
    16:24:30.154 [pool-2-thread-157] DEBUG c.c.c.s.m.FavoriteConcurrencyTest - 실패 : Could not commit JPA transaction 
    16:24:30.154 [pool-2-thread-162] DEBUG org.hibernate.SQL - 
        select
            ni1_0.nutrition_info_id,
            ni1_0.caffeine,
            ni1_0.calories,
            ni1_0.carbohydrate,
            ni1_0.cholesterol,
            ni1_0.fat,
            ni1_0.product_id,
            ni1_0.protein,
            ni1_0.saturated_fat,
            ni1_0.sodium,
            ni1_0.sugar,
            ni1_0.trans_fat 
        from
            nutrition_info ni1_0 
        where
            ni1_0.product_id=?
    16:24:30.155 [pool-2-thread-164] DEBUG org.hibernate.SQL - 
        /* SELECT
            p 
        FROM
            Product p 
        WHERE
            p.id = :productId */ select
                p1_0.product_id,
                p1_0.category_id,
                p1_0.favorite_count,
                p1_0.price,
                p1_0.product_content,
                p1_0.product_name,
                p1_0.product_photo,
                p1_0.version 
            from
                product p1_0 
            where
                p1_0.product_id=? for update
    16:24:30.155 [pool-2-thread-162] DEBUG org.hibernate.SQL - 
        select
            f1_0.member_id,
            f1_0.product_id,
            f1_0.orderby 
        from
            favorite f1_0 
        where
            (
                f1_0.member_id, f1_0.product_id
            ) in ((?, ?))
    16:24:30.156 [pool-2-thread-162] DEBUG org.hibernate.SQL - 
        /* insert for
            com.codepresso.codepresso.entity.member.Favorite */insert 
        into
            favorite (orderby, member_id, product_id) 
        values
            (?, ?, ?)
    16:24:30.156 [pool-2-thread-162] DEBUG c.c.c.s.m.FavoritePessimisticService - 즐겨찾기 추가 성공 : memberId = 162, productId = 1
    16:24:30.156 [pool-2-thread-162] DEBUG c.c.c.s.m.FavoritePessimisticService - 메서드 종료 직전: memberId = 162, productId = 1
    16:24:30.156 [pool-2-thread-162] DEBUG c.c.c.s.m.FavoriteConcurrencyTest - 실패 : Could not commit JPA transaction 
    16:24:30.157 [pool-2-thread-158] DEBUG org.hibernate.SQL - 
        select
            ni1_0.nutrition_info_id,
            ni1_0.caffeine,
            ni1_0.calories,
            ni1_0.carbohydrate,
            ni1_0.cholesterol,
            ni1_0.fat,
            ni1_0.product_id,
            ni1_0.protein,
            ni1_0.saturated_fat,
            ni1_0.sodium,
            ni1_0.sugar,
            ni1_0.trans_fat 
        from
            nutrition_info ni1_0 
        where
            ni1_0.product_id=?
    16:24:30.157 [pool-2-thread-165] DEBUG org.hibernate.SQL - 
        /* SELECT
            p 
        FROM
            Product p 
        WHERE
            p.id = :productId */ select
                p1_0.product_id,
                p1_0.category_id,
                p1_0.favorite_count,
                p1_0.price,
                p1_0.product_content,
                p1_0.product_name,
                p1_0.product_photo,
                p1_0.version 
            from
                product p1_0 
            where
                p1_0.product_id=? for update
    16:24:30.158 [pool-2-thread-158] DEBUG org.hibernate.SQL - 
        select
            f1_0.member_id,
            f1_0.product_id,
            f1_0.orderby 
        from
            favorite f1_0 
        where
            (
                f1_0.member_id, f1_0.product_id
            ) in ((?, ?))
    16:24:30.160 [pool-2-thread-158] DEBUG org.hibernate.SQL - 
        /* insert for
            com.codepresso.codepresso.entity.member.Favorite */insert 
        into
            favorite (orderby, member_id, product_id) 
        values
            (?, ?, ?)
    16:24:30.160 [pool-2-thread-158] DEBUG c.c.c.s.m.FavoritePessimisticService - 즐겨찾기 추가 성공 : memberId = 158, productId = 1
    16:24:30.160 [pool-2-thread-158] DEBUG c.c.c.s.m.FavoritePessimisticService - 메서드 종료 직전: memberId = 158, productId = 1
    16:24:30.161 [pool-2-thread-158] DEBUG c.c.c.s.m.FavoriteConcurrencyTest - 실패 : Could not commit JPA transaction 
    16:24:30.162 [pool-2-thread-161] DEBUG org.hibernate.SQL - 
        select
            ni1_0.nutrition_info_id,
            ni1_0.caffeine,
            ni1_0.calories,
            ni1_0.carbohydrate,
            ni1_0.cholesterol,
            ni1_0.fat,
            ni1_0.product_id,
            ni1_0.protein,
            ni1_0.saturated_fat,
            ni1_0.sodium,
            ni1_0.sugar,
            ni1_0.trans_fat 
        from
            nutrition_info ni1_0 
        where
            ni1_0.product_id=?
    16:24:30.162 [pool-2-thread-166] DEBUG org.hibernate.SQL - 
        /* SELECT
            p 
        FROM
            Product p 
        WHERE
            p.id = :productId */ select
                p1_0.product_id,
                p1_0.category_id,
                p1_0.favorite_count,
                p1_0.price,
                p1_0.product_content,
                p1_0.product_name,
                p1_0.product_photo,
                p1_0.version 
            from
                product p1_0 
            where
                p1_0.product_id=? for update
    16:24:30.163 [pool-2-thread-161] DEBUG org.hibernate.SQL - 
        select
            f1_0.member_id,
            f1_0.product_id,
            f1_0.orderby 
        from
            favorite f1_0 
        where
            (
                f1_0.member_id, f1_0.product_id
            ) in ((?, ?))
    16:24:30.163 [pool-2-thread-161] DEBUG org.hibernate.SQL - 
        /* insert for
            com.codepresso.codepresso.entity.member.Favorite */insert 
        into
            favorite (orderby, member_id, product_id) 
        values
            (?, ?, ?)
    16:24:30.163 [pool-2-thread-161] DEBUG c.c.c.s.m.FavoritePessimisticService - 즐겨찾기 추가 성공 : memberId = 161, productId = 1
    16:24:30.163 [pool-2-thread-161] DEBUG c.c.c.s.m.FavoritePessimisticService - 메서드 종료 직전: memberId = 161, productId = 1
    16:24:30.164 [pool-2-thread-161] DEBUG c.c.c.s.m.FavoriteConcurrencyTest - 실패 : Could not commit JPA transaction 
    16:24:30.164 [pool-2-thread-151] DEBUG org.hibernate.SQL - 
        select
            ni1_0.nutrition_info_id,
            ni1_0.caffeine,
            ni1_0.calories,
            ni1_0.carbohydrate,
            ni1_0.cholesterol,
            ni1_0.fat,
            ni1_0.product_id,
            ni1_0.protein,
            ni1_0.saturated_fat,
            ni1_0.sodium,
            ni1_0.sugar,
            ni1_0.trans_fat 
        from
            nutrition_info ni1_0 
        where
            ni1_0.product_id=?
    16:24:30.165 [pool-2-thread-167] DEBUG org.hibernate.SQL - 
        /* SELECT
            p 
        FROM
            Product p 
        WHERE
            p.id = :productId */ select
                p1_0.product_id,
                p1_0.category_id,
                p1_0.favorite_count,
                p1_0.price,
                p1_0.product_content,
                p1_0.product_name,
                p1_0.product_photo,
                p1_0.version 
            from
                product p1_0 
            where
                p1_0.product_id=? for update
    16:24:30.165 [pool-2-thread-151] DEBUG org.hibernate.SQL - 
        select
            f1_0.member_id,
            f1_0.product_id,
            f1_0.orderby 
        from
            favorite f1_0 
        where
            (
                f1_0.member_id, f1_0.product_id
            ) in ((?, ?))
    16:24:30.166 [pool-2-thread-151] DEBUG org.hibernate.SQL - 
        /* insert for
            com.codepresso.codepresso.entity.member.Favorite */insert 
        into
            favorite (orderby, member_id, product_id) 
        values
            (?, ?, ?)
    16:24:30.166 [pool-2-thread-151] DEBUG c.c.c.s.m.FavoritePessimisticService - 즐겨찾기 추가 성공 : memberId = 151, productId = 1
    16:24:30.166 [pool-2-thread-151] DEBUG c.c.c.s.m.FavoritePessimisticService - 메서드 종료 직전: memberId = 151, productId = 1
    16:24:30.166 [pool-2-thread-151] DEBUG c.c.c.s.m.FavoriteConcurrencyTest - 실패 : Could not commit JPA transaction 
    16:24:30.166 [pool-2-thread-154] DEBUG org.hibernate.SQL - 
        select
            ni1_0.nutrition_info_id,
            ni1_0.caffeine,
            ni1_0.calories,
            ni1_0.carbohydrate,
            ni1_0.cholesterol,
            ni1_0.fat,
            ni1_0.product_id,
            ni1_0.protein,
            ni1_0.saturated_fat,
            ni1_0.sodium,
            ni1_0.sugar,
            ni1_0.trans_fat 
        from
            nutrition_info ni1_0 
        where
            ni1_0.product_id=?
    16:24:30.167 [pool-2-thread-168] DEBUG org.hibernate.SQL - 
        /* SELECT
            p 
        FROM
            Product p 
        WHERE
            p.id = :productId */ select
                p1_0.product_id,
                p1_0.category_id,
                p1_0.favorite_count,
                p1_0.price,
                p1_0.product_content,
                p1_0.product_name,
                p1_0.product_photo,
                p1_0.version 
            from
                product p1_0 
            where
                p1_0.product_id=? for update
    16:24:30.167 [pool-2-thread-154] DEBUG org.hibernate.SQL - 
        select
            f1_0.member_id,
            f1_0.product_id,
            f1_0.orderby 
        from
            favorite f1_0 
        where
            (
                f1_0.member_id, f1_0.product_id
            ) in ((?, ?))
    16:24:30.167 [pool-2-thread-154] DEBUG org.hibernate.SQL - 
        /* insert for
            com.codepresso.codepresso.entity.member.Favorite */insert 
        into
            favorite (orderby, member_id, product_id) 
        values
            (?, ?, ?)
    16:24:30.168 [pool-2-thread-154] DEBUG c.c.c.s.m.FavoritePessimisticService - 즐겨찾기 추가 성공 : memberId = 154, productId = 1
    16:24:30.168 [pool-2-thread-154] DEBUG c.c.c.s.m.FavoritePessimisticService - 메서드 종료 직전: memberId = 154, productId = 1
    16:24:30.168 [pool-2-thread-154] DEBUG c.c.c.s.m.FavoriteConcurrencyTest - 실패 : Could not commit JPA transaction 
    16:24:30.168 [pool-2-thread-152] DEBUG org.hibernate.SQL - 
        select
            ni1_0.nutrition_info_id,
            ni1_0.caffeine,
            ni1_0.calories,
            ni1_0.carbohydrate,
            ni1_0.cholesterol,
            ni1_0.fat,
            ni1_0.product_id,
            ni1_0.protein,
            ni1_0.saturated_fat,
            ni1_0.sodium,
            ni1_0.sugar,
            ni1_0.trans_fat 
        from
            nutrition_info ni1_0 
        where
            ni1_0.product_id=?
    16:24:30.168 [pool-2-thread-169] DEBUG org.hibernate.SQL - 
        /* SELECT
            p 
        FROM
            Product p 
        WHERE
            p.id = :productId */ select
                p1_0.product_id,
                p1_0.category_id,
                p1_0.favorite_count,
                p1_0.price,
                p1_0.product_content,
                p1_0.product_name,
                p1_0.product_photo,
                p1_0.version 
            from
                product p1_0 
            where
                p1_0.product_id=? for update
    16:24:30.169 [pool-2-thread-152] DEBUG org.hibernate.SQL - 
        select
            f1_0.member_id,
            f1_0.product_id,
            f1_0.orderby 
        from
            favorite f1_0 
        where
            (
                f1_0.member_id, f1_0.product_id
            ) in ((?, ?))
    16:24:30.170 [pool-2-thread-152] DEBUG org.hibernate.SQL - 
        /* insert for
            com.codepresso.codepresso.entity.member.Favorite */insert 
        into
            favorite (orderby, member_id, product_id) 
        values
            (?, ?, ?)
    16:24:30.170 [pool-2-thread-152] DEBUG c.c.c.s.m.FavoritePessimisticService - 즐겨찾기 추가 성공 : memberId = 152, productId = 1
    16:24:30.170 [pool-2-thread-152] DEBUG c.c.c.s.m.FavoritePessimisticService - 메서드 종료 직전: memberId = 152, productId = 1
    16:24:30.170 [pool-2-thread-152] DEBUG c.c.c.s.m.FavoriteConcurrencyTest - 실패 : Could not commit JPA transaction 
    16:24:30.171 [pool-2-thread-170] DEBUG org.hibernate.SQL - 
        /* SELECT
            p 
        FROM
            Product p 
        WHERE
            p.id = :productId */ select
                p1_0.product_id,
                p1_0.category_id,
                p1_0.favorite_count,
                p1_0.price,
                p1_0.product_content,
                p1_0.product_name,
                p1_0.product_photo,
                p1_0.version 
            from
                product p1_0 
            where
                p1_0.product_id=? for update
    16:24:30.171 [pool-2-thread-163] DEBUG org.hibernate.SQL - 
        select
            ni1_0.nutrition_info_id,
            ni1_0.caffeine,
            ni1_0.calories,
            ni1_0.carbohydrate,
            ni1_0.cholesterol,
            ni1_0.fat,
            ni1_0.product_id,
            ni1_0.protein,
            ni1_0.saturated_fat,
            ni1_0.sodium,
            ni1_0.sugar,
            ni1_0.trans_fat 
        from
            nutrition_info ni1_0 
        where
            ni1_0.product_id=?
    16:24:30.171 [pool-2-thread-163] DEBUG org.hibernate.SQL - 
        select
            f1_0.member_id,
            f1_0.product_id,
            f1_0.orderby 
        from
            favorite f1_0 
        where
            (
                f1_0.member_id, f1_0.product_id
            ) in ((?, ?))
    16:24:30.172 [pool-2-thread-163] DEBUG org.hibernate.SQL - 
        /* insert for
            com.codepresso.codepresso.entity.member.Favorite */insert 
        into
            favorite (orderby, member_id, product_id) 
        values
            (?, ?, ?)
    16:24:30.172 [pool-2-thread-163] DEBUG c.c.c.s.m.FavoritePessimisticService - 즐겨찾기 추가 성공 : memberId = 163, productId = 1
    16:24:30.172 [pool-2-thread-163] DEBUG c.c.c.s.m.FavoritePessimisticService - 메서드 종료 직전: memberId = 163, productId = 1
    16:24:30.172 [pool-2-thread-163] DEBUG c.c.c.s.m.FavoriteConcurrencyTest - 실패 : Could not commit JPA transaction 
    16:24:30.173 [pool-2-thread-160] DEBUG org.hibernate.SQL - 
        select
            ni1_0.nutrition_info_id,
            ni1_0.caffeine,
            ni1_0.calories,
            ni1_0.carbohydrate,
            ni1_0.cholesterol,
            ni1_0.fat,
            ni1_0.product_id,
            ni1_0.protein,
            ni1_0.saturated_fat,
            ni1_0.sodium,
            ni1_0.sugar,
            ni1_0.trans_fat 
        from
            nutrition_info ni1_0 
        where
            ni1_0.product_id=?
    16:24:30.173 [pool-2-thread-171] DEBUG org.hibernate.SQL - 
        /* SELECT
            p 
        FROM
            Product p 
        WHERE
            p.id = :productId */ select
                p1_0.product_id,
                p1_0.category_id,
                p1_0.favorite_count,
                p1_0.price,
                p1_0.product_content,
                p1_0.product_name,
                p1_0.product_photo,
                p1_0.version 
            from
                product p1_0 
            where
                p1_0.product_id=? for update
    16:24:30.173 [pool-2-thread-160] DEBUG org.hibernate.SQL - 
        select
            f1_0.member_id,
            f1_0.product_id,
            f1_0.orderby 
        from
            favorite f1_0 
        where
            (
                f1_0.member_id, f1_0.product_id
            ) in ((?, ?))
    16:24:30.174 [pool-2-thread-160] DEBUG org.hibernate.SQL - 
        /* insert for
            com.codepresso.codepresso.entity.member.Favorite */insert 
        into
            favorite (orderby, member_id, product_id) 
        values
            (?, ?, ?)
    16:24:30.174 [pool-2-thread-160] DEBUG c.c.c.s.m.FavoritePessimisticService - 즐겨찾기 추가 성공 : memberId = 160, productId = 1
    16:24:30.174 [pool-2-thread-160] DEBUG c.c.c.s.m.FavoritePessimisticService - 메서드 종료 직전: memberId = 160, productId = 1
    16:24:30.174 [pool-2-thread-160] DEBUG c.c.c.s.m.FavoriteConcurrencyTest - 실패 : Could not commit JPA transaction 
    16:24:30.175 [pool-2-thread-170] DEBUG org.hibernate.SQL - 
        select
            ni1_0.nutrition_info_id,
            ni1_0.caffeine,
            ni1_0.calories,
            ni1_0.carbohydrate,
            ni1_0.cholesterol,
            ni1_0.fat,
            ni1_0.product_id,
            ni1_0.protein,
            ni1_0.saturated_fat,
            ni1_0.sodium,
            ni1_0.sugar,
            ni1_0.trans_fat 
        from
            nutrition_info ni1_0 
        where
            ni1_0.product_id=?
    16:24:30.175 [pool-2-thread-172] DEBUG org.hibernate.SQL - 
        /* SELECT
            p 
        FROM
            Product p 
        WHERE
            p.id = :productId */ select
                p1_0.product_id,
                p1_0.category_id,
                p1_0.favorite_count,
                p1_0.price,
                p1_0.product_content,
                p1_0.product_name,
                p1_0.product_photo,
                p1_0.version 
            from
                product p1_0 
            where
                p1_0.product_id=? for update
    16:24:30.176 [pool-2-thread-170] DEBUG org.hibernate.SQL - 
        select
            f1_0.member_id,
            f1_0.product_id,
            f1_0.orderby 
        from
            favorite f1_0 
        where
            (
                f1_0.member_id, f1_0.product_id
            ) in ((?, ?))
    16:24:30.176 [pool-2-thread-170] DEBUG org.hibernate.SQL - 
        /* insert for
            com.codepresso.codepresso.entity.member.Favorite */insert 
        into
            favorite (orderby, member_id, product_id) 
        values
            (?, ?, ?)
    16:24:30.176 [pool-2-thread-170] DEBUG c.c.c.s.m.FavoritePessimisticService - 즐겨찾기 추가 성공 : memberId = 170, productId = 1
    16:24:30.176 [pool-2-thread-170] DEBUG c.c.c.s.m.FavoritePessimisticService - 메서드 종료 직전: memberId = 170, productId = 1
    16:24:30.177 [pool-2-thread-170] DEBUG c.c.c.s.m.FavoriteConcurrencyTest - 실패 : Could not commit JPA transaction 
    16:24:30.177 [pool-2-thread-172] DEBUG org.hibernate.SQL - 
        select
            ni1_0.nutrition_info_id,
            ni1_0.caffeine,
            ni1_0.calories,
            ni1_0.carbohydrate,
            ni1_0.cholesterol,
            ni1_0.fat,
            ni1_0.product_id,
            ni1_0.protein,
            ni1_0.saturated_fat,
            ni1_0.sodium,
            ni1_0.sugar,
            ni1_0.trans_fat 
        from
            nutrition_info ni1_0 
        where
            ni1_0.product_id=?
    16:24:30.177 [pool-2-thread-173] DEBUG org.hibernate.SQL - 
        /* SELECT
            p 
        FROM
            Product p 
        WHERE
            p.id = :productId */ select
                p1_0.product_id,
                p1_0.category_id,
                p1_0.favorite_count,
                p1_0.price,
                p1_0.product_content,
                p1_0.product_name,
                p1_0.product_photo,
                p1_0.version 
            from
                product p1_0 
            where
                p1_0.product_id=? for update
    16:24:30.177 [pool-2-thread-172] DEBUG org.hibernate.SQL - 
        select
            f1_0.member_id,
            f1_0.product_id,
            f1_0.orderby 
        from
            favorite f1_0 
        where
            (
                f1_0.member_id, f1_0.product_id
            ) in ((?, ?))
    16:24:30.178 [pool-2-thread-172] DEBUG org.hibernate.SQL - 
        /* insert for
            com.codepresso.codepresso.entity.member.Favorite */insert 
        into
            favorite (orderby, member_id, product_id) 
        values
            (?, ?, ?)
    16:24:30.178 [pool-2-thread-172] DEBUG c.c.c.s.m.FavoritePessimisticService - 즐겨찾기 추가 성공 : memberId = 172, productId = 1
    16:24:30.178 [pool-2-thread-172] DEBUG c.c.c.s.m.FavoritePessimisticService - 메서드 종료 직전: memberId = 172, productId = 1
    16:24:30.178 [pool-2-thread-172] DEBUG c.c.c.s.m.FavoriteConcurrencyTest - 실패 : Could not commit JPA transaction 
    16:24:30.179 [pool-2-thread-164] DEBUG org.hibernate.SQL - 
        select
            ni1_0.nutrition_info_id,
            ni1_0.caffeine,
            ni1_0.calories,
            ni1_0.carbohydrate,
            ni1_0.cholesterol,
            ni1_0.fat,
            ni1_0.product_id,
            ni1_0.protein,
            ni1_0.saturated_fat,
            ni1_0.sodium,
            ni1_0.sugar,
            ni1_0.trans_fat 
        from
            nutrition_info ni1_0 
        where
            ni1_0.product_id=?
    16:24:30.179 [pool-2-thread-174] DEBUG org.hibernate.SQL - 
        /* SELECT
            p 
        FROM
            Product p 
        WHERE
            p.id = :productId */ select
                p1_0.product_id,
                p1_0.category_id,
                p1_0.favorite_count,
                p1_0.price,
                p1_0.product_content,
                p1_0.product_name,
                p1_0.product_photo,
                p1_0.version 
            from
                product p1_0 
            where
                p1_0.product_id=? for update
    16:24:30.179 [pool-2-thread-164] DEBUG org.hibernate.SQL - 
        select
            f1_0.member_id,
            f1_0.product_id,
            f1_0.orderby 
        from
            favorite f1_0 
        where
            (
                f1_0.member_id, f1_0.product_id
            ) in ((?, ?))
    16:24:30.180 [pool-2-thread-164] DEBUG org.hibernate.SQL - 
        /* insert for
            com.codepresso.codepresso.entity.member.Favorite */insert 
        into
            favorite (orderby, member_id, product_id) 
        values
            (?, ?, ?)
    16:24:30.180 [pool-2-thread-164] DEBUG c.c.c.s.m.FavoritePessimisticService - 즐겨찾기 추가 성공 : memberId = 164, productId = 1
    16:24:30.180 [pool-2-thread-164] DEBUG c.c.c.s.m.FavoritePessimisticService - 메서드 종료 직전: memberId = 164, productId = 1
    16:24:30.180 [pool-2-thread-164] DEBUG c.c.c.s.m.FavoriteConcurrencyTest - 실패 : Could not commit JPA transaction 
    16:24:30.181 [pool-2-thread-173] DEBUG org.hibernate.SQL - 
        select
            ni1_0.nutrition_info_id,
            ni1_0.caffeine,
            ni1_0.calories,
            ni1_0.carbohydrate,
            ni1_0.cholesterol,
            ni1_0.fat,
            ni1_0.product_id,
            ni1_0.protein,
            ni1_0.saturated_fat,
            ni1_0.sodium,
            ni1_0.sugar,
            ni1_0.trans_fat 
        from
            nutrition_info ni1_0 
        where
            ni1_0.product_id=?
    16:24:30.181 [pool-2-thread-175] DEBUG org.hibernate.SQL - 
        /* SELECT
            p 
        FROM
            Product p 
        WHERE
            p.id = :productId */ select
                p1_0.product_id,
                p1_0.category_id,
                p1_0.favorite_count,
                p1_0.price,
                p1_0.product_content,
                p1_0.product_name,
                p1_0.product_photo,
                p1_0.version 
            from
                product p1_0 
            where
                p1_0.product_id=? for update
    16:24:30.181 [pool-2-thread-173] DEBUG org.hibernate.SQL - 
        select
            f1_0.member_id,
            f1_0.product_id,
            f1_0.orderby 
        from
            favorite f1_0 
        where
            (
                f1_0.member_id, f1_0.product_id
            ) in ((?, ?))
    16:24:30.182 [pool-2-thread-173] DEBUG org.hibernate.SQL - 
        /* insert for
            com.codepresso.codepresso.entity.member.Favorite */insert 
        into
            favorite (orderby, member_id, product_id) 
        values
            (?, ?, ?)
    16:24:30.182 [pool-2-thread-173] DEBUG c.c.c.s.m.FavoritePessimisticService - 즐겨찾기 추가 성공 : memberId = 173, productId = 1
    16:24:30.182 [pool-2-thread-173] DEBUG c.c.c.s.m.FavoritePessimisticService - 메서드 종료 직전: memberId = 173, productId = 1
    16:24:30.182 [pool-2-thread-173] DEBUG c.c.c.s.m.FavoriteConcurrencyTest - 실패 : Could not commit JPA transaction 
    16:24:30.182 [pool-2-thread-168] DEBUG org.hibernate.SQL - 
        select
            ni1_0.nutrition_info_id,
            ni1_0.caffeine,
            ni1_0.calories,
            ni1_0.carbohydrate,
            ni1_0.cholesterol,
            ni1_0.fat,
            ni1_0.product_id,
            ni1_0.protein,
            ni1_0.saturated_fat,
            ni1_0.sodium,
            ni1_0.sugar,
            ni1_0.trans_fat 
        from
            nutrition_info ni1_0 
        where
            ni1_0.product_id=?
    16:24:30.182 [pool-2-thread-176] DEBUG org.hibernate.SQL - 
        /* SELECT
            p 
        FROM
            Product p 
        WHERE
            p.id = :productId */ select
                p1_0.product_id,
                p1_0.category_id,
                p1_0.favorite_count,
                p1_0.price,
                p1_0.product_content,
                p1_0.product_name,
                p1_0.product_photo,
                p1_0.version 
            from
                product p1_0 
            where
                p1_0.product_id=? for update
    16:24:30.183 [pool-2-thread-168] DEBUG org.hibernate.SQL - 
        select
            f1_0.member_id,
            f1_0.product_id,
            f1_0.orderby 
        from
            favorite f1_0 
        where
            (
                f1_0.member_id, f1_0.product_id
            ) in ((?, ?))
    16:24:30.183 [pool-2-thread-168] DEBUG org.hibernate.SQL - 
        /* insert for
            com.codepresso.codepresso.entity.member.Favorite */insert 
        into
            favorite (orderby, member_id, product_id) 
        values
            (?, ?, ?)
    16:24:30.183 [pool-2-thread-168] DEBUG c.c.c.s.m.FavoritePessimisticService - 즐겨찾기 추가 성공 : memberId = 168, productId = 1
    16:24:30.183 [pool-2-thread-168] DEBUG c.c.c.s.m.FavoritePessimisticService - 메서드 종료 직전: memberId = 168, productId = 1
    16:24:30.184 [pool-2-thread-168] DEBUG c.c.c.s.m.FavoriteConcurrencyTest - 실패 : Could not commit JPA transaction 
    16:24:30.184 [pool-2-thread-166] DEBUG org.hibernate.SQL - 
        select
            ni1_0.nutrition_info_id,
            ni1_0.caffeine,
            ni1_0.calories,
            ni1_0.carbohydrate,
            ni1_0.cholesterol,
            ni1_0.fat,
            ni1_0.product_id,
            ni1_0.protein,
            ni1_0.saturated_fat,
            ni1_0.sodium,
            ni1_0.sugar,
            ni1_0.trans_fat 
        from
            nutrition_info ni1_0 
        where
            ni1_0.product_id=?
    16:24:30.184 [pool-2-thread-177] DEBUG org.hibernate.SQL - 
        /* SELECT
            p 
        FROM
            Product p 
        WHERE
            p.id = :productId */ select
                p1_0.product_id,
                p1_0.category_id,
                p1_0.favorite_count,
                p1_0.price,
                p1_0.product_content,
                p1_0.product_name,
                p1_0.product_photo,
                p1_0.version 
            from
                product p1_0 
            where
                p1_0.product_id=? for update
    16:24:30.184 [pool-2-thread-166] DEBUG org.hibernate.SQL - 
        select
            f1_0.member_id,
            f1_0.product_id,
            f1_0.orderby 
        from
            favorite f1_0 
        where
            (
                f1_0.member_id, f1_0.product_id
            ) in ((?, ?))
    16:24:30.185 [pool-2-thread-166] DEBUG org.hibernate.SQL - 
        /* insert for
            com.codepresso.codepresso.entity.member.Favorite */insert 
        into
            favorite (orderby, member_id, product_id) 
        values
            (?, ?, ?)
    16:24:30.185 [pool-2-thread-166] DEBUG c.c.c.s.m.FavoritePessimisticService - 즐겨찾기 추가 성공 : memberId = 166, productId = 1
    16:24:30.185 [pool-2-thread-166] DEBUG c.c.c.s.m.FavoritePessimisticService - 메서드 종료 직전: memberId = 166, productId = 1
    16:24:30.185 [pool-2-thread-166] DEBUG c.c.c.s.m.FavoriteConcurrencyTest - 실패 : Could not commit JPA transaction 
    16:24:30.185 [pool-2-thread-169] DEBUG org.hibernate.SQL - 
        select
            ni1_0.nutrition_info_id,
            ni1_0.caffeine,
            ni1_0.calories,
            ni1_0.carbohydrate,
            ni1_0.cholesterol,
            ni1_0.fat,
            ni1_0.product_id,
            ni1_0.protein,
            ni1_0.saturated_fat,
            ni1_0.sodium,
            ni1_0.sugar,
            ni1_0.trans_fat 
        from
            nutrition_info ni1_0 
        where
            ni1_0.product_id=?
    16:24:30.186 [pool-2-thread-178] DEBUG org.hibernate.SQL - 
        /* SELECT
            p 
        FROM
            Product p 
        WHERE
            p.id = :productId */ select
                p1_0.product_id,
                p1_0.category_id,
                p1_0.favorite_count,
                p1_0.price,
                p1_0.product_content,
                p1_0.product_name,
                p1_0.product_photo,
                p1_0.version 
            from
                product p1_0 
            where
                p1_0.product_id=? for update
    16:24:30.186 [pool-2-thread-169] DEBUG org.hibernate.SQL - 
        select
            f1_0.member_id,
            f1_0.product_id,
            f1_0.orderby 
        from
            favorite f1_0 
        where
            (
                f1_0.member_id, f1_0.product_id
            ) in ((?, ?))
    16:24:30.186 [pool-2-thread-169] DEBUG org.hibernate.SQL - 
        /* insert for
            com.codepresso.codepresso.entity.member.Favorite */insert 
        into
            favorite (orderby, member_id, product_id) 
        values
            (?, ?, ?)
    16:24:30.187 [pool-2-thread-169] DEBUG c.c.c.s.m.FavoritePessimisticService - 즐겨찾기 추가 성공 : memberId = 169, productId = 1
    16:24:30.187 [pool-2-thread-169] DEBUG c.c.c.s.m.FavoritePessimisticService - 메서드 종료 직전: memberId = 169, productId = 1
    16:24:30.187 [pool-2-thread-169] DEBUG c.c.c.s.m.FavoriteConcurrencyTest - 실패 : Could not commit JPA transaction 
    16:24:30.187 [pool-2-thread-177] DEBUG org.hibernate.SQL - 
        select
            ni1_0.nutrition_info_id,
            ni1_0.caffeine,
            ni1_0.calories,
            ni1_0.carbohydrate,
            ni1_0.cholesterol,
            ni1_0.fat,
            ni1_0.product_id,
            ni1_0.protein,
            ni1_0.saturated_fat,
            ni1_0.sodium,
            ni1_0.sugar,
            ni1_0.trans_fat 
        from
            nutrition_info ni1_0 
        where
            ni1_0.product_id=?
    16:24:30.187 [pool-2-thread-179] DEBUG org.hibernate.SQL - 
        /* SELECT
            p 
        FROM
            Product p 
        WHERE
            p.id = :productId */ select
                p1_0.product_id,
                p1_0.category_id,
                p1_0.favorite_count,
                p1_0.price,
                p1_0.product_content,
                p1_0.product_name,
                p1_0.product_photo,
                p1_0.version 
            from
                product p1_0 
            where
                p1_0.product_id=? for update
    16:24:30.187 [pool-2-thread-177] DEBUG org.hibernate.SQL - 
        select
            f1_0.member_id,
            f1_0.product_id,
            f1_0.orderby 
        from
            favorite f1_0 
        where
            (
                f1_0.member_id, f1_0.product_id
            ) in ((?, ?))
    16:24:30.188 [pool-2-thread-177] DEBUG org.hibernate.SQL - 
        /* insert for
            com.codepresso.codepresso.entity.member.Favorite */insert 
        into
            favorite (orderby, member_id, product_id) 
        values
            (?, ?, ?)
    16:24:30.188 [pool-2-thread-177] DEBUG c.c.c.s.m.FavoritePessimisticService - 즐겨찾기 추가 성공 : memberId = 177, productId = 1
    16:24:30.188 [pool-2-thread-177] DEBUG c.c.c.s.m.FavoritePessimisticService - 메서드 종료 직전: memberId = 177, productId = 1
    16:24:30.188 [pool-2-thread-177] DEBUG c.c.c.s.m.FavoriteConcurrencyTest - 실패 : Could not commit JPA transaction 
    16:24:30.188 [pool-2-thread-178] DEBUG org.hibernate.SQL - 
        select
            ni1_0.nutrition_info_id,
            ni1_0.caffeine,
            ni1_0.calories,
            ni1_0.carbohydrate,
            ni1_0.cholesterol,
            ni1_0.fat,
            ni1_0.product_id,
            ni1_0.protein,
            ni1_0.saturated_fat,
            ni1_0.sodium,
            ni1_0.sugar,
            ni1_0.trans_fat 
        from
            nutrition_info ni1_0 
        where
            ni1_0.product_id=?
    16:24:30.188 [pool-2-thread-180] DEBUG org.hibernate.SQL - 
        /* SELECT
            p 
        FROM
            Product p 
        WHERE
            p.id = :productId */ select
                p1_0.product_id,
                p1_0.category_id,
                p1_0.favorite_count,
                p1_0.price,
                p1_0.product_content,
                p1_0.product_name,
                p1_0.product_photo,
                p1_0.version 
            from
                product p1_0 
            where
                p1_0.product_id=? for update
    16:24:30.189 [pool-2-thread-178] DEBUG org.hibernate.SQL - 
        select
            f1_0.member_id,
            f1_0.product_id,
            f1_0.orderby 
        from
            favorite f1_0 
        where
            (
                f1_0.member_id, f1_0.product_id
            ) in ((?, ?))
    16:24:30.190 [pool-2-thread-178] DEBUG org.hibernate.SQL - 
        /* insert for
            com.codepresso.codepresso.entity.member.Favorite */insert 
        into
            favorite (orderby, member_id, product_id) 
        values
            (?, ?, ?)
    16:24:30.190 [pool-2-thread-178] DEBUG c.c.c.s.m.FavoritePessimisticService - 즐겨찾기 추가 성공 : memberId = 178, productId = 1
    16:24:30.190 [pool-2-thread-178] DEBUG c.c.c.s.m.FavoritePessimisticService - 메서드 종료 직전: memberId = 178, productId = 1
    16:24:30.190 [pool-2-thread-178] DEBUG c.c.c.s.m.FavoriteConcurrencyTest - 실패 : Could not commit JPA transaction 
    16:24:30.190 [pool-2-thread-179] DEBUG org.hibernate.SQL - 
        select
            ni1_0.nutrition_info_id,
            ni1_0.caffeine,
            ni1_0.calories,
            ni1_0.carbohydrate,
            ni1_0.cholesterol,
            ni1_0.fat,
            ni1_0.product_id,
            ni1_0.protein,
            ni1_0.saturated_fat,
            ni1_0.sodium,
            ni1_0.sugar,
            ni1_0.trans_fat 
        from
            nutrition_info ni1_0 
        where
            ni1_0.product_id=?
    16:24:30.190 [pool-2-thread-181] DEBUG org.hibernate.SQL - 
        /* SELECT
            p 
        FROM
            Product p 
        WHERE
            p.id = :productId */ select
                p1_0.product_id,
                p1_0.category_id,
                p1_0.favorite_count,
                p1_0.price,
                p1_0.product_content,
                p1_0.product_name,
                p1_0.product_photo,
                p1_0.version 
            from
                product p1_0 
            where
                p1_0.product_id=? for update
    16:24:30.190 [pool-2-thread-179] DEBUG org.hibernate.SQL - 
        select
            f1_0.member_id,
            f1_0.product_id,
            f1_0.orderby 
        from
            favorite f1_0 
        where
            (
                f1_0.member_id, f1_0.product_id
            ) in ((?, ?))
    16:24:30.191 [pool-2-thread-179] DEBUG org.hibernate.SQL - 
        /* insert for
            com.codepresso.codepresso.entity.member.Favorite */insert 
        into
            favorite (orderby, member_id, product_id) 
        values
            (?, ?, ?)
    16:24:30.191 [pool-2-thread-179] DEBUG c.c.c.s.m.FavoritePessimisticService - 즐겨찾기 추가 성공 : memberId = 179, productId = 1
    16:24:30.191 [pool-2-thread-179] DEBUG c.c.c.s.m.FavoritePessimisticService - 메서드 종료 직전: memberId = 179, productId = 1
    16:24:30.191 [pool-2-thread-179] DEBUG c.c.c.s.m.FavoriteConcurrencyTest - 실패 : Could not commit JPA transaction 
    16:24:30.192 [pool-2-thread-180] DEBUG org.hibernate.SQL - 
        select
            ni1_0.nutrition_info_id,
            ni1_0.caffeine,
            ni1_0.calories,
            ni1_0.carbohydrate,
            ni1_0.cholesterol,
            ni1_0.fat,
            ni1_0.product_id,
            ni1_0.protein,
            ni1_0.saturated_fat,
            ni1_0.sodium,
            ni1_0.sugar,
            ni1_0.trans_fat 
        from
            nutrition_info ni1_0 
        where
            ni1_0.product_id=?
    16:24:30.192 [pool-2-thread-182] DEBUG org.hibernate.SQL - 
        /* SELECT
            p 
        FROM
            Product p 
        WHERE
            p.id = :productId */ select
                p1_0.product_id,
                p1_0.category_id,
                p1_0.favorite_count,
                p1_0.price,
                p1_0.product_content,
                p1_0.product_name,
                p1_0.product_photo,
                p1_0.version 
            from
                product p1_0 
            where
                p1_0.product_id=? for update
    16:24:30.192 [pool-2-thread-180] DEBUG org.hibernate.SQL - 
        select
            f1_0.member_id,
            f1_0.product_id,
            f1_0.orderby 
        from
            favorite f1_0 
        where
            (
                f1_0.member_id, f1_0.product_id
            ) in ((?, ?))
    16:24:30.193 [pool-2-thread-180] DEBUG org.hibernate.SQL - 
        /* insert for
            com.codepresso.codepresso.entity.member.Favorite */insert 
        into
            favorite (orderby, member_id, product_id) 
        values
            (?, ?, ?)
    16:24:30.193 [pool-2-thread-180] DEBUG c.c.c.s.m.FavoritePessimisticService - 즐겨찾기 추가 성공 : memberId = 180, productId = 1
    16:24:30.193 [pool-2-thread-180] DEBUG c.c.c.s.m.FavoritePessimisticService - 메서드 종료 직전: memberId = 180, productId = 1
    16:24:30.194 [pool-2-thread-180] DEBUG c.c.c.s.m.FavoriteConcurrencyTest - 실패 : Could not commit JPA transaction 
    16:24:30.194 [pool-2-thread-181] DEBUG org.hibernate.SQL - 
        select
            ni1_0.nutrition_info_id,
            ni1_0.caffeine,
            ni1_0.calories,
            ni1_0.carbohydrate,
            ni1_0.cholesterol,
            ni1_0.fat,
            ni1_0.product_id,
            ni1_0.protein,
            ni1_0.saturated_fat,
            ni1_0.sodium,
            ni1_0.sugar,
            ni1_0.trans_fat 
        from
            nutrition_info ni1_0 
        where
            ni1_0.product_id=?
    16:24:30.194 [pool-2-thread-183] DEBUG org.hibernate.SQL - 
        /* SELECT
            p 
        FROM
            Product p 
        WHERE
            p.id = :productId */ select
                p1_0.product_id,
                p1_0.category_id,
                p1_0.favorite_count,
                p1_0.price,
                p1_0.product_content,
                p1_0.product_name,
                p1_0.product_photo,
                p1_0.version 
            from
                product p1_0 
            where
                p1_0.product_id=? for update
    16:24:30.195 [pool-2-thread-181] DEBUG org.hibernate.SQL - 
        select
            f1_0.member_id,
            f1_0.product_id,
            f1_0.orderby 
        from
            favorite f1_0 
        where
            (
                f1_0.member_id, f1_0.product_id
            ) in ((?, ?))
    16:24:30.196 [pool-2-thread-181] DEBUG org.hibernate.SQL - 
        /* insert for
            com.codepresso.codepresso.entity.member.Favorite */insert 
        into
            favorite (orderby, member_id, product_id) 
        values
            (?, ?, ?)
    16:24:30.196 [pool-2-thread-181] DEBUG c.c.c.s.m.FavoritePessimisticService - 즐겨찾기 추가 성공 : memberId = 181, productId = 1
    16:24:30.196 [pool-2-thread-181] DEBUG c.c.c.s.m.FavoritePessimisticService - 메서드 종료 직전: memberId = 181, productId = 1
    16:24:30.197 [pool-2-thread-181] DEBUG c.c.c.s.m.FavoriteConcurrencyTest - 실패 : Could not commit JPA transaction 
    16:24:30.197 [pool-2-thread-175] DEBUG org.hibernate.SQL - 
        select
            ni1_0.nutrition_info_id,
            ni1_0.caffeine,
            ni1_0.calories,
            ni1_0.carbohydrate,
            ni1_0.cholesterol,
            ni1_0.fat,
            ni1_0.product_id,
            ni1_0.protein,
            ni1_0.saturated_fat,
            ni1_0.sodium,
            ni1_0.sugar,
            ni1_0.trans_fat 
        from
            nutrition_info ni1_0 
        where
            ni1_0.product_id=?
    16:24:30.198 [pool-2-thread-184] DEBUG org.hibernate.SQL - 
        /* SELECT
            p 
        FROM
            Product p 
        WHERE
            p.id = :productId */ select
                p1_0.product_id,
                p1_0.category_id,
                p1_0.favorite_count,
                p1_0.price,
                p1_0.product_content,
                p1_0.product_name,
                p1_0.product_photo,
                p1_0.version 
            from
                product p1_0 
            where
                p1_0.product_id=? for update
    16:24:30.198 [pool-2-thread-175] DEBUG org.hibernate.SQL - 
        select
            f1_0.member_id,
            f1_0.product_id,
            f1_0.orderby 
        from
            favorite f1_0 
        where
            (
                f1_0.member_id, f1_0.product_id
            ) in ((?, ?))
    16:24:30.198 [pool-2-thread-175] DEBUG org.hibernate.SQL - 
        /* insert for
            com.codepresso.codepresso.entity.member.Favorite */insert 
        into
            favorite (orderby, member_id, product_id) 
        values
            (?, ?, ?)
    16:24:30.198 [pool-2-thread-175] DEBUG c.c.c.s.m.FavoritePessimisticService - 즐겨찾기 추가 성공 : memberId = 175, productId = 1
    16:24:30.199 [pool-2-thread-175] DEBUG c.c.c.s.m.FavoritePessimisticService - 메서드 종료 직전: memberId = 175, productId = 1
    16:24:30.199 [pool-2-thread-175] DEBUG c.c.c.s.m.FavoriteConcurrencyTest - 실패 : Could not commit JPA transaction 
    16:24:30.199 [pool-2-thread-171] DEBUG org.hibernate.SQL - 
        select
            ni1_0.nutrition_info_id,
            ni1_0.caffeine,
            ni1_0.calories,
            ni1_0.carbohydrate,
            ni1_0.cholesterol,
            ni1_0.fat,
            ni1_0.product_id,
            ni1_0.protein,
            ni1_0.saturated_fat,
            ni1_0.sodium,
            ni1_0.sugar,
            ni1_0.trans_fat 
        from
            nutrition_info ni1_0 
        where
            ni1_0.product_id=?
    16:24:30.199 [pool-2-thread-185] DEBUG org.hibernate.SQL - 
        /* SELECT
            p 
        FROM
            Product p 
        WHERE
            p.id = :productId */ select
                p1_0.product_id,
                p1_0.category_id,
                p1_0.favorite_count,
                p1_0.price,
                p1_0.product_content,
                p1_0.product_name,
                p1_0.product_photo,
                p1_0.version 
            from
                product p1_0 
            where
                p1_0.product_id=? for update
    16:24:30.199 [pool-2-thread-171] DEBUG org.hibernate.SQL - 
        select
            f1_0.member_id,
            f1_0.product_id,
            f1_0.orderby 
        from
            favorite f1_0 
        where
            (
                f1_0.member_id, f1_0.product_id
            ) in ((?, ?))
    16:24:30.200 [pool-2-thread-171] DEBUG org.hibernate.SQL - 
        /* insert for
            com.codepresso.codepresso.entity.member.Favorite */insert 
        into
            favorite (orderby, member_id, product_id) 
        values
            (?, ?, ?)
    16:24:30.200 [pool-2-thread-171] DEBUG c.c.c.s.m.FavoritePessimisticService - 즐겨찾기 추가 성공 : memberId = 171, productId = 1
    16:24:30.200 [pool-2-thread-171] DEBUG c.c.c.s.m.FavoritePessimisticService - 메서드 종료 직전: memberId = 171, productId = 1
    16:24:30.200 [pool-2-thread-171] DEBUG c.c.c.s.m.FavoriteConcurrencyTest - 실패 : Could not commit JPA transaction 
    16:24:30.200 [pool-2-thread-167] DEBUG org.hibernate.SQL - 
        select
            ni1_0.nutrition_info_id,
            ni1_0.caffeine,
            ni1_0.calories,
            ni1_0.carbohydrate,
            ni1_0.cholesterol,
            ni1_0.fat,
            ni1_0.product_id,
            ni1_0.protein,
            ni1_0.saturated_fat,
            ni1_0.sodium,
            ni1_0.sugar,
            ni1_0.trans_fat 
        from
            nutrition_info ni1_0 
        where
            ni1_0.product_id=?
    16:24:30.201 [pool-2-thread-186] DEBUG org.hibernate.SQL - 
        /* SELECT
            p 
        FROM
            Product p 
        WHERE
            p.id = :productId */ select
                p1_0.product_id,
                p1_0.category_id,
                p1_0.favorite_count,
                p1_0.price,
                p1_0.product_content,
                p1_0.product_name,
                p1_0.product_photo,
                p1_0.version 
            from
                product p1_0 
            where
                p1_0.product_id=? for update
    16:24:30.201 [pool-2-thread-167] DEBUG org.hibernate.SQL - 
        select
            f1_0.member_id,
            f1_0.product_id,
            f1_0.orderby 
        from
            favorite f1_0 
        where
            (
                f1_0.member_id, f1_0.product_id
            ) in ((?, ?))
    16:24:30.201 [pool-2-thread-167] DEBUG org.hibernate.SQL - 
        /* insert for
            com.codepresso.codepresso.entity.member.Favorite */insert 
        into
            favorite (orderby, member_id, product_id) 
        values
            (?, ?, ?)
    16:24:30.202 [pool-2-thread-167] DEBUG c.c.c.s.m.FavoritePessimisticService - 즐겨찾기 추가 성공 : memberId = 167, productId = 1
    16:24:30.202 [pool-2-thread-167] DEBUG c.c.c.s.m.FavoritePessimisticService - 메서드 종료 직전: memberId = 167, productId = 1
    16:24:30.202 [pool-2-thread-167] DEBUG c.c.c.s.m.FavoriteConcurrencyTest - 실패 : Could not commit JPA transaction 
    16:24:30.202 [pool-2-thread-185] DEBUG org.hibernate.SQL - 
        select
            ni1_0.nutrition_info_id,
            ni1_0.caffeine,
            ni1_0.calories,
            ni1_0.carbohydrate,
            ni1_0.cholesterol,
            ni1_0.fat,
            ni1_0.product_id,
            ni1_0.protein,
            ni1_0.saturated_fat,
            ni1_0.sodium,
            ni1_0.sugar,
            ni1_0.trans_fat 
        from
            nutrition_info ni1_0 
        where
            ni1_0.product_id=?
    16:24:30.202 [pool-2-thread-187] DEBUG org.hibernate.SQL - 
        /* SELECT
            p 
        FROM
            Product p 
        WHERE
            p.id = :productId */ select
                p1_0.product_id,
                p1_0.category_id,
                p1_0.favorite_count,
                p1_0.price,
                p1_0.product_content,
                p1_0.product_name,
                p1_0.product_photo,
                p1_0.version 
            from
                product p1_0 
            where
                p1_0.product_id=? for update
    16:24:30.202 [pool-2-thread-185] DEBUG org.hibernate.SQL - 
        select
            f1_0.member_id,
            f1_0.product_id,
            f1_0.orderby 
        from
            favorite f1_0 
        where
            (
                f1_0.member_id, f1_0.product_id
            ) in ((?, ?))
    16:24:30.203 [pool-2-thread-185] DEBUG org.hibernate.SQL - 
        /* insert for
            com.codepresso.codepresso.entity.member.Favorite */insert 
        into
            favorite (orderby, member_id, product_id) 
        values
            (?, ?, ?)
    16:24:30.203 [pool-2-thread-185] DEBUG c.c.c.s.m.FavoritePessimisticService - 즐겨찾기 추가 성공 : memberId = 185, productId = 1
    16:24:30.203 [pool-2-thread-185] DEBUG c.c.c.s.m.FavoritePessimisticService - 메서드 종료 직전: memberId = 185, productId = 1
    16:24:30.203 [pool-2-thread-185] DEBUG c.c.c.s.m.FavoriteConcurrencyTest - 실패 : Could not commit JPA transaction 
    16:24:30.203 [pool-2-thread-182] DEBUG org.hibernate.SQL - 
        select
            ni1_0.nutrition_info_id,
            ni1_0.caffeine,
            ni1_0.calories,
            ni1_0.carbohydrate,
            ni1_0.cholesterol,
            ni1_0.fat,
            ni1_0.product_id,
            ni1_0.protein,
            ni1_0.saturated_fat,
            ni1_0.sodium,
            ni1_0.sugar,
            ni1_0.trans_fat 
        from
            nutrition_info ni1_0 
        where
            ni1_0.product_id=?
    16:24:30.204 [pool-2-thread-188] DEBUG org.hibernate.SQL - 
        /* SELECT
            p 
        FROM
            Product p 
        WHERE
            p.id = :productId */ select
                p1_0.product_id,
                p1_0.category_id,
                p1_0.favorite_count,
                p1_0.price,
                p1_0.product_content,
                p1_0.product_name,
                p1_0.product_photo,
                p1_0.version 
            from
                product p1_0 
            where
                p1_0.product_id=? for update
    16:24:30.204 [pool-2-thread-182] DEBUG org.hibernate.SQL - 
        select
            f1_0.member_id,
            f1_0.product_id,
            f1_0.orderby 
        from
            favorite f1_0 
        where
            (
                f1_0.member_id, f1_0.product_id
            ) in ((?, ?))
    16:24:30.204 [pool-2-thread-182] DEBUG org.hibernate.SQL - 
        /* insert for
            com.codepresso.codepresso.entity.member.Favorite */insert 
        into
            favorite (orderby, member_id, product_id) 
        values
            (?, ?, ?)
    16:24:30.204 [pool-2-thread-182] DEBUG c.c.c.s.m.FavoritePessimisticService - 즐겨찾기 추가 성공 : memberId = 182, productId = 1
    16:24:30.204 [pool-2-thread-182] DEBUG c.c.c.s.m.FavoritePessimisticService - 메서드 종료 직전: memberId = 182, productId = 1
    16:24:30.205 [pool-2-thread-182] DEBUG c.c.c.s.m.FavoriteConcurrencyTest - 실패 : Could not commit JPA transaction 
    16:24:30.205 [pool-2-thread-187] DEBUG org.hibernate.SQL - 
        select
            ni1_0.nutrition_info_id,
            ni1_0.caffeine,
            ni1_0.calories,
            ni1_0.carbohydrate,
            ni1_0.cholesterol,
            ni1_0.fat,
            ni1_0.product_id,
            ni1_0.protein,
            ni1_0.saturated_fat,
            ni1_0.sodium,
            ni1_0.sugar,
            ni1_0.trans_fat 
        from
            nutrition_info ni1_0 
        where
            ni1_0.product_id=?
    16:24:30.205 [pool-2-thread-189] DEBUG org.hibernate.SQL - 
        /* SELECT
            p 
        FROM
            Product p 
        WHERE
            p.id = :productId */ select
                p1_0.product_id,
                p1_0.category_id,
                p1_0.favorite_count,
                p1_0.price,
                p1_0.product_content,
                p1_0.product_name,
                p1_0.product_photo,
                p1_0.version 
            from
                product p1_0 
            where
                p1_0.product_id=? for update
    16:24:30.205 [pool-2-thread-187] DEBUG org.hibernate.SQL - 
        select
            f1_0.member_id,
            f1_0.product_id,
            f1_0.orderby 
        from
            favorite f1_0 
        where
            (
                f1_0.member_id, f1_0.product_id
            ) in ((?, ?))
    16:24:30.206 [pool-2-thread-187] DEBUG org.hibernate.SQL - 
        /* insert for
            com.codepresso.codepresso.entity.member.Favorite */insert 
        into
            favorite (orderby, member_id, product_id) 
        values
            (?, ?, ?)
    16:24:30.206 [pool-2-thread-187] DEBUG c.c.c.s.m.FavoritePessimisticService - 즐겨찾기 추가 성공 : memberId = 187, productId = 1
    16:24:30.206 [pool-2-thread-187] DEBUG c.c.c.s.m.FavoritePessimisticService - 메서드 종료 직전: memberId = 187, productId = 1
    16:24:30.206 [pool-2-thread-187] DEBUG c.c.c.s.m.FavoriteConcurrencyTest - 실패 : Could not commit JPA transaction 
    16:24:30.206 [pool-2-thread-188] DEBUG org.hibernate.SQL - 
        select
            ni1_0.nutrition_info_id,
            ni1_0.caffeine,
            ni1_0.calories,
            ni1_0.carbohydrate,
            ni1_0.cholesterol,
            ni1_0.fat,
            ni1_0.product_id,
            ni1_0.protein,
            ni1_0.saturated_fat,
            ni1_0.sodium,
            ni1_0.sugar,
            ni1_0.trans_fat 
        from
            nutrition_info ni1_0 
        where
            ni1_0.product_id=?
    16:24:30.206 [pool-2-thread-190] DEBUG org.hibernate.SQL - 
        /* SELECT
            p 
        FROM
            Product p 
        WHERE
            p.id = :productId */ select
                p1_0.product_id,
                p1_0.category_id,
                p1_0.favorite_count,
                p1_0.price,
                p1_0.product_content,
                p1_0.product_name,
                p1_0.product_photo,
                p1_0.version 
            from
                product p1_0 
            where
                p1_0.product_id=? for update
    16:24:30.207 [pool-2-thread-188] DEBUG org.hibernate.SQL - 
        select
            f1_0.member_id,
            f1_0.product_id,
            f1_0.orderby 
        from
            favorite f1_0 
        where
            (
                f1_0.member_id, f1_0.product_id
            ) in ((?, ?))
    16:24:30.207 [pool-2-thread-188] DEBUG org.hibernate.SQL - 
        /* insert for
            com.codepresso.codepresso.entity.member.Favorite */insert 
        into
            favorite (orderby, member_id, product_id) 
        values
            (?, ?, ?)
    16:24:30.207 [pool-2-thread-188] DEBUG c.c.c.s.m.FavoritePessimisticService - 즐겨찾기 추가 성공 : memberId = 188, productId = 1
    16:24:30.207 [pool-2-thread-188] DEBUG c.c.c.s.m.FavoritePessimisticService - 메서드 종료 직전: memberId = 188, productId = 1
    16:24:30.208 [pool-2-thread-188] DEBUG c.c.c.s.m.FavoriteConcurrencyTest - 실패 : Could not commit JPA transaction 
    16:24:30.208 [pool-2-thread-189] DEBUG org.hibernate.SQL - 
        select
            ni1_0.nutrition_info_id,
            ni1_0.caffeine,
            ni1_0.calories,
            ni1_0.carbohydrate,
            ni1_0.cholesterol,
            ni1_0.fat,
            ni1_0.product_id,
            ni1_0.protein,
            ni1_0.saturated_fat,
            ni1_0.sodium,
            ni1_0.sugar,
            ni1_0.trans_fat 
        from
            nutrition_info ni1_0 
        where
            ni1_0.product_id=?
    16:24:30.208 [pool-2-thread-191] DEBUG org.hibernate.SQL - 
        /* SELECT
            p 
        FROM
            Product p 
        WHERE
            p.id = :productId */ select
                p1_0.product_id,
                p1_0.category_id,
                p1_0.favorite_count,
                p1_0.price,
                p1_0.product_content,
                p1_0.product_name,
                p1_0.product_photo,
                p1_0.version 
            from
                product p1_0 
            where
                p1_0.product_id=? for update
    16:24:30.209 [pool-2-thread-189] DEBUG org.hibernate.SQL - 
        select
            f1_0.member_id,
            f1_0.product_id,
            f1_0.orderby 
        from
            favorite f1_0 
        where
            (
                f1_0.member_id, f1_0.product_id
            ) in ((?, ?))
    16:24:30.209 [pool-2-thread-189] DEBUG org.hibernate.SQL - 
        /* insert for
            com.codepresso.codepresso.entity.member.Favorite */insert 
        into
            favorite (orderby, member_id, product_id) 
        values
            (?, ?, ?)
    16:24:30.209 [pool-2-thread-189] DEBUG c.c.c.s.m.FavoritePessimisticService - 즐겨찾기 추가 성공 : memberId = 189, productId = 1
    16:24:30.209 [pool-2-thread-189] DEBUG c.c.c.s.m.FavoritePessimisticService - 메서드 종료 직전: memberId = 189, productId = 1
    16:24:30.210 [pool-2-thread-189] DEBUG c.c.c.s.m.FavoriteConcurrencyTest - 실패 : Could not commit JPA transaction 
    16:24:30.210 [pool-2-thread-190] DEBUG org.hibernate.SQL - 
        select
            ni1_0.nutrition_info_id,
            ni1_0.caffeine,
            ni1_0.calories,
            ni1_0.carbohydrate,
            ni1_0.cholesterol,
            ni1_0.fat,
            ni1_0.product_id,
            ni1_0.protein,
            ni1_0.saturated_fat,
            ni1_0.sodium,
            ni1_0.sugar,
            ni1_0.trans_fat 
        from
            nutrition_info ni1_0 
        where
            ni1_0.product_id=?
    16:24:30.210 [pool-2-thread-190] DEBUG org.hibernate.SQL - 
        select
            f1_0.member_id,
            f1_0.product_id,
            f1_0.orderby 
        from
            favorite f1_0 
        where
            (
                f1_0.member_id, f1_0.product_id
            ) in ((?, ?))
    16:24:30.210 [pool-2-thread-192] DEBUG org.hibernate.SQL - 
        /* SELECT
            p 
        FROM
            Product p 
        WHERE
            p.id = :productId */ select
                p1_0.product_id,
                p1_0.category_id,
                p1_0.favorite_count,
                p1_0.price,
                p1_0.product_content,
                p1_0.product_name,
                p1_0.product_photo,
                p1_0.version 
            from
                product p1_0 
            where
                p1_0.product_id=? for update
    16:24:30.211 [pool-2-thread-190] DEBUG org.hibernate.SQL - 
        /* insert for
            com.codepresso.codepresso.entity.member.Favorite */insert 
        into
            favorite (orderby, member_id, product_id) 
        values
            (?, ?, ?)
    16:24:30.211 [pool-2-thread-190] DEBUG c.c.c.s.m.FavoritePessimisticService - 즐겨찾기 추가 성공 : memberId = 190, productId = 1
    16:24:30.211 [pool-2-thread-190] DEBUG c.c.c.s.m.FavoritePessimisticService - 메서드 종료 직전: memberId = 190, productId = 1
    16:24:30.211 [pool-2-thread-190] DEBUG c.c.c.s.m.FavoriteConcurrencyTest - 실패 : Could not commit JPA transaction 
    16:24:30.212 [pool-2-thread-191] DEBUG org.hibernate.SQL - 
        select
            ni1_0.nutrition_info_id,
            ni1_0.caffeine,
            ni1_0.calories,
            ni1_0.carbohydrate,
            ni1_0.cholesterol,
            ni1_0.fat,
            ni1_0.product_id,
            ni1_0.protein,
            ni1_0.saturated_fat,
            ni1_0.sodium,
            ni1_0.sugar,
            ni1_0.trans_fat 
        from
            nutrition_info ni1_0 
        where
            ni1_0.product_id=?
    16:24:30.212 [pool-2-thread-193] DEBUG org.hibernate.SQL - 
        /* SELECT
            p 
        FROM
            Product p 
        WHERE
            p.id = :productId */ select
                p1_0.product_id,
                p1_0.category_id,
                p1_0.favorite_count,
                p1_0.price,
                p1_0.product_content,
                p1_0.product_name,
                p1_0.product_photo,
                p1_0.version 
            from
                product p1_0 
            where
                p1_0.product_id=? for update
    16:24:30.213 [pool-2-thread-191] DEBUG org.hibernate.SQL - 
        select
            f1_0.member_id,
            f1_0.product_id,
            f1_0.orderby 
        from
            favorite f1_0 
        where
            (
                f1_0.member_id, f1_0.product_id
            ) in ((?, ?))
    16:24:30.213 [pool-2-thread-191] DEBUG org.hibernate.SQL - 
        /* insert for
            com.codepresso.codepresso.entity.member.Favorite */insert 
        into
            favorite (orderby, member_id, product_id) 
        values
            (?, ?, ?)
    16:24:30.213 [pool-2-thread-191] DEBUG c.c.c.s.m.FavoritePessimisticService - 즐겨찾기 추가 성공 : memberId = 191, productId = 1
    16:24:30.213 [pool-2-thread-191] DEBUG c.c.c.s.m.FavoritePessimisticService - 메서드 종료 직전: memberId = 191, productId = 1
    16:24:30.214 [pool-2-thread-191] DEBUG c.c.c.s.m.FavoriteConcurrencyTest - 실패 : Could not commit JPA transaction 
    16:24:30.214 [pool-2-thread-186] DEBUG org.hibernate.SQL - 
        select
            ni1_0.nutrition_info_id,
            ni1_0.caffeine,
            ni1_0.calories,
            ni1_0.carbohydrate,
            ni1_0.cholesterol,
            ni1_0.fat,
            ni1_0.product_id,
            ni1_0.protein,
            ni1_0.saturated_fat,
            ni1_0.sodium,
            ni1_0.sugar,
            ni1_0.trans_fat 
        from
            nutrition_info ni1_0 
        where
            ni1_0.product_id=?
    16:24:30.214 [pool-2-thread-194] DEBUG org.hibernate.SQL - 
        /* SELECT
            p 
        FROM
            Product p 
        WHERE
            p.id = :productId */ select
                p1_0.product_id,
                p1_0.category_id,
                p1_0.favorite_count,
                p1_0.price,
                p1_0.product_content,
                p1_0.product_name,
                p1_0.product_photo,
                p1_0.version 
            from
                product p1_0 
            where
                p1_0.product_id=? for update
    16:24:30.214 [pool-2-thread-186] DEBUG org.hibernate.SQL - 
        select
            f1_0.member_id,
            f1_0.product_id,
            f1_0.orderby 
        from
            favorite f1_0 
        where
            (
                f1_0.member_id, f1_0.product_id
            ) in ((?, ?))
    16:24:30.215 [pool-2-thread-186] DEBUG org.hibernate.SQL - 
        /* insert for
            com.codepresso.codepresso.entity.member.Favorite */insert 
        into
            favorite (orderby, member_id, product_id) 
        values
            (?, ?, ?)
    16:24:30.215 [pool-2-thread-186] DEBUG c.c.c.s.m.FavoritePessimisticService - 즐겨찾기 추가 성공 : memberId = 186, productId = 1
    16:24:30.215 [pool-2-thread-186] DEBUG c.c.c.s.m.FavoritePessimisticService - 메서드 종료 직전: memberId = 186, productId = 1
    16:24:30.215 [pool-2-thread-186] DEBUG c.c.c.s.m.FavoriteConcurrencyTest - 실패 : Could not commit JPA transaction 
    16:24:30.215 [pool-2-thread-183] DEBUG org.hibernate.SQL - 
        select
            ni1_0.nutrition_info_id,
            ni1_0.caffeine,
            ni1_0.calories,
            ni1_0.carbohydrate,
            ni1_0.cholesterol,
            ni1_0.fat,
            ni1_0.product_id,
            ni1_0.protein,
            ni1_0.saturated_fat,
            ni1_0.sodium,
            ni1_0.sugar,
            ni1_0.trans_fat 
        from
            nutrition_info ni1_0 
        where
            ni1_0.product_id=?
    16:24:30.215 [pool-2-thread-195] DEBUG org.hibernate.SQL - 
        /* SELECT
            p 
        FROM
            Product p 
        WHERE
            p.id = :productId */ select
                p1_0.product_id,
                p1_0.category_id,
                p1_0.favorite_count,
                p1_0.price,
                p1_0.product_content,
                p1_0.product_name,
                p1_0.product_photo,
                p1_0.version 
            from
                product p1_0 
            where
                p1_0.product_id=? for update
    16:24:30.215 [pool-2-thread-183] DEBUG org.hibernate.SQL - 
        select
            f1_0.member_id,
            f1_0.product_id,
            f1_0.orderby 
        from
            favorite f1_0 
        where
            (
                f1_0.member_id, f1_0.product_id
            ) in ((?, ?))
    16:24:30.216 [pool-2-thread-183] DEBUG org.hibernate.SQL - 
        /* insert for
            com.codepresso.codepresso.entity.member.Favorite */insert 
        into
            favorite (orderby, member_id, product_id) 
        values
            (?, ?, ?)
    16:24:30.216 [pool-2-thread-183] DEBUG c.c.c.s.m.FavoritePessimisticService - 즐겨찾기 추가 성공 : memberId = 183, productId = 1
    16:24:30.216 [pool-2-thread-183] DEBUG c.c.c.s.m.FavoritePessimisticService - 메서드 종료 직전: memberId = 183, productId = 1
    16:24:30.216 [pool-2-thread-194] DEBUG org.hibernate.SQL - 
        select
            ni1_0.nutrition_info_id,
            ni1_0.caffeine,
            ni1_0.calories,
            ni1_0.carbohydrate,
            ni1_0.cholesterol,
            ni1_0.fat,
            ni1_0.product_id,
            ni1_0.protein,
            ni1_0.saturated_fat,
            ni1_0.sodium,
            ni1_0.sugar,
            ni1_0.trans_fat 
        from
            nutrition_info ni1_0 
        where
            ni1_0.product_id=?
    16:24:30.216 [pool-2-thread-183] DEBUG c.c.c.s.m.FavoriteConcurrencyTest - 실패 : Could not commit JPA transaction 
    16:24:30.216 [pool-2-thread-196] DEBUG org.hibernate.SQL - 
        /* SELECT
            p 
        FROM
            Product p 
        WHERE
            p.id = :productId */ select
                p1_0.product_id,
                p1_0.category_id,
                p1_0.favorite_count,
                p1_0.price,
                p1_0.product_content,
                p1_0.product_name,
                p1_0.product_photo,
                p1_0.version 
            from
                product p1_0 
            where
                p1_0.product_id=? for update
    16:24:30.216 [pool-2-thread-194] DEBUG org.hibernate.SQL - 
        select
            f1_0.member_id,
            f1_0.product_id,
            f1_0.orderby 
        from
            favorite f1_0 
        where
            (
                f1_0.member_id, f1_0.product_id
            ) in ((?, ?))
    16:24:30.217 [pool-2-thread-194] DEBUG org.hibernate.SQL - 
        /* insert for
            com.codepresso.codepresso.entity.member.Favorite */insert 
        into
            favorite (orderby, member_id, product_id) 
        values
            (?, ?, ?)
    16:24:30.217 [pool-2-thread-194] DEBUG c.c.c.s.m.FavoritePessimisticService - 즐겨찾기 추가 성공 : memberId = 194, productId = 1
    16:24:30.217 [pool-2-thread-194] DEBUG c.c.c.s.m.FavoritePessimisticService - 메서드 종료 직전: memberId = 194, productId = 1
    16:24:30.217 [pool-2-thread-194] DEBUG c.c.c.s.m.FavoriteConcurrencyTest - 실패 : Could not commit JPA transaction 
    16:24:30.217 [pool-2-thread-195] DEBUG org.hibernate.SQL - 
        select
            ni1_0.nutrition_info_id,
            ni1_0.caffeine,
            ni1_0.calories,
            ni1_0.carbohydrate,
            ni1_0.cholesterol,
            ni1_0.fat,
            ni1_0.product_id,
            ni1_0.protein,
            ni1_0.saturated_fat,
            ni1_0.sodium,
            ni1_0.sugar,
            ni1_0.trans_fat 
        from
            nutrition_info ni1_0 
        where
            ni1_0.product_id=?
    16:24:30.218 [pool-2-thread-195] DEBUG org.hibernate.SQL - 
        select
            f1_0.member_id,
            f1_0.product_id,
            f1_0.orderby 
        from
            favorite f1_0 
        where
            (
                f1_0.member_id, f1_0.product_id
            ) in ((?, ?))
    16:24:30.218 [pool-2-thread-197] DEBUG org.hibernate.SQL - 
        /* SELECT
            p 
        FROM
            Product p 
        WHERE
            p.id = :productId */ select
                p1_0.product_id,
                p1_0.category_id,
                p1_0.favorite_count,
                p1_0.price,
                p1_0.product_content,
                p1_0.product_name,
                p1_0.product_photo,
                p1_0.version 
            from
                product p1_0 
            where
                p1_0.product_id=? for update
    16:24:30.218 [pool-2-thread-195] DEBUG org.hibernate.SQL - 
        /* insert for
            com.codepresso.codepresso.entity.member.Favorite */insert 
        into
            favorite (orderby, member_id, product_id) 
        values
            (?, ?, ?)
    16:24:30.218 [pool-2-thread-195] DEBUG c.c.c.s.m.FavoritePessimisticService - 즐겨찾기 추가 성공 : memberId = 195, productId = 1
    16:24:30.218 [pool-2-thread-195] DEBUG c.c.c.s.m.FavoritePessimisticService - 메서드 종료 직전: memberId = 195, productId = 1
    16:24:30.218 [pool-2-thread-195] DEBUG c.c.c.s.m.FavoriteConcurrencyTest - 실패 : Could not commit JPA transaction 
    16:24:30.219 [pool-2-thread-196] DEBUG org.hibernate.SQL - 
        select
            ni1_0.nutrition_info_id,
            ni1_0.caffeine,
            ni1_0.calories,
            ni1_0.carbohydrate,
            ni1_0.cholesterol,
            ni1_0.fat,
            ni1_0.product_id,
            ni1_0.protein,
            ni1_0.saturated_fat,
            ni1_0.sodium,
            ni1_0.sugar,
            ni1_0.trans_fat 
        from
            nutrition_info ni1_0 
        where
            ni1_0.product_id=?
    16:24:30.219 [pool-2-thread-198] DEBUG org.hibernate.SQL - 
        /* SELECT
            p 
        FROM
            Product p 
        WHERE
            p.id = :productId */ select
                p1_0.product_id,
                p1_0.category_id,
                p1_0.favorite_count,
                p1_0.price,
                p1_0.product_content,
                p1_0.product_name,
                p1_0.product_photo,
                p1_0.version 
            from
                product p1_0 
            where
                p1_0.product_id=? for update
    16:24:30.219 [pool-2-thread-196] DEBUG org.hibernate.SQL - 
        select
            f1_0.member_id,
            f1_0.product_id,
            f1_0.orderby 
        from
            favorite f1_0 
        where
            (
                f1_0.member_id, f1_0.product_id
            ) in ((?, ?))
    16:24:30.220 [pool-2-thread-196] DEBUG org.hibernate.SQL - 
        /* insert for
            com.codepresso.codepresso.entity.member.Favorite */insert 
        into
            favorite (orderby, member_id, product_id) 
        values
            (?, ?, ?)
    16:24:30.220 [pool-2-thread-196] DEBUG c.c.c.s.m.FavoritePessimisticService - 즐겨찾기 추가 성공 : memberId = 196, productId = 1
    16:24:30.220 [pool-2-thread-196] DEBUG c.c.c.s.m.FavoritePessimisticService - 메서드 종료 직전: memberId = 196, productId = 1
    16:24:30.220 [pool-2-thread-196] DEBUG c.c.c.s.m.FavoriteConcurrencyTest - 실패 : Could not commit JPA transaction 
    16:24:30.220 [pool-2-thread-197] DEBUG org.hibernate.SQL - 
        select
            ni1_0.nutrition_info_id,
            ni1_0.caffeine,
            ni1_0.calories,
            ni1_0.carbohydrate,
            ni1_0.cholesterol,
            ni1_0.fat,
            ni1_0.product_id,
            ni1_0.protein,
            ni1_0.saturated_fat,
            ni1_0.sodium,
            ni1_0.sugar,
            ni1_0.trans_fat 
        from
            nutrition_info ni1_0 
        where
            ni1_0.product_id=?
    16:24:30.221 [pool-2-thread-197] DEBUG org.hibernate.SQL - 
        select
            f1_0.member_id,
            f1_0.product_id,
            f1_0.orderby 
        from
            favorite f1_0 
        where
            (
                f1_0.member_id, f1_0.product_id
            ) in ((?, ?))
    16:24:30.221 [pool-2-thread-199] DEBUG org.hibernate.SQL - 
        /* SELECT
            p 
        FROM
            Product p 
        WHERE
            p.id = :productId */ select
                p1_0.product_id,
                p1_0.category_id,
                p1_0.favorite_count,
                p1_0.price,
                p1_0.product_content,
                p1_0.product_name,
                p1_0.product_photo,
                p1_0.version 
            from
                product p1_0 
            where
                p1_0.product_id=? for update
    16:24:30.221 [pool-2-thread-197] DEBUG org.hibernate.SQL - 
        /* insert for
            com.codepresso.codepresso.entity.member.Favorite */insert 
        into
            favorite (orderby, member_id, product_id) 
        values
            (?, ?, ?)
    16:24:30.221 [pool-2-thread-197] DEBUG c.c.c.s.m.FavoritePessimisticService - 즐겨찾기 추가 성공 : memberId = 197, productId = 1
    16:24:30.221 [pool-2-thread-197] DEBUG c.c.c.s.m.FavoritePessimisticService - 메서드 종료 직전: memberId = 197, productId = 1
    16:24:30.222 [pool-2-thread-197] DEBUG c.c.c.s.m.FavoriteConcurrencyTest - 실패 : Could not commit JPA transaction 
    16:24:30.222 [pool-2-thread-192] DEBUG org.hibernate.SQL - 
        select
            ni1_0.nutrition_info_id,
            ni1_0.caffeine,
            ni1_0.calories,
            ni1_0.carbohydrate,
            ni1_0.cholesterol,
            ni1_0.fat,
            ni1_0.product_id,
            ni1_0.protein,
            ni1_0.saturated_fat,
            ni1_0.sodium,
            ni1_0.sugar,
            ni1_0.trans_fat 
        from
            nutrition_info ni1_0 
        where
            ni1_0.product_id=?
    16:24:30.222 [pool-2-thread-200] DEBUG org.hibernate.SQL - 
        /* SELECT
            p 
        FROM
            Product p 
        WHERE
            p.id = :productId */ select
                p1_0.product_id,
                p1_0.category_id,
                p1_0.favorite_count,
                p1_0.price,
                p1_0.product_content,
                p1_0.product_name,
                p1_0.product_photo,
                p1_0.version 
            from
                product p1_0 
            where
                p1_0.product_id=? for update
    16:24:30.222 [pool-2-thread-192] DEBUG org.hibernate.SQL - 
        select
            f1_0.member_id,
            f1_0.product_id,
            f1_0.orderby 
        from
            favorite f1_0 
        where
            (
                f1_0.member_id, f1_0.product_id
            ) in ((?, ?))
    16:24:30.223 [pool-2-thread-192] DEBUG org.hibernate.SQL - 
        /* insert for
            com.codepresso.codepresso.entity.member.Favorite */insert 
        into
            favorite (orderby, member_id, product_id) 
        values
            (?, ?, ?)
    16:24:30.223 [pool-2-thread-192] DEBUG c.c.c.s.m.FavoritePessimisticService - 즐겨찾기 추가 성공 : memberId = 192, productId = 1
    16:24:30.223 [pool-2-thread-192] DEBUG c.c.c.s.m.FavoritePessimisticService - 메서드 종료 직전: memberId = 192, productId = 1
    16:24:30.223 [pool-2-thread-192] DEBUG c.c.c.s.m.FavoriteConcurrencyTest - 실패 : Could not commit JPA transaction 
    16:24:30.223 [pool-2-thread-199] DEBUG org.hibernate.SQL - 
        select
            ni1_0.nutrition_info_id,
            ni1_0.caffeine,
            ni1_0.calories,
            ni1_0.carbohydrate,
            ni1_0.cholesterol,
            ni1_0.fat,
            ni1_0.product_id,
            ni1_0.protein,
            ni1_0.saturated_fat,
            ni1_0.sodium,
            ni1_0.sugar,
            ni1_0.trans_fat 
        from
            nutrition_info ni1_0 
        where
            ni1_0.product_id=?
    16:24:30.223 [pool-2-thread-202] DEBUG org.hibernate.SQL - 
        /* SELECT
            p 
        FROM
            Product p 
        WHERE
            p.id = :productId */ select
                p1_0.product_id,
                p1_0.category_id,
                p1_0.favorite_count,
                p1_0.price,
                p1_0.product_content,
                p1_0.product_name,
                p1_0.product_photo,
                p1_0.version 
            from
                product p1_0 
            where
                p1_0.product_id=? for update
    16:24:30.224 [pool-2-thread-199] DEBUG org.hibernate.SQL - 
        select
            f1_0.member_id,
            f1_0.product_id,
            f1_0.orderby 
        from
            favorite f1_0 
        where
            (
                f1_0.member_id, f1_0.product_id
            ) in ((?, ?))
    16:24:30.224 [pool-2-thread-199] DEBUG org.hibernate.SQL - 
        /* insert for
            com.codepresso.codepresso.entity.member.Favorite */insert 
        into
            favorite (orderby, member_id, product_id) 
        values
            (?, ?, ?)
    16:24:30.224 [pool-2-thread-199] DEBUG c.c.c.s.m.FavoritePessimisticService - 즐겨찾기 추가 성공 : memberId = 199, productId = 1
    16:24:30.224 [pool-2-thread-199] DEBUG c.c.c.s.m.FavoritePessimisticService - 메서드 종료 직전: memberId = 199, productId = 1
    16:24:30.225 [pool-2-thread-200] DEBUG org.hibernate.SQL - 
        select
            ni1_0.nutrition_info_id,
            ni1_0.caffeine,
            ni1_0.calories,
            ni1_0.carbohydrate,
            ni1_0.cholesterol,
            ni1_0.fat,
            ni1_0.product_id,
            ni1_0.protein,
            ni1_0.saturated_fat,
            ni1_0.sodium,
            ni1_0.sugar,
            ni1_0.trans_fat 
        from
            nutrition_info ni1_0 
        where
            ni1_0.product_id=?
    16:24:30.225 [pool-2-thread-200] DEBUG org.hibernate.SQL - 
        select
            f1_0.member_id,
            f1_0.product_id,
            f1_0.orderby 
        from
            favorite f1_0 
        where
            (
                f1_0.member_id, f1_0.product_id
            ) in ((?, ?))
    16:24:30.225 [pool-2-thread-199] DEBUG c.c.c.s.m.FavoriteConcurrencyTest - 실패 : Could not commit JPA transaction 
    16:24:30.226 [pool-2-thread-200] DEBUG org.hibernate.SQL - 
        /* insert for
            com.codepresso.codepresso.entity.member.Favorite */insert 
        into
            favorite (orderby, member_id, product_id) 
        values
            (?, ?, ?)
    16:24:30.226 [pool-2-thread-201] DEBUG org.hibernate.SQL - 
        /* SELECT
            p 
        FROM
            Product p 
        WHERE
            p.id = :productId */ select
                p1_0.product_id,
                p1_0.category_id,
                p1_0.favorite_count,
                p1_0.price,
                p1_0.product_content,
                p1_0.product_name,
                p1_0.product_photo,
                p1_0.version 
            from
                product p1_0 
            where
                p1_0.product_id=? for update
    16:24:30.226 [pool-2-thread-200] DEBUG c.c.c.s.m.FavoritePessimisticService - 즐겨찾기 추가 성공 : memberId = 200, productId = 1
    16:24:30.226 [pool-2-thread-200] DEBUG c.c.c.s.m.FavoritePessimisticService - 메서드 종료 직전: memberId = 200, productId = 1
    16:24:30.227 [pool-2-thread-200] DEBUG c.c.c.s.m.FavoriteConcurrencyTest - 실패 : Could not commit JPA transaction 
    16:24:30.227 [pool-2-thread-201] DEBUG org.hibernate.SQL - 
        select
            ni1_0.nutrition_info_id,
            ni1_0.caffeine,
            ni1_0.calories,
            ni1_0.carbohydrate,
            ni1_0.cholesterol,
            ni1_0.fat,
            ni1_0.product_id,
            ni1_0.protein,
            ni1_0.saturated_fat,
            ni1_0.sodium,
            ni1_0.sugar,
            ni1_0.trans_fat 
        from
            nutrition_info ni1_0 
        where
            ni1_0.product_id=?
    16:24:30.227 [pool-2-thread-203] DEBUG org.hibernate.SQL - 
        /* SELECT
            p 
        FROM
            Product p 
        WHERE
            p.id = :productId */ select
                p1_0.product_id,
                p1_0.category_id,
                p1_0.favorite_count,
                p1_0.price,
                p1_0.product_content,
                p1_0.product_name,
                p1_0.product_photo,
                p1_0.version 
            from
                product p1_0 
            where
                p1_0.product_id=? for update
    16:24:30.227 [pool-2-thread-201] DEBUG org.hibernate.SQL - 
        select
            f1_0.member_id,
            f1_0.product_id,
            f1_0.orderby 
        from
            favorite f1_0 
        where
            (
                f1_0.member_id, f1_0.product_id
            ) in ((?, ?))
    16:24:30.227 [pool-2-thread-201] DEBUG org.hibernate.SQL - 
        /* insert for
            com.codepresso.codepresso.entity.member.Favorite */insert 
        into
            favorite (orderby, member_id, product_id) 
        values
            (?, ?, ?)
    16:24:30.228 [pool-2-thread-201] DEBUG c.c.c.s.m.FavoritePessimisticService - 즐겨찾기 추가 성공 : memberId = 201, productId = 1
    16:24:30.228 [pool-2-thread-201] DEBUG c.c.c.s.m.FavoritePessimisticService - 메서드 종료 직전: memberId = 201, productId = 1
    16:24:30.228 [pool-2-thread-201] DEBUG c.c.c.s.m.FavoriteConcurrencyTest - 실패 : Could not commit JPA transaction 
    16:24:30.228 [pool-2-thread-202] DEBUG org.hibernate.SQL - 
        select
            ni1_0.nutrition_info_id,
            ni1_0.caffeine,
            ni1_0.calories,
            ni1_0.carbohydrate,
            ni1_0.cholesterol,
            ni1_0.fat,
            ni1_0.product_id,
            ni1_0.protein,
            ni1_0.saturated_fat,
            ni1_0.sodium,
            ni1_0.sugar,
            ni1_0.trans_fat 
        from
            nutrition_info ni1_0 
        where
            ni1_0.product_id=?
    16:24:30.228 [pool-2-thread-204] DEBUG org.hibernate.SQL - 
        /* SELECT
            p 
        FROM
            Product p 
        WHERE
            p.id = :productId */ select
                p1_0.product_id,
                p1_0.category_id,
                p1_0.favorite_count,
                p1_0.price,
                p1_0.product_content,
                p1_0.product_name,
                p1_0.product_photo,
                p1_0.version 
            from
                product p1_0 
            where
                p1_0.product_id=? for update
    16:24:30.229 [pool-2-thread-202] DEBUG org.hibernate.SQL - 
        select
            f1_0.member_id,
            f1_0.product_id,
            f1_0.orderby 
        from
            favorite f1_0 
        where
            (
                f1_0.member_id, f1_0.product_id
            ) in ((?, ?))
    16:24:30.229 [pool-2-thread-202] DEBUG org.hibernate.SQL - 
        /* insert for
            com.codepresso.codepresso.entity.member.Favorite */insert 
        into
            favorite (orderby, member_id, product_id) 
        values
            (?, ?, ?)
    16:24:30.229 [pool-2-thread-202] DEBUG c.c.c.s.m.FavoritePessimisticService - 즐겨찾기 추가 성공 : memberId = 202, productId = 1
    16:24:30.229 [pool-2-thread-202] DEBUG c.c.c.s.m.FavoritePessimisticService - 메서드 종료 직전: memberId = 202, productId = 1
    16:24:30.229 [pool-2-thread-202] DEBUG c.c.c.s.m.FavoriteConcurrencyTest - 실패 : Could not commit JPA transaction 
    16:24:30.229 [pool-2-thread-174] DEBUG org.hibernate.SQL - 
        select
            ni1_0.nutrition_info_id,
            ni1_0.caffeine,
            ni1_0.calories,
            ni1_0.carbohydrate,
            ni1_0.cholesterol,
            ni1_0.fat,
            ni1_0.product_id,
            ni1_0.protein,
            ni1_0.saturated_fat,
            ni1_0.sodium,
            ni1_0.sugar,
            ni1_0.trans_fat 
        from
            nutrition_info ni1_0 
        where
            ni1_0.product_id=?
    16:24:30.230 [pool-2-thread-205] DEBUG org.hibernate.SQL - 
        /* SELECT
            p 
        FROM
            Product p 
        WHERE
            p.id = :productId */ select
                p1_0.product_id,
                p1_0.category_id,
                p1_0.favorite_count,
                p1_0.price,
                p1_0.product_content,
                p1_0.product_name,
                p1_0.product_photo,
                p1_0.version 
            from
                product p1_0 
            where
                p1_0.product_id=? for update
    16:24:30.230 [pool-2-thread-174] DEBUG org.hibernate.SQL - 
        select
            f1_0.member_id,
            f1_0.product_id,
            f1_0.orderby 
        from
            favorite f1_0 
        where
            (
                f1_0.member_id, f1_0.product_id
            ) in ((?, ?))
    16:24:30.230 [pool-2-thread-174] DEBUG org.hibernate.SQL - 
        /* insert for
            com.codepresso.codepresso.entity.member.Favorite */insert 
        into
            favorite (orderby, member_id, product_id) 
        values
            (?, ?, ?)
    16:24:30.230 [pool-2-thread-174] DEBUG c.c.c.s.m.FavoritePessimisticService - 즐겨찾기 추가 성공 : memberId = 174, productId = 1
    16:24:30.230 [pool-2-thread-174] DEBUG c.c.c.s.m.FavoritePessimisticService - 메서드 종료 직전: memberId = 174, productId = 1
    16:24:30.231 [pool-2-thread-174] DEBUG c.c.c.s.m.FavoriteConcurrencyTest - 실패 : Could not commit JPA transaction 
    16:24:30.231 [pool-2-thread-156] DEBUG org.hibernate.SQL - 
        select
            ni1_0.nutrition_info_id,
            ni1_0.caffeine,
            ni1_0.calories,
            ni1_0.carbohydrate,
            ni1_0.cholesterol,
            ni1_0.fat,
            ni1_0.product_id,
            ni1_0.protein,
            ni1_0.saturated_fat,
            ni1_0.sodium,
            ni1_0.sugar,
            ni1_0.trans_fat 
        from
            nutrition_info ni1_0 
        where
            ni1_0.product_id=?
    16:24:30.231 [pool-2-thread-206] DEBUG org.hibernate.SQL - 
        /* SELECT
            p 
        FROM
            Product p 
        WHERE
            p.id = :productId */ select
                p1_0.product_id,
                p1_0.category_id,
                p1_0.favorite_count,
                p1_0.price,
                p1_0.product_content,
                p1_0.product_name,
                p1_0.product_photo,
                p1_0.version 
            from
                product p1_0 
            where
                p1_0.product_id=? for update
    16:24:30.231 [pool-2-thread-156] DEBUG org.hibernate.SQL - 
        select
            f1_0.member_id,
            f1_0.product_id,
            f1_0.orderby 
        from
            favorite f1_0 
        where
            (
                f1_0.member_id, f1_0.product_id
            ) in ((?, ?))
    16:24:30.231 [pool-2-thread-156] DEBUG org.hibernate.SQL - 
        /* insert for
            com.codepresso.codepresso.entity.member.Favorite */insert 
        into
            favorite (orderby, member_id, product_id) 
        values
            (?, ?, ?)
    16:24:30.231 [pool-2-thread-156] DEBUG c.c.c.s.m.FavoritePessimisticService - 즐겨찾기 추가 성공 : memberId = 156, productId = 1
    16:24:30.231 [pool-2-thread-156] DEBUG c.c.c.s.m.FavoritePessimisticService - 메서드 종료 직전: memberId = 156, productId = 1
    16:24:30.232 [pool-2-thread-156] DEBUG c.c.c.s.m.FavoriteConcurrencyTest - 실패 : Could not commit JPA transaction 
    16:24:30.232 [pool-2-thread-205] DEBUG org.hibernate.SQL - 
        select
            ni1_0.nutrition_info_id,
            ni1_0.caffeine,
            ni1_0.calories,
            ni1_0.carbohydrate,
            ni1_0.cholesterol,
            ni1_0.fat,
            ni1_0.product_id,
            ni1_0.protein,
            ni1_0.saturated_fat,
            ni1_0.sodium,
            ni1_0.sugar,
            ni1_0.trans_fat 
        from
            nutrition_info ni1_0 
        where
            ni1_0.product_id=?
    16:24:30.232 [pool-2-thread-207] DEBUG org.hibernate.SQL - 
        /* SELECT
            p 
        FROM
            Product p 
        WHERE
            p.id = :productId */ select
                p1_0.product_id,
                p1_0.category_id,
                p1_0.favorite_count,
                p1_0.price,
                p1_0.product_content,
                p1_0.product_name,
                p1_0.product_photo,
                p1_0.version 
            from
                product p1_0 
            where
                p1_0.product_id=? for update
    16:24:30.232 [pool-2-thread-205] DEBUG org.hibernate.SQL - 
        select
            f1_0.member_id,
            f1_0.product_id,
            f1_0.orderby 
        from
            favorite f1_0 
        where
            (
                f1_0.member_id, f1_0.product_id
            ) in ((?, ?))
    16:24:30.232 [pool-2-thread-205] DEBUG org.hibernate.SQL - 
        /* insert for
            com.codepresso.codepresso.entity.member.Favorite */insert 
        into
            favorite (orderby, member_id, product_id) 
        values
            (?, ?, ?)
    16:24:30.232 [pool-2-thread-205] DEBUG c.c.c.s.m.FavoritePessimisticService - 즐겨찾기 추가 성공 : memberId = 205, productId = 1
    16:24:30.232 [pool-2-thread-205] DEBUG c.c.c.s.m.FavoritePessimisticService - 메서드 종료 직전: memberId = 205, productId = 1
    16:24:30.233 [pool-2-thread-205] DEBUG c.c.c.s.m.FavoriteConcurrencyTest - 실패 : Could not commit JPA transaction 
    16:24:30.233 [pool-2-thread-206] DEBUG org.hibernate.SQL - 
        select
            ni1_0.nutrition_info_id,
            ni1_0.caffeine,
            ni1_0.calories,
            ni1_0.carbohydrate,
            ni1_0.cholesterol,
            ni1_0.fat,
            ni1_0.product_id,
            ni1_0.protein,
            ni1_0.saturated_fat,
            ni1_0.sodium,
            ni1_0.sugar,
            ni1_0.trans_fat 
        from
            nutrition_info ni1_0 
        where
            ni1_0.product_id=?
    16:24:30.233 [pool-2-thread-208] DEBUG org.hibernate.SQL - 
        /* SELECT
            p 
        FROM
            Product p 
        WHERE
            p.id = :productId */ select
                p1_0.product_id,
                p1_0.category_id,
                p1_0.favorite_count,
                p1_0.price,
                p1_0.product_content,
                p1_0.product_name,
                p1_0.product_photo,
                p1_0.version 
            from
                product p1_0 
            where
                p1_0.product_id=? for update
    16:24:30.233 [pool-2-thread-206] DEBUG org.hibernate.SQL - 
        select
            f1_0.member_id,
            f1_0.product_id,
            f1_0.orderby 
        from
            favorite f1_0 
        where
            (
                f1_0.member_id, f1_0.product_id
            ) in ((?, ?))
    16:24:30.234 [pool-2-thread-206] DEBUG org.hibernate.SQL - 
        /* insert for
            com.codepresso.codepresso.entity.member.Favorite */insert 
        into
            favorite (orderby, member_id, product_id) 
        values
            (?, ?, ?)
    16:24:30.234 [pool-2-thread-206] DEBUG c.c.c.s.m.FavoritePessimisticService - 즐겨찾기 추가 성공 : memberId = 206, productId = 1
    16:24:30.234 [pool-2-thread-206] DEBUG c.c.c.s.m.FavoritePessimisticService - 메서드 종료 직전: memberId = 206, productId = 1
    16:24:30.234 [pool-2-thread-206] DEBUG c.c.c.s.m.FavoriteConcurrencyTest - 실패 : Could not commit JPA transaction 
    16:24:30.234 [pool-2-thread-207] DEBUG org.hibernate.SQL - 
        select
            ni1_0.nutrition_info_id,
            ni1_0.caffeine,
            ni1_0.calories,
            ni1_0.carbohydrate,
            ni1_0.cholesterol,
            ni1_0.fat,
            ni1_0.product_id,
            ni1_0.protein,
            ni1_0.saturated_fat,
            ni1_0.sodium,
            ni1_0.sugar,
            ni1_0.trans_fat 
        from
            nutrition_info ni1_0 
        where
            ni1_0.product_id=?
    16:24:30.234 [pool-2-thread-209] DEBUG org.hibernate.SQL - 
        /* SELECT
            p 
        FROM
            Product p 
        WHERE
            p.id = :productId */ select
                p1_0.product_id,
                p1_0.category_id,
                p1_0.favorite_count,
                p1_0.price,
                p1_0.product_content,
                p1_0.product_name,
                p1_0.product_photo,
                p1_0.version 
            from
                product p1_0 
            where
                p1_0.product_id=? for update
    16:24:30.235 [pool-2-thread-207] DEBUG org.hibernate.SQL - 
        select
            f1_0.member_id,
            f1_0.product_id,
            f1_0.orderby 
        from
            favorite f1_0 
        where
            (
                f1_0.member_id, f1_0.product_id
            ) in ((?, ?))
    16:24:30.235 [pool-2-thread-207] DEBUG org.hibernate.SQL - 
        /* insert for
            com.codepresso.codepresso.entity.member.Favorite */insert 
        into
            favorite (orderby, member_id, product_id) 
        values
            (?, ?, ?)
    16:24:30.235 [pool-2-thread-207] DEBUG c.c.c.s.m.FavoritePessimisticService - 즐겨찾기 추가 성공 : memberId = 207, productId = 1
    16:24:30.235 [pool-2-thread-207] DEBUG c.c.c.s.m.FavoritePessimisticService - 메서드 종료 직전: memberId = 207, productId = 1
    16:24:30.235 [pool-2-thread-207] DEBUG c.c.c.s.m.FavoriteConcurrencyTest - 실패 : Could not commit JPA transaction 
    16:24:30.235 [pool-2-thread-176] DEBUG org.hibernate.SQL - 
        select
            ni1_0.nutrition_info_id,
            ni1_0.caffeine,
            ni1_0.calories,
            ni1_0.carbohydrate,
            ni1_0.cholesterol,
            ni1_0.fat,
            ni1_0.product_id,
            ni1_0.protein,
            ni1_0.saturated_fat,
            ni1_0.sodium,
            ni1_0.sugar,
            ni1_0.trans_fat 
        from
            nutrition_info ni1_0 
        where
            ni1_0.product_id=?
    16:24:30.236 [pool-2-thread-210] DEBUG org.hibernate.SQL - 
        /* SELECT
            p 
        FROM
            Product p 
        WHERE
            p.id = :productId */ select
                p1_0.product_id,
                p1_0.category_id,
                p1_0.favorite_count,
                p1_0.price,
                p1_0.product_content,
                p1_0.product_name,
                p1_0.product_photo,
                p1_0.version 
            from
                product p1_0 
            where
                p1_0.product_id=? for update
    16:24:30.236 [pool-2-thread-176] DEBUG org.hibernate.SQL - 
        select
            f1_0.member_id,
            f1_0.product_id,
            f1_0.orderby 
        from
            favorite f1_0 
        where
            (
                f1_0.member_id, f1_0.product_id
            ) in ((?, ?))
    16:24:30.236 [pool-2-thread-176] DEBUG org.hibernate.SQL - 
        /* insert for
            com.codepresso.codepresso.entity.member.Favorite */insert 
        into
            favorite (orderby, member_id, product_id) 
        values
            (?, ?, ?)
    16:24:30.236 [pool-2-thread-176] DEBUG c.c.c.s.m.FavoritePessimisticService - 즐겨찾기 추가 성공 : memberId = 176, productId = 1
    16:24:30.236 [pool-2-thread-176] DEBUG c.c.c.s.m.FavoritePessimisticService - 메서드 종료 직전: memberId = 176, productId = 1
    16:24:30.237 [pool-2-thread-176] DEBUG c.c.c.s.m.FavoriteConcurrencyTest - 실패 : Could not commit JPA transaction 
    16:24:30.237 [pool-2-thread-209] DEBUG org.hibernate.SQL - 
        select
            ni1_0.nutrition_info_id,
            ni1_0.caffeine,
            ni1_0.calories,
            ni1_0.carbohydrate,
            ni1_0.cholesterol,
            ni1_0.fat,
            ni1_0.product_id,
            ni1_0.protein,
            ni1_0.saturated_fat,
            ni1_0.sodium,
            ni1_0.sugar,
            ni1_0.trans_fat 
        from
            nutrition_info ni1_0 
        where
            ni1_0.product_id=?
    16:24:30.237 [pool-2-thread-211] DEBUG org.hibernate.SQL - 
        /* SELECT
            p 
        FROM
            Product p 
        WHERE
            p.id = :productId */ select
                p1_0.product_id,
                p1_0.category_id,
                p1_0.favorite_count,
                p1_0.price,
                p1_0.product_content,
                p1_0.product_name,
                p1_0.product_photo,
                p1_0.version 
            from
                product p1_0 
            where
                p1_0.product_id=? for update
    16:24:30.237 [pool-2-thread-209] DEBUG org.hibernate.SQL - 
        select
            f1_0.member_id,
            f1_0.product_id,
            f1_0.orderby 
        from
            favorite f1_0 
        where
            (
                f1_0.member_id, f1_0.product_id
            ) in ((?, ?))
    16:24:30.237 [pool-2-thread-209] DEBUG org.hibernate.SQL - 
        /* insert for
            com.codepresso.codepresso.entity.member.Favorite */insert 
        into
            favorite (orderby, member_id, product_id) 
        values
            (?, ?, ?)
    16:24:30.238 [pool-2-thread-209] DEBUG c.c.c.s.m.FavoritePessimisticService - 즐겨찾기 추가 성공 : memberId = 209, productId = 1
    16:24:30.238 [pool-2-thread-209] DEBUG c.c.c.s.m.FavoritePessimisticService - 메서드 종료 직전: memberId = 209, productId = 1
    16:24:30.238 [pool-2-thread-209] DEBUG c.c.c.s.m.FavoriteConcurrencyTest - 실패 : Could not commit JPA transaction 
    16:24:30.238 [pool-2-thread-212] DEBUG org.hibernate.SQL - 
        /* SELECT
            p 
        FROM
            Product p 
        WHERE
            p.id = :productId */ select
                p1_0.product_id,
                p1_0.category_id,
                p1_0.favorite_count,
                p1_0.price,
                p1_0.product_content,
                p1_0.product_name,
                p1_0.product_photo,
                p1_0.version 
            from
                product p1_0 
            where
                p1_0.product_id=? for update
    16:24:30.238 [pool-2-thread-208] DEBUG org.hibernate.SQL - 
        select
            ni1_0.nutrition_info_id,
            ni1_0.caffeine,
            ni1_0.calories,
            ni1_0.carbohydrate,
            ni1_0.cholesterol,
            ni1_0.fat,
            ni1_0.product_id,
            ni1_0.protein,
            ni1_0.saturated_fat,
            ni1_0.sodium,
            ni1_0.sugar,
            ni1_0.trans_fat 
        from
            nutrition_info ni1_0 
        where
            ni1_0.product_id=?
    16:24:30.239 [pool-2-thread-208] DEBUG org.hibernate.SQL - 
        select
            f1_0.member_id,
            f1_0.product_id,
            f1_0.orderby 
        from
            favorite f1_0 
        where
            (
                f1_0.member_id, f1_0.product_id
            ) in ((?, ?))
    16:24:30.239 [pool-2-thread-208] DEBUG org.hibernate.SQL - 
        /* insert for
            com.codepresso.codepresso.entity.member.Favorite */insert 
        into
            favorite (orderby, member_id, product_id) 
        values
            (?, ?, ?)
    16:24:30.240 [pool-2-thread-208] DEBUG c.c.c.s.m.FavoritePessimisticService - 즐겨찾기 추가 성공 : memberId = 208, productId = 1
    16:24:30.240 [pool-2-thread-208] DEBUG c.c.c.s.m.FavoritePessimisticService - 메서드 종료 직전: memberId = 208, productId = 1
    16:24:30.240 [pool-2-thread-208] DEBUG c.c.c.s.m.FavoriteConcurrencyTest - 실패 : Could not commit JPA transaction 
    16:24:30.240 [pool-2-thread-211] DEBUG org.hibernate.SQL - 
        select
            ni1_0.nutrition_info_id,
            ni1_0.caffeine,
            ni1_0.calories,
            ni1_0.carbohydrate,
            ni1_0.cholesterol,
            ni1_0.fat,
            ni1_0.product_id,
            ni1_0.protein,
            ni1_0.saturated_fat,
            ni1_0.sodium,
            ni1_0.sugar,
            ni1_0.trans_fat 
        from
            nutrition_info ni1_0 
        where
            ni1_0.product_id=?
    16:24:30.240 [pool-2-thread-213] DEBUG org.hibernate.SQL - 
        /* SELECT
            p 
        FROM
            Product p 
        WHERE
            p.id = :productId */ select
                p1_0.product_id,
                p1_0.category_id,
                p1_0.favorite_count,
                p1_0.price,
                p1_0.product_content,
                p1_0.product_name,
                p1_0.product_photo,
                p1_0.version 
            from
                product p1_0 
            where
                p1_0.product_id=? for update
    16:24:30.240 [pool-2-thread-211] DEBUG org.hibernate.SQL - 
        select
            f1_0.member_id,
            f1_0.product_id,
            f1_0.orderby 
        from
            favorite f1_0 
        where
            (
                f1_0.member_id, f1_0.product_id
            ) in ((?, ?))
    16:24:30.241 [pool-2-thread-211] DEBUG org.hibernate.SQL - 
        /* insert for
            com.codepresso.codepresso.entity.member.Favorite */insert 
        into
            favorite (orderby, member_id, product_id) 
        values
            (?, ?, ?)
    16:24:30.241 [pool-2-thread-211] DEBUG c.c.c.s.m.FavoritePessimisticService - 즐겨찾기 추가 성공 : memberId = 211, productId = 1
    16:24:30.241 [pool-2-thread-211] DEBUG c.c.c.s.m.FavoritePessimisticService - 메서드 종료 직전: memberId = 211, productId = 1
    16:24:30.241 [pool-2-thread-211] DEBUG c.c.c.s.m.FavoriteConcurrencyTest - 실패 : Could not commit JPA transaction 
    16:24:30.241 [pool-2-thread-213] DEBUG org.hibernate.SQL - 
        select
            ni1_0.nutrition_info_id,
            ni1_0.caffeine,
            ni1_0.calories,
            ni1_0.carbohydrate,
            ni1_0.cholesterol,
            ni1_0.fat,
            ni1_0.product_id,
            ni1_0.protein,
            ni1_0.saturated_fat,
            ni1_0.sodium,
            ni1_0.sugar,
            ni1_0.trans_fat 
        from
            nutrition_info ni1_0 
        where
            ni1_0.product_id=?
    16:24:30.242 [pool-2-thread-214] DEBUG org.hibernate.SQL - 
        /* SELECT
            p 
        FROM
            Product p 
        WHERE
            p.id = :productId */ select
                p1_0.product_id,
                p1_0.category_id,
                p1_0.favorite_count,
                p1_0.price,
                p1_0.product_content,
                p1_0.product_name,
                p1_0.product_photo,
                p1_0.version 
            from
                product p1_0 
            where
                p1_0.product_id=? for update
    16:24:30.242 [pool-2-thread-213] DEBUG org.hibernate.SQL - 
        select
            f1_0.member_id,
            f1_0.product_id,
            f1_0.orderby 
        from
            favorite f1_0 
        where
            (
                f1_0.member_id, f1_0.product_id
            ) in ((?, ?))
    16:24:30.242 [pool-2-thread-213] DEBUG org.hibernate.SQL - 
        /* insert for
            com.codepresso.codepresso.entity.member.Favorite */insert 
        into
            favorite (orderby, member_id, product_id) 
        values
            (?, ?, ?)
    16:24:30.242 [pool-2-thread-213] DEBUG c.c.c.s.m.FavoritePessimisticService - 즐겨찾기 추가 성공 : memberId = 213, productId = 1
    16:24:30.242 [pool-2-thread-213] DEBUG c.c.c.s.m.FavoritePessimisticService - 메서드 종료 직전: memberId = 213, productId = 1
    16:24:30.243 [pool-2-thread-212] DEBUG org.hibernate.SQL - 
        select
            ni1_0.nutrition_info_id,
            ni1_0.caffeine,
            ni1_0.calories,
            ni1_0.carbohydrate,
            ni1_0.cholesterol,
            ni1_0.fat,
            ni1_0.product_id,
            ni1_0.protein,
            ni1_0.saturated_fat,
            ni1_0.sodium,
            ni1_0.sugar,
            ni1_0.trans_fat 
        from
            nutrition_info ni1_0 
        where
            ni1_0.product_id=?
    16:24:30.243 [pool-2-thread-213] DEBUG c.c.c.s.m.FavoriteConcurrencyTest - 실패 : Could not commit JPA transaction 
    16:24:30.243 [pool-2-thread-215] DEBUG org.hibernate.SQL - 
        /* SELECT
            p 
        FROM
            Product p 
        WHERE
            p.id = :productId */ select
                p1_0.product_id,
                p1_0.category_id,
                p1_0.favorite_count,
                p1_0.price,
                p1_0.product_content,
                p1_0.product_name,
                p1_0.product_photo,
                p1_0.version 
            from
                product p1_0 
            where
                p1_0.product_id=? for update
    16:24:30.243 [pool-2-thread-212] DEBUG org.hibernate.SQL - 
        select
            f1_0.member_id,
            f1_0.product_id,
            f1_0.orderby 
        from
            favorite f1_0 
        where
            (
                f1_0.member_id, f1_0.product_id
            ) in ((?, ?))
    16:24:30.244 [pool-2-thread-212] DEBUG org.hibernate.SQL - 
        /* insert for
            com.codepresso.codepresso.entity.member.Favorite */insert 
        into
            favorite (orderby, member_id, product_id) 
        values
            (?, ?, ?)
    16:24:30.244 [pool-2-thread-212] DEBUG c.c.c.s.m.FavoritePessimisticService - 즐겨찾기 추가 성공 : memberId = 212, productId = 1
    16:24:30.244 [pool-2-thread-212] DEBUG c.c.c.s.m.FavoritePessimisticService - 메서드 종료 직전: memberId = 212, productId = 1
    16:24:30.244 [pool-2-thread-212] DEBUG c.c.c.s.m.FavoriteConcurrencyTest - 실패 : Could not commit JPA transaction 
    16:24:30.244 [pool-2-thread-214] DEBUG org.hibernate.SQL - 
        select
            ni1_0.nutrition_info_id,
            ni1_0.caffeine,
            ni1_0.calories,
            ni1_0.carbohydrate,
            ni1_0.cholesterol,
            ni1_0.fat,
            ni1_0.product_id,
            ni1_0.protein,
            ni1_0.saturated_fat,
            ni1_0.sodium,
            ni1_0.sugar,
            ni1_0.trans_fat 
        from
            nutrition_info ni1_0 
        where
            ni1_0.product_id=?
    16:24:30.245 [pool-2-thread-216] DEBUG org.hibernate.SQL - 
        /* SELECT
            p 
        FROM
            Product p 
        WHERE
            p.id = :productId */ select
                p1_0.product_id,
                p1_0.category_id,
                p1_0.favorite_count,
                p1_0.price,
                p1_0.product_content,
                p1_0.product_name,
                p1_0.product_photo,
                p1_0.version 
            from
                product p1_0 
            where
                p1_0.product_id=? for update
    16:24:30.245 [pool-2-thread-214] DEBUG org.hibernate.SQL - 
        select
            f1_0.member_id,
            f1_0.product_id,
            f1_0.orderby 
        from
            favorite f1_0 
        where
            (
                f1_0.member_id, f1_0.product_id
            ) in ((?, ?))
    16:24:30.245 [pool-2-thread-214] DEBUG org.hibernate.SQL - 
        /* insert for
            com.codepresso.codepresso.entity.member.Favorite */insert 
        into
            favorite (orderby, member_id, product_id) 
        values
            (?, ?, ?)
    16:24:30.245 [pool-2-thread-214] DEBUG c.c.c.s.m.FavoritePessimisticService - 즐겨찾기 추가 성공 : memberId = 214, productId = 1
    16:24:30.245 [pool-2-thread-214] DEBUG c.c.c.s.m.FavoritePessimisticService - 메서드 종료 직전: memberId = 214, productId = 1
    16:24:30.246 [pool-2-thread-214] DEBUG c.c.c.s.m.FavoriteConcurrencyTest - 실패 : Could not commit JPA transaction 
    16:24:30.246 [pool-2-thread-215] DEBUG org.hibernate.SQL - 
        select
            ni1_0.nutrition_info_id,
            ni1_0.caffeine,
            ni1_0.calories,
            ni1_0.carbohydrate,
            ni1_0.cholesterol,
            ni1_0.fat,
            ni1_0.product_id,
            ni1_0.protein,
            ni1_0.saturated_fat,
            ni1_0.sodium,
            ni1_0.sugar,
            ni1_0.trans_fat 
        from
            nutrition_info ni1_0 
        where
            ni1_0.product_id=?
    16:24:30.246 [pool-2-thread-217] DEBUG org.hibernate.SQL - 
        /* SELECT
            p 
        FROM
            Product p 
        WHERE
            p.id = :productId */ select
                p1_0.product_id,
                p1_0.category_id,
                p1_0.favorite_count,
                p1_0.price,
                p1_0.product_content,
                p1_0.product_name,
                p1_0.product_photo,
                p1_0.version 
            from
                product p1_0 
            where
                p1_0.product_id=? for update
    16:24:30.246 [pool-2-thread-215] DEBUG org.hibernate.SQL - 
        select
            f1_0.member_id,
            f1_0.product_id,
            f1_0.orderby 
        from
            favorite f1_0 
        where
            (
                f1_0.member_id, f1_0.product_id
            ) in ((?, ?))
    16:24:30.247 [pool-2-thread-215] DEBUG org.hibernate.SQL - 
        /* insert for
            com.codepresso.codepresso.entity.member.Favorite */insert 
        into
            favorite (orderby, member_id, product_id) 
        values
            (?, ?, ?)
    16:24:30.247 [pool-2-thread-215] DEBUG c.c.c.s.m.FavoritePessimisticService - 즐겨찾기 추가 성공 : memberId = 215, productId = 1
    16:24:30.247 [pool-2-thread-215] DEBUG c.c.c.s.m.FavoritePessimisticService - 메서드 종료 직전: memberId = 215, productId = 1
    16:24:30.247 [pool-2-thread-215] DEBUG c.c.c.s.m.FavoriteConcurrencyTest - 실패 : Could not commit JPA transaction 
    16:24:30.247 [pool-2-thread-216] DEBUG org.hibernate.SQL - 
        select
            ni1_0.nutrition_info_id,
            ni1_0.caffeine,
            ni1_0.calories,
            ni1_0.carbohydrate,
            ni1_0.cholesterol,
            ni1_0.fat,
            ni1_0.product_id,
            ni1_0.protein,
            ni1_0.saturated_fat,
            ni1_0.sodium,
            ni1_0.sugar,
            ni1_0.trans_fat 
        from
            nutrition_info ni1_0 
        where
            ni1_0.product_id=?
    16:24:30.247 [pool-2-thread-218] DEBUG org.hibernate.SQL - 
        /* SELECT
            p 
        FROM
            Product p 
        WHERE
            p.id = :productId */ select
                p1_0.product_id,
                p1_0.category_id,
                p1_0.favorite_count,
                p1_0.price,
                p1_0.product_content,
                p1_0.product_name,
                p1_0.product_photo,
                p1_0.version 
            from
                product p1_0 
            where
                p1_0.product_id=? for update
    16:24:30.248 [pool-2-thread-216] DEBUG org.hibernate.SQL - 
        select
            f1_0.member_id,
            f1_0.product_id,
            f1_0.orderby 
        from
            favorite f1_0 
        where
            (
                f1_0.member_id, f1_0.product_id
            ) in ((?, ?))
    16:24:30.248 [pool-2-thread-216] DEBUG org.hibernate.SQL - 
        /* insert for
            com.codepresso.codepresso.entity.member.Favorite */insert 
        into
            favorite (orderby, member_id, product_id) 
        values
            (?, ?, ?)
    16:24:30.248 [pool-2-thread-216] DEBUG c.c.c.s.m.FavoritePessimisticService - 즐겨찾기 추가 성공 : memberId = 216, productId = 1
    16:24:30.248 [pool-2-thread-216] DEBUG c.c.c.s.m.FavoritePessimisticService - 메서드 종료 직전: memberId = 216, productId = 1
    16:24:30.248 [pool-2-thread-216] DEBUG c.c.c.s.m.FavoriteConcurrencyTest - 실패 : Could not commit JPA transaction 
    16:24:30.248 [pool-2-thread-217] DEBUG org.hibernate.SQL - 
        select
            ni1_0.nutrition_info_id,
            ni1_0.caffeine,
            ni1_0.calories,
            ni1_0.carbohydrate,
            ni1_0.cholesterol,
            ni1_0.fat,
            ni1_0.product_id,
            ni1_0.protein,
            ni1_0.saturated_fat,
            ni1_0.sodium,
            ni1_0.sugar,
            ni1_0.trans_fat 
        from
            nutrition_info ni1_0 
        where
            ni1_0.product_id=?
    16:24:30.249 [pool-2-thread-219] DEBUG org.hibernate.SQL - 
        /* SELECT
            p 
        FROM
            Product p 
        WHERE
            p.id = :productId */ select
                p1_0.product_id,
                p1_0.category_id,
                p1_0.favorite_count,
                p1_0.price,
                p1_0.product_content,
                p1_0.product_name,
                p1_0.product_photo,
                p1_0.version 
            from
                product p1_0 
            where
                p1_0.product_id=? for update
    16:24:30.249 [pool-2-thread-217] DEBUG org.hibernate.SQL - 
        select
            f1_0.member_id,
            f1_0.product_id,
            f1_0.orderby 
        from
            favorite f1_0 
        where
            (
                f1_0.member_id, f1_0.product_id
            ) in ((?, ?))
    16:24:30.249 [pool-2-thread-217] DEBUG org.hibernate.SQL - 
        /* insert for
            com.codepresso.codepresso.entity.member.Favorite */insert 
        into
            favorite (orderby, member_id, product_id) 
        values
            (?, ?, ?)
    16:24:30.249 [pool-2-thread-217] DEBUG c.c.c.s.m.FavoritePessimisticService - 즐겨찾기 추가 성공 : memberId = 217, productId = 1
    16:24:30.249 [pool-2-thread-217] DEBUG c.c.c.s.m.FavoritePessimisticService - 메서드 종료 직전: memberId = 217, productId = 1
    16:24:30.250 [pool-2-thread-217] DEBUG c.c.c.s.m.FavoriteConcurrencyTest - 실패 : Could not commit JPA transaction 
    16:24:30.250 [pool-2-thread-218] DEBUG org.hibernate.SQL - 
        select
            ni1_0.nutrition_info_id,
            ni1_0.caffeine,
            ni1_0.calories,
            ni1_0.carbohydrate,
            ni1_0.cholesterol,
            ni1_0.fat,
            ni1_0.product_id,
            ni1_0.protein,
            ni1_0.saturated_fat,
            ni1_0.sodium,
            ni1_0.sugar,
            ni1_0.trans_fat 
        from
            nutrition_info ni1_0 
        where
            ni1_0.product_id=?
    16:24:30.250 [pool-2-thread-220] DEBUG org.hibernate.SQL - 
        /* SELECT
            p 
        FROM
            Product p 
        WHERE
            p.id = :productId */ select
                p1_0.product_id,
                p1_0.category_id,
                p1_0.favorite_count,
                p1_0.price,
                p1_0.product_content,
                p1_0.product_name,
                p1_0.product_photo,
                p1_0.version 
            from
                product p1_0 
            where
                p1_0.product_id=? for update
    16:24:30.250 [pool-2-thread-218] DEBUG org.hibernate.SQL - 
        select
            f1_0.member_id,
            f1_0.product_id,
            f1_0.orderby 
        from
            favorite f1_0 
        where
            (
                f1_0.member_id, f1_0.product_id
            ) in ((?, ?))
    16:24:30.251 [pool-2-thread-218] DEBUG org.hibernate.SQL - 
        /* insert for
            com.codepresso.codepresso.entity.member.Favorite */insert 
        into
            favorite (orderby, member_id, product_id) 
        values
            (?, ?, ?)
    16:24:30.251 [pool-2-thread-218] DEBUG c.c.c.s.m.FavoritePessimisticService - 즐겨찾기 추가 성공 : memberId = 218, productId = 1
    16:24:30.251 [pool-2-thread-218] DEBUG c.c.c.s.m.FavoritePessimisticService - 메서드 종료 직전: memberId = 218, productId = 1
    16:24:30.251 [pool-2-thread-218] DEBUG c.c.c.s.m.FavoriteConcurrencyTest - 실패 : Could not commit JPA transaction 
    16:24:30.251 [pool-2-thread-193] DEBUG org.hibernate.SQL - 
        select
            ni1_0.nutrition_info_id,
            ni1_0.caffeine,
            ni1_0.calories,
            ni1_0.carbohydrate,
            ni1_0.cholesterol,
            ni1_0.fat,
            ni1_0.product_id,
            ni1_0.protein,
            ni1_0.saturated_fat,
            ni1_0.sodium,
            ni1_0.sugar,
            ni1_0.trans_fat 
        from
            nutrition_info ni1_0 
        where
            ni1_0.product_id=?
    16:24:30.251 [pool-2-thread-221] DEBUG org.hibernate.SQL - 
        /* SELECT
            p 
        FROM
            Product p 
        WHERE
            p.id = :productId */ select
                p1_0.product_id,
                p1_0.category_id,
                p1_0.favorite_count,
                p1_0.price,
                p1_0.product_content,
                p1_0.product_name,
                p1_0.product_photo,
                p1_0.version 
            from
                product p1_0 
            where
                p1_0.product_id=? for update
    16:24:30.252 [pool-2-thread-193] DEBUG org.hibernate.SQL - 
        select
            f1_0.member_id,
            f1_0.product_id,
            f1_0.orderby 
        from
            favorite f1_0 
        where
            (
                f1_0.member_id, f1_0.product_id
            ) in ((?, ?))
    16:24:30.252 [pool-2-thread-193] DEBUG org.hibernate.SQL - 
        /* insert for
            com.codepresso.codepresso.entity.member.Favorite */insert 
        into
            favorite (orderby, member_id, product_id) 
        values
            (?, ?, ?)
    16:24:30.252 [pool-2-thread-193] DEBUG c.c.c.s.m.FavoritePessimisticService - 즐겨찾기 추가 성공 : memberId = 193, productId = 1
    16:24:30.252 [pool-2-thread-193] DEBUG c.c.c.s.m.FavoritePessimisticService - 메서드 종료 직전: memberId = 193, productId = 1
    16:24:30.253 [pool-2-thread-193] DEBUG c.c.c.s.m.FavoriteConcurrencyTest - 실패 : Could not commit JPA transaction 
    16:24:30.253 [pool-2-thread-220] DEBUG org.hibernate.SQL - 
        select
            ni1_0.nutrition_info_id,
            ni1_0.caffeine,
            ni1_0.calories,
            ni1_0.carbohydrate,
            ni1_0.cholesterol,
            ni1_0.fat,
            ni1_0.product_id,
            ni1_0.protein,
            ni1_0.saturated_fat,
            ni1_0.sodium,
            ni1_0.sugar,
            ni1_0.trans_fat 
        from
            nutrition_info ni1_0 
        where
            ni1_0.product_id=?
    16:24:30.253 [pool-2-thread-222] DEBUG org.hibernate.SQL - 
        /* SELECT
            p 
        FROM
            Product p 
        WHERE
            p.id = :productId */ select
                p1_0.product_id,
                p1_0.category_id,
                p1_0.favorite_count,
                p1_0.price,
                p1_0.product_content,
                p1_0.product_name,
                p1_0.product_photo,
                p1_0.version 
            from
                product p1_0 
            where
                p1_0.product_id=? for update
    16:24:30.253 [pool-2-thread-220] DEBUG org.hibernate.SQL - 
        select
            f1_0.member_id,
            f1_0.product_id,
            f1_0.orderby 
        from
            favorite f1_0 
        where
            (
                f1_0.member_id, f1_0.product_id
            ) in ((?, ?))
    16:24:30.253 [pool-2-thread-220] DEBUG org.hibernate.SQL - 
        /* insert for
            com.codepresso.codepresso.entity.member.Favorite */insert 
        into
            favorite (orderby, member_id, product_id) 
        values
            (?, ?, ?)
    16:24:30.253 [pool-2-thread-220] DEBUG c.c.c.s.m.FavoritePessimisticService - 즐겨찾기 추가 성공 : memberId = 220, productId = 1
    16:24:30.253 [pool-2-thread-220] DEBUG c.c.c.s.m.FavoritePessimisticService - 메서드 종료 직전: memberId = 220, productId = 1
    16:24:30.253 [pool-2-thread-220] DEBUG c.c.c.s.m.FavoriteConcurrencyTest - 실패 : Could not commit JPA transaction 
    16:24:30.254 [pool-2-thread-198] DEBUG org.hibernate.SQL - 
        select
            ni1_0.nutrition_info_id,
            ni1_0.caffeine,
            ni1_0.calories,
            ni1_0.carbohydrate,
            ni1_0.cholesterol,
            ni1_0.fat,
            ni1_0.product_id,
            ni1_0.protein,
            ni1_0.saturated_fat,
            ni1_0.sodium,
            ni1_0.sugar,
            ni1_0.trans_fat 
        from
            nutrition_info ni1_0 
        where
            ni1_0.product_id=?
    16:24:30.254 [pool-2-thread-223] DEBUG org.hibernate.SQL - 
        /* SELECT
            p 
        FROM
            Product p 
        WHERE
            p.id = :productId */ select
                p1_0.product_id,
                p1_0.category_id,
                p1_0.favorite_count,
                p1_0.price,
                p1_0.product_content,
                p1_0.product_name,
                p1_0.product_photo,
                p1_0.version 
            from
                product p1_0 
            where
                p1_0.product_id=? for update
    16:24:30.254 [pool-2-thread-198] DEBUG org.hibernate.SQL - 
        select
            f1_0.member_id,
            f1_0.product_id,
            f1_0.orderby 
        from
            favorite f1_0 
        where
            (
                f1_0.member_id, f1_0.product_id
            ) in ((?, ?))
    16:24:30.254 [pool-2-thread-198] DEBUG org.hibernate.SQL - 
        /* insert for
            com.codepresso.codepresso.entity.member.Favorite */insert 
        into
            favorite (orderby, member_id, product_id) 
        values
            (?, ?, ?)
    16:24:30.254 [pool-2-thread-198] DEBUG c.c.c.s.m.FavoritePessimisticService - 즐겨찾기 추가 성공 : memberId = 198, productId = 1
    16:24:30.254 [pool-2-thread-198] DEBUG c.c.c.s.m.FavoritePessimisticService - 메서드 종료 직전: memberId = 198, productId = 1
    16:24:30.255 [pool-2-thread-198] DEBUG c.c.c.s.m.FavoriteConcurrencyTest - 실패 : Could not commit JPA transaction 
    16:24:30.255 [pool-2-thread-222] DEBUG org.hibernate.SQL - 
        select
            ni1_0.nutrition_info_id,
            ni1_0.caffeine,
            ni1_0.calories,
            ni1_0.carbohydrate,
            ni1_0.cholesterol,
            ni1_0.fat,
            ni1_0.product_id,
            ni1_0.protein,
            ni1_0.saturated_fat,
            ni1_0.sodium,
            ni1_0.sugar,
            ni1_0.trans_fat 
        from
            nutrition_info ni1_0 
        where
            ni1_0.product_id=?
    16:24:30.255 [pool-2-thread-224] DEBUG org.hibernate.SQL - 
        /* SELECT
            p 
        FROM
            Product p 
        WHERE
            p.id = :productId */ select
                p1_0.product_id,
                p1_0.category_id,
                p1_0.favorite_count,
                p1_0.price,
                p1_0.product_content,
                p1_0.product_name,
                p1_0.product_photo,
                p1_0.version 
            from
                product p1_0 
            where
                p1_0.product_id=? for update
    16:24:30.255 [pool-2-thread-222] DEBUG org.hibernate.SQL - 
        select
            f1_0.member_id,
            f1_0.product_id,
            f1_0.orderby 
        from
            favorite f1_0 
        where
            (
                f1_0.member_id, f1_0.product_id
            ) in ((?, ?))
    16:24:30.255 [pool-2-thread-222] DEBUG org.hibernate.SQL - 
        /* insert for
            com.codepresso.codepresso.entity.member.Favorite */insert 
        into
            favorite (orderby, member_id, product_id) 
        values
            (?, ?, ?)
    16:24:30.255 [pool-2-thread-222] DEBUG c.c.c.s.m.FavoritePessimisticService - 즐겨찾기 추가 성공 : memberId = 222, productId = 1
    16:24:30.255 [pool-2-thread-222] DEBUG c.c.c.s.m.FavoritePessimisticService - 메서드 종료 직전: memberId = 222, productId = 1
    16:24:30.256 [pool-2-thread-222] DEBUG c.c.c.s.m.FavoriteConcurrencyTest - 실패 : Could not commit JPA transaction 
    16:24:30.256 [pool-2-thread-203] DEBUG org.hibernate.SQL - 
        select
            ni1_0.nutrition_info_id,
            ni1_0.caffeine,
            ni1_0.calories,
            ni1_0.carbohydrate,
            ni1_0.cholesterol,
            ni1_0.fat,
            ni1_0.product_id,
            ni1_0.protein,
            ni1_0.saturated_fat,
            ni1_0.sodium,
            ni1_0.sugar,
            ni1_0.trans_fat 
        from
            nutrition_info ni1_0 
        where
            ni1_0.product_id=?
    16:24:30.256 [pool-2-thread-225] DEBUG org.hibernate.SQL - 
        /* SELECT
            p 
        FROM
            Product p 
        WHERE
            p.id = :productId */ select
                p1_0.product_id,
                p1_0.category_id,
                p1_0.favorite_count,
                p1_0.price,
                p1_0.product_content,
                p1_0.product_name,
                p1_0.product_photo,
                p1_0.version 
            from
                product p1_0 
            where
                p1_0.product_id=? for update
    16:24:30.256 [pool-2-thread-203] DEBUG org.hibernate.SQL - 
        select
            f1_0.member_id,
            f1_0.product_id,
            f1_0.orderby 
        from
            favorite f1_0 
        where
            (
                f1_0.member_id, f1_0.product_id
            ) in ((?, ?))
    16:24:30.256 [pool-2-thread-203] DEBUG org.hibernate.SQL - 
        /* insert for
            com.codepresso.codepresso.entity.member.Favorite */insert 
        into
            favorite (orderby, member_id, product_id) 
        values
            (?, ?, ?)
    16:24:30.257 [pool-2-thread-203] DEBUG c.c.c.s.m.FavoritePessimisticService - 즐겨찾기 추가 성공 : memberId = 203, productId = 1
    16:24:30.257 [pool-2-thread-203] DEBUG c.c.c.s.m.FavoritePessimisticService - 메서드 종료 직전: memberId = 203, productId = 1
    16:24:30.257 [pool-2-thread-203] DEBUG c.c.c.s.m.FavoriteConcurrencyTest - 실패 : Could not commit JPA transaction 
    16:24:30.257 [pool-2-thread-184] DEBUG org.hibernate.SQL - 
        select
            ni1_0.nutrition_info_id,
            ni1_0.caffeine,
            ni1_0.calories,
            ni1_0.carbohydrate,
            ni1_0.cholesterol,
            ni1_0.fat,
            ni1_0.product_id,
            ni1_0.protein,
            ni1_0.saturated_fat,
            ni1_0.sodium,
            ni1_0.sugar,
            ni1_0.trans_fat 
        from
            nutrition_info ni1_0 
        where
            ni1_0.product_id=?
    16:24:30.257 [pool-2-thread-226] DEBUG org.hibernate.SQL - 
        /* SELECT
            p 
        FROM
            Product p 
        WHERE
            p.id = :productId */ select
                p1_0.product_id,
                p1_0.category_id,
                p1_0.favorite_count,
                p1_0.price,
                p1_0.product_content,
                p1_0.product_name,
                p1_0.product_photo,
                p1_0.version 
            from
                product p1_0 
            where
                p1_0.product_id=? for update
    16:24:30.258 [pool-2-thread-184] DEBUG org.hibernate.SQL - 
        select
            f1_0.member_id,
            f1_0.product_id,
            f1_0.orderby 
        from
            favorite f1_0 
        where
            (
                f1_0.member_id, f1_0.product_id
            ) in ((?, ?))
    16:24:30.258 [pool-2-thread-184] DEBUG org.hibernate.SQL - 
        /* insert for
            com.codepresso.codepresso.entity.member.Favorite */insert 
        into
            favorite (orderby, member_id, product_id) 
        values
            (?, ?, ?)
    16:24:30.258 [pool-2-thread-184] DEBUG c.c.c.s.m.FavoritePessimisticService - 즐겨찾기 추가 성공 : memberId = 184, productId = 1
    16:24:30.258 [pool-2-thread-184] DEBUG c.c.c.s.m.FavoritePessimisticService - 메서드 종료 직전: memberId = 184, productId = 1
    16:24:30.259 [pool-2-thread-184] DEBUG c.c.c.s.m.FavoriteConcurrencyTest - 실패 : Could not commit JPA transaction 
    16:24:30.259 [pool-2-thread-223] DEBUG org.hibernate.SQL - 
        select
            ni1_0.nutrition_info_id,
            ni1_0.caffeine,
            ni1_0.calories,
            ni1_0.carbohydrate,
            ni1_0.cholesterol,
            ni1_0.fat,
            ni1_0.product_id,
            ni1_0.protein,
            ni1_0.saturated_fat,
            ni1_0.sodium,
            ni1_0.sugar,
            ni1_0.trans_fat 
        from
            nutrition_info ni1_0 
        where
            ni1_0.product_id=?
    16:24:30.261 [pool-2-thread-223] DEBUG org.hibernate.SQL - 
        select
            f1_0.member_id,
            f1_0.product_id,
            f1_0.orderby 
        from
            favorite f1_0 
        where
            (
                f1_0.member_id, f1_0.product_id
            ) in ((?, ?))
    16:24:30.262 [pool-2-thread-223] DEBUG org.hibernate.SQL - 
        /* insert for
            com.codepresso.codepresso.entity.member.Favorite */insert 
        into
            favorite (orderby, member_id, product_id) 
        values
            (?, ?, ?)
    16:24:30.262 [pool-2-thread-223] DEBUG c.c.c.s.m.FavoritePessimisticService - 즐겨찾기 추가 성공 : memberId = 223, productId = 1
    16:24:30.262 [pool-2-thread-223] DEBUG c.c.c.s.m.FavoritePessimisticService - 메서드 종료 직전: memberId = 223, productId = 1
    16:24:30.263 [pool-2-thread-223] DEBUG c.c.c.s.m.FavoriteConcurrencyTest - 실패 : Could not commit JPA transaction 
    16:24:30.263 [pool-2-thread-227] DEBUG org.hibernate.SQL - 
        /* SELECT
            p 
        FROM
            Product p 
        WHERE
            p.id = :productId */ select
                p1_0.product_id,
                p1_0.category_id,
                p1_0.favorite_count,
                p1_0.price,
                p1_0.product_content,
                p1_0.product_name,
                p1_0.product_photo,
                p1_0.version 
            from
                product p1_0 
            where
                p1_0.product_id=? for update
    16:24:30.263 [pool-2-thread-165] DEBUG org.hibernate.SQL - 
        select
            ni1_0.nutrition_info_id,
            ni1_0.caffeine,
            ni1_0.calories,
            ni1_0.carbohydrate,
            ni1_0.cholesterol,
            ni1_0.fat,
            ni1_0.product_id,
            ni1_0.protein,
            ni1_0.saturated_fat,
            ni1_0.sodium,
            ni1_0.sugar,
            ni1_0.trans_fat 
        from
            nutrition_info ni1_0 
        where
            ni1_0.product_id=?
    16:24:30.264 [pool-2-thread-165] DEBUG org.hibernate.SQL - 
        select
            f1_0.member_id,
            f1_0.product_id,
            f1_0.orderby 
        from
            favorite f1_0 
        where
            (
                f1_0.member_id, f1_0.product_id
            ) in ((?, ?))
    16:24:30.264 [pool-2-thread-165] DEBUG org.hibernate.SQL - 
        /* insert for
            com.codepresso.codepresso.entity.member.Favorite */insert 
        into
            favorite (orderby, member_id, product_id) 
        values
            (?, ?, ?)
    16:24:30.265 [pool-2-thread-165] DEBUG c.c.c.s.m.FavoritePessimisticService - 즐겨찾기 추가 성공 : memberId = 165, productId = 1
    16:24:30.265 [pool-2-thread-165] DEBUG c.c.c.s.m.FavoritePessimisticService - 메서드 종료 직전: memberId = 165, productId = 1
    16:24:30.265 [pool-2-thread-165] DEBUG c.c.c.s.m.FavoriteConcurrencyTest - 실패 : Could not commit JPA transaction 
    16:24:30.265 [pool-2-thread-228] DEBUG org.hibernate.SQL - 
        /* SELECT
            p 
        FROM
            Product p 
        WHERE
            p.id = :productId */ select
                p1_0.product_id,
                p1_0.category_id,
                p1_0.favorite_count,
                p1_0.price,
                p1_0.product_content,
                p1_0.product_name,
                p1_0.product_photo,
                p1_0.version 
            from
                product p1_0 
            where
                p1_0.product_id=? for update
    16:24:30.265 [pool-2-thread-225] DEBUG org.hibernate.SQL - 
        select
            ni1_0.nutrition_info_id,
            ni1_0.caffeine,
            ni1_0.calories,
            ni1_0.carbohydrate,
            ni1_0.cholesterol,
            ni1_0.fat,
            ni1_0.product_id,
            ni1_0.protein,
            ni1_0.saturated_fat,
            ni1_0.sodium,
            ni1_0.sugar,
            ni1_0.trans_fat 
        from
            nutrition_info ni1_0 
        where
            ni1_0.product_id=?
    16:24:30.266 [pool-2-thread-225] DEBUG org.hibernate.SQL - 
        select
            f1_0.member_id,
            f1_0.product_id,
            f1_0.orderby 
        from
            favorite f1_0 
        where
            (
                f1_0.member_id, f1_0.product_id
            ) in ((?, ?))
    16:24:30.266 [pool-2-thread-225] DEBUG org.hibernate.SQL - 
        /* insert for
            com.codepresso.codepresso.entity.member.Favorite */insert 
        into
            favorite (orderby, member_id, product_id) 
        values
            (?, ?, ?)
    16:24:30.266 [pool-2-thread-225] DEBUG c.c.c.s.m.FavoritePessimisticService - 즐겨찾기 추가 성공 : memberId = 225, productId = 1
    16:24:30.266 [pool-2-thread-225] DEBUG c.c.c.s.m.FavoritePessimisticService - 메서드 종료 직전: memberId = 225, productId = 1
    16:24:30.266 [pool-2-thread-225] DEBUG c.c.c.s.m.FavoriteConcurrencyTest - 실패 : Could not commit JPA transaction 
    16:24:30.266 [pool-2-thread-219] DEBUG org.hibernate.SQL - 
        select
            ni1_0.nutrition_info_id,
            ni1_0.caffeine,
            ni1_0.calories,
            ni1_0.carbohydrate,
            ni1_0.cholesterol,
            ni1_0.fat,
            ni1_0.product_id,
            ni1_0.protein,
            ni1_0.saturated_fat,
            ni1_0.sodium,
            ni1_0.sugar,
            ni1_0.trans_fat 
        from
            nutrition_info ni1_0 
        where
            ni1_0.product_id=?
    16:24:30.269 [pool-2-thread-219] DEBUG org.hibernate.SQL - 
        select
            f1_0.member_id,
            f1_0.product_id,
            f1_0.orderby 
        from
            favorite f1_0 
        where
            (
                f1_0.member_id, f1_0.product_id
            ) in ((?, ?))
    16:24:30.269 [pool-2-thread-219] DEBUG org.hibernate.SQL - 
        /* insert for
            com.codepresso.codepresso.entity.member.Favorite */insert 
        into
            favorite (orderby, member_id, product_id) 
        values
            (?, ?, ?)
    16:24:30.268 [pool-2-thread-230] DEBUG org.hibernate.SQL - 
        /* SELECT
            p 
        FROM
            Product p 
        WHERE
            p.id = :productId */ select
                p1_0.product_id,
                p1_0.category_id,
                p1_0.favorite_count,
                p1_0.price,
                p1_0.product_content,
                p1_0.product_name,
                p1_0.product_photo,
                p1_0.version 
            from
                product p1_0 
            where
                p1_0.product_id=? for update
    16:24:30.268 [pool-2-thread-229] DEBUG org.hibernate.SQL - 
        /* SELECT
            p 
        FROM
            Product p 
        WHERE
            p.id = :productId */ select
                p1_0.product_id,
                p1_0.category_id,
                p1_0.favorite_count,
                p1_0.price,
                p1_0.product_content,
                p1_0.product_name,
                p1_0.product_photo,
                p1_0.version 
            from
                product p1_0 
            where
                p1_0.product_id=? for update
    16:24:30.270 [pool-2-thread-219] DEBUG c.c.c.s.m.FavoritePessimisticService - 즐겨찾기 추가 성공 : memberId = 219, productId = 1
    16:24:30.271 [pool-2-thread-219] DEBUG c.c.c.s.m.FavoritePessimisticService - 메서드 종료 직전: memberId = 219, productId = 1
    16:24:30.271 [pool-2-thread-219] DEBUG c.c.c.s.m.FavoriteConcurrencyTest - 실패 : Could not commit JPA transaction 
    16:24:30.271 [pool-2-thread-227] DEBUG org.hibernate.SQL - 
        select
            ni1_0.nutrition_info_id,
            ni1_0.caffeine,
            ni1_0.calories,
            ni1_0.carbohydrate,
            ni1_0.cholesterol,
            ni1_0.fat,
            ni1_0.product_id,
            ni1_0.protein,
            ni1_0.saturated_fat,
            ni1_0.sodium,
            ni1_0.sugar,
            ni1_0.trans_fat 
        from
            nutrition_info ni1_0 
        where
            ni1_0.product_id=?
    16:24:30.272 [pool-2-thread-232] DEBUG org.hibernate.SQL - 
        /* SELECT
            p 
        FROM
            Product p 
        WHERE
            p.id = :productId */ select
                p1_0.product_id,
                p1_0.category_id,
                p1_0.favorite_count,
                p1_0.price,
                p1_0.product_content,
                p1_0.product_name,
                p1_0.product_photo,
                p1_0.version 
            from
                product p1_0 
            where
                p1_0.product_id=? for update
    16:24:30.272 [pool-2-thread-227] DEBUG org.hibernate.SQL - 
        select
            f1_0.member_id,
            f1_0.product_id,
            f1_0.orderby 
        from
            favorite f1_0 
        where
            (
                f1_0.member_id, f1_0.product_id
            ) in ((?, ?))
    16:24:30.272 [pool-2-thread-227] DEBUG org.hibernate.SQL - 
        /* insert for
            com.codepresso.codepresso.entity.member.Favorite */insert 
        into
            favorite (orderby, member_id, product_id) 
        values
            (?, ?, ?)
    16:24:30.272 [pool-2-thread-227] DEBUG c.c.c.s.m.FavoritePessimisticService - 즐겨찾기 추가 성공 : memberId = 227, productId = 1
    16:24:30.272 [pool-2-thread-227] DEBUG c.c.c.s.m.FavoritePessimisticService - 메서드 종료 직전: memberId = 227, productId = 1
    16:24:30.273 [pool-2-thread-227] DEBUG c.c.c.s.m.FavoriteConcurrencyTest - 실패 : Could not commit JPA transaction 
    16:24:30.273 [pool-2-thread-204] DEBUG org.hibernate.SQL - 
        select
            ni1_0.nutrition_info_id,
            ni1_0.caffeine,
            ni1_0.calories,
            ni1_0.carbohydrate,
            ni1_0.cholesterol,
            ni1_0.fat,
            ni1_0.product_id,
            ni1_0.protein,
            ni1_0.saturated_fat,
            ni1_0.sodium,
            ni1_0.sugar,
            ni1_0.trans_fat 
        from
            nutrition_info ni1_0 
        where
            ni1_0.product_id=?
    16:24:30.273 [pool-2-thread-231] DEBUG org.hibernate.SQL - 
        /* SELECT
            p 
        FROM
            Product p 
        WHERE
            p.id = :productId */ select
                p1_0.product_id,
                p1_0.category_id,
                p1_0.favorite_count,
                p1_0.price,
                p1_0.product_content,
                p1_0.product_name,
                p1_0.product_photo,
                p1_0.version 
            from
                product p1_0 
            where
                p1_0.product_id=? for update
    16:24:30.273 [pool-2-thread-204] DEBUG org.hibernate.SQL - 
        select
            f1_0.member_id,
            f1_0.product_id,
            f1_0.orderby 
        from
            favorite f1_0 
        where
            (
                f1_0.member_id, f1_0.product_id
            ) in ((?, ?))
    16:24:30.274 [pool-2-thread-204] DEBUG org.hibernate.SQL - 
        /* insert for
            com.codepresso.codepresso.entity.member.Favorite */insert 
        into
            favorite (orderby, member_id, product_id) 
        values
            (?, ?, ?)
    16:24:30.274 [pool-2-thread-204] DEBUG c.c.c.s.m.FavoritePessimisticService - 즐겨찾기 추가 성공 : memberId = 204, productId = 1
    16:24:30.274 [pool-2-thread-204] DEBUG c.c.c.s.m.FavoritePessimisticService - 메서드 종료 직전: memberId = 204, productId = 1
    16:24:30.274 [pool-2-thread-204] DEBUG c.c.c.s.m.FavoriteConcurrencyTest - 실패 : Could not commit JPA transaction 
    16:24:30.274 [pool-2-thread-229] DEBUG org.hibernate.SQL - 
        select
            ni1_0.nutrition_info_id,
            ni1_0.caffeine,
            ni1_0.calories,
            ni1_0.carbohydrate,
            ni1_0.cholesterol,
            ni1_0.fat,
            ni1_0.product_id,
            ni1_0.protein,
            ni1_0.saturated_fat,
            ni1_0.sodium,
            ni1_0.sugar,
            ni1_0.trans_fat 
        from
            nutrition_info ni1_0 
        where
            ni1_0.product_id=?
    16:24:30.275 [pool-2-thread-229] DEBUG org.hibernate.SQL - 
        select
            f1_0.member_id,
            f1_0.product_id,
            f1_0.orderby 
        from
            favorite f1_0 
        where
            (
                f1_0.member_id, f1_0.product_id
            ) in ((?, ?))
    16:24:30.275 [pool-2-thread-233] DEBUG org.hibernate.SQL - 
        /* SELECT
            p 
        FROM
            Product p 
        WHERE
            p.id = :productId */ select
                p1_0.product_id,
                p1_0.category_id,
                p1_0.favorite_count,
                p1_0.price,
                p1_0.product_content,
                p1_0.product_name,
                p1_0.product_photo,
                p1_0.version 
            from
                product p1_0 
            where
                p1_0.product_id=? for update
    16:24:30.275 [pool-2-thread-229] DEBUG org.hibernate.SQL - 
        /* insert for
            com.codepresso.codepresso.entity.member.Favorite */insert 
        into
            favorite (orderby, member_id, product_id) 
        values
            (?, ?, ?)
    16:24:30.276 [pool-2-thread-229] DEBUG c.c.c.s.m.FavoritePessimisticService - 즐겨찾기 추가 성공 : memberId = 229, productId = 1
    16:24:30.276 [pool-2-thread-229] DEBUG c.c.c.s.m.FavoritePessimisticService - 메서드 종료 직전: memberId = 229, productId = 1
    16:24:30.276 [pool-2-thread-229] DEBUG c.c.c.s.m.FavoriteConcurrencyTest - 실패 : Could not commit JPA transaction 
    16:24:30.276 [pool-2-thread-210] DEBUG org.hibernate.SQL - 
        select
            ni1_0.nutrition_info_id,
            ni1_0.caffeine,
            ni1_0.calories,
            ni1_0.carbohydrate,
            ni1_0.cholesterol,
            ni1_0.fat,
            ni1_0.product_id,
            ni1_0.protein,
            ni1_0.saturated_fat,
            ni1_0.sodium,
            ni1_0.sugar,
            ni1_0.trans_fat 
        from
            nutrition_info ni1_0 
        where
            ni1_0.product_id=?
    16:24:30.277 [pool-2-thread-210] DEBUG org.hibernate.SQL - 
        select
            f1_0.member_id,
            f1_0.product_id,
            f1_0.orderby 
        from
            favorite f1_0 
        where
            (
                f1_0.member_id, f1_0.product_id
            ) in ((?, ?))
    16:24:30.277 [pool-2-thread-210] DEBUG org.hibernate.SQL - 
        /* insert for
            com.codepresso.codepresso.entity.member.Favorite */insert 
        into
            favorite (orderby, member_id, product_id) 
        values
            (?, ?, ?)
    16:24:30.278 [pool-2-thread-210] DEBUG c.c.c.s.m.FavoritePessimisticService - 즐겨찾기 추가 성공 : memberId = 210, productId = 1
    16:24:30.278 [pool-2-thread-210] DEBUG c.c.c.s.m.FavoritePessimisticService - 메서드 종료 직전: memberId = 210, productId = 1
    16:24:30.278 [pool-2-thread-236] DEBUG org.hibernate.SQL - 
        /* SELECT
            p 
        FROM
            Product p 
        WHERE
            p.id = :productId */ select
                p1_0.product_id,
                p1_0.category_id,
                p1_0.favorite_count,
                p1_0.price,
                p1_0.product_content,
                p1_0.product_name,
                p1_0.product_photo,
                p1_0.version 
            from
                product p1_0 
            where
                p1_0.product_id=? for update
    16:24:30.278 [pool-2-thread-210] DEBUG c.c.c.s.m.FavoriteConcurrencyTest - 실패 : Could not commit JPA transaction 
    16:24:30.278 [pool-2-thread-236] DEBUG org.hibernate.SQL - 
        select
            ni1_0.nutrition_info_id,
            ni1_0.caffeine,
            ni1_0.calories,
            ni1_0.carbohydrate,
            ni1_0.cholesterol,
            ni1_0.fat,
            ni1_0.product_id,
            ni1_0.protein,
            ni1_0.saturated_fat,
            ni1_0.sodium,
            ni1_0.sugar,
            ni1_0.trans_fat 
        from
            nutrition_info ni1_0 
        where
            ni1_0.product_id=?
    16:24:30.278 [pool-2-thread-236] DEBUG org.hibernate.SQL - 
        select
            f1_0.member_id,
            f1_0.product_id,
            f1_0.orderby 
        from
            favorite f1_0 
        where
            (
                f1_0.member_id, f1_0.product_id
            ) in ((?, ?))
    16:24:30.279 [pool-2-thread-236] DEBUG org.hibernate.SQL - 
        /* insert for
            com.codepresso.codepresso.entity.member.Favorite */insert 
        into
            favorite (orderby, member_id, product_id) 
        values
            (?, ?, ?)
    16:24:30.279 [pool-2-thread-236] DEBUG c.c.c.s.m.FavoritePessimisticService - 즐겨찾기 추가 성공 : memberId = 236, productId = 1
    16:24:30.279 [pool-2-thread-236] DEBUG c.c.c.s.m.FavoritePessimisticService - 메서드 종료 직전: memberId = 236, productId = 1
    16:24:30.279 [pool-2-thread-236] DEBUG c.c.c.s.m.FavoriteConcurrencyTest - 실패 : Could not commit JPA transaction 
    16:24:30.280 [pool-2-thread-221] DEBUG org.hibernate.SQL - 
        select
            ni1_0.nutrition_info_id,
            ni1_0.caffeine,
            ni1_0.calories,
            ni1_0.carbohydrate,
            ni1_0.cholesterol,
            ni1_0.fat,
            ni1_0.product_id,
            ni1_0.protein,
            ni1_0.saturated_fat,
            ni1_0.sodium,
            ni1_0.sugar,
            ni1_0.trans_fat 
        from
            nutrition_info ni1_0 
        where
            ni1_0.product_id=?
    16:24:30.280 [pool-2-thread-235] DEBUG org.hibernate.SQL - 
        /* SELECT
            p 
        FROM
            Product p 
        WHERE
            p.id = :productId */ select
                p1_0.product_id,
                p1_0.category_id,
                p1_0.favorite_count,
                p1_0.price,
                p1_0.product_content,
                p1_0.product_name,
                p1_0.product_photo,
                p1_0.version 
            from
                product p1_0 
            where
                p1_0.product_id=? for update
    16:24:30.280 [pool-2-thread-234] DEBUG org.hibernate.SQL - 
        /* SELECT
            p 
        FROM
            Product p 
        WHERE
            p.id = :productId */ select
                p1_0.product_id,
                p1_0.category_id,
                p1_0.favorite_count,
                p1_0.price,
                p1_0.product_content,
                p1_0.product_name,
                p1_0.product_photo,
                p1_0.version 
            from
                product p1_0 
            where
                p1_0.product_id=? for update
    16:24:30.280 [pool-2-thread-221] DEBUG org.hibernate.SQL - 
        select
            f1_0.member_id,
            f1_0.product_id,
            f1_0.orderby 
        from
            favorite f1_0 
        where
            (
                f1_0.member_id, f1_0.product_id
            ) in ((?, ?))
    16:24:30.281 [pool-2-thread-221] DEBUG org.hibernate.SQL - 
        /* insert for
            com.codepresso.codepresso.entity.member.Favorite */insert 
        into
            favorite (orderby, member_id, product_id) 
        values
            (?, ?, ?)
    16:24:30.281 [pool-2-thread-221] DEBUG c.c.c.s.m.FavoritePessimisticService - 즐겨찾기 추가 성공 : memberId = 221, productId = 1
    16:24:30.281 [pool-2-thread-221] DEBUG c.c.c.s.m.FavoritePessimisticService - 메서드 종료 직전: memberId = 221, productId = 1
    16:24:30.281 [pool-2-thread-221] DEBUG c.c.c.s.m.FavoriteConcurrencyTest - 실패 : Could not commit JPA transaction 
    16:24:30.281 [pool-2-thread-231] DEBUG org.hibernate.SQL - 
        select
            ni1_0.nutrition_info_id,
            ni1_0.caffeine,
            ni1_0.calories,
            ni1_0.carbohydrate,
            ni1_0.cholesterol,
            ni1_0.fat,
            ni1_0.product_id,
            ni1_0.protein,
            ni1_0.saturated_fat,
            ni1_0.sodium,
            ni1_0.sugar,
            ni1_0.trans_fat 
        from
            nutrition_info ni1_0 
        where
            ni1_0.product_id=?
    16:24:30.282 [pool-2-thread-237] DEBUG org.hibernate.SQL - 
        /* SELECT
            p 
        FROM
            Product p 
        WHERE
            p.id = :productId */ select
                p1_0.product_id,
                p1_0.category_id,
                p1_0.favorite_count,
                p1_0.price,
                p1_0.product_content,
                p1_0.product_name,
                p1_0.product_photo,
                p1_0.version 
            from
                product p1_0 
            where
                p1_0.product_id=? for update
    16:24:30.282 [pool-2-thread-231] DEBUG org.hibernate.SQL - 
        select
            f1_0.member_id,
            f1_0.product_id,
            f1_0.orderby 
        from
            favorite f1_0 
        where
            (
                f1_0.member_id, f1_0.product_id
            ) in ((?, ?))
    16:24:30.282 [pool-2-thread-231] DEBUG org.hibernate.SQL - 
        /* insert for
            com.codepresso.codepresso.entity.member.Favorite */insert 
        into
            favorite (orderby, member_id, product_id) 
        values
            (?, ?, ?)
    16:24:30.282 [pool-2-thread-231] DEBUG c.c.c.s.m.FavoritePessimisticService - 즐겨찾기 추가 성공 : memberId = 231, productId = 1
    16:24:30.282 [pool-2-thread-231] DEBUG c.c.c.s.m.FavoritePessimisticService - 메서드 종료 직전: memberId = 231, productId = 1
    16:24:30.283 [pool-2-thread-231] DEBUG c.c.c.s.m.FavoriteConcurrencyTest - 실패 : Could not commit JPA transaction 
    16:24:30.283 [pool-2-thread-234] DEBUG org.hibernate.SQL - 
        select
            ni1_0.nutrition_info_id,
            ni1_0.caffeine,
            ni1_0.calories,
            ni1_0.carbohydrate,
            ni1_0.cholesterol,
            ni1_0.fat,
            ni1_0.product_id,
            ni1_0.protein,
            ni1_0.saturated_fat,
            ni1_0.sodium,
            ni1_0.sugar,
            ni1_0.trans_fat 
        from
            nutrition_info ni1_0 
        where
            ni1_0.product_id=?
    16:24:30.283 [pool-2-thread-234] DEBUG org.hibernate.SQL - 
        select
            f1_0.member_id,
            f1_0.product_id,
            f1_0.orderby 
        from
            favorite f1_0 
        where
            (
                f1_0.member_id, f1_0.product_id
            ) in ((?, ?))
    16:24:30.284 [pool-2-thread-238] DEBUG org.hibernate.SQL - 
        /* SELECT
            p 
        FROM
            Product p 
        WHERE
            p.id = :productId */ select
                p1_0.product_id,
                p1_0.category_id,
                p1_0.favorite_count,
                p1_0.price,
                p1_0.product_content,
                p1_0.product_name,
                p1_0.product_photo,
                p1_0.version 
            from
                product p1_0 
            where
                p1_0.product_id=? for update
    16:24:30.284 [pool-2-thread-234] DEBUG org.hibernate.SQL - 
        /* insert for
            com.codepresso.codepresso.entity.member.Favorite */insert 
        into
            favorite (orderby, member_id, product_id) 
        values
            (?, ?, ?)
    16:24:30.285 [pool-2-thread-234] DEBUG c.c.c.s.m.FavoritePessimisticService - 즐겨찾기 추가 성공 : memberId = 234, productId = 1
    16:24:30.285 [pool-2-thread-234] DEBUG c.c.c.s.m.FavoritePessimisticService - 메서드 종료 직전: memberId = 234, productId = 1
    16:24:30.285 [pool-2-thread-234] DEBUG c.c.c.s.m.FavoriteConcurrencyTest - 실패 : Could not commit JPA transaction 
    16:24:30.286 [pool-2-thread-237] DEBUG org.hibernate.SQL - 
        select
            ni1_0.nutrition_info_id,
            ni1_0.caffeine,
            ni1_0.calories,
            ni1_0.carbohydrate,
            ni1_0.cholesterol,
            ni1_0.fat,
            ni1_0.product_id,
            ni1_0.protein,
            ni1_0.saturated_fat,
            ni1_0.sodium,
            ni1_0.sugar,
            ni1_0.trans_fat 
        from
            nutrition_info ni1_0 
        where
            ni1_0.product_id=?
    16:24:30.286 [pool-2-thread-239] DEBUG org.hibernate.SQL - 
        /* SELECT
            p 
        FROM
            Product p 
        WHERE
            p.id = :productId */ select
                p1_0.product_id,
                p1_0.category_id,
                p1_0.favorite_count,
                p1_0.price,
                p1_0.product_content,
                p1_0.product_name,
                p1_0.product_photo,
                p1_0.version 
            from
                product p1_0 
            where
                p1_0.product_id=? for update
    16:24:30.286 [pool-2-thread-237] DEBUG org.hibernate.SQL - 
        select
            f1_0.member_id,
            f1_0.product_id,
            f1_0.orderby 
        from
            favorite f1_0 
        where
            (
                f1_0.member_id, f1_0.product_id
            ) in ((?, ?))
    16:24:30.286 [pool-2-thread-237] DEBUG org.hibernate.SQL - 
        /* insert for
            com.codepresso.codepresso.entity.member.Favorite */insert 
        into
            favorite (orderby, member_id, product_id) 
        values
            (?, ?, ?)
    16:24:30.287 [pool-2-thread-237] DEBUG c.c.c.s.m.FavoritePessimisticService - 즐겨찾기 추가 성공 : memberId = 237, productId = 1
    16:24:30.287 [pool-2-thread-237] DEBUG c.c.c.s.m.FavoritePessimisticService - 메서드 종료 직전: memberId = 237, productId = 1
    16:24:30.287 [pool-2-thread-237] DEBUG c.c.c.s.m.FavoriteConcurrencyTest - 실패 : Could not commit JPA transaction 
    16:24:30.287 [pool-2-thread-228] DEBUG org.hibernate.SQL - 
        select
            ni1_0.nutrition_info_id,
            ni1_0.caffeine,
            ni1_0.calories,
            ni1_0.carbohydrate,
            ni1_0.cholesterol,
            ni1_0.fat,
            ni1_0.product_id,
            ni1_0.protein,
            ni1_0.saturated_fat,
            ni1_0.sodium,
            ni1_0.sugar,
            ni1_0.trans_fat 
        from
            nutrition_info ni1_0 
        where
            ni1_0.product_id=?
    16:24:30.287 [pool-2-thread-240] DEBUG org.hibernate.SQL - 
        /* SELECT
            p 
        FROM
            Product p 
        WHERE
            p.id = :productId */ select
                p1_0.product_id,
                p1_0.category_id,
                p1_0.favorite_count,
                p1_0.price,
                p1_0.product_content,
                p1_0.product_name,
                p1_0.product_photo,
                p1_0.version 
            from
                product p1_0 
            where
                p1_0.product_id=? for update
    16:24:30.288 [pool-2-thread-228] DEBUG org.hibernate.SQL - 
        select
            f1_0.member_id,
            f1_0.product_id,
            f1_0.orderby 
        from
            favorite f1_0 
        where
            (
                f1_0.member_id, f1_0.product_id
            ) in ((?, ?))
    16:24:30.288 [pool-2-thread-228] DEBUG org.hibernate.SQL - 
        /* insert for
            com.codepresso.codepresso.entity.member.Favorite */insert 
        into
            favorite (orderby, member_id, product_id) 
        values
            (?, ?, ?)
    16:24:30.288 [pool-2-thread-228] DEBUG c.c.c.s.m.FavoritePessimisticService - 즐겨찾기 추가 성공 : memberId = 228, productId = 1
    16:24:30.288 [pool-2-thread-228] DEBUG c.c.c.s.m.FavoritePessimisticService - 메서드 종료 직전: memberId = 228, productId = 1
    16:24:30.288 [pool-2-thread-228] DEBUG c.c.c.s.m.FavoriteConcurrencyTest - 실패 : Could not commit JPA transaction 
    16:24:30.288 [pool-2-thread-239] DEBUG org.hibernate.SQL - 
        select
            ni1_0.nutrition_info_id,
            ni1_0.caffeine,
            ni1_0.calories,
            ni1_0.carbohydrate,
            ni1_0.cholesterol,
            ni1_0.fat,
            ni1_0.product_id,
            ni1_0.protein,
            ni1_0.saturated_fat,
            ni1_0.sodium,
            ni1_0.sugar,
            ni1_0.trans_fat 
        from
            nutrition_info ni1_0 
        where
            ni1_0.product_id=?
    16:24:30.289 [pool-2-thread-241] DEBUG org.hibernate.SQL - 
        /* SELECT
            p 
        FROM
            Product p 
        WHERE
            p.id = :productId */ select
                p1_0.product_id,
                p1_0.category_id,
                p1_0.favorite_count,
                p1_0.price,
                p1_0.product_content,
                p1_0.product_name,
                p1_0.product_photo,
                p1_0.version 
            from
                product p1_0 
            where
                p1_0.product_id=? for update
    16:24:30.289 [pool-2-thread-239] DEBUG org.hibernate.SQL - 
        select
            f1_0.member_id,
            f1_0.product_id,
            f1_0.orderby 
        from
            favorite f1_0 
        where
            (
                f1_0.member_id, f1_0.product_id
            ) in ((?, ?))
    16:24:30.289 [pool-2-thread-239] DEBUG org.hibernate.SQL - 
        /* insert for
            com.codepresso.codepresso.entity.member.Favorite */insert 
        into
            favorite (orderby, member_id, product_id) 
        values
            (?, ?, ?)
    16:24:30.289 [pool-2-thread-239] DEBUG c.c.c.s.m.FavoritePessimisticService - 즐겨찾기 추가 성공 : memberId = 239, productId = 1
    16:24:30.289 [pool-2-thread-239] DEBUG c.c.c.s.m.FavoritePessimisticService - 메서드 종료 직전: memberId = 239, productId = 1
    16:24:30.290 [pool-2-thread-239] DEBUG c.c.c.s.m.FavoriteConcurrencyTest - 실패 : Could not commit JPA transaction 
    16:24:30.290 [pool-2-thread-240] DEBUG org.hibernate.SQL - 
        select
            ni1_0.nutrition_info_id,
            ni1_0.caffeine,
            ni1_0.calories,
            ni1_0.carbohydrate,
            ni1_0.cholesterol,
            ni1_0.fat,
            ni1_0.product_id,
            ni1_0.protein,
            ni1_0.saturated_fat,
            ni1_0.sodium,
            ni1_0.sugar,
            ni1_0.trans_fat 
        from
            nutrition_info ni1_0 
        where
            ni1_0.product_id=?
    16:24:30.290 [pool-2-thread-242] DEBUG org.hibernate.SQL - 
        /* SELECT
            p 
        FROM
            Product p 
        WHERE
            p.id = :productId */ select
                p1_0.product_id,
                p1_0.category_id,
                p1_0.favorite_count,
                p1_0.price,
                p1_0.product_content,
                p1_0.product_name,
                p1_0.product_photo,
                p1_0.version 
            from
                product p1_0 
            where
                p1_0.product_id=? for update
    16:24:30.290 [pool-2-thread-240] DEBUG org.hibernate.SQL - 
        select
            f1_0.member_id,
            f1_0.product_id,
            f1_0.orderby 
        from
            favorite f1_0 
        where
            (
                f1_0.member_id, f1_0.product_id
            ) in ((?, ?))
    16:24:30.290 [pool-2-thread-240] DEBUG org.hibernate.SQL - 
        /* insert for
            com.codepresso.codepresso.entity.member.Favorite */insert 
        into
            favorite (orderby, member_id, product_id) 
        values
            (?, ?, ?)
    16:24:30.290 [pool-2-thread-240] DEBUG c.c.c.s.m.FavoritePessimisticService - 즐겨찾기 추가 성공 : memberId = 240, productId = 1
    16:24:30.290 [pool-2-thread-240] DEBUG c.c.c.s.m.FavoritePessimisticService - 메서드 종료 직전: memberId = 240, productId = 1
    16:24:30.291 [pool-2-thread-240] DEBUG c.c.c.s.m.FavoriteConcurrencyTest - 실패 : Could not commit JPA transaction 
    16:24:30.291 [pool-2-thread-241] DEBUG org.hibernate.SQL - 
        select
            ni1_0.nutrition_info_id,
            ni1_0.caffeine,
            ni1_0.calories,
            ni1_0.carbohydrate,
            ni1_0.cholesterol,
            ni1_0.fat,
            ni1_0.product_id,
            ni1_0.protein,
            ni1_0.saturated_fat,
            ni1_0.sodium,
            ni1_0.sugar,
            ni1_0.trans_fat 
        from
            nutrition_info ni1_0 
        where
            ni1_0.product_id=?
    16:24:30.291 [pool-2-thread-243] DEBUG org.hibernate.SQL - 
        /* SELECT
            p 
        FROM
            Product p 
        WHERE
            p.id = :productId */ select
                p1_0.product_id,
                p1_0.category_id,
                p1_0.favorite_count,
                p1_0.price,
                p1_0.product_content,
                p1_0.product_name,
                p1_0.product_photo,
                p1_0.version 
            from
                product p1_0 
            where
                p1_0.product_id=? for update
    16:24:30.291 [pool-2-thread-241] DEBUG org.hibernate.SQL - 
        select
            f1_0.member_id,
            f1_0.product_id,
            f1_0.orderby 
        from
            favorite f1_0 
        where
            (
                f1_0.member_id, f1_0.product_id
            ) in ((?, ?))
    16:24:30.292 [pool-2-thread-241] DEBUG org.hibernate.SQL - 
        /* insert for
            com.codepresso.codepresso.entity.member.Favorite */insert 
        into
            favorite (orderby, member_id, product_id) 
        values
            (?, ?, ?)
    16:24:30.292 [pool-2-thread-241] DEBUG c.c.c.s.m.FavoritePessimisticService - 즐겨찾기 추가 성공 : memberId = 241, productId = 1
    16:24:30.292 [pool-2-thread-241] DEBUG c.c.c.s.m.FavoritePessimisticService - 메서드 종료 직전: memberId = 241, productId = 1
    16:24:30.292 [pool-2-thread-241] DEBUG c.c.c.s.m.FavoriteConcurrencyTest - 실패 : Could not commit JPA transaction 
    16:24:30.292 [pool-2-thread-243] DEBUG org.hibernate.SQL - 
        select
            ni1_0.nutrition_info_id,
            ni1_0.caffeine,
            ni1_0.calories,
            ni1_0.carbohydrate,
            ni1_0.cholesterol,
            ni1_0.fat,
            ni1_0.product_id,
            ni1_0.protein,
            ni1_0.saturated_fat,
            ni1_0.sodium,
            ni1_0.sugar,
            ni1_0.trans_fat 
        from
            nutrition_info ni1_0 
        where
            ni1_0.product_id=?
    16:24:30.292 [pool-2-thread-244] DEBUG org.hibernate.SQL - 
        /* SELECT
            p 
        FROM
            Product p 
        WHERE
            p.id = :productId */ select
                p1_0.product_id,
                p1_0.category_id,
                p1_0.favorite_count,
                p1_0.price,
                p1_0.product_content,
                p1_0.product_name,
                p1_0.product_photo,
                p1_0.version 
            from
                product p1_0 
            where
                p1_0.product_id=? for update
    16:24:30.293 [pool-2-thread-243] DEBUG org.hibernate.SQL - 
        select
            f1_0.member_id,
            f1_0.product_id,
            f1_0.orderby 
        from
            favorite f1_0 
        where
            (
                f1_0.member_id, f1_0.product_id
            ) in ((?, ?))
    16:24:30.293 [pool-2-thread-243] DEBUG org.hibernate.SQL - 
        /* insert for
            com.codepresso.codepresso.entity.member.Favorite */insert 
        into
            favorite (orderby, member_id, product_id) 
        values
            (?, ?, ?)
    16:24:30.293 [pool-2-thread-243] DEBUG c.c.c.s.m.FavoritePessimisticService - 즐겨찾기 추가 성공 : memberId = 243, productId = 1
    16:24:30.293 [pool-2-thread-243] DEBUG c.c.c.s.m.FavoritePessimisticService - 메서드 종료 직전: memberId = 243, productId = 1
    16:24:30.293 [pool-2-thread-243] DEBUG c.c.c.s.m.FavoriteConcurrencyTest - 실패 : Could not commit JPA transaction 
    16:24:30.293 [pool-2-thread-242] DEBUG org.hibernate.SQL - 
        select
            ni1_0.nutrition_info_id,
            ni1_0.caffeine,
            ni1_0.calories,
            ni1_0.carbohydrate,
            ni1_0.cholesterol,
            ni1_0.fat,
            ni1_0.product_id,
            ni1_0.protein,
            ni1_0.saturated_fat,
            ni1_0.sodium,
            ni1_0.sugar,
            ni1_0.trans_fat 
        from
            nutrition_info ni1_0 
        where
            ni1_0.product_id=?
    16:24:30.294 [pool-2-thread-242] DEBUG org.hibernate.SQL - 
        select
            f1_0.member_id,
            f1_0.product_id,
            f1_0.orderby 
        from
            favorite f1_0 
        where
            (
                f1_0.member_id, f1_0.product_id
            ) in ((?, ?))
    16:24:30.294 [pool-2-thread-245] DEBUG org.hibernate.SQL - 
        /* SELECT
            p 
        FROM
            Product p 
        WHERE
            p.id = :productId */ select
                p1_0.product_id,
                p1_0.category_id,
                p1_0.favorite_count,
                p1_0.price,
                p1_0.product_content,
                p1_0.product_name,
                p1_0.product_photo,
                p1_0.version 
            from
                product p1_0 
            where
                p1_0.product_id=? for update
    16:24:30.294 [pool-2-thread-242] DEBUG org.hibernate.SQL - 
        /* insert for
            com.codepresso.codepresso.entity.member.Favorite */insert 
        into
            favorite (orderby, member_id, product_id) 
        values
            (?, ?, ?)
    16:24:30.295 [pool-2-thread-242] DEBUG c.c.c.s.m.FavoritePessimisticService - 즐겨찾기 추가 성공 : memberId = 242, productId = 1
    16:24:30.295 [pool-2-thread-242] DEBUG c.c.c.s.m.FavoritePessimisticService - 메서드 종료 직전: memberId = 242, productId = 1
    16:24:30.295 [pool-2-thread-242] DEBUG c.c.c.s.m.FavoriteConcurrencyTest - 실패 : Could not commit JPA transaction 
    16:24:30.295 [pool-2-thread-230] DEBUG org.hibernate.SQL - 
        select
            ni1_0.nutrition_info_id,
            ni1_0.caffeine,
            ni1_0.calories,
            ni1_0.carbohydrate,
            ni1_0.cholesterol,
            ni1_0.fat,
            ni1_0.product_id,
            ni1_0.protein,
            ni1_0.saturated_fat,
            ni1_0.sodium,
            ni1_0.sugar,
            ni1_0.trans_fat 
        from
            nutrition_info ni1_0 
        where
            ni1_0.product_id=?
    16:24:30.295 [pool-2-thread-230] DEBUG org.hibernate.SQL - 
        select
            f1_0.member_id,
            f1_0.product_id,
            f1_0.orderby 
        from
            favorite f1_0 
        where
            (
                f1_0.member_id, f1_0.product_id
            ) in ((?, ?))
    16:24:30.295 [pool-2-thread-247] DEBUG org.hibernate.SQL - 
        /* SELECT
            p 
        FROM
            Product p 
        WHERE
            p.id = :productId */ select
                p1_0.product_id,
                p1_0.category_id,
                p1_0.favorite_count,
                p1_0.price,
                p1_0.product_content,
                p1_0.product_name,
                p1_0.product_photo,
                p1_0.version 
            from
                product p1_0 
            where
                p1_0.product_id=? for update
    16:24:30.296 [pool-2-thread-230] DEBUG org.hibernate.SQL - 
        /* insert for
            com.codepresso.codepresso.entity.member.Favorite */insert 
        into
            favorite (orderby, member_id, product_id) 
        values
            (?, ?, ?)
    16:24:30.296 [pool-2-thread-230] DEBUG c.c.c.s.m.FavoritePessimisticService - 즐겨찾기 추가 성공 : memberId = 230, productId = 1
    16:24:30.296 [pool-2-thread-230] DEBUG c.c.c.s.m.FavoritePessimisticService - 메서드 종료 직전: memberId = 230, productId = 1
    16:24:30.296 [pool-2-thread-230] DEBUG c.c.c.s.m.FavoriteConcurrencyTest - 실패 : Could not commit JPA transaction 
    16:24:30.296 [pool-2-thread-244] DEBUG org.hibernate.SQL - 
        select
            ni1_0.nutrition_info_id,
            ni1_0.caffeine,
            ni1_0.calories,
            ni1_0.carbohydrate,
            ni1_0.cholesterol,
            ni1_0.fat,
            ni1_0.product_id,
            ni1_0.protein,
            ni1_0.saturated_fat,
            ni1_0.sodium,
            ni1_0.sugar,
            ni1_0.trans_fat 
        from
            nutrition_info ni1_0 
        where
            ni1_0.product_id=?
    16:24:30.296 [pool-2-thread-246] DEBUG org.hibernate.SQL - 
        /* SELECT
            p 
        FROM
            Product p 
        WHERE
            p.id = :productId */ select
                p1_0.product_id,
                p1_0.category_id,
                p1_0.favorite_count,
                p1_0.price,
                p1_0.product_content,
                p1_0.product_name,
                p1_0.product_photo,
                p1_0.version 
            from
                product p1_0 
            where
                p1_0.product_id=? for update
    16:24:30.297 [pool-2-thread-244] DEBUG org.hibernate.SQL - 
        select
            f1_0.member_id,
            f1_0.product_id,
            f1_0.orderby 
        from
            favorite f1_0 
        where
            (
                f1_0.member_id, f1_0.product_id
            ) in ((?, ?))
    16:24:30.297 [pool-2-thread-244] DEBUG org.hibernate.SQL - 
        /* insert for
            com.codepresso.codepresso.entity.member.Favorite */insert 
        into
            favorite (orderby, member_id, product_id) 
        values
            (?, ?, ?)
    16:24:30.297 [pool-2-thread-244] DEBUG c.c.c.s.m.FavoritePessimisticService - 즐겨찾기 추가 성공 : memberId = 244, productId = 1
    16:24:30.297 [pool-2-thread-244] DEBUG c.c.c.s.m.FavoritePessimisticService - 메서드 종료 직전: memberId = 244, productId = 1
    16:24:30.297 [pool-2-thread-244] DEBUG c.c.c.s.m.FavoriteConcurrencyTest - 실패 : Could not commit JPA transaction 
    16:24:30.297 [pool-2-thread-232] DEBUG org.hibernate.SQL - 
        select
            ni1_0.nutrition_info_id,
            ni1_0.caffeine,
            ni1_0.calories,
            ni1_0.carbohydrate,
            ni1_0.cholesterol,
            ni1_0.fat,
            ni1_0.product_id,
            ni1_0.protein,
            ni1_0.saturated_fat,
            ni1_0.sodium,
            ni1_0.sugar,
            ni1_0.trans_fat 
        from
            nutrition_info ni1_0 
        where
            ni1_0.product_id=?
    16:24:30.298 [pool-2-thread-249] DEBUG org.hibernate.SQL - 
        /* SELECT
            p 
        FROM
            Product p 
        WHERE
            p.id = :productId */ select
                p1_0.product_id,
                p1_0.category_id,
                p1_0.favorite_count,
                p1_0.price,
                p1_0.product_content,
                p1_0.product_name,
                p1_0.product_photo,
                p1_0.version 
            from
                product p1_0 
            where
                p1_0.product_id=? for update
    16:24:30.298 [pool-2-thread-232] DEBUG org.hibernate.SQL - 
        select
            f1_0.member_id,
            f1_0.product_id,
            f1_0.orderby 
        from
            favorite f1_0 
        where
            (
                f1_0.member_id, f1_0.product_id
            ) in ((?, ?))
    16:24:30.298 [pool-2-thread-232] DEBUG org.hibernate.SQL - 
        /* insert for
            com.codepresso.codepresso.entity.member.Favorite */insert 
        into
            favorite (orderby, member_id, product_id) 
        values
            (?, ?, ?)
    16:24:30.298 [pool-2-thread-232] DEBUG c.c.c.s.m.FavoritePessimisticService - 즐겨찾기 추가 성공 : memberId = 232, productId = 1
    16:24:30.298 [pool-2-thread-232] DEBUG c.c.c.s.m.FavoritePessimisticService - 메서드 종료 직전: memberId = 232, productId = 1
    16:24:30.298 [pool-2-thread-232] DEBUG c.c.c.s.m.FavoriteConcurrencyTest - 실패 : Could not commit JPA transaction 
    16:24:30.298 [pool-2-thread-246] DEBUG org.hibernate.SQL - 
        select
            ni1_0.nutrition_info_id,
            ni1_0.caffeine,
            ni1_0.calories,
            ni1_0.carbohydrate,
            ni1_0.cholesterol,
            ni1_0.fat,
            ni1_0.product_id,
            ni1_0.protein,
            ni1_0.saturated_fat,
            ni1_0.sodium,
            ni1_0.sugar,
            ni1_0.trans_fat 
        from
            nutrition_info ni1_0 
        where
            ni1_0.product_id=?
    16:24:30.299 [pool-2-thread-248] DEBUG org.hibernate.SQL - 
        /* SELECT
            p 
        FROM
            Product p 
        WHERE
            p.id = :productId */ select
                p1_0.product_id,
                p1_0.category_id,
                p1_0.favorite_count,
                p1_0.price,
                p1_0.product_content,
                p1_0.product_name,
                p1_0.product_photo,
                p1_0.version 
            from
                product p1_0 
            where
                p1_0.product_id=? for update
    16:24:30.299 [pool-2-thread-246] DEBUG org.hibernate.SQL - 
        select
            f1_0.member_id,
            f1_0.product_id,
            f1_0.orderby 
        from
            favorite f1_0 
        where
            (
                f1_0.member_id, f1_0.product_id
            ) in ((?, ?))
    16:24:30.299 [pool-2-thread-246] DEBUG org.hibernate.SQL - 
        /* insert for
            com.codepresso.codepresso.entity.member.Favorite */insert 
        into
            favorite (orderby, member_id, product_id) 
        values
            (?, ?, ?)
    16:24:30.299 [pool-2-thread-246] DEBUG c.c.c.s.m.FavoritePessimisticService - 즐겨찾기 추가 성공 : memberId = 246, productId = 1
    16:24:30.299 [pool-2-thread-246] DEBUG c.c.c.s.m.FavoritePessimisticService - 메서드 종료 직전: memberId = 246, productId = 1
    16:24:30.300 [pool-2-thread-246] DEBUG c.c.c.s.m.FavoriteConcurrencyTest - 실패 : Could not commit JPA transaction 
    16:24:30.300 [pool-2-thread-249] DEBUG org.hibernate.SQL - 
        select
            ni1_0.nutrition_info_id,
            ni1_0.caffeine,
            ni1_0.calories,
            ni1_0.carbohydrate,
            ni1_0.cholesterol,
            ni1_0.fat,
            ni1_0.product_id,
            ni1_0.protein,
            ni1_0.saturated_fat,
            ni1_0.sodium,
            ni1_0.sugar,
            ni1_0.trans_fat 
        from
            nutrition_info ni1_0 
        where
            ni1_0.product_id=?
    16:24:30.300 [pool-2-thread-250] DEBUG org.hibernate.SQL - 
        /* SELECT
            p 
        FROM
            Product p 
        WHERE
            p.id = :productId */ select
                p1_0.product_id,
                p1_0.category_id,
                p1_0.favorite_count,
                p1_0.price,
                p1_0.product_content,
                p1_0.product_name,
                p1_0.product_photo,
                p1_0.version 
            from
                product p1_0 
            where
                p1_0.product_id=? for update
    16:24:30.300 [pool-2-thread-249] DEBUG org.hibernate.SQL - 
        select
            f1_0.member_id,
            f1_0.product_id,
            f1_0.orderby 
        from
            favorite f1_0 
        where
            (
                f1_0.member_id, f1_0.product_id
            ) in ((?, ?))
    16:24:30.301 [pool-2-thread-249] DEBUG org.hibernate.SQL - 
        /* insert for
            com.codepresso.codepresso.entity.member.Favorite */insert 
        into
            favorite (orderby, member_id, product_id) 
        values
            (?, ?, ?)
    16:24:30.301 [pool-2-thread-249] DEBUG c.c.c.s.m.FavoritePessimisticService - 즐겨찾기 추가 성공 : memberId = 249, productId = 1
    16:24:30.301 [pool-2-thread-249] DEBUG c.c.c.s.m.FavoritePessimisticService - 메서드 종료 직전: memberId = 249, productId = 1
    16:24:30.301 [pool-2-thread-249] DEBUG c.c.c.s.m.FavoriteConcurrencyTest - 실패 : Could not commit JPA transaction 
    16:24:30.301 [pool-2-thread-248] DEBUG org.hibernate.SQL - 
        select
            ni1_0.nutrition_info_id,
            ni1_0.caffeine,
            ni1_0.calories,
            ni1_0.carbohydrate,
            ni1_0.cholesterol,
            ni1_0.fat,
            ni1_0.product_id,
            ni1_0.protein,
            ni1_0.saturated_fat,
            ni1_0.sodium,
            ni1_0.sugar,
            ni1_0.trans_fat 
        from
            nutrition_info ni1_0 
        where
            ni1_0.product_id=?
    16:24:30.301 [pool-2-thread-251] DEBUG org.hibernate.SQL - 
        /* SELECT
            p 
        FROM
            Product p 
        WHERE
            p.id = :productId */ select
                p1_0.product_id,
                p1_0.category_id,
                p1_0.favorite_count,
                p1_0.price,
                p1_0.product_content,
                p1_0.product_name,
                p1_0.product_photo,
                p1_0.version 
            from
                product p1_0 
            where
                p1_0.product_id=? for update
    16:24:30.302 [pool-2-thread-248] DEBUG org.hibernate.SQL - 
        select
            f1_0.member_id,
            f1_0.product_id,
            f1_0.orderby 
        from
            favorite f1_0 
        where
            (
                f1_0.member_id, f1_0.product_id
            ) in ((?, ?))
    16:24:30.302 [pool-2-thread-248] DEBUG org.hibernate.SQL - 
        /* insert for
            com.codepresso.codepresso.entity.member.Favorite */insert 
        into
            favorite (orderby, member_id, product_id) 
        values
            (?, ?, ?)
    16:24:30.302 [pool-2-thread-248] DEBUG c.c.c.s.m.FavoritePessimisticService - 즐겨찾기 추가 성공 : memberId = 248, productId = 1
    16:24:30.302 [pool-2-thread-248] DEBUG c.c.c.s.m.FavoritePessimisticService - 메서드 종료 직전: memberId = 248, productId = 1
    16:24:30.302 [pool-2-thread-248] DEBUG c.c.c.s.m.FavoriteConcurrencyTest - 실패 : Could not commit JPA transaction 
    16:24:30.302 [pool-2-thread-250] DEBUG org.hibernate.SQL - 
        select
            ni1_0.nutrition_info_id,
            ni1_0.caffeine,
            ni1_0.calories,
            ni1_0.carbohydrate,
            ni1_0.cholesterol,
            ni1_0.fat,
            ni1_0.product_id,
            ni1_0.protein,
            ni1_0.saturated_fat,
            ni1_0.sodium,
            ni1_0.sugar,
            ni1_0.trans_fat 
        from
            nutrition_info ni1_0 
        where
            ni1_0.product_id=?
    16:24:30.303 [pool-2-thread-252] DEBUG org.hibernate.SQL - 
        /* SELECT
            p 
        FROM
            Product p 
        WHERE
            p.id = :productId */ select
                p1_0.product_id,
                p1_0.category_id,
                p1_0.favorite_count,
                p1_0.price,
                p1_0.product_content,
                p1_0.product_name,
                p1_0.product_photo,
                p1_0.version 
            from
                product p1_0 
            where
                p1_0.product_id=? for update
    16:24:30.303 [pool-2-thread-250] DEBUG org.hibernate.SQL - 
        select
            f1_0.member_id,
            f1_0.product_id,
            f1_0.orderby 
        from
            favorite f1_0 
        where
            (
                f1_0.member_id, f1_0.product_id
            ) in ((?, ?))
    16:24:30.303 [pool-2-thread-250] DEBUG org.hibernate.SQL - 
        /* insert for
            com.codepresso.codepresso.entity.member.Favorite */insert 
        into
            favorite (orderby, member_id, product_id) 
        values
            (?, ?, ?)
    16:24:30.303 [pool-2-thread-250] DEBUG c.c.c.s.m.FavoritePessimisticService - 즐겨찾기 추가 성공 : memberId = 250, productId = 1
    16:24:30.303 [pool-2-thread-250] DEBUG c.c.c.s.m.FavoritePessimisticService - 메서드 종료 직전: memberId = 250, productId = 1
    16:24:30.304 [pool-2-thread-250] DEBUG c.c.c.s.m.FavoriteConcurrencyTest - 실패 : Could not commit JPA transaction 
    16:24:30.304 [pool-2-thread-251] DEBUG org.hibernate.SQL - 
        select
            ni1_0.nutrition_info_id,
            ni1_0.caffeine,
            ni1_0.calories,
            ni1_0.carbohydrate,
            ni1_0.cholesterol,
            ni1_0.fat,
            ni1_0.product_id,
            ni1_0.protein,
            ni1_0.saturated_fat,
            ni1_0.sodium,
            ni1_0.sugar,
            ni1_0.trans_fat 
        from
            nutrition_info ni1_0 
        where
            ni1_0.product_id=?
    16:24:30.304 [pool-2-thread-251] DEBUG org.hibernate.SQL - 
        select
            f1_0.member_id,
            f1_0.product_id,
            f1_0.orderby 
        from
            favorite f1_0 
        where
            (
                f1_0.member_id, f1_0.product_id
            ) in ((?, ?))
    16:24:30.304 [pool-2-thread-253] DEBUG org.hibernate.SQL - 
        /* SELECT
            p 
        FROM
            Product p 
        WHERE
            p.id = :productId */ select
                p1_0.product_id,
                p1_0.category_id,
                p1_0.favorite_count,
                p1_0.price,
                p1_0.product_content,
                p1_0.product_name,
                p1_0.product_photo,
                p1_0.version 
            from
                product p1_0 
            where
                p1_0.product_id=? for update
    16:24:30.304 [pool-2-thread-251] DEBUG org.hibernate.SQL - 
        /* insert for
            com.codepresso.codepresso.entity.member.Favorite */insert 
        into
            favorite (orderby, member_id, product_id) 
        values
            (?, ?, ?)
    16:24:30.305 [pool-2-thread-251] DEBUG c.c.c.s.m.FavoritePessimisticService - 즐겨찾기 추가 성공 : memberId = 251, productId = 1
    16:24:30.305 [pool-2-thread-251] DEBUG c.c.c.s.m.FavoritePessimisticService - 메서드 종료 직전: memberId = 251, productId = 1
    16:24:30.305 [pool-2-thread-251] DEBUG c.c.c.s.m.FavoriteConcurrencyTest - 실패 : Could not commit JPA transaction 
    16:24:30.305 [pool-2-thread-252] DEBUG org.hibernate.SQL - 
        select
            ni1_0.nutrition_info_id,
            ni1_0.caffeine,
            ni1_0.calories,
            ni1_0.carbohydrate,
            ni1_0.cholesterol,
            ni1_0.fat,
            ni1_0.product_id,
            ni1_0.protein,
            ni1_0.saturated_fat,
            ni1_0.sodium,
            ni1_0.sugar,
            ni1_0.trans_fat 
        from
            nutrition_info ni1_0 
        where
            ni1_0.product_id=?
    16:24:30.305 [pool-2-thread-254] DEBUG org.hibernate.SQL - 
        /* SELECT
            p 
        FROM
            Product p 
        WHERE
            p.id = :productId */ select
                p1_0.product_id,
                p1_0.category_id,
                p1_0.favorite_count,
                p1_0.price,
                p1_0.product_content,
                p1_0.product_name,
                p1_0.product_photo,
                p1_0.version 
            from
                product p1_0 
            where
                p1_0.product_id=? for update
    16:24:30.305 [pool-2-thread-252] DEBUG org.hibernate.SQL - 
        select
            f1_0.member_id,
            f1_0.product_id,
            f1_0.orderby 
        from
            favorite f1_0 
        where
            (
                f1_0.member_id, f1_0.product_id
            ) in ((?, ?))
    16:24:30.306 [pool-2-thread-252] DEBUG org.hibernate.SQL - 
        /* insert for
            com.codepresso.codepresso.entity.member.Favorite */insert 
        into
            favorite (orderby, member_id, product_id) 
        values
            (?, ?, ?)
    16:24:30.306 [pool-2-thread-252] DEBUG c.c.c.s.m.FavoritePessimisticService - 즐겨찾기 추가 성공 : memberId = 252, productId = 1
    16:24:30.306 [pool-2-thread-252] DEBUG c.c.c.s.m.FavoritePessimisticService - 메서드 종료 직전: memberId = 252, productId = 1
    16:24:30.306 [pool-2-thread-252] DEBUG c.c.c.s.m.FavoriteConcurrencyTest - 실패 : Could not commit JPA transaction 
    16:24:30.306 [pool-2-thread-253] DEBUG org.hibernate.SQL - 
        select
            ni1_0.nutrition_info_id,
            ni1_0.caffeine,
            ni1_0.calories,
            ni1_0.carbohydrate,
            ni1_0.cholesterol,
            ni1_0.fat,
            ni1_0.product_id,
            ni1_0.protein,
            ni1_0.saturated_fat,
            ni1_0.sodium,
            ni1_0.sugar,
            ni1_0.trans_fat 
        from
            nutrition_info ni1_0 
        where
            ni1_0.product_id=?
    16:24:30.306 [pool-2-thread-255] DEBUG org.hibernate.SQL - 
        /* SELECT
            p 
        FROM
            Product p 
        WHERE
            p.id = :productId */ select
                p1_0.product_id,
                p1_0.category_id,
                p1_0.favorite_count,
                p1_0.price,
                p1_0.product_content,
                p1_0.product_name,
                p1_0.product_photo,
                p1_0.version 
            from
                product p1_0 
            where
                p1_0.product_id=? for update
    16:24:30.307 [pool-2-thread-253] DEBUG org.hibernate.SQL - 
        select
            f1_0.member_id,
            f1_0.product_id,
            f1_0.orderby 
        from
            favorite f1_0 
        where
            (
                f1_0.member_id, f1_0.product_id
            ) in ((?, ?))
    16:24:30.307 [pool-2-thread-253] DEBUG org.hibernate.SQL - 
        /* insert for
            com.codepresso.codepresso.entity.member.Favorite */insert 
        into
            favorite (orderby, member_id, product_id) 
        values
            (?, ?, ?)
    16:24:30.307 [pool-2-thread-253] DEBUG c.c.c.s.m.FavoritePessimisticService - 즐겨찾기 추가 성공 : memberId = 253, productId = 1
    16:24:30.307 [pool-2-thread-253] DEBUG c.c.c.s.m.FavoritePessimisticService - 메서드 종료 직전: memberId = 253, productId = 1
    16:24:30.307 [pool-2-thread-253] DEBUG c.c.c.s.m.FavoriteConcurrencyTest - 실패 : Could not commit JPA transaction 
    16:24:30.308 [pool-2-thread-233] DEBUG org.hibernate.SQL - 
        select
            ni1_0.nutrition_info_id,
            ni1_0.caffeine,
            ni1_0.calories,
            ni1_0.carbohydrate,
            ni1_0.cholesterol,
            ni1_0.fat,
            ni1_0.product_id,
            ni1_0.protein,
            ni1_0.saturated_fat,
            ni1_0.sodium,
            ni1_0.sugar,
            ni1_0.trans_fat 
        from
            nutrition_info ni1_0 
        where
            ni1_0.product_id=?
    16:24:30.309 [pool-2-thread-233] DEBUG org.hibernate.SQL - 
        select
            f1_0.member_id,
            f1_0.product_id,
            f1_0.orderby 
        from
            favorite f1_0 
        where
            (
                f1_0.member_id, f1_0.product_id
            ) in ((?, ?))
    16:24:30.308 [pool-2-thread-257] DEBUG org.hibernate.SQL - 
        /* SELECT
            p 
        FROM
            Product p 
        WHERE
            p.id = :productId */ select
                p1_0.product_id,
                p1_0.category_id,
                p1_0.favorite_count,
                p1_0.price,
                p1_0.product_content,
                p1_0.product_name,
                p1_0.product_photo,
                p1_0.version 
            from
                product p1_0 
            where
                p1_0.product_id=? for update
    16:24:30.309 [pool-2-thread-233] DEBUG org.hibernate.SQL - 
        /* insert for
            com.codepresso.codepresso.entity.member.Favorite */insert 
        into
            favorite (orderby, member_id, product_id) 
        values
            (?, ?, ?)
    16:24:30.310 [pool-2-thread-233] DEBUG c.c.c.s.m.FavoritePessimisticService - 즐겨찾기 추가 성공 : memberId = 233, productId = 1
    16:24:30.310 [pool-2-thread-233] DEBUG c.c.c.s.m.FavoritePessimisticService - 메서드 종료 직전: memberId = 233, productId = 1
    16:24:30.310 [pool-2-thread-233] DEBUG c.c.c.s.m.FavoriteConcurrencyTest - 실패 : Could not commit JPA transaction 
    16:24:30.311 [pool-2-thread-256] DEBUG org.hibernate.SQL - 
        /* SELECT
            p 
        FROM
            Product p 
        WHERE
            p.id = :productId */ select
                p1_0.product_id,
                p1_0.category_id,
                p1_0.favorite_count,
                p1_0.price,
                p1_0.product_content,
                p1_0.product_name,
                p1_0.product_photo,
                p1_0.version 
            from
                product p1_0 
            where
                p1_0.product_id=? for update
    16:24:30.311 [pool-2-thread-245] DEBUG org.hibernate.SQL - 
        select
            ni1_0.nutrition_info_id,
            ni1_0.caffeine,
            ni1_0.calories,
            ni1_0.carbohydrate,
            ni1_0.cholesterol,
            ni1_0.fat,
            ni1_0.product_id,
            ni1_0.protein,
            ni1_0.saturated_fat,
            ni1_0.sodium,
            ni1_0.sugar,
            ni1_0.trans_fat 
        from
            nutrition_info ni1_0 
        where
            ni1_0.product_id=?
    16:24:30.312 [pool-2-thread-245] DEBUG org.hibernate.SQL - 
        select
            f1_0.member_id,
            f1_0.product_id,
            f1_0.orderby 
        from
            favorite f1_0 
        where
            (
                f1_0.member_id, f1_0.product_id
            ) in ((?, ?))
    16:24:30.312 [pool-2-thread-245] DEBUG org.hibernate.SQL - 
        /* insert for
            com.codepresso.codepresso.entity.member.Favorite */insert 
        into
            favorite (orderby, member_id, product_id) 
        values
            (?, ?, ?)
    16:24:30.313 [pool-2-thread-245] DEBUG c.c.c.s.m.FavoritePessimisticService - 즐겨찾기 추가 성공 : memberId = 245, productId = 1
    16:24:30.313 [pool-2-thread-245] DEBUG c.c.c.s.m.FavoritePessimisticService - 메서드 종료 직전: memberId = 245, productId = 1
    16:24:30.313 [pool-2-thread-245] DEBUG c.c.c.s.m.FavoriteConcurrencyTest - 실패 : Could not commit JPA transaction 
    16:24:30.313 [pool-2-thread-255] DEBUG org.hibernate.SQL - 
        select
            ni1_0.nutrition_info_id,
            ni1_0.caffeine,
            ni1_0.calories,
            ni1_0.carbohydrate,
            ni1_0.cholesterol,
            ni1_0.fat,
            ni1_0.product_id,
            ni1_0.protein,
            ni1_0.saturated_fat,
            ni1_0.sodium,
            ni1_0.sugar,
            ni1_0.trans_fat 
        from
            nutrition_info ni1_0 
        where
            ni1_0.product_id=?
    16:24:30.313 [pool-2-thread-258] DEBUG org.hibernate.SQL - 
        /* SELECT
            p 
        FROM
            Product p 
        WHERE
            p.id = :productId */ select
                p1_0.product_id,
                p1_0.category_id,
                p1_0.favorite_count,
                p1_0.price,
                p1_0.product_content,
                p1_0.product_name,
                p1_0.product_photo,
                p1_0.version 
            from
                product p1_0 
            where
                p1_0.product_id=? for update
    16:24:30.314 [pool-2-thread-255] DEBUG org.hibernate.SQL - 
        select
            f1_0.member_id,
            f1_0.product_id,
            f1_0.orderby 
        from
            favorite f1_0 
        where
            (
                f1_0.member_id, f1_0.product_id
            ) in ((?, ?))
    16:24:30.314 [pool-2-thread-255] DEBUG org.hibernate.SQL - 
        /* insert for
            com.codepresso.codepresso.entity.member.Favorite */insert 
        into
            favorite (orderby, member_id, product_id) 
        values
            (?, ?, ?)
    16:24:30.315 [pool-2-thread-255] DEBUG c.c.c.s.m.FavoritePessimisticService - 즐겨찾기 추가 성공 : memberId = 255, productId = 1
    16:24:30.315 [pool-2-thread-255] DEBUG c.c.c.s.m.FavoritePessimisticService - 메서드 종료 직전: memberId = 255, productId = 1
    16:24:30.315 [pool-2-thread-255] DEBUG c.c.c.s.m.FavoriteConcurrencyTest - 실패 : Could not commit JPA transaction 
    16:24:30.315 [pool-2-thread-226] DEBUG org.hibernate.SQL - 
        select
            ni1_0.nutrition_info_id,
            ni1_0.caffeine,
            ni1_0.calories,
            ni1_0.carbohydrate,
            ni1_0.cholesterol,
            ni1_0.fat,
            ni1_0.product_id,
            ni1_0.protein,
            ni1_0.saturated_fat,
            ni1_0.sodium,
            ni1_0.sugar,
            ni1_0.trans_fat 
        from
            nutrition_info ni1_0 
        where
            ni1_0.product_id=?
    16:24:30.315 [pool-2-thread-226] DEBUG org.hibernate.SQL - 
        select
            f1_0.member_id,
            f1_0.product_id,
            f1_0.orderby 
        from
            favorite f1_0 
        where
            (
                f1_0.member_id, f1_0.product_id
            ) in ((?, ?))
    16:24:30.316 [pool-2-thread-259] DEBUG org.hibernate.SQL - 
        /* SELECT
            p 
        FROM
            Product p 
        WHERE
            p.id = :productId */ select
                p1_0.product_id,
                p1_0.category_id,
                p1_0.favorite_count,
                p1_0.price,
                p1_0.product_content,
                p1_0.product_name,
                p1_0.product_photo,
                p1_0.version 
            from
                product p1_0 
            where
                p1_0.product_id=? for update
    16:24:30.316 [pool-2-thread-226] DEBUG org.hibernate.SQL - 
        /* insert for
            com.codepresso.codepresso.entity.member.Favorite */insert 
        into
            favorite (orderby, member_id, product_id) 
        values
            (?, ?, ?)
    16:24:30.316 [pool-2-thread-226] DEBUG c.c.c.s.m.FavoritePessimisticService - 즐겨찾기 추가 성공 : memberId = 226, productId = 1
    16:24:30.316 [pool-2-thread-226] DEBUG c.c.c.s.m.FavoritePessimisticService - 메서드 종료 직전: memberId = 226, productId = 1
    16:24:30.316 [pool-2-thread-226] DEBUG c.c.c.s.m.FavoriteConcurrencyTest - 실패 : Could not commit JPA transaction 
    16:24:30.316 [pool-2-thread-254] DEBUG org.hibernate.SQL - 
        select
            ni1_0.nutrition_info_id,
            ni1_0.caffeine,
            ni1_0.calories,
            ni1_0.carbohydrate,
            ni1_0.cholesterol,
            ni1_0.fat,
            ni1_0.product_id,
            ni1_0.protein,
            ni1_0.saturated_fat,
            ni1_0.sodium,
            ni1_0.sugar,
            ni1_0.trans_fat 
        from
            nutrition_info ni1_0 
        where
            ni1_0.product_id=?
    16:24:30.317 [pool-2-thread-254] DEBUG org.hibernate.SQL - 
        select
            f1_0.member_id,
            f1_0.product_id,
            f1_0.orderby 
        from
            favorite f1_0 
        where
            (
                f1_0.member_id, f1_0.product_id
            ) in ((?, ?))
    16:24:30.317 [pool-2-thread-260] DEBUG org.hibernate.SQL - 
        /* SELECT
            p 
        FROM
            Product p 
        WHERE
            p.id = :productId */ select
                p1_0.product_id,
                p1_0.category_id,
                p1_0.favorite_count,
                p1_0.price,
                p1_0.product_content,
                p1_0.product_name,
                p1_0.product_photo,
                p1_0.version 
            from
                product p1_0 
            where
                p1_0.product_id=? for update
    16:24:30.317 [pool-2-thread-254] DEBUG org.hibernate.SQL - 
        /* insert for
            com.codepresso.codepresso.entity.member.Favorite */insert 
        into
            favorite (orderby, member_id, product_id) 
        values
            (?, ?, ?)
    16:24:30.317 [pool-2-thread-254] DEBUG c.c.c.s.m.FavoritePessimisticService - 즐겨찾기 추가 성공 : memberId = 254, productId = 1
    16:24:30.317 [pool-2-thread-254] DEBUG c.c.c.s.m.FavoritePessimisticService - 메서드 종료 직전: memberId = 254, productId = 1
    16:24:30.318 [pool-2-thread-254] DEBUG c.c.c.s.m.FavoriteConcurrencyTest - 실패 : Could not commit JPA transaction 
    16:24:30.318 [pool-2-thread-247] DEBUG org.hibernate.SQL - 
        select
            ni1_0.nutrition_info_id,
            ni1_0.caffeine,
            ni1_0.calories,
            ni1_0.carbohydrate,
            ni1_0.cholesterol,
            ni1_0.fat,
            ni1_0.product_id,
            ni1_0.protein,
            ni1_0.saturated_fat,
            ni1_0.sodium,
            ni1_0.sugar,
            ni1_0.trans_fat 
        from
            nutrition_info ni1_0 
        where
            ni1_0.product_id=?
    16:24:30.318 [pool-2-thread-247] DEBUG org.hibernate.SQL - 
        select
            f1_0.member_id,
            f1_0.product_id,
            f1_0.orderby 
        from
            favorite f1_0 
        where
            (
                f1_0.member_id, f1_0.product_id
            ) in ((?, ?))
    16:24:30.319 [pool-2-thread-247] DEBUG org.hibernate.SQL - 
        /* insert for
            com.codepresso.codepresso.entity.member.Favorite */insert 
        into
            favorite (orderby, member_id, product_id) 
        values
            (?, ?, ?)
    16:24:30.319 [pool-2-thread-247] DEBUG c.c.c.s.m.FavoritePessimisticService - 즐겨찾기 추가 성공 : memberId = 247, productId = 1
    16:24:30.319 [pool-2-thread-247] DEBUG c.c.c.s.m.FavoritePessimisticService - 메서드 종료 직전: memberId = 247, productId = 1
    16:24:30.319 [pool-2-thread-261] DEBUG org.hibernate.SQL - 
        /* SELECT
            p 
        FROM
            Product p 
        WHERE
            p.id = :productId */ select
                p1_0.product_id,
                p1_0.category_id,
                p1_0.favorite_count,
                p1_0.price,
                p1_0.product_content,
                p1_0.product_name,
                p1_0.product_photo,
                p1_0.version 
            from
                product p1_0 
            where
                p1_0.product_id=? for update
    16:24:30.319 [pool-2-thread-247] DEBUG c.c.c.s.m.FavoriteConcurrencyTest - 실패 : Could not commit JPA transaction 
    16:24:30.319 [pool-2-thread-261] DEBUG org.hibernate.SQL - 
        select
            ni1_0.nutrition_info_id,
            ni1_0.caffeine,
            ni1_0.calories,
            ni1_0.carbohydrate,
            ni1_0.cholesterol,
            ni1_0.fat,
            ni1_0.product_id,
            ni1_0.protein,
            ni1_0.saturated_fat,
            ni1_0.sodium,
            ni1_0.sugar,
            ni1_0.trans_fat 
        from
            nutrition_info ni1_0 
        where
            ni1_0.product_id=?
    16:24:30.320 [pool-2-thread-261] DEBUG org.hibernate.SQL - 
        select
            f1_0.member_id,
            f1_0.product_id,
            f1_0.orderby 
        from
            favorite f1_0 
        where
            (
                f1_0.member_id, f1_0.product_id
            ) in ((?, ?))
    16:24:30.320 [pool-2-thread-262] DEBUG org.hibernate.SQL - 
        /* SELECT
            p 
        FROM
            Product p 
        WHERE
            p.id = :productId */ select
                p1_0.product_id,
                p1_0.category_id,
                p1_0.favorite_count,
                p1_0.price,
                p1_0.product_content,
                p1_0.product_name,
                p1_0.product_photo,
                p1_0.version 
            from
                product p1_0 
            where
                p1_0.product_id=? for update
    16:24:30.320 [pool-2-thread-261] DEBUG org.hibernate.SQL - 
        /* insert for
            com.codepresso.codepresso.entity.member.Favorite */insert 
        into
            favorite (orderby, member_id, product_id) 
        values
            (?, ?, ?)
    16:24:30.320 [pool-2-thread-261] DEBUG c.c.c.s.m.FavoritePessimisticService - 즐겨찾기 추가 성공 : memberId = 261, productId = 1
    16:24:30.320 [pool-2-thread-261] DEBUG c.c.c.s.m.FavoritePessimisticService - 메서드 종료 직전: memberId = 261, productId = 1
    16:24:30.321 [pool-2-thread-261] DEBUG c.c.c.s.m.FavoriteConcurrencyTest - 실패 : Could not commit JPA transaction 
    16:24:30.321 [pool-2-thread-258] DEBUG org.hibernate.SQL - 
        select
            ni1_0.nutrition_info_id,
            ni1_0.caffeine,
            ni1_0.calories,
            ni1_0.carbohydrate,
            ni1_0.cholesterol,
            ni1_0.fat,
            ni1_0.product_id,
            ni1_0.protein,
            ni1_0.saturated_fat,
            ni1_0.sodium,
            ni1_0.sugar,
            ni1_0.trans_fat 
        from
            nutrition_info ni1_0 
        where
            ni1_0.product_id=?
    16:24:30.321 [pool-2-thread-263] DEBUG org.hibernate.SQL - 
        /* SELECT
            p 
        FROM
            Product p 
        WHERE
            p.id = :productId */ select
                p1_0.product_id,
                p1_0.category_id,
                p1_0.favorite_count,
                p1_0.price,
                p1_0.product_content,
                p1_0.product_name,
                p1_0.product_photo,
                p1_0.version 
            from
                product p1_0 
            where
                p1_0.product_id=? for update
    16:24:30.321 [pool-2-thread-258] DEBUG org.hibernate.SQL - 
        select
            f1_0.member_id,
            f1_0.product_id,
            f1_0.orderby 
        from
            favorite f1_0 
        where
            (
                f1_0.member_id, f1_0.product_id
            ) in ((?, ?))
    16:24:30.321 [pool-2-thread-258] DEBUG org.hibernate.SQL - 
        /* insert for
            com.codepresso.codepresso.entity.member.Favorite */insert 
        into
            favorite (orderby, member_id, product_id) 
        values
            (?, ?, ?)
    16:24:30.322 [pool-2-thread-258] DEBUG c.c.c.s.m.FavoritePessimisticService - 즐겨찾기 추가 성공 : memberId = 258, productId = 1
    16:24:30.322 [pool-2-thread-258] DEBUG c.c.c.s.m.FavoritePessimisticService - 메서드 종료 직전: memberId = 258, productId = 1
    16:24:30.322 [pool-2-thread-258] DEBUG c.c.c.s.m.FavoriteConcurrencyTest - 실패 : Could not commit JPA transaction 
    16:24:30.322 [pool-2-thread-263] DEBUG org.hibernate.SQL - 
        select
            ni1_0.nutrition_info_id,
            ni1_0.caffeine,
            ni1_0.calories,
            ni1_0.carbohydrate,
            ni1_0.cholesterol,
            ni1_0.fat,
            ni1_0.product_id,
            ni1_0.protein,
            ni1_0.saturated_fat,
            ni1_0.sodium,
            ni1_0.sugar,
            ni1_0.trans_fat 
        from
            nutrition_info ni1_0 
        where
            ni1_0.product_id=?
    16:24:30.323 [pool-2-thread-264] DEBUG org.hibernate.SQL - 
        /* SELECT
            p 
        FROM
            Product p 
        WHERE
            p.id = :productId */ select
                p1_0.product_id,
                p1_0.category_id,
                p1_0.favorite_count,
                p1_0.price,
                p1_0.product_content,
                p1_0.product_name,
                p1_0.product_photo,
                p1_0.version 
            from
                product p1_0 
            where
                p1_0.product_id=? for update
    16:24:30.323 [pool-2-thread-263] DEBUG org.hibernate.SQL - 
        select
            f1_0.member_id,
            f1_0.product_id,
            f1_0.orderby 
        from
            favorite f1_0 
        where
            (
                f1_0.member_id, f1_0.product_id
            ) in ((?, ?))
    16:24:30.323 [pool-2-thread-263] DEBUG org.hibernate.SQL - 
        /* insert for
            com.codepresso.codepresso.entity.member.Favorite */insert 
        into
            favorite (orderby, member_id, product_id) 
        values
            (?, ?, ?)
    16:24:30.323 [pool-2-thread-263] DEBUG c.c.c.s.m.FavoritePessimisticService - 즐겨찾기 추가 성공 : memberId = 263, productId = 1
    16:24:30.323 [pool-2-thread-263] DEBUG c.c.c.s.m.FavoritePessimisticService - 메서드 종료 직전: memberId = 263, productId = 1
    16:24:30.324 [pool-2-thread-263] DEBUG c.c.c.s.m.FavoriteConcurrencyTest - 실패 : Could not commit JPA transaction 
    16:24:30.324 [pool-2-thread-265] DEBUG org.hibernate.SQL - 
        /* SELECT
            p 
        FROM
            Product p 
        WHERE
            p.id = :productId */ select
                p1_0.product_id,
                p1_0.category_id,
                p1_0.favorite_count,
                p1_0.price,
                p1_0.product_content,
                p1_0.product_name,
                p1_0.product_photo,
                p1_0.version 
            from
                product p1_0 
            where
                p1_0.product_id=? for update
    16:24:30.324 [pool-2-thread-260] DEBUG org.hibernate.SQL - 
        select
            ni1_0.nutrition_info_id,
            ni1_0.caffeine,
            ni1_0.calories,
            ni1_0.carbohydrate,
            ni1_0.cholesterol,
            ni1_0.fat,
            ni1_0.product_id,
            ni1_0.protein,
            ni1_0.saturated_fat,
            ni1_0.sodium,
            ni1_0.sugar,
            ni1_0.trans_fat 
        from
            nutrition_info ni1_0 
        where
            ni1_0.product_id=?
    16:24:30.326 [pool-2-thread-260] DEBUG org.hibernate.SQL - 
        select
            f1_0.member_id,
            f1_0.product_id,
            f1_0.orderby 
        from
            favorite f1_0 
        where
            (
                f1_0.member_id, f1_0.product_id
            ) in ((?, ?))
    16:24:30.327 [pool-2-thread-260] DEBUG org.hibernate.SQL - 
        /* insert for
            com.codepresso.codepresso.entity.member.Favorite */insert 
        into
            favorite (orderby, member_id, product_id) 
        values
            (?, ?, ?)
    16:24:30.328 [pool-2-thread-260] DEBUG c.c.c.s.m.FavoritePessimisticService - 즐겨찾기 추가 성공 : memberId = 260, productId = 1
    16:24:30.328 [pool-2-thread-260] DEBUG c.c.c.s.m.FavoritePessimisticService - 메서드 종료 직전: memberId = 260, productId = 1
    16:24:30.329 [pool-2-thread-260] DEBUG c.c.c.s.m.FavoriteConcurrencyTest - 실패 : Could not commit JPA transaction 
    16:24:30.331 [pool-2-thread-264] DEBUG org.hibernate.SQL - 
        select
            ni1_0.nutrition_info_id,
            ni1_0.caffeine,
            ni1_0.calories,
            ni1_0.carbohydrate,
            ni1_0.cholesterol,
            ni1_0.fat,
            ni1_0.product_id,
            ni1_0.protein,
            ni1_0.saturated_fat,
            ni1_0.sodium,
            ni1_0.sugar,
            ni1_0.trans_fat 
        from
            nutrition_info ni1_0 
        where
            ni1_0.product_id=?
    16:24:30.331 [pool-2-thread-266] DEBUG org.hibernate.SQL - 
        /* SELECT
            p 
        FROM
            Product p 
        WHERE
            p.id = :productId */ select
                p1_0.product_id,
                p1_0.category_id,
                p1_0.favorite_count,
                p1_0.price,
                p1_0.product_content,
                p1_0.product_name,
                p1_0.product_photo,
                p1_0.version 
            from
                product p1_0 
            where
                p1_0.product_id=? for update
    16:24:30.331 [pool-2-thread-264] DEBUG org.hibernate.SQL - 
        select
            f1_0.member_id,
            f1_0.product_id,
            f1_0.orderby 
        from
            favorite f1_0 
        where
            (
                f1_0.member_id, f1_0.product_id
            ) in ((?, ?))
    16:24:30.332 [pool-2-thread-264] DEBUG org.hibernate.SQL - 
        /* insert for
            com.codepresso.codepresso.entity.member.Favorite */insert 
        into
            favorite (orderby, member_id, product_id) 
        values
            (?, ?, ?)
    16:24:30.332 [pool-2-thread-264] DEBUG c.c.c.s.m.FavoritePessimisticService - 즐겨찾기 추가 성공 : memberId = 264, productId = 1
    16:24:30.332 [pool-2-thread-264] DEBUG c.c.c.s.m.FavoritePessimisticService - 메서드 종료 직전: memberId = 264, productId = 1
    16:24:30.334 [pool-2-thread-264] DEBUG c.c.c.s.m.FavoriteConcurrencyTest - 실패 : Could not commit JPA transaction 
    16:24:30.334 [pool-2-thread-265] DEBUG org.hibernate.SQL - 
        select
            ni1_0.nutrition_info_id,
            ni1_0.caffeine,
            ni1_0.calories,
            ni1_0.carbohydrate,
            ni1_0.cholesterol,
            ni1_0.fat,
            ni1_0.product_id,
            ni1_0.protein,
            ni1_0.saturated_fat,
            ni1_0.sodium,
            ni1_0.sugar,
            ni1_0.trans_fat 
        from
            nutrition_info ni1_0 
        where
            ni1_0.product_id=?
    16:24:30.335 [pool-2-thread-267] DEBUG org.hibernate.SQL - 
        /* SELECT
            p 
        FROM
            Product p 
        WHERE
            p.id = :productId */ select
                p1_0.product_id,
                p1_0.category_id,
                p1_0.favorite_count,
                p1_0.price,
                p1_0.product_content,
                p1_0.product_name,
                p1_0.product_photo,
                p1_0.version 
            from
                product p1_0 
            where
                p1_0.product_id=? for update
    16:24:30.335 [pool-2-thread-265] DEBUG org.hibernate.SQL - 
        select
            f1_0.member_id,
            f1_0.product_id,
            f1_0.orderby 
        from
            favorite f1_0 
        where
            (
                f1_0.member_id, f1_0.product_id
            ) in ((?, ?))
    16:24:30.335 [pool-2-thread-265] DEBUG org.hibernate.SQL - 
        /* insert for
            com.codepresso.codepresso.entity.member.Favorite */insert 
        into
            favorite (orderby, member_id, product_id) 
        values
            (?, ?, ?)
    16:24:30.335 [pool-2-thread-265] DEBUG c.c.c.s.m.FavoritePessimisticService - 즐겨찾기 추가 성공 : memberId = 265, productId = 1
    16:24:30.335 [pool-2-thread-265] DEBUG c.c.c.s.m.FavoritePessimisticService - 메서드 종료 직전: memberId = 265, productId = 1
    16:24:30.336 [pool-2-thread-265] DEBUG c.c.c.s.m.FavoriteConcurrencyTest - 실패 : Could not commit JPA transaction 
    16:24:30.336 [pool-2-thread-259] DEBUG org.hibernate.SQL - 
        select
            ni1_0.nutrition_info_id,
            ni1_0.caffeine,
            ni1_0.calories,
            ni1_0.carbohydrate,
            ni1_0.cholesterol,
            ni1_0.fat,
            ni1_0.product_id,
            ni1_0.protein,
            ni1_0.saturated_fat,
            ni1_0.sodium,
            ni1_0.sugar,
            ni1_0.trans_fat 
        from
            nutrition_info ni1_0 
        where
            ni1_0.product_id=?
    16:24:30.336 [pool-2-thread-268] DEBUG org.hibernate.SQL - 
        /* SELECT
            p 
        FROM
            Product p 
        WHERE
            p.id = :productId */ select
                p1_0.product_id,
                p1_0.category_id,
                p1_0.favorite_count,
                p1_0.price,
                p1_0.product_content,
                p1_0.product_name,
                p1_0.product_photo,
                p1_0.version 
            from
                product p1_0 
            where
                p1_0.product_id=? for update
    16:24:30.336 [pool-2-thread-259] DEBUG org.hibernate.SQL - 
        select
            f1_0.member_id,
            f1_0.product_id,
            f1_0.orderby 
        from
            favorite f1_0 
        where
            (
                f1_0.member_id, f1_0.product_id
            ) in ((?, ?))
    16:24:30.337 [pool-2-thread-259] DEBUG org.hibernate.SQL - 
        /* insert for
            com.codepresso.codepresso.entity.member.Favorite */insert 
        into
            favorite (orderby, member_id, product_id) 
        values
            (?, ?, ?)
    16:24:30.337 [pool-2-thread-259] DEBUG c.c.c.s.m.FavoritePessimisticService - 즐겨찾기 추가 성공 : memberId = 259, productId = 1
    16:24:30.337 [pool-2-thread-259] DEBUG c.c.c.s.m.FavoritePessimisticService - 메서드 종료 직전: memberId = 259, productId = 1
    16:24:30.337 [pool-2-thread-259] DEBUG c.c.c.s.m.FavoriteConcurrencyTest - 실패 : Could not commit JPA transaction 
    16:24:30.337 [pool-2-thread-224] DEBUG org.hibernate.SQL - 
        select
            ni1_0.nutrition_info_id,
            ni1_0.caffeine,
            ni1_0.calories,
            ni1_0.carbohydrate,
            ni1_0.cholesterol,
            ni1_0.fat,
            ni1_0.product_id,
            ni1_0.protein,
            ni1_0.saturated_fat,
            ni1_0.sodium,
            ni1_0.sugar,
            ni1_0.trans_fat 
        from
            nutrition_info ni1_0 
        where
            ni1_0.product_id=?
    16:24:30.338 [pool-2-thread-269] DEBUG org.hibernate.SQL - 
        /* SELECT
            p 
        FROM
            Product p 
        WHERE
            p.id = :productId */ select
                p1_0.product_id,
                p1_0.category_id,
                p1_0.favorite_count,
                p1_0.price,
                p1_0.product_content,
                p1_0.product_name,
                p1_0.product_photo,
                p1_0.version 
            from
                product p1_0 
            where
                p1_0.product_id=? for update
    16:24:30.338 [pool-2-thread-224] DEBUG org.hibernate.SQL - 
        select
            f1_0.member_id,
            f1_0.product_id,
            f1_0.orderby 
        from
            favorite f1_0 
        where
            (
                f1_0.member_id, f1_0.product_id
            ) in ((?, ?))
    16:24:30.339 [pool-2-thread-224] DEBUG org.hibernate.SQL - 
        /* insert for
            com.codepresso.codepresso.entity.member.Favorite */insert 
        into
            favorite (orderby, member_id, product_id) 
        values
            (?, ?, ?)
    16:24:30.339 [pool-2-thread-224] DEBUG c.c.c.s.m.FavoritePessimisticService - 즐겨찾기 추가 성공 : memberId = 224, productId = 1
    16:24:30.339 [pool-2-thread-224] DEBUG c.c.c.s.m.FavoritePessimisticService - 메서드 종료 직전: memberId = 224, productId = 1
    16:24:30.339 [pool-2-thread-224] DEBUG c.c.c.s.m.FavoriteConcurrencyTest - 실패 : Could not commit JPA transaction 
    16:24:30.340 [pool-2-thread-270] DEBUG org.hibernate.SQL - 
        /* SELECT
            p 
        FROM
            Product p 
        WHERE
            p.id = :productId */ select
                p1_0.product_id,
                p1_0.category_id,
                p1_0.favorite_count,
                p1_0.price,
                p1_0.product_content,
                p1_0.product_name,
                p1_0.product_photo,
                p1_0.version 
            from
                product p1_0 
            where
                p1_0.product_id=? for update
    16:24:30.340 [pool-2-thread-268] DEBUG org.hibernate.SQL - 
        select
            ni1_0.nutrition_info_id,
            ni1_0.caffeine,
            ni1_0.calories,
            ni1_0.carbohydrate,
            ni1_0.cholesterol,
            ni1_0.fat,
            ni1_0.product_id,
            ni1_0.protein,
            ni1_0.saturated_fat,
            ni1_0.sodium,
            ni1_0.sugar,
            ni1_0.trans_fat 
        from
            nutrition_info ni1_0 
        where
            ni1_0.product_id=?
    16:24:30.341 [pool-2-thread-268] DEBUG org.hibernate.SQL - 
        select
            f1_0.member_id,
            f1_0.product_id,
            f1_0.orderby 
        from
            favorite f1_0 
        where
            (
                f1_0.member_id, f1_0.product_id
            ) in ((?, ?))
    16:24:30.341 [pool-2-thread-268] DEBUG org.hibernate.SQL - 
        /* insert for
            com.codepresso.codepresso.entity.member.Favorite */insert 
        into
            favorite (orderby, member_id, product_id) 
        values
            (?, ?, ?)
    16:24:30.341 [pool-2-thread-268] DEBUG c.c.c.s.m.FavoritePessimisticService - 즐겨찾기 추가 성공 : memberId = 268, productId = 1
    16:24:30.341 [pool-2-thread-268] DEBUG c.c.c.s.m.FavoritePessimisticService - 메서드 종료 직전: memberId = 268, productId = 1
    16:24:30.342 [pool-2-thread-268] DEBUG c.c.c.s.m.FavoriteConcurrencyTest - 실패 : Could not commit JPA transaction 
    16:24:30.342 [pool-2-thread-270] DEBUG org.hibernate.SQL - 
        select
            ni1_0.nutrition_info_id,
            ni1_0.caffeine,
            ni1_0.calories,
            ni1_0.carbohydrate,
            ni1_0.cholesterol,
            ni1_0.fat,
            ni1_0.product_id,
            ni1_0.protein,
            ni1_0.saturated_fat,
            ni1_0.sodium,
            ni1_0.sugar,
            ni1_0.trans_fat 
        from
            nutrition_info ni1_0 
        where
            ni1_0.product_id=?
    16:24:30.343 [pool-2-thread-271] DEBUG org.hibernate.SQL - 
        /* SELECT
            p 
        FROM
            Product p 
        WHERE
            p.id = :productId */ select
                p1_0.product_id,
                p1_0.category_id,
                p1_0.favorite_count,
                p1_0.price,
                p1_0.product_content,
                p1_0.product_name,
                p1_0.product_photo,
                p1_0.version 
            from
                product p1_0 
            where
                p1_0.product_id=? for update
    16:24:30.343 [pool-2-thread-270] DEBUG org.hibernate.SQL - 
        select
            f1_0.member_id,
            f1_0.product_id,
            f1_0.orderby 
        from
            favorite f1_0 
        where
            (
                f1_0.member_id, f1_0.product_id
            ) in ((?, ?))
    16:24:30.343 [pool-2-thread-270] DEBUG org.hibernate.SQL - 
        /* insert for
            com.codepresso.codepresso.entity.member.Favorite */insert 
        into
            favorite (orderby, member_id, product_id) 
        values
            (?, ?, ?)
    16:24:30.343 [pool-2-thread-270] DEBUG c.c.c.s.m.FavoritePessimisticService - 즐겨찾기 추가 성공 : memberId = 270, productId = 1
    16:24:30.343 [pool-2-thread-270] DEBUG c.c.c.s.m.FavoritePessimisticService - 메서드 종료 직전: memberId = 270, productId = 1
    16:24:30.344 [pool-2-thread-270] DEBUG c.c.c.s.m.FavoriteConcurrencyTest - 실패 : Could not commit JPA transaction 
    16:24:30.344 [pool-2-thread-269] DEBUG org.hibernate.SQL - 
        select
            ni1_0.nutrition_info_id,
            ni1_0.caffeine,
            ni1_0.calories,
            ni1_0.carbohydrate,
            ni1_0.cholesterol,
            ni1_0.fat,
            ni1_0.product_id,
            ni1_0.protein,
            ni1_0.saturated_fat,
            ni1_0.sodium,
            ni1_0.sugar,
            ni1_0.trans_fat 
        from
            nutrition_info ni1_0 
        where
            ni1_0.product_id=?
    16:24:30.344 [pool-2-thread-272] DEBUG org.hibernate.SQL - 
        /* SELECT
            p 
        FROM
            Product p 
        WHERE
            p.id = :productId */ select
                p1_0.product_id,
                p1_0.category_id,
                p1_0.favorite_count,
                p1_0.price,
                p1_0.product_content,
                p1_0.product_name,
                p1_0.product_photo,
                p1_0.version 
            from
                product p1_0 
            where
                p1_0.product_id=? for update
    16:24:30.344 [pool-2-thread-269] DEBUG org.hibernate.SQL - 
        select
            f1_0.member_id,
            f1_0.product_id,
            f1_0.orderby 
        from
            favorite f1_0 
        where
            (
                f1_0.member_id, f1_0.product_id
            ) in ((?, ?))
    16:24:30.345 [pool-2-thread-269] DEBUG org.hibernate.SQL - 
        /* insert for
            com.codepresso.codepresso.entity.member.Favorite */insert 
        into
            favorite (orderby, member_id, product_id) 
        values
            (?, ?, ?)
    16:24:30.345 [pool-2-thread-269] DEBUG c.c.c.s.m.FavoritePessimisticService - 즐겨찾기 추가 성공 : memberId = 269, productId = 1
    16:24:30.345 [pool-2-thread-269] DEBUG c.c.c.s.m.FavoritePessimisticService - 메서드 종료 직전: memberId = 269, productId = 1
    16:24:30.345 [pool-2-thread-269] DEBUG c.c.c.s.m.FavoriteConcurrencyTest - 실패 : Could not commit JPA transaction 
    16:24:30.345 [pool-2-thread-267] DEBUG org.hibernate.SQL - 
        select
            ni1_0.nutrition_info_id,
            ni1_0.caffeine,
            ni1_0.calories,
            ni1_0.carbohydrate,
            ni1_0.cholesterol,
            ni1_0.fat,
            ni1_0.product_id,
            ni1_0.protein,
            ni1_0.saturated_fat,
            ni1_0.sodium,
            ni1_0.sugar,
            ni1_0.trans_fat 
        from
            nutrition_info ni1_0 
        where
            ni1_0.product_id=?
    16:24:30.346 [pool-2-thread-273] DEBUG org.hibernate.SQL - 
        /* SELECT
            p 
        FROM
            Product p 
        WHERE
            p.id = :productId */ select
                p1_0.product_id,
                p1_0.category_id,
                p1_0.favorite_count,
                p1_0.price,
                p1_0.product_content,
                p1_0.product_name,
                p1_0.product_photo,
                p1_0.version 
            from
                product p1_0 
            where
                p1_0.product_id=? for update
    16:24:30.346 [pool-2-thread-267] DEBUG org.hibernate.SQL - 
        select
            f1_0.member_id,
            f1_0.product_id,
            f1_0.orderby 
        from
            favorite f1_0 
        where
            (
                f1_0.member_id, f1_0.product_id
            ) in ((?, ?))
    16:24:30.346 [pool-2-thread-267] DEBUG org.hibernate.SQL - 
        /* insert for
            com.codepresso.codepresso.entity.member.Favorite */insert 
        into
            favorite (orderby, member_id, product_id) 
        values
            (?, ?, ?)
    16:24:30.347 [pool-2-thread-267] DEBUG c.c.c.s.m.FavoritePessimisticService - 즐겨찾기 추가 성공 : memberId = 267, productId = 1
    16:24:30.347 [pool-2-thread-267] DEBUG c.c.c.s.m.FavoritePessimisticService - 메서드 종료 직전: memberId = 267, productId = 1
    16:24:30.347 [pool-2-thread-267] DEBUG c.c.c.s.m.FavoriteConcurrencyTest - 실패 : Could not commit JPA transaction 
    16:24:30.347 [pool-2-thread-272] DEBUG org.hibernate.SQL - 
        select
            ni1_0.nutrition_info_id,
            ni1_0.caffeine,
            ni1_0.calories,
            ni1_0.carbohydrate,
            ni1_0.cholesterol,
            ni1_0.fat,
            ni1_0.product_id,
            ni1_0.protein,
            ni1_0.saturated_fat,
            ni1_0.sodium,
            ni1_0.sugar,
            ni1_0.trans_fat 
        from
            nutrition_info ni1_0 
        where
            ni1_0.product_id=?
    16:24:30.347 [pool-2-thread-272] DEBUG org.hibernate.SQL - 
        select
            f1_0.member_id,
            f1_0.product_id,
            f1_0.orderby 
        from
            favorite f1_0 
        where
            (
                f1_0.member_id, f1_0.product_id
            ) in ((?, ?))
    16:24:30.347 [pool-2-thread-274] DEBUG org.hibernate.SQL - 
        /* SELECT
            p 
        FROM
            Product p 
        WHERE
            p.id = :productId */ select
                p1_0.product_id,
                p1_0.category_id,
                p1_0.favorite_count,
                p1_0.price,
                p1_0.product_content,
                p1_0.product_name,
                p1_0.product_photo,
                p1_0.version 
            from
                product p1_0 
            where
                p1_0.product_id=? for update
    16:24:30.348 [pool-2-thread-272] DEBUG org.hibernate.SQL - 
        /* insert for
            com.codepresso.codepresso.entity.member.Favorite */insert 
        into
            favorite (orderby, member_id, product_id) 
        values
            (?, ?, ?)
    16:24:30.348 [pool-2-thread-272] DEBUG c.c.c.s.m.FavoritePessimisticService - 즐겨찾기 추가 성공 : memberId = 272, productId = 1
    16:24:30.348 [pool-2-thread-272] DEBUG c.c.c.s.m.FavoritePessimisticService - 메서드 종료 직전: memberId = 272, productId = 1
    16:24:30.348 [pool-2-thread-272] DEBUG c.c.c.s.m.FavoriteConcurrencyTest - 실패 : Could not commit JPA transaction 
    16:24:30.348 [pool-2-thread-275] DEBUG org.hibernate.SQL - 
        /* SELECT
            p 
        FROM
            Product p 
        WHERE
            p.id = :productId */ select
                p1_0.product_id,
                p1_0.category_id,
                p1_0.favorite_count,
                p1_0.price,
                p1_0.product_content,
                p1_0.product_name,
                p1_0.product_photo,
                p1_0.version 
            from
                product p1_0 
            where
                p1_0.product_id=? for update
    16:24:30.349 [pool-2-thread-256] DEBUG org.hibernate.SQL - 
        select
            ni1_0.nutrition_info_id,
            ni1_0.caffeine,
            ni1_0.calories,
            ni1_0.carbohydrate,
            ni1_0.cholesterol,
            ni1_0.fat,
            ni1_0.product_id,
            ni1_0.protein,
            ni1_0.saturated_fat,
            ni1_0.sodium,
            ni1_0.sugar,
            ni1_0.trans_fat 
        from
            nutrition_info ni1_0 
        where
            ni1_0.product_id=?
    16:24:30.349 [pool-2-thread-256] DEBUG org.hibernate.SQL - 
        select
            f1_0.member_id,
            f1_0.product_id,
            f1_0.orderby 
        from
            favorite f1_0 
        where
            (
                f1_0.member_id, f1_0.product_id
            ) in ((?, ?))
    16:24:30.350 [pool-2-thread-256] DEBUG org.hibernate.SQL - 
        /* insert for
            com.codepresso.codepresso.entity.member.Favorite */insert 
        into
            favorite (orderby, member_id, product_id) 
        values
            (?, ?, ?)
    16:24:30.350 [pool-2-thread-256] DEBUG c.c.c.s.m.FavoritePessimisticService - 즐겨찾기 추가 성공 : memberId = 256, productId = 1
    16:24:30.350 [pool-2-thread-256] DEBUG c.c.c.s.m.FavoritePessimisticService - 메서드 종료 직전: memberId = 256, productId = 1
    16:24:30.350 [pool-2-thread-256] DEBUG c.c.c.s.m.FavoriteConcurrencyTest - 실패 : Could not commit JPA transaction 
    16:24:30.350 [pool-2-thread-275] DEBUG org.hibernate.SQL - 
        select
            ni1_0.nutrition_info_id,
            ni1_0.caffeine,
            ni1_0.calories,
            ni1_0.carbohydrate,
            ni1_0.cholesterol,
            ni1_0.fat,
            ni1_0.product_id,
            ni1_0.protein,
            ni1_0.saturated_fat,
            ni1_0.sodium,
            ni1_0.sugar,
            ni1_0.trans_fat 
        from
            nutrition_info ni1_0 
        where
            ni1_0.product_id=?
    16:24:30.350 [pool-2-thread-276] DEBUG org.hibernate.SQL - 
        /* SELECT
            p 
        FROM
            Product p 
        WHERE
            p.id = :productId */ select
                p1_0.product_id,
                p1_0.category_id,
                p1_0.favorite_count,
                p1_0.price,
                p1_0.product_content,
                p1_0.product_name,
                p1_0.product_photo,
                p1_0.version 
            from
                product p1_0 
            where
                p1_0.product_id=? for update
    16:24:30.351 [pool-2-thread-275] DEBUG org.hibernate.SQL - 
        select
            f1_0.member_id,
            f1_0.product_id,
            f1_0.orderby 
        from
            favorite f1_0 
        where
            (
                f1_0.member_id, f1_0.product_id
            ) in ((?, ?))
    16:24:30.351 [pool-2-thread-275] DEBUG org.hibernate.SQL - 
        /* insert for
            com.codepresso.codepresso.entity.member.Favorite */insert 
        into
            favorite (orderby, member_id, product_id) 
        values
            (?, ?, ?)
    16:24:30.351 [pool-2-thread-275] DEBUG c.c.c.s.m.FavoritePessimisticService - 즐겨찾기 추가 성공 : memberId = 275, productId = 1
    16:24:30.351 [pool-2-thread-275] DEBUG c.c.c.s.m.FavoritePessimisticService - 메서드 종료 직전: memberId = 275, productId = 1
    16:24:30.352 [pool-2-thread-235] DEBUG org.hibernate.SQL - 
        select
            ni1_0.nutrition_info_id,
            ni1_0.caffeine,
            ni1_0.calories,
            ni1_0.carbohydrate,
            ni1_0.cholesterol,
            ni1_0.fat,
            ni1_0.product_id,
            ni1_0.protein,
            ni1_0.saturated_fat,
            ni1_0.sodium,
            ni1_0.sugar,
            ni1_0.trans_fat 
        from
            nutrition_info ni1_0 
        where
            ni1_0.product_id=?
    16:24:30.352 [pool-2-thread-275] DEBUG c.c.c.s.m.FavoriteConcurrencyTest - 실패 : Could not commit JPA transaction 
    16:24:30.352 [pool-2-thread-277] DEBUG org.hibernate.SQL - 
        /* SELECT
            p 
        FROM
            Product p 
        WHERE
            p.id = :productId */ select
                p1_0.product_id,
                p1_0.category_id,
                p1_0.favorite_count,
                p1_0.price,
                p1_0.product_content,
                p1_0.product_name,
                p1_0.product_photo,
                p1_0.version 
            from
                product p1_0 
            where
                p1_0.product_id=? for update
    16:24:30.353 [pool-2-thread-235] DEBUG org.hibernate.SQL - 
        select
            f1_0.member_id,
            f1_0.product_id,
            f1_0.orderby 
        from
            favorite f1_0 
        where
            (
                f1_0.member_id, f1_0.product_id
            ) in ((?, ?))
    16:24:30.353 [pool-2-thread-235] DEBUG org.hibernate.SQL - 
        /* insert for
            com.codepresso.codepresso.entity.member.Favorite */insert 
        into
            favorite (orderby, member_id, product_id) 
        values
            (?, ?, ?)
    16:24:30.353 [pool-2-thread-235] DEBUG c.c.c.s.m.FavoritePessimisticService - 즐겨찾기 추가 성공 : memberId = 235, productId = 1
    16:24:30.353 [pool-2-thread-235] DEBUG c.c.c.s.m.FavoritePessimisticService - 메서드 종료 직전: memberId = 235, productId = 1
    16:24:30.354 [pool-2-thread-235] DEBUG c.c.c.s.m.FavoriteConcurrencyTest - 실패 : Could not commit JPA transaction 
    16:24:30.354 [pool-2-thread-271] DEBUG org.hibernate.SQL - 
        select
            ni1_0.nutrition_info_id,
            ni1_0.caffeine,
            ni1_0.calories,
            ni1_0.carbohydrate,
            ni1_0.cholesterol,
            ni1_0.fat,
            ni1_0.product_id,
            ni1_0.protein,
            ni1_0.saturated_fat,
            ni1_0.sodium,
            ni1_0.sugar,
            ni1_0.trans_fat 
        from
            nutrition_info ni1_0 
        where
            ni1_0.product_id=?
    16:24:30.354 [pool-2-thread-278] DEBUG org.hibernate.SQL - 
        /* SELECT
            p 
        FROM
            Product p 
        WHERE
            p.id = :productId */ select
                p1_0.product_id,
                p1_0.category_id,
                p1_0.favorite_count,
                p1_0.price,
                p1_0.product_content,
                p1_0.product_name,
                p1_0.product_photo,
                p1_0.version 
            from
                product p1_0 
            where
                p1_0.product_id=? for update
    16:24:30.354 [pool-2-thread-271] DEBUG org.hibernate.SQL - 
        select
            f1_0.member_id,
            f1_0.product_id,
            f1_0.orderby 
        from
            favorite f1_0 
        where
            (
                f1_0.member_id, f1_0.product_id
            ) in ((?, ?))
    16:24:30.355 [pool-2-thread-271] DEBUG org.hibernate.SQL - 
        /* insert for
            com.codepresso.codepresso.entity.member.Favorite */insert 
        into
            favorite (orderby, member_id, product_id) 
        values
            (?, ?, ?)
    16:24:30.355 [pool-2-thread-271] DEBUG c.c.c.s.m.FavoritePessimisticService - 즐겨찾기 추가 성공 : memberId = 271, productId = 1
    16:24:30.355 [pool-2-thread-271] DEBUG c.c.c.s.m.FavoritePessimisticService - 메서드 종료 직전: memberId = 271, productId = 1
    16:24:30.355 [pool-2-thread-271] DEBUG c.c.c.s.m.FavoriteConcurrencyTest - 실패 : Could not commit JPA transaction 
    16:24:30.355 [pool-2-thread-277] DEBUG org.hibernate.SQL - 
        select
            ni1_0.nutrition_info_id,
            ni1_0.caffeine,
            ni1_0.calories,
            ni1_0.carbohydrate,
            ni1_0.cholesterol,
            ni1_0.fat,
            ni1_0.product_id,
            ni1_0.protein,
            ni1_0.saturated_fat,
            ni1_0.sodium,
            ni1_0.sugar,
            ni1_0.trans_fat 
        from
            nutrition_info ni1_0 
        where
            ni1_0.product_id=?
    16:24:30.356 [pool-2-thread-279] DEBUG org.hibernate.SQL - 
        /* SELECT
            p 
        FROM
            Product p 
        WHERE
            p.id = :productId */ select
                p1_0.product_id,
                p1_0.category_id,
                p1_0.favorite_count,
                p1_0.price,
                p1_0.product_content,
                p1_0.product_name,
                p1_0.product_photo,
                p1_0.version 
            from
                product p1_0 
            where
                p1_0.product_id=? for update
    16:24:30.356 [pool-2-thread-277] DEBUG org.hibernate.SQL - 
        select
            f1_0.member_id,
            f1_0.product_id,
            f1_0.orderby 
        from
            favorite f1_0 
        where
            (
                f1_0.member_id, f1_0.product_id
            ) in ((?, ?))
    16:24:30.356 [pool-2-thread-277] DEBUG org.hibernate.SQL - 
        /* insert for
            com.codepresso.codepresso.entity.member.Favorite */insert 
        into
            favorite (orderby, member_id, product_id) 
        values
            (?, ?, ?)
    16:24:30.356 [pool-2-thread-277] DEBUG c.c.c.s.m.FavoritePessimisticService - 즐겨찾기 추가 성공 : memberId = 277, productId = 1
    16:24:30.356 [pool-2-thread-277] DEBUG c.c.c.s.m.FavoritePessimisticService - 메서드 종료 직전: memberId = 277, productId = 1
    16:24:30.357 [pool-2-thread-277] DEBUG c.c.c.s.m.FavoriteConcurrencyTest - 실패 : Could not commit JPA transaction 
    16:24:30.357 [pool-2-thread-280] DEBUG org.hibernate.SQL - 
        /* SELECT
            p 
        FROM
            Product p 
        WHERE
            p.id = :productId */ select
                p1_0.product_id,
                p1_0.category_id,
                p1_0.favorite_count,
                p1_0.price,
                p1_0.product_content,
                p1_0.product_name,
                p1_0.product_photo,
                p1_0.version 
            from
                product p1_0 
            where
                p1_0.product_id=? for update
    16:24:30.357 [pool-2-thread-262] DEBUG org.hibernate.SQL - 
        select
            ni1_0.nutrition_info_id,
            ni1_0.caffeine,
            ni1_0.calories,
            ni1_0.carbohydrate,
            ni1_0.cholesterol,
            ni1_0.fat,
            ni1_0.product_id,
            ni1_0.protein,
            ni1_0.saturated_fat,
            ni1_0.sodium,
            ni1_0.sugar,
            ni1_0.trans_fat 
        from
            nutrition_info ni1_0 
        where
            ni1_0.product_id=?
    16:24:30.360 [pool-2-thread-262] DEBUG org.hibernate.SQL - 
        select
            f1_0.member_id,
            f1_0.product_id,
            f1_0.orderby 
        from
            favorite f1_0 
        where
            (
                f1_0.member_id, f1_0.product_id
            ) in ((?, ?))
    16:24:30.361 [pool-2-thread-262] DEBUG org.hibernate.SQL - 
        /* insert for
            com.codepresso.codepresso.entity.member.Favorite */insert 
        into
            favorite (orderby, member_id, product_id) 
        values
            (?, ?, ?)
    16:24:30.361 [pool-2-thread-262] DEBUG c.c.c.s.m.FavoritePessimisticService - 즐겨찾기 추가 성공 : memberId = 262, productId = 1
    16:24:30.361 [pool-2-thread-262] DEBUG c.c.c.s.m.FavoritePessimisticService - 메서드 종료 직전: memberId = 262, productId = 1
    16:24:30.361 [pool-2-thread-262] DEBUG c.c.c.s.m.FavoriteConcurrencyTest - 실패 : Could not commit JPA transaction 
    16:24:30.361 [pool-2-thread-274] DEBUG org.hibernate.SQL - 
        select
            ni1_0.nutrition_info_id,
            ni1_0.caffeine,
            ni1_0.calories,
            ni1_0.carbohydrate,
            ni1_0.cholesterol,
            ni1_0.fat,
            ni1_0.product_id,
            ni1_0.protein,
            ni1_0.saturated_fat,
            ni1_0.sodium,
            ni1_0.sugar,
            ni1_0.trans_fat 
        from
            nutrition_info ni1_0 
        where
            ni1_0.product_id=?
    16:24:30.362 [pool-2-thread-274] DEBUG org.hibernate.SQL - 
        select
            f1_0.member_id,
            f1_0.product_id,
            f1_0.orderby 
        from
            favorite f1_0 
        where
            (
                f1_0.member_id, f1_0.product_id
            ) in ((?, ?))
    16:24:30.362 [pool-2-thread-281] DEBUG org.hibernate.SQL - 
        /* SELECT
            p 
        FROM
            Product p 
        WHERE
            p.id = :productId */ select
                p1_0.product_id,
                p1_0.category_id,
                p1_0.favorite_count,
                p1_0.price,
                p1_0.product_content,
                p1_0.product_name,
                p1_0.product_photo,
                p1_0.version 
            from
                product p1_0 
            where
                p1_0.product_id=? for update
    16:24:30.363 [pool-2-thread-274] DEBUG org.hibernate.SQL - 
        /* insert for
            com.codepresso.codepresso.entity.member.Favorite */insert 
        into
            favorite (orderby, member_id, product_id) 
        values
            (?, ?, ?)
    16:24:30.364 [pool-2-thread-274] DEBUG c.c.c.s.m.FavoritePessimisticService - 즐겨찾기 추가 성공 : memberId = 274, productId = 1
    16:24:30.364 [pool-2-thread-274] DEBUG c.c.c.s.m.FavoritePessimisticService - 메서드 종료 직전: memberId = 274, productId = 1
    16:24:30.364 [pool-2-thread-274] DEBUG c.c.c.s.m.FavoriteConcurrencyTest - 실패 : Could not commit JPA transaction 
    16:24:30.364 [pool-2-thread-273] DEBUG org.hibernate.SQL - 
        select
            ni1_0.nutrition_info_id,
            ni1_0.caffeine,
            ni1_0.calories,
            ni1_0.carbohydrate,
            ni1_0.cholesterol,
            ni1_0.fat,
            ni1_0.product_id,
            ni1_0.protein,
            ni1_0.saturated_fat,
            ni1_0.sodium,
            ni1_0.sugar,
            ni1_0.trans_fat 
        from
            nutrition_info ni1_0 
        where
            ni1_0.product_id=?
    16:24:30.364 [pool-2-thread-282] DEBUG org.hibernate.SQL - 
        /* SELECT
            p 
        FROM
            Product p 
        WHERE
            p.id = :productId */ select
                p1_0.product_id,
                p1_0.category_id,
                p1_0.favorite_count,
                p1_0.price,
                p1_0.product_content,
                p1_0.product_name,
                p1_0.product_photo,
                p1_0.version 
            from
                product p1_0 
            where
                p1_0.product_id=? for update
    16:24:30.365 [pool-2-thread-273] DEBUG org.hibernate.SQL - 
        select
            f1_0.member_id,
            f1_0.product_id,
            f1_0.orderby 
        from
            favorite f1_0 
        where
            (
                f1_0.member_id, f1_0.product_id
            ) in ((?, ?))
    16:24:30.365 [pool-2-thread-273] DEBUG org.hibernate.SQL - 
        /* insert for
            com.codepresso.codepresso.entity.member.Favorite */insert 
        into
            favorite (orderby, member_id, product_id) 
        values
            (?, ?, ?)
    16:24:30.366 [pool-2-thread-273] DEBUG c.c.c.s.m.FavoritePessimisticService - 즐겨찾기 추가 성공 : memberId = 273, productId = 1
    16:24:30.366 [pool-2-thread-273] DEBUG c.c.c.s.m.FavoritePessimisticService - 메서드 종료 직전: memberId = 273, productId = 1
    16:24:30.366 [pool-2-thread-273] DEBUG c.c.c.s.m.FavoriteConcurrencyTest - 실패 : Could not commit JPA transaction 
    16:24:30.366 [pool-2-thread-278] DEBUG org.hibernate.SQL - 
        select
            ni1_0.nutrition_info_id,
            ni1_0.caffeine,
            ni1_0.calories,
            ni1_0.carbohydrate,
            ni1_0.cholesterol,
            ni1_0.fat,
            ni1_0.product_id,
            ni1_0.protein,
            ni1_0.saturated_fat,
            ni1_0.sodium,
            ni1_0.sugar,
            ni1_0.trans_fat 
        from
            nutrition_info ni1_0 
        where
            ni1_0.product_id=?
    16:24:30.366 [pool-2-thread-283] DEBUG org.hibernate.SQL - 
        /* SELECT
            p 
        FROM
            Product p 
        WHERE
            p.id = :productId */ select
                p1_0.product_id,
                p1_0.category_id,
                p1_0.favorite_count,
                p1_0.price,
                p1_0.product_content,
                p1_0.product_name,
                p1_0.product_photo,
                p1_0.version 
            from
                product p1_0 
            where
                p1_0.product_id=? for update
    16:24:30.366 [pool-2-thread-278] DEBUG org.hibernate.SQL - 
        select
            f1_0.member_id,
            f1_0.product_id,
            f1_0.orderby 
        from
            favorite f1_0 
        where
            (
                f1_0.member_id, f1_0.product_id
            ) in ((?, ?))
    16:24:30.367 [pool-2-thread-278] DEBUG org.hibernate.SQL - 
        /* insert for
            com.codepresso.codepresso.entity.member.Favorite */insert 
        into
            favorite (orderby, member_id, product_id) 
        values
            (?, ?, ?)
    16:24:30.367 [pool-2-thread-278] DEBUG c.c.c.s.m.FavoritePessimisticService - 즐겨찾기 추가 성공 : memberId = 278, productId = 1
    16:24:30.367 [pool-2-thread-278] DEBUG c.c.c.s.m.FavoritePessimisticService - 메서드 종료 직전: memberId = 278, productId = 1
    16:24:30.367 [pool-2-thread-278] DEBUG c.c.c.s.m.FavoriteConcurrencyTest - 실패 : Could not commit JPA transaction 
    16:24:30.368 [pool-2-thread-282] DEBUG org.hibernate.SQL - 
        select
            ni1_0.nutrition_info_id,
            ni1_0.caffeine,
            ni1_0.calories,
            ni1_0.carbohydrate,
            ni1_0.cholesterol,
            ni1_0.fat,
            ni1_0.product_id,
            ni1_0.protein,
            ni1_0.saturated_fat,
            ni1_0.sodium,
            ni1_0.sugar,
            ni1_0.trans_fat 
        from
            nutrition_info ni1_0 
        where
            ni1_0.product_id=?
    16:24:30.368 [pool-2-thread-284] DEBUG org.hibernate.SQL - 
        /* SELECT
            p 
        FROM
            Product p 
        WHERE
            p.id = :productId */ select
                p1_0.product_id,
                p1_0.category_id,
                p1_0.favorite_count,
                p1_0.price,
                p1_0.product_content,
                p1_0.product_name,
                p1_0.product_photo,
                p1_0.version 
            from
                product p1_0 
            where
                p1_0.product_id=? for update
    16:24:30.368 [pool-2-thread-282] DEBUG org.hibernate.SQL - 
        select
            f1_0.member_id,
            f1_0.product_id,
            f1_0.orderby 
        from
            favorite f1_0 
        where
            (
                f1_0.member_id, f1_0.product_id
            ) in ((?, ?))
    16:24:30.369 [pool-2-thread-282] DEBUG org.hibernate.SQL - 
        /* insert for
            com.codepresso.codepresso.entity.member.Favorite */insert 
        into
            favorite (orderby, member_id, product_id) 
        values
            (?, ?, ?)
    16:24:30.369 [pool-2-thread-282] DEBUG c.c.c.s.m.FavoritePessimisticService - 즐겨찾기 추가 성공 : memberId = 282, productId = 1
    16:24:30.369 [pool-2-thread-282] DEBUG c.c.c.s.m.FavoritePessimisticService - 메서드 종료 직전: memberId = 282, productId = 1
    16:24:30.369 [pool-2-thread-282] DEBUG c.c.c.s.m.FavoriteConcurrencyTest - 실패 : Could not commit JPA transaction 
    16:24:30.373 [pool-2-thread-283] DEBUG org.hibernate.SQL - 
        select
            ni1_0.nutrition_info_id,
            ni1_0.caffeine,
            ni1_0.calories,
            ni1_0.carbohydrate,
            ni1_0.cholesterol,
            ni1_0.fat,
            ni1_0.product_id,
            ni1_0.protein,
            ni1_0.saturated_fat,
            ni1_0.sodium,
            ni1_0.sugar,
            ni1_0.trans_fat 
        from
            nutrition_info ni1_0 
        where
            ni1_0.product_id=?
    16:24:30.374 [pool-2-thread-285] DEBUG org.hibernate.SQL - 
        /* SELECT
            p 
        FROM
            Product p 
        WHERE
            p.id = :productId */ select
                p1_0.product_id,
                p1_0.category_id,
                p1_0.favorite_count,
                p1_0.price,
                p1_0.product_content,
                p1_0.product_name,
                p1_0.product_photo,
                p1_0.version 
            from
                product p1_0 
            where
                p1_0.product_id=? for update
    16:24:30.380 [pool-2-thread-283] DEBUG org.hibernate.SQL - 
        select
            f1_0.member_id,
            f1_0.product_id,
            f1_0.orderby 
        from
            favorite f1_0 
        where
            (
                f1_0.member_id, f1_0.product_id
            ) in ((?, ?))
    16:24:30.380 [pool-2-thread-283] DEBUG org.hibernate.SQL - 
        /* insert for
            com.codepresso.codepresso.entity.member.Favorite */insert 
        into
            favorite (orderby, member_id, product_id) 
        values
            (?, ?, ?)
    16:24:30.381 [pool-2-thread-283] DEBUG c.c.c.s.m.FavoritePessimisticService - 즐겨찾기 추가 성공 : memberId = 283, productId = 1
    16:24:30.381 [pool-2-thread-283] DEBUG c.c.c.s.m.FavoritePessimisticService - 메서드 종료 직전: memberId = 283, productId = 1
    16:24:30.381 [pool-2-thread-283] DEBUG c.c.c.s.m.FavoriteConcurrencyTest - 실패 : Could not commit JPA transaction 
    16:24:30.382 [pool-2-thread-257] DEBUG org.hibernate.SQL - 
        select
            ni1_0.nutrition_info_id,
            ni1_0.caffeine,
            ni1_0.calories,
            ni1_0.carbohydrate,
            ni1_0.cholesterol,
            ni1_0.fat,
            ni1_0.product_id,
            ni1_0.protein,
            ni1_0.saturated_fat,
            ni1_0.sodium,
            ni1_0.sugar,
            ni1_0.trans_fat 
        from
            nutrition_info ni1_0 
        where
            ni1_0.product_id=?
    16:24:30.383 [pool-2-thread-257] DEBUG org.hibernate.SQL - 
        select
            f1_0.member_id,
            f1_0.product_id,
            f1_0.orderby 
        from
            favorite f1_0 
        where
            (
                f1_0.member_id, f1_0.product_id
            ) in ((?, ?))
    16:24:30.383 [pool-2-thread-257] DEBUG org.hibernate.SQL - 
        /* insert for
            com.codepresso.codepresso.entity.member.Favorite */insert 
        into
            favorite (orderby, member_id, product_id) 
        values
            (?, ?, ?)
    16:24:30.383 [pool-2-thread-286] DEBUG org.hibernate.SQL - 
        /* SELECT
            p 
        FROM
            Product p 
        WHERE
            p.id = :productId */ select
                p1_0.product_id,
                p1_0.category_id,
                p1_0.favorite_count,
                p1_0.price,
                p1_0.product_content,
                p1_0.product_name,
                p1_0.product_photo,
                p1_0.version 
            from
                product p1_0 
            where
                p1_0.product_id=? for update
    16:24:30.383 [pool-2-thread-257] DEBUG c.c.c.s.m.FavoritePessimisticService - 즐겨찾기 추가 성공 : memberId = 257, productId = 1
    16:24:30.383 [pool-2-thread-257] DEBUG c.c.c.s.m.FavoritePessimisticService - 메서드 종료 직전: memberId = 257, productId = 1
    16:24:30.384 [pool-2-thread-257] DEBUG c.c.c.s.m.FavoriteConcurrencyTest - 실패 : Could not commit JPA transaction 
    16:24:30.384 [pool-2-thread-284] DEBUG org.hibernate.SQL - 
        select
            ni1_0.nutrition_info_id,
            ni1_0.caffeine,
            ni1_0.calories,
            ni1_0.carbohydrate,
            ni1_0.cholesterol,
            ni1_0.fat,
            ni1_0.product_id,
            ni1_0.protein,
            ni1_0.saturated_fat,
            ni1_0.sodium,
            ni1_0.sugar,
            ni1_0.trans_fat 
        from
            nutrition_info ni1_0 
        where
            ni1_0.product_id=?
    16:24:30.385 [pool-2-thread-284] DEBUG org.hibernate.SQL - 
        select
            f1_0.member_id,
            f1_0.product_id,
            f1_0.orderby 
        from
            favorite f1_0 
        where
            (
                f1_0.member_id, f1_0.product_id
            ) in ((?, ?))
    16:24:30.385 [pool-2-thread-287] DEBUG org.hibernate.SQL - 
        /* SELECT
            p 
        FROM
            Product p 
        WHERE
            p.id = :productId */ select
                p1_0.product_id,
                p1_0.category_id,
                p1_0.favorite_count,
                p1_0.price,
                p1_0.product_content,
                p1_0.product_name,
                p1_0.product_photo,
                p1_0.version 
            from
                product p1_0 
            where
                p1_0.product_id=? for update
    16:24:30.386 [pool-2-thread-284] DEBUG org.hibernate.SQL - 
        /* insert for
            com.codepresso.codepresso.entity.member.Favorite */insert 
        into
            favorite (orderby, member_id, product_id) 
        values
            (?, ?, ?)
    16:24:30.386 [pool-2-thread-284] DEBUG c.c.c.s.m.FavoritePessimisticService - 즐겨찾기 추가 성공 : memberId = 284, productId = 1
    16:24:30.386 [pool-2-thread-284] DEBUG c.c.c.s.m.FavoritePessimisticService - 메서드 종료 직전: memberId = 284, productId = 1
    16:24:30.386 [pool-2-thread-284] DEBUG c.c.c.s.m.FavoriteConcurrencyTest - 실패 : Could not commit JPA transaction 
    16:24:30.387 [pool-2-thread-276] DEBUG org.hibernate.SQL - 
        select
            ni1_0.nutrition_info_id,
            ni1_0.caffeine,
            ni1_0.calories,
            ni1_0.carbohydrate,
            ni1_0.cholesterol,
            ni1_0.fat,
            ni1_0.product_id,
            ni1_0.protein,
            ni1_0.saturated_fat,
            ni1_0.sodium,
            ni1_0.sugar,
            ni1_0.trans_fat 
        from
            nutrition_info ni1_0 
        where
            ni1_0.product_id=?
    16:24:30.387 [pool-2-thread-288] DEBUG org.hibernate.SQL - 
        /* SELECT
            p 
        FROM
            Product p 
        WHERE
            p.id = :productId */ select
                p1_0.product_id,
                p1_0.category_id,
                p1_0.favorite_count,
                p1_0.price,
                p1_0.product_content,
                p1_0.product_name,
                p1_0.product_photo,
                p1_0.version 
            from
                product p1_0 
            where
                p1_0.product_id=? for update
    16:24:30.387 [pool-2-thread-276] DEBUG org.hibernate.SQL - 
        select
            f1_0.member_id,
            f1_0.product_id,
            f1_0.orderby 
        from
            favorite f1_0 
        where
            (
                f1_0.member_id, f1_0.product_id
            ) in ((?, ?))
    16:24:30.388 [pool-2-thread-276] DEBUG org.hibernate.SQL - 
        /* insert for
            com.codepresso.codepresso.entity.member.Favorite */insert 
        into
            favorite (orderby, member_id, product_id) 
        values
            (?, ?, ?)
    16:24:30.388 [pool-2-thread-276] DEBUG c.c.c.s.m.FavoritePessimisticService - 즐겨찾기 추가 성공 : memberId = 276, productId = 1
    16:24:30.388 [pool-2-thread-276] DEBUG c.c.c.s.m.FavoritePessimisticService - 메서드 종료 직전: memberId = 276, productId = 1
    16:24:30.388 [pool-2-thread-276] DEBUG c.c.c.s.m.FavoriteConcurrencyTest - 실패 : Could not commit JPA transaction 
    16:24:30.389 [pool-2-thread-285] DEBUG org.hibernate.SQL - 
        select
            ni1_0.nutrition_info_id,
            ni1_0.caffeine,
            ni1_0.calories,
            ni1_0.carbohydrate,
            ni1_0.cholesterol,
            ni1_0.fat,
            ni1_0.product_id,
            ni1_0.protein,
            ni1_0.saturated_fat,
            ni1_0.sodium,
            ni1_0.sugar,
            ni1_0.trans_fat 
        from
            nutrition_info ni1_0 
        where
            ni1_0.product_id=?
    16:24:30.389 [pool-2-thread-289] DEBUG org.hibernate.SQL - 
        /* SELECT
            p 
        FROM
            Product p 
        WHERE
            p.id = :productId */ select
                p1_0.product_id,
                p1_0.category_id,
                p1_0.favorite_count,
                p1_0.price,
                p1_0.product_content,
                p1_0.product_name,
                p1_0.product_photo,
                p1_0.version 
            from
                product p1_0 
            where
                p1_0.product_id=? for update
    16:24:30.390 [pool-2-thread-285] DEBUG org.hibernate.SQL - 
        select
            f1_0.member_id,
            f1_0.product_id,
            f1_0.orderby 
        from
            favorite f1_0 
        where
            (
                f1_0.member_id, f1_0.product_id
            ) in ((?, ?))
    16:24:30.390 [pool-2-thread-285] DEBUG org.hibernate.SQL - 
        /* insert for
            com.codepresso.codepresso.entity.member.Favorite */insert 
        into
            favorite (orderby, member_id, product_id) 
        values
            (?, ?, ?)
    16:24:30.390 [pool-2-thread-285] DEBUG c.c.c.s.m.FavoritePessimisticService - 즐겨찾기 추가 성공 : memberId = 285, productId = 1
    16:24:30.390 [pool-2-thread-285] DEBUG c.c.c.s.m.FavoritePessimisticService - 메서드 종료 직전: memberId = 285, productId = 1
    16:24:30.391 [pool-2-thread-285] DEBUG c.c.c.s.m.FavoriteConcurrencyTest - 실패 : Could not commit JPA transaction 
    16:24:30.392 [pool-2-thread-290] DEBUG org.hibernate.SQL - 
        /* SELECT
            p 
        FROM
            Product p 
        WHERE
            p.id = :productId */ select
                p1_0.product_id,
                p1_0.category_id,
                p1_0.favorite_count,
                p1_0.price,
                p1_0.product_content,
                p1_0.product_name,
                p1_0.product_photo,
                p1_0.version 
            from
                product p1_0 
            where
                p1_0.product_id=? for update
    16:24:30.392 [pool-2-thread-279] DEBUG org.hibernate.SQL - 
        select
            ni1_0.nutrition_info_id,
            ni1_0.caffeine,
            ni1_0.calories,
            ni1_0.carbohydrate,
            ni1_0.cholesterol,
            ni1_0.fat,
            ni1_0.product_id,
            ni1_0.protein,
            ni1_0.saturated_fat,
            ni1_0.sodium,
            ni1_0.sugar,
            ni1_0.trans_fat 
        from
            nutrition_info ni1_0 
        where
            ni1_0.product_id=?
    16:24:30.393 [pool-2-thread-279] DEBUG org.hibernate.SQL - 
        select
            f1_0.member_id,
            f1_0.product_id,
            f1_0.orderby 
        from
            favorite f1_0 
        where
            (
                f1_0.member_id, f1_0.product_id
            ) in ((?, ?))
    16:24:30.397 [pool-2-thread-279] DEBUG org.hibernate.SQL - 
        /* insert for
            com.codepresso.codepresso.entity.member.Favorite */insert 
        into
            favorite (orderby, member_id, product_id) 
        values
            (?, ?, ?)
    16:24:30.397 [pool-2-thread-279] DEBUG c.c.c.s.m.FavoritePessimisticService - 즐겨찾기 추가 성공 : memberId = 279, productId = 1
    16:24:30.397 [pool-2-thread-279] DEBUG c.c.c.s.m.FavoritePessimisticService - 메서드 종료 직전: memberId = 279, productId = 1
    16:24:30.398 [pool-2-thread-279] DEBUG c.c.c.s.m.FavoriteConcurrencyTest - 실패 : Could not commit JPA transaction 
    16:24:30.398 [pool-2-thread-238] DEBUG org.hibernate.SQL - 
        select
            ni1_0.nutrition_info_id,
            ni1_0.caffeine,
            ni1_0.calories,
            ni1_0.carbohydrate,
            ni1_0.cholesterol,
            ni1_0.fat,
            ni1_0.product_id,
            ni1_0.protein,
            ni1_0.saturated_fat,
            ni1_0.sodium,
            ni1_0.sugar,
            ni1_0.trans_fat 
        from
            nutrition_info ni1_0 
        where
            ni1_0.product_id=?
    16:24:30.399 [pool-2-thread-238] DEBUG org.hibernate.SQL - 
        select
            f1_0.member_id,
            f1_0.product_id,
            f1_0.orderby 
        from
            favorite f1_0 
        where
            (
                f1_0.member_id, f1_0.product_id
            ) in ((?, ?))
    16:24:30.399 [pool-2-thread-238] DEBUG org.hibernate.SQL - 
        /* insert for
            com.codepresso.codepresso.entity.member.Favorite */insert 
        into
            favorite (orderby, member_id, product_id) 
        values
            (?, ?, ?)
    16:24:30.400 [pool-2-thread-238] DEBUG c.c.c.s.m.FavoritePessimisticService - 즐겨찾기 추가 성공 : memberId = 238, productId = 1
    16:24:30.400 [pool-2-thread-238] DEBUG c.c.c.s.m.FavoritePessimisticService - 메서드 종료 직전: memberId = 238, productId = 1
    16:24:30.400 [pool-2-thread-291] DEBUG org.hibernate.SQL - 
        /* SELECT
            p 
        FROM
            Product p 
        WHERE
            p.id = :productId */ select
                p1_0.product_id,
                p1_0.category_id,
                p1_0.favorite_count,
                p1_0.price,
                p1_0.product_content,
                p1_0.product_name,
                p1_0.product_photo,
                p1_0.version 
            from
                product p1_0 
            where
                p1_0.product_id=? for update
    16:24:30.400 [pool-2-thread-286] DEBUG org.hibernate.SQL - 
        select
            ni1_0.nutrition_info_id,
            ni1_0.caffeine,
            ni1_0.calories,
            ni1_0.carbohydrate,
            ni1_0.cholesterol,
            ni1_0.fat,
            ni1_0.product_id,
            ni1_0.protein,
            ni1_0.saturated_fat,
            ni1_0.sodium,
            ni1_0.sugar,
            ni1_0.trans_fat 
        from
            nutrition_info ni1_0 
        where
            ni1_0.product_id=?
    16:24:30.401 [pool-2-thread-286] DEBUG org.hibernate.SQL - 
        select
            f1_0.member_id,
            f1_0.product_id,
            f1_0.orderby 
        from
            favorite f1_0 
        where
            (
                f1_0.member_id, f1_0.product_id
            ) in ((?, ?))
    16:24:30.400 [pool-2-thread-238] DEBUG c.c.c.s.m.FavoriteConcurrencyTest - 실패 : Could not commit JPA transaction 
    16:24:30.402 [pool-2-thread-292] DEBUG org.hibernate.SQL - 
        /* SELECT
            p 
        FROM
            Product p 
        WHERE
            p.id = :productId */ select
                p1_0.product_id,
                p1_0.category_id,
                p1_0.favorite_count,
                p1_0.price,
                p1_0.product_content,
                p1_0.product_name,
                p1_0.product_photo,
                p1_0.version 
            from
                product p1_0 
            where
                p1_0.product_id=? for update
    16:24:30.402 [pool-2-thread-286] DEBUG org.hibernate.SQL - 
        /* insert for
            com.codepresso.codepresso.entity.member.Favorite */insert 
        into
            favorite (orderby, member_id, product_id) 
        values
            (?, ?, ?)
    16:24:30.402 [pool-2-thread-286] DEBUG c.c.c.s.m.FavoritePessimisticService - 즐겨찾기 추가 성공 : memberId = 286, productId = 1
    16:24:30.402 [pool-2-thread-286] DEBUG c.c.c.s.m.FavoritePessimisticService - 메서드 종료 직전: memberId = 286, productId = 1
    16:24:30.403 [pool-2-thread-286] DEBUG c.c.c.s.m.FavoriteConcurrencyTest - 실패 : Could not commit JPA transaction 
    16:24:30.403 [pool-2-thread-287] DEBUG org.hibernate.SQL - 
        select
            ni1_0.nutrition_info_id,
            ni1_0.caffeine,
            ni1_0.calories,
            ni1_0.carbohydrate,
            ni1_0.cholesterol,
            ni1_0.fat,
            ni1_0.product_id,
            ni1_0.protein,
            ni1_0.saturated_fat,
            ni1_0.sodium,
            ni1_0.sugar,
            ni1_0.trans_fat 
        from
            nutrition_info ni1_0 
        where
            ni1_0.product_id=?
    16:24:30.404 [pool-2-thread-287] DEBUG org.hibernate.SQL - 
        select
            f1_0.member_id,
            f1_0.product_id,
            f1_0.orderby 
        from
            favorite f1_0 
        where
            (
                f1_0.member_id, f1_0.product_id
            ) in ((?, ?))
    16:24:30.404 [pool-2-thread-293] DEBUG org.hibernate.SQL - 
        /* SELECT
            p 
        FROM
            Product p 
        WHERE
            p.id = :productId */ select
                p1_0.product_id,
                p1_0.category_id,
                p1_0.favorite_count,
                p1_0.price,
                p1_0.product_content,
                p1_0.product_name,
                p1_0.product_photo,
                p1_0.version 
            from
                product p1_0 
            where
                p1_0.product_id=? for update
    16:24:30.404 [pool-2-thread-287] DEBUG org.hibernate.SQL - 
        /* insert for
            com.codepresso.codepresso.entity.member.Favorite */insert 
        into
            favorite (orderby, member_id, product_id) 
        values
            (?, ?, ?)
    16:24:30.404 [pool-2-thread-287] DEBUG c.c.c.s.m.FavoritePessimisticService - 즐겨찾기 추가 성공 : memberId = 287, productId = 1
    16:24:30.404 [pool-2-thread-287] DEBUG c.c.c.s.m.FavoritePessimisticService - 메서드 종료 직전: memberId = 287, productId = 1
    16:24:30.404 [pool-2-thread-287] DEBUG c.c.c.s.m.FavoriteConcurrencyTest - 실패 : Could not commit JPA transaction 
    16:24:30.405 [pool-2-thread-288] DEBUG org.hibernate.SQL - 
        select
            ni1_0.nutrition_info_id,
            ni1_0.caffeine,
            ni1_0.calories,
            ni1_0.carbohydrate,
            ni1_0.cholesterol,
            ni1_0.fat,
            ni1_0.product_id,
            ni1_0.protein,
            ni1_0.saturated_fat,
            ni1_0.sodium,
            ni1_0.sugar,
            ni1_0.trans_fat 
        from
            nutrition_info ni1_0 
        where
            ni1_0.product_id=?
    16:24:30.405 [pool-2-thread-294] DEBUG org.hibernate.SQL - 
        /* SELECT
            p 
        FROM
            Product p 
        WHERE
            p.id = :productId */ select
                p1_0.product_id,
                p1_0.category_id,
                p1_0.favorite_count,
                p1_0.price,
                p1_0.product_content,
                p1_0.product_name,
                p1_0.product_photo,
                p1_0.version 
            from
                product p1_0 
            where
                p1_0.product_id=? for update
    16:24:30.405 [pool-2-thread-288] DEBUG org.hibernate.SQL - 
        select
            f1_0.member_id,
            f1_0.product_id,
            f1_0.orderby 
        from
            favorite f1_0 
        where
            (
                f1_0.member_id, f1_0.product_id
            ) in ((?, ?))
    16:24:30.406 [pool-2-thread-288] DEBUG org.hibernate.SQL - 
        /* insert for
            com.codepresso.codepresso.entity.member.Favorite */insert 
        into
            favorite (orderby, member_id, product_id) 
        values
            (?, ?, ?)
    16:24:30.406 [pool-2-thread-288] DEBUG c.c.c.s.m.FavoritePessimisticService - 즐겨찾기 추가 성공 : memberId = 288, productId = 1
    16:24:30.406 [pool-2-thread-288] DEBUG c.c.c.s.m.FavoritePessimisticService - 메서드 종료 직전: memberId = 288, productId = 1
    16:24:30.406 [pool-2-thread-288] DEBUG c.c.c.s.m.FavoriteConcurrencyTest - 실패 : Could not commit JPA transaction 
    16:24:30.407 [pool-2-thread-266] DEBUG org.hibernate.SQL - 
        select
            ni1_0.nutrition_info_id,
            ni1_0.caffeine,
            ni1_0.calories,
            ni1_0.carbohydrate,
            ni1_0.cholesterol,
            ni1_0.fat,
            ni1_0.product_id,
            ni1_0.protein,
            ni1_0.saturated_fat,
            ni1_0.sodium,
            ni1_0.sugar,
            ni1_0.trans_fat 
        from
            nutrition_info ni1_0 
        where
            ni1_0.product_id=?
    16:24:30.407 [pool-2-thread-295] DEBUG org.hibernate.SQL - 
        /* SELECT
            p 
        FROM
            Product p 
        WHERE
            p.id = :productId */ select
                p1_0.product_id,
                p1_0.category_id,
                p1_0.favorite_count,
                p1_0.price,
                p1_0.product_content,
                p1_0.product_name,
                p1_0.product_photo,
                p1_0.version 
            from
                product p1_0 
            where
                p1_0.product_id=? for update
    16:24:30.407 [pool-2-thread-266] DEBUG org.hibernate.SQL - 
        select
            f1_0.member_id,
            f1_0.product_id,
            f1_0.orderby 
        from
            favorite f1_0 
        where
            (
                f1_0.member_id, f1_0.product_id
            ) in ((?, ?))
    16:24:30.407 [pool-2-thread-266] DEBUG org.hibernate.SQL - 
        /* insert for
            com.codepresso.codepresso.entity.member.Favorite */insert 
        into
            favorite (orderby, member_id, product_id) 
        values
            (?, ?, ?)
    16:24:30.408 [pool-2-thread-266] DEBUG c.c.c.s.m.FavoritePessimisticService - 즐겨찾기 추가 성공 : memberId = 266, productId = 1
    16:24:30.408 [pool-2-thread-266] DEBUG c.c.c.s.m.FavoritePessimisticService - 메서드 종료 직전: memberId = 266, productId = 1
    16:24:30.408 [pool-2-thread-266] DEBUG c.c.c.s.m.FavoriteConcurrencyTest - 실패 : Could not commit JPA transaction 
    16:24:30.408 [pool-2-thread-294] DEBUG org.hibernate.SQL - 
        select
            ni1_0.nutrition_info_id,
            ni1_0.caffeine,
            ni1_0.calories,
            ni1_0.carbohydrate,
            ni1_0.cholesterol,
            ni1_0.fat,
            ni1_0.product_id,
            ni1_0.protein,
            ni1_0.saturated_fat,
            ni1_0.sodium,
            ni1_0.sugar,
            ni1_0.trans_fat 
        from
            nutrition_info ni1_0 
        where
            ni1_0.product_id=?
    16:24:30.408 [pool-2-thread-294] DEBUG org.hibernate.SQL - 
        select
            f1_0.member_id,
            f1_0.product_id,
            f1_0.orderby 
        from
            favorite f1_0 
        where
            (
                f1_0.member_id, f1_0.product_id
            ) in ((?, ?))
    16:24:30.409 [pool-2-thread-294] DEBUG org.hibernate.SQL - 
        /* insert for
            com.codepresso.codepresso.entity.member.Favorite */insert 
        into
            favorite (orderby, member_id, product_id) 
        values
            (?, ?, ?)
    16:24:30.409 [pool-2-thread-294] DEBUG c.c.c.s.m.FavoritePessimisticService - 즐겨찾기 추가 성공 : memberId = 294, productId = 1
    16:24:30.409 [pool-2-thread-294] DEBUG c.c.c.s.m.FavoritePessimisticService - 메서드 종료 직전: memberId = 294, productId = 1
    16:24:30.409 [pool-2-thread-294] DEBUG c.c.c.s.m.FavoriteConcurrencyTest - 실패 : Could not commit JPA transaction 
    16:24:30.409 [pool-2-thread-289] DEBUG org.hibernate.SQL - 
        select
            ni1_0.nutrition_info_id,
            ni1_0.caffeine,
            ni1_0.calories,
            ni1_0.carbohydrate,
            ni1_0.cholesterol,
            ni1_0.fat,
            ni1_0.product_id,
            ni1_0.protein,
            ni1_0.saturated_fat,
            ni1_0.sodium,
            ni1_0.sugar,
            ni1_0.trans_fat 
        from
            nutrition_info ni1_0 
        where
            ni1_0.product_id=?
    16:24:30.410 [pool-2-thread-296] DEBUG org.hibernate.SQL - 
        /* SELECT
            p 
        FROM
            Product p 
        WHERE
            p.id = :productId */ select
                p1_0.product_id,
                p1_0.category_id,
                p1_0.favorite_count,
                p1_0.price,
                p1_0.product_content,
                p1_0.product_name,
                p1_0.product_photo,
                p1_0.version 
            from
                product p1_0 
            where
                p1_0.product_id=? for update
    16:24:30.411 [pool-2-thread-297] DEBUG org.hibernate.SQL - 
        /* SELECT
            p 
        FROM
            Product p 
        WHERE
            p.id = :productId */ select
                p1_0.product_id,
                p1_0.category_id,
                p1_0.favorite_count,
                p1_0.price,
                p1_0.product_content,
                p1_0.product_name,
                p1_0.product_photo,
                p1_0.version 
            from
                product p1_0 
            where
                p1_0.product_id=? for update
    16:24:30.410 [pool-2-thread-289] DEBUG org.hibernate.SQL - 
        select
            f1_0.member_id,
            f1_0.product_id,
            f1_0.orderby 
        from
            favorite f1_0 
        where
            (
                f1_0.member_id, f1_0.product_id
            ) in ((?, ?))
    16:24:30.412 [pool-2-thread-289] DEBUG org.hibernate.SQL - 
        /* insert for
            com.codepresso.codepresso.entity.member.Favorite */insert 
        into
            favorite (orderby, member_id, product_id) 
        values
            (?, ?, ?)
    16:24:30.412 [pool-2-thread-289] DEBUG c.c.c.s.m.FavoritePessimisticService - 즐겨찾기 추가 성공 : memberId = 289, productId = 1
    16:24:30.412 [pool-2-thread-289] DEBUG c.c.c.s.m.FavoritePessimisticService - 메서드 종료 직전: memberId = 289, productId = 1
    16:24:30.413 [pool-2-thread-289] DEBUG c.c.c.s.m.FavoriteConcurrencyTest - 실패 : Could not commit JPA transaction 
    16:24:30.413 [pool-2-thread-295] DEBUG org.hibernate.SQL - 
        select
            ni1_0.nutrition_info_id,
            ni1_0.caffeine,
            ni1_0.calories,
            ni1_0.carbohydrate,
            ni1_0.cholesterol,
            ni1_0.fat,
            ni1_0.product_id,
            ni1_0.protein,
            ni1_0.saturated_fat,
            ni1_0.sodium,
            ni1_0.sugar,
            ni1_0.trans_fat 
        from
            nutrition_info ni1_0 
        where
            ni1_0.product_id=?
    16:24:30.413 [pool-2-thread-298] DEBUG org.hibernate.SQL - 
        /* SELECT
            p 
        FROM
            Product p 
        WHERE
            p.id = :productId */ select
                p1_0.product_id,
                p1_0.category_id,
                p1_0.favorite_count,
                p1_0.price,
                p1_0.product_content,
                p1_0.product_name,
                p1_0.product_photo,
                p1_0.version 
            from
                product p1_0 
            where
                p1_0.product_id=? for update
    16:24:30.413 [pool-2-thread-295] DEBUG org.hibernate.SQL - 
        select
            f1_0.member_id,
            f1_0.product_id,
            f1_0.orderby 
        from
            favorite f1_0 
        where
            (
                f1_0.member_id, f1_0.product_id
            ) in ((?, ?))
    16:24:30.414 [pool-2-thread-295] DEBUG org.hibernate.SQL - 
        /* insert for
            com.codepresso.codepresso.entity.member.Favorite */insert 
        into
            favorite (orderby, member_id, product_id) 
        values
            (?, ?, ?)
    16:24:30.414 [pool-2-thread-295] DEBUG c.c.c.s.m.FavoritePessimisticService - 즐겨찾기 추가 성공 : memberId = 295, productId = 1
    16:24:30.414 [pool-2-thread-295] DEBUG c.c.c.s.m.FavoritePessimisticService - 메서드 종료 직전: memberId = 295, productId = 1
    16:24:30.414 [pool-2-thread-295] DEBUG c.c.c.s.m.FavoriteConcurrencyTest - 실패 : Could not commit JPA transaction 
    16:24:30.414 [pool-2-thread-290] DEBUG org.hibernate.SQL - 
        select
            ni1_0.nutrition_info_id,
            ni1_0.caffeine,
            ni1_0.calories,
            ni1_0.carbohydrate,
            ni1_0.cholesterol,
            ni1_0.fat,
            ni1_0.product_id,
            ni1_0.protein,
            ni1_0.saturated_fat,
            ni1_0.sodium,
            ni1_0.sugar,
            ni1_0.trans_fat 
        from
            nutrition_info ni1_0 
        where
            ni1_0.product_id=?
    16:24:30.415 [pool-2-thread-299] DEBUG org.hibernate.SQL - 
        /* SELECT
            p 
        FROM
            Product p 
        WHERE
            p.id = :productId */ select
                p1_0.product_id,
                p1_0.category_id,
                p1_0.favorite_count,
                p1_0.price,
                p1_0.product_content,
                p1_0.product_name,
                p1_0.product_photo,
                p1_0.version 
            from
                product p1_0 
            where
                p1_0.product_id=? for update
    16:24:30.415 [pool-2-thread-290] DEBUG org.hibernate.SQL - 
        select
            f1_0.member_id,
            f1_0.product_id,
            f1_0.orderby 
        from
            favorite f1_0 
        where
            (
                f1_0.member_id, f1_0.product_id
            ) in ((?, ?))
    16:24:30.415 [pool-2-thread-290] DEBUG org.hibernate.SQL - 
        /* insert for
            com.codepresso.codepresso.entity.member.Favorite */insert 
        into
            favorite (orderby, member_id, product_id) 
        values
            (?, ?, ?)
    16:24:30.415 [pool-2-thread-290] DEBUG c.c.c.s.m.FavoritePessimisticService - 즐겨찾기 추가 성공 : memberId = 290, productId = 1
    16:24:30.415 [pool-2-thread-290] DEBUG c.c.c.s.m.FavoritePessimisticService - 메서드 종료 직전: memberId = 290, productId = 1
    16:24:30.416 [pool-2-thread-290] DEBUG c.c.c.s.m.FavoriteConcurrencyTest - 실패 : Could not commit JPA transaction 
    16:24:30.416 [pool-2-thread-298] DEBUG org.hibernate.SQL - 
        select
            ni1_0.nutrition_info_id,
            ni1_0.caffeine,
            ni1_0.calories,
            ni1_0.carbohydrate,
            ni1_0.cholesterol,
            ni1_0.fat,
            ni1_0.product_id,
            ni1_0.protein,
            ni1_0.saturated_fat,
            ni1_0.sodium,
            ni1_0.sugar,
            ni1_0.trans_fat 
        from
            nutrition_info ni1_0 
        where
            ni1_0.product_id=?
    16:24:30.416 [pool-2-thread-300] DEBUG org.hibernate.SQL - 
        /* SELECT
            p 
        FROM
            Product p 
        WHERE
            p.id = :productId */ select
                p1_0.product_id,
                p1_0.category_id,
                p1_0.favorite_count,
                p1_0.price,
                p1_0.product_content,
                p1_0.product_name,
                p1_0.product_photo,
                p1_0.version 
            from
                product p1_0 
            where
                p1_0.product_id=? for update
    16:24:30.416 [pool-2-thread-298] DEBUG org.hibernate.SQL - 
        select
            f1_0.member_id,
            f1_0.product_id,
            f1_0.orderby 
        from
            favorite f1_0 
        where
            (
                f1_0.member_id, f1_0.product_id
            ) in ((?, ?))
    16:24:30.416 [pool-2-thread-298] DEBUG org.hibernate.SQL - 
        /* insert for
            com.codepresso.codepresso.entity.member.Favorite */insert 
        into
            favorite (orderby, member_id, product_id) 
        values
            (?, ?, ?)
    16:24:30.417 [pool-2-thread-298] DEBUG c.c.c.s.m.FavoritePessimisticService - 즐겨찾기 추가 성공 : memberId = 298, productId = 1
    16:24:30.417 [pool-2-thread-298] DEBUG c.c.c.s.m.FavoritePessimisticService - 메서드 종료 직전: memberId = 298, productId = 1
    16:24:30.417 [pool-2-thread-298] DEBUG c.c.c.s.m.FavoriteConcurrencyTest - 실패 : Could not commit JPA transaction 
    16:24:30.417 [pool-2-thread-300] DEBUG org.hibernate.SQL - 
        select
            ni1_0.nutrition_info_id,
            ni1_0.caffeine,
            ni1_0.calories,
            ni1_0.carbohydrate,
            ni1_0.cholesterol,
            ni1_0.fat,
            ni1_0.product_id,
            ni1_0.protein,
            ni1_0.saturated_fat,
            ni1_0.sodium,
            ni1_0.sugar,
            ni1_0.trans_fat 
        from
            nutrition_info ni1_0 
        where
            ni1_0.product_id=?
    16:24:30.417 [pool-2-thread-301] DEBUG org.hibernate.SQL - 
        /* SELECT
            p 
        FROM
            Product p 
        WHERE
            p.id = :productId */ select
                p1_0.product_id,
                p1_0.category_id,
                p1_0.favorite_count,
                p1_0.price,
                p1_0.product_content,
                p1_0.product_name,
                p1_0.product_photo,
                p1_0.version 
            from
                product p1_0 
            where
                p1_0.product_id=? for update
    16:24:30.417 [pool-2-thread-300] DEBUG org.hibernate.SQL - 
        select
            f1_0.member_id,
            f1_0.product_id,
            f1_0.orderby 
        from
            favorite f1_0 
        where
            (
                f1_0.member_id, f1_0.product_id
            ) in ((?, ?))
    16:24:30.418 [pool-2-thread-300] DEBUG org.hibernate.SQL - 
        /* insert for
            com.codepresso.codepresso.entity.member.Favorite */insert 
        into
            favorite (orderby, member_id, product_id) 
        values
            (?, ?, ?)
    16:24:30.418 [pool-2-thread-300] DEBUG c.c.c.s.m.FavoritePessimisticService - 즐겨찾기 추가 성공 : memberId = 300, productId = 1
    16:24:30.418 [pool-2-thread-300] DEBUG c.c.c.s.m.FavoritePessimisticService - 메서드 종료 직전: memberId = 300, productId = 1
    16:24:30.418 [pool-2-thread-300] DEBUG c.c.c.s.m.FavoriteConcurrencyTest - 실패 : Could not commit JPA transaction 
    16:24:30.418 [pool-2-thread-292] DEBUG org.hibernate.SQL - 
        select
            ni1_0.nutrition_info_id,
            ni1_0.caffeine,
            ni1_0.calories,
            ni1_0.carbohydrate,
            ni1_0.cholesterol,
            ni1_0.fat,
            ni1_0.product_id,
            ni1_0.protein,
            ni1_0.saturated_fat,
            ni1_0.sodium,
            ni1_0.sugar,
            ni1_0.trans_fat 
        from
            nutrition_info ni1_0 
        where
            ni1_0.product_id=?
    16:24:30.419 [pool-2-thread-302] DEBUG org.hibernate.SQL - 
        /* SELECT
            p 
        FROM
            Product p 
        WHERE
            p.id = :productId */ select
                p1_0.product_id,
                p1_0.category_id,
                p1_0.favorite_count,
                p1_0.price,
                p1_0.product_content,
                p1_0.product_name,
                p1_0.product_photo,
                p1_0.version 
            from
                product p1_0 
            where
                p1_0.product_id=? for update
    16:24:30.419 [pool-2-thread-292] DEBUG org.hibernate.SQL - 
        select
            f1_0.member_id,
            f1_0.product_id,
            f1_0.orderby 
        from
            favorite f1_0 
        where
            (
                f1_0.member_id, f1_0.product_id
            ) in ((?, ?))
    16:24:30.419 [pool-2-thread-292] DEBUG org.hibernate.SQL - 
        /* insert for
            com.codepresso.codepresso.entity.member.Favorite */insert 
        into
            favorite (orderby, member_id, product_id) 
        values
            (?, ?, ?)
    16:24:30.420 [pool-2-thread-292] DEBUG c.c.c.s.m.FavoritePessimisticService - 즐겨찾기 추가 성공 : memberId = 292, productId = 1
    16:24:30.420 [pool-2-thread-292] DEBUG c.c.c.s.m.FavoritePessimisticService - 메서드 종료 직전: memberId = 292, productId = 1
    16:24:30.420 [pool-2-thread-292] DEBUG c.c.c.s.m.FavoriteConcurrencyTest - 실패 : Could not commit JPA transaction 
    16:24:30.420 [pool-2-thread-301] DEBUG org.hibernate.SQL - 
        select
            ni1_0.nutrition_info_id,
            ni1_0.caffeine,
            ni1_0.calories,
            ni1_0.carbohydrate,
            ni1_0.cholesterol,
            ni1_0.fat,
            ni1_0.product_id,
            ni1_0.protein,
            ni1_0.saturated_fat,
            ni1_0.sodium,
            ni1_0.sugar,
            ni1_0.trans_fat 
        from
            nutrition_info ni1_0 
        where
            ni1_0.product_id=?
    16:24:30.420 [pool-2-thread-303] DEBUG org.hibernate.SQL - 
        /* SELECT
            p 
        FROM
            Product p 
        WHERE
            p.id = :productId */ select
                p1_0.product_id,
                p1_0.category_id,
                p1_0.favorite_count,
                p1_0.price,
                p1_0.product_content,
                p1_0.product_name,
                p1_0.product_photo,
                p1_0.version 
            from
                product p1_0 
            where
                p1_0.product_id=? for update
    16:24:30.420 [pool-2-thread-301] DEBUG org.hibernate.SQL - 
        select
            f1_0.member_id,
            f1_0.product_id,
            f1_0.orderby 
        from
            favorite f1_0 
        where
            (
                f1_0.member_id, f1_0.product_id
            ) in ((?, ?))
    16:24:30.421 [pool-2-thread-301] DEBUG org.hibernate.SQL - 
        /* insert for
            com.codepresso.codepresso.entity.member.Favorite */insert 
        into
            favorite (orderby, member_id, product_id) 
        values
            (?, ?, ?)
    16:24:30.421 [pool-2-thread-301] DEBUG c.c.c.s.m.FavoritePessimisticService - 즐겨찾기 추가 성공 : memberId = 301, productId = 1
    16:24:30.421 [pool-2-thread-301] DEBUG c.c.c.s.m.FavoritePessimisticService - 메서드 종료 직전: memberId = 301, productId = 1
    16:24:30.421 [pool-2-thread-301] DEBUG c.c.c.s.m.FavoriteConcurrencyTest - 실패 : Could not commit JPA transaction 
    16:24:30.422 [pool-2-thread-302] DEBUG org.hibernate.SQL - 
        select
            ni1_0.nutrition_info_id,
            ni1_0.caffeine,
            ni1_0.calories,
            ni1_0.carbohydrate,
            ni1_0.cholesterol,
            ni1_0.fat,
            ni1_0.product_id,
            ni1_0.protein,
            ni1_0.saturated_fat,
            ni1_0.sodium,
            ni1_0.sugar,
            ni1_0.trans_fat 
        from
            nutrition_info ni1_0 
        where
            ni1_0.product_id=?
    16:24:30.422 [pool-2-thread-304] DEBUG org.hibernate.SQL - 
        /* SELECT
            p 
        FROM
            Product p 
        WHERE
            p.id = :productId */ select
                p1_0.product_id,
                p1_0.category_id,
                p1_0.favorite_count,
                p1_0.price,
                p1_0.product_content,
                p1_0.product_name,
                p1_0.product_photo,
                p1_0.version 
            from
                product p1_0 
            where
                p1_0.product_id=? for update
    16:24:30.423 [pool-2-thread-302] DEBUG org.hibernate.SQL - 
        select
            f1_0.member_id,
            f1_0.product_id,
            f1_0.orderby 
        from
            favorite f1_0 
        where
            (
                f1_0.member_id, f1_0.product_id
            ) in ((?, ?))
    16:24:30.423 [pool-2-thread-302] DEBUG org.hibernate.SQL - 
        /* insert for
            com.codepresso.codepresso.entity.member.Favorite */insert 
        into
            favorite (orderby, member_id, product_id) 
        values
            (?, ?, ?)
    16:24:30.423 [pool-2-thread-302] DEBUG c.c.c.s.m.FavoritePessimisticService - 즐겨찾기 추가 성공 : memberId = 302, productId = 1
    16:24:30.423 [pool-2-thread-302] DEBUG c.c.c.s.m.FavoritePessimisticService - 메서드 종료 직전: memberId = 302, productId = 1
    16:24:30.424 [pool-2-thread-302] DEBUG c.c.c.s.m.FavoriteConcurrencyTest - 실패 : Could not commit JPA transaction 
    16:24:30.424 [pool-2-thread-299] DEBUG org.hibernate.SQL - 
        select
            ni1_0.nutrition_info_id,
            ni1_0.caffeine,
            ni1_0.calories,
            ni1_0.carbohydrate,
            ni1_0.cholesterol,
            ni1_0.fat,
            ni1_0.product_id,
            ni1_0.protein,
            ni1_0.saturated_fat,
            ni1_0.sodium,
            ni1_0.sugar,
            ni1_0.trans_fat 
        from
            nutrition_info ni1_0 
        where
            ni1_0.product_id=?
    16:24:30.424 [pool-2-thread-305] DEBUG org.hibernate.SQL - 
        /* SELECT
            p 
        FROM
            Product p 
        WHERE
            p.id = :productId */ select
                p1_0.product_id,
                p1_0.category_id,
                p1_0.favorite_count,
                p1_0.price,
                p1_0.product_content,
                p1_0.product_name,
                p1_0.product_photo,
                p1_0.version 
            from
                product p1_0 
            where
                p1_0.product_id=? for update
    16:24:30.425 [pool-2-thread-299] DEBUG org.hibernate.SQL - 
        select
            f1_0.member_id,
            f1_0.product_id,
            f1_0.orderby 
        from
            favorite f1_0 
        where
            (
                f1_0.member_id, f1_0.product_id
            ) in ((?, ?))
    16:24:30.425 [pool-2-thread-299] DEBUG org.hibernate.SQL - 
        /* insert for
            com.codepresso.codepresso.entity.member.Favorite */insert 
        into
            favorite (orderby, member_id, product_id) 
        values
            (?, ?, ?)
    16:24:30.425 [pool-2-thread-299] DEBUG c.c.c.s.m.FavoritePessimisticService - 즐겨찾기 추가 성공 : memberId = 299, productId = 1
    16:24:30.425 [pool-2-thread-299] DEBUG c.c.c.s.m.FavoritePessimisticService - 메서드 종료 직전: memberId = 299, productId = 1
    16:24:30.426 [pool-2-thread-299] DEBUG c.c.c.s.m.FavoriteConcurrencyTest - 실패 : Could not commit JPA transaction 
    16:24:30.426 [pool-2-thread-280] DEBUG org.hibernate.SQL - 
        select
            ni1_0.nutrition_info_id,
            ni1_0.caffeine,
            ni1_0.calories,
            ni1_0.carbohydrate,
            ni1_0.cholesterol,
            ni1_0.fat,
            ni1_0.product_id,
            ni1_0.protein,
            ni1_0.saturated_fat,
            ni1_0.sodium,
            ni1_0.sugar,
            ni1_0.trans_fat 
        from
            nutrition_info ni1_0 
        where
            ni1_0.product_id=?
    16:24:30.426 [pool-2-thread-280] DEBUG org.hibernate.SQL - 
        select
            f1_0.member_id,
            f1_0.product_id,
            f1_0.orderby 
        from
            favorite f1_0 
        where
            (
                f1_0.member_id, f1_0.product_id
            ) in ((?, ?))
    16:24:30.426 [pool-2-thread-306] DEBUG org.hibernate.SQL - 
        /* SELECT
            p 
        FROM
            Product p 
        WHERE
            p.id = :productId */ select
                p1_0.product_id,
                p1_0.category_id,
                p1_0.favorite_count,
                p1_0.price,
                p1_0.product_content,
                p1_0.product_name,
                p1_0.product_photo,
                p1_0.version 
            from
                product p1_0 
            where
                p1_0.product_id=? for update
    16:24:30.427 [pool-2-thread-280] DEBUG org.hibernate.SQL - 
        /* insert for
            com.codepresso.codepresso.entity.member.Favorite */insert 
        into
            favorite (orderby, member_id, product_id) 
        values
            (?, ?, ?)
    16:24:30.427 [pool-2-thread-280] DEBUG c.c.c.s.m.FavoritePessimisticService - 즐겨찾기 추가 성공 : memberId = 280, productId = 1
    16:24:30.427 [pool-2-thread-280] DEBUG c.c.c.s.m.FavoritePessimisticService - 메서드 종료 직전: memberId = 280, productId = 1
    16:24:30.427 [pool-2-thread-280] DEBUG c.c.c.s.m.FavoriteConcurrencyTest - 실패 : Could not commit JPA transaction 
    16:24:30.428 [pool-2-thread-303] DEBUG org.hibernate.SQL - 
        select
            ni1_0.nutrition_info_id,
            ni1_0.caffeine,
            ni1_0.calories,
            ni1_0.carbohydrate,
            ni1_0.cholesterol,
            ni1_0.fat,
            ni1_0.product_id,
            ni1_0.protein,
            ni1_0.saturated_fat,
            ni1_0.sodium,
            ni1_0.sugar,
            ni1_0.trans_fat 
        from
            nutrition_info ni1_0 
        where
            ni1_0.product_id=?
    16:24:30.428 [pool-2-thread-307] DEBUG org.hibernate.SQL - 
        /* SELECT
            p 
        FROM
            Product p 
        WHERE
            p.id = :productId */ select
                p1_0.product_id,
                p1_0.category_id,
                p1_0.favorite_count,
                p1_0.price,
                p1_0.product_content,
                p1_0.product_name,
                p1_0.product_photo,
                p1_0.version 
            from
                product p1_0 
            where
                p1_0.product_id=? for update
    16:24:30.428 [pool-2-thread-303] DEBUG org.hibernate.SQL - 
        select
            f1_0.member_id,
            f1_0.product_id,
            f1_0.orderby 
        from
            favorite f1_0 
        where
            (
                f1_0.member_id, f1_0.product_id
            ) in ((?, ?))
    16:24:30.429 [pool-2-thread-303] DEBUG org.hibernate.SQL - 
        /* insert for
            com.codepresso.codepresso.entity.member.Favorite */insert 
        into
            favorite (orderby, member_id, product_id) 
        values
            (?, ?, ?)
    16:24:30.429 [pool-2-thread-303] DEBUG c.c.c.s.m.FavoritePessimisticService - 즐겨찾기 추가 성공 : memberId = 303, productId = 1
    16:24:30.429 [pool-2-thread-303] DEBUG c.c.c.s.m.FavoritePessimisticService - 메서드 종료 직전: memberId = 303, productId = 1
    16:24:30.429 [pool-2-thread-303] DEBUG c.c.c.s.m.FavoriteConcurrencyTest - 실패 : Could not commit JPA transaction 
    16:24:30.429 [pool-2-thread-291] DEBUG org.hibernate.SQL - 
        select
            ni1_0.nutrition_info_id,
            ni1_0.caffeine,
            ni1_0.calories,
            ni1_0.carbohydrate,
            ni1_0.cholesterol,
            ni1_0.fat,
            ni1_0.product_id,
            ni1_0.protein,
            ni1_0.saturated_fat,
            ni1_0.sodium,
            ni1_0.sugar,
            ni1_0.trans_fat 
        from
            nutrition_info ni1_0 
        where
            ni1_0.product_id=?
    16:24:30.430 [pool-2-thread-291] DEBUG org.hibernate.SQL - 
        select
            f1_0.member_id,
            f1_0.product_id,
            f1_0.orderby 
        from
            favorite f1_0 
        where
            (
                f1_0.member_id, f1_0.product_id
            ) in ((?, ?))
    16:24:30.430 [pool-2-thread-291] DEBUG org.hibernate.SQL - 
        /* insert for
            com.codepresso.codepresso.entity.member.Favorite */insert 
        into
            favorite (orderby, member_id, product_id) 
        values
            (?, ?, ?)
    16:24:30.430 [pool-2-thread-291] DEBUG c.c.c.s.m.FavoritePessimisticService - 즐겨찾기 추가 성공 : memberId = 291, productId = 1
    16:24:30.430 [pool-2-thread-291] DEBUG c.c.c.s.m.FavoritePessimisticService - 메서드 종료 직전: memberId = 291, productId = 1
    16:24:30.430 [pool-2-thread-291] DEBUG c.c.c.s.m.FavoriteConcurrencyTest - 실패 : Could not commit JPA transaction 
    16:24:30.431 [pool-2-thread-304] DEBUG org.hibernate.SQL - 
        select
            ni1_0.nutrition_info_id,
            ni1_0.caffeine,
            ni1_0.calories,
            ni1_0.carbohydrate,
            ni1_0.cholesterol,
            ni1_0.fat,
            ni1_0.product_id,
            ni1_0.protein,
            ni1_0.saturated_fat,
            ni1_0.sodium,
            ni1_0.sugar,
            ni1_0.trans_fat 
        from
            nutrition_info ni1_0 
        where
            ni1_0.product_id=?
    16:24:30.431 [pool-2-thread-308] DEBUG org.hibernate.SQL - 
        /* SELECT
            p 
        FROM
            Product p 
        WHERE
            p.id = :productId */ select
                p1_0.product_id,
                p1_0.category_id,
                p1_0.favorite_count,
                p1_0.price,
                p1_0.product_content,
                p1_0.product_name,
                p1_0.product_photo,
                p1_0.version 
            from
                product p1_0 
            where
                p1_0.product_id=? for update
    16:24:30.431 [pool-2-thread-304] DEBUG org.hibernate.SQL - 
        select
            f1_0.member_id,
            f1_0.product_id,
            f1_0.orderby 
        from
            favorite f1_0 
        where
            (
                f1_0.member_id, f1_0.product_id
            ) in ((?, ?))
    16:24:30.431 [pool-2-thread-310] DEBUG org.hibernate.SQL - 
        /* SELECT
            p 
        FROM
            Product p 
        WHERE
            p.id = :productId */ select
                p1_0.product_id,
                p1_0.category_id,
                p1_0.favorite_count,
                p1_0.price,
                p1_0.product_content,
                p1_0.product_name,
                p1_0.product_photo,
                p1_0.version 
            from
                product p1_0 
            where
                p1_0.product_id=? for update
    16:24:30.432 [pool-2-thread-304] DEBUG org.hibernate.SQL - 
        /* insert for
            com.codepresso.codepresso.entity.member.Favorite */insert 
        into
            favorite (orderby, member_id, product_id) 
        values
            (?, ?, ?)
    16:24:30.432 [pool-2-thread-304] DEBUG c.c.c.s.m.FavoritePessimisticService - 즐겨찾기 추가 성공 : memberId = 304, productId = 1
    16:24:30.432 [pool-2-thread-304] DEBUG c.c.c.s.m.FavoritePessimisticService - 메서드 종료 직전: memberId = 304, productId = 1
    16:24:30.432 [pool-2-thread-304] DEBUG c.c.c.s.m.FavoriteConcurrencyTest - 실패 : Could not commit JPA transaction 
    16:24:30.433 [pool-2-thread-297] DEBUG org.hibernate.SQL - 
        select
            ni1_0.nutrition_info_id,
            ni1_0.caffeine,
            ni1_0.calories,
            ni1_0.carbohydrate,
            ni1_0.cholesterol,
            ni1_0.fat,
            ni1_0.product_id,
            ni1_0.protein,
            ni1_0.saturated_fat,
            ni1_0.sodium,
            ni1_0.sugar,
            ni1_0.trans_fat 
        from
            nutrition_info ni1_0 
        where
            ni1_0.product_id=?
    16:24:30.433 [pool-2-thread-309] DEBUG org.hibernate.SQL - 
        /* SELECT
            p 
        FROM
            Product p 
        WHERE
            p.id = :productId */ select
                p1_0.product_id,
                p1_0.category_id,
                p1_0.favorite_count,
                p1_0.price,
                p1_0.product_content,
                p1_0.product_name,
                p1_0.product_photo,
                p1_0.version 
            from
                product p1_0 
            where
                p1_0.product_id=? for update
    16:24:30.433 [pool-2-thread-297] DEBUG org.hibernate.SQL - 
        select
            f1_0.member_id,
            f1_0.product_id,
            f1_0.orderby 
        from
            favorite f1_0 
        where
            (
                f1_0.member_id, f1_0.product_id
            ) in ((?, ?))
    16:24:30.434 [pool-2-thread-297] DEBUG org.hibernate.SQL - 
        /* insert for
            com.codepresso.codepresso.entity.member.Favorite */insert 
        into
            favorite (orderby, member_id, product_id) 
        values
            (?, ?, ?)
    16:24:30.434 [pool-2-thread-297] DEBUG c.c.c.s.m.FavoritePessimisticService - 즐겨찾기 추가 성공 : memberId = 297, productId = 1
    16:24:30.434 [pool-2-thread-297] DEBUG c.c.c.s.m.FavoritePessimisticService - 메서드 종료 직전: memberId = 297, productId = 1
    16:24:30.435 [pool-2-thread-297] DEBUG c.c.c.s.m.FavoriteConcurrencyTest - 실패 : Could not commit JPA transaction 
    16:24:30.435 [pool-2-thread-310] DEBUG org.hibernate.SQL - 
        select
            ni1_0.nutrition_info_id,
            ni1_0.caffeine,
            ni1_0.calories,
            ni1_0.carbohydrate,
            ni1_0.cholesterol,
            ni1_0.fat,
            ni1_0.product_id,
            ni1_0.protein,
            ni1_0.saturated_fat,
            ni1_0.sodium,
            ni1_0.sugar,
            ni1_0.trans_fat 
        from
            nutrition_info ni1_0 
        where
            ni1_0.product_id=?
    16:24:30.435 [pool-2-thread-310] DEBUG org.hibernate.SQL - 
        select
            f1_0.member_id,
            f1_0.product_id,
            f1_0.orderby 
        from
            favorite f1_0 
        where
            (
                f1_0.member_id, f1_0.product_id
            ) in ((?, ?))
    16:24:30.436 [pool-2-thread-310] DEBUG org.hibernate.SQL - 
        /* insert for
            com.codepresso.codepresso.entity.member.Favorite */insert 
        into
            favorite (orderby, member_id, product_id) 
        values
            (?, ?, ?)
    16:24:30.436 [pool-2-thread-311] DEBUG org.hibernate.SQL - 
        /* SELECT
            p 
        FROM
            Product p 
        WHERE
            p.id = :productId */ select
                p1_0.product_id,
                p1_0.category_id,
                p1_0.favorite_count,
                p1_0.price,
                p1_0.product_content,
                p1_0.product_name,
                p1_0.product_photo,
                p1_0.version 
            from
                product p1_0 
            where
                p1_0.product_id=? for update
    16:24:30.436 [pool-2-thread-310] DEBUG c.c.c.s.m.FavoritePessimisticService - 즐겨찾기 추가 성공 : memberId = 310, productId = 1
    16:24:30.436 [pool-2-thread-310] DEBUG c.c.c.s.m.FavoritePessimisticService - 메서드 종료 직전: memberId = 310, productId = 1
    16:24:30.436 [pool-2-thread-310] DEBUG c.c.c.s.m.FavoriteConcurrencyTest - 실패 : Could not commit JPA transaction 
    16:24:30.436 [pool-2-thread-305] DEBUG org.hibernate.SQL - 
        select
            ni1_0.nutrition_info_id,
            ni1_0.caffeine,
            ni1_0.calories,
            ni1_0.carbohydrate,
            ni1_0.cholesterol,
            ni1_0.fat,
            ni1_0.product_id,
            ni1_0.protein,
            ni1_0.saturated_fat,
            ni1_0.sodium,
            ni1_0.sugar,
            ni1_0.trans_fat 
        from
            nutrition_info ni1_0 
        where
            ni1_0.product_id=?
    16:24:30.436 [pool-2-thread-312] DEBUG org.hibernate.SQL - 
        /* SELECT
            p 
        FROM
            Product p 
        WHERE
            p.id = :productId */ select
                p1_0.product_id,
                p1_0.category_id,
                p1_0.favorite_count,
                p1_0.price,
                p1_0.product_content,
                p1_0.product_name,
                p1_0.product_photo,
                p1_0.version 
            from
                product p1_0 
            where
                p1_0.product_id=? for update
    16:24:30.437 [pool-2-thread-305] DEBUG org.hibernate.SQL - 
        select
            f1_0.member_id,
            f1_0.product_id,
            f1_0.orderby 
        from
            favorite f1_0 
        where
            (
                f1_0.member_id, f1_0.product_id
            ) in ((?, ?))
    16:24:30.437 [pool-2-thread-305] DEBUG org.hibernate.SQL - 
        /* insert for
            com.codepresso.codepresso.entity.member.Favorite */insert 
        into
            favorite (orderby, member_id, product_id) 
        values
            (?, ?, ?)
    16:24:30.438 [pool-2-thread-305] DEBUG c.c.c.s.m.FavoritePessimisticService - 즐겨찾기 추가 성공 : memberId = 305, productId = 1
    16:24:30.438 [pool-2-thread-305] DEBUG c.c.c.s.m.FavoritePessimisticService - 메서드 종료 직전: memberId = 305, productId = 1
    16:24:30.438 [pool-2-thread-305] DEBUG c.c.c.s.m.FavoriteConcurrencyTest - 실패 : Could not commit JPA transaction 
    16:24:30.438 [pool-2-thread-311] DEBUG org.hibernate.SQL - 
        select
            ni1_0.nutrition_info_id,
            ni1_0.caffeine,
            ni1_0.calories,
            ni1_0.carbohydrate,
            ni1_0.cholesterol,
            ni1_0.fat,
            ni1_0.product_id,
            ni1_0.protein,
            ni1_0.saturated_fat,
            ni1_0.sodium,
            ni1_0.sugar,
            ni1_0.trans_fat 
        from
            nutrition_info ni1_0 
        where
            ni1_0.product_id=?
    16:24:30.438 [pool-2-thread-313] DEBUG org.hibernate.SQL - 
        /* SELECT
            p 
        FROM
            Product p 
        WHERE
            p.id = :productId */ select
                p1_0.product_id,
                p1_0.category_id,
                p1_0.favorite_count,
                p1_0.price,
                p1_0.product_content,
                p1_0.product_name,
                p1_0.product_photo,
                p1_0.version 
            from
                product p1_0 
            where
                p1_0.product_id=? for update
    16:24:30.438 [pool-2-thread-311] DEBUG org.hibernate.SQL - 
        select
            f1_0.member_id,
            f1_0.product_id,
            f1_0.orderby 
        from
            favorite f1_0 
        where
            (
                f1_0.member_id, f1_0.product_id
            ) in ((?, ?))
    16:24:30.439 [pool-2-thread-311] DEBUG org.hibernate.SQL - 
        /* insert for
            com.codepresso.codepresso.entity.member.Favorite */insert 
        into
            favorite (orderby, member_id, product_id) 
        values
            (?, ?, ?)
    16:24:30.439 [pool-2-thread-311] DEBUG c.c.c.s.m.FavoritePessimisticService - 즐겨찾기 추가 성공 : memberId = 311, productId = 1
    16:24:30.439 [pool-2-thread-311] DEBUG c.c.c.s.m.FavoritePessimisticService - 메서드 종료 직전: memberId = 311, productId = 1
    16:24:30.439 [pool-2-thread-311] DEBUG c.c.c.s.m.FavoriteConcurrencyTest - 실패 : Could not commit JPA transaction 
    16:24:30.439 [pool-2-thread-306] DEBUG org.hibernate.SQL - 
        select
            ni1_0.nutrition_info_id,
            ni1_0.caffeine,
            ni1_0.calories,
            ni1_0.carbohydrate,
            ni1_0.cholesterol,
            ni1_0.fat,
            ni1_0.product_id,
            ni1_0.protein,
            ni1_0.saturated_fat,
            ni1_0.sodium,
            ni1_0.sugar,
            ni1_0.trans_fat 
        from
            nutrition_info ni1_0 
        where
            ni1_0.product_id=?
    16:24:30.440 [pool-2-thread-314] DEBUG org.hibernate.SQL - 
        /* SELECT
            p 
        FROM
            Product p 
        WHERE
            p.id = :productId */ select
                p1_0.product_id,
                p1_0.category_id,
                p1_0.favorite_count,
                p1_0.price,
                p1_0.product_content,
                p1_0.product_name,
                p1_0.product_photo,
                p1_0.version 
            from
                product p1_0 
            where
                p1_0.product_id=? for update
    16:24:30.440 [pool-2-thread-306] DEBUG org.hibernate.SQL - 
        select
            f1_0.member_id,
            f1_0.product_id,
            f1_0.orderby 
        from
            favorite f1_0 
        where
            (
                f1_0.member_id, f1_0.product_id
            ) in ((?, ?))
    16:24:30.440 [pool-2-thread-306] DEBUG org.hibernate.SQL - 
        /* insert for
            com.codepresso.codepresso.entity.member.Favorite */insert 
        into
            favorite (orderby, member_id, product_id) 
        values
            (?, ?, ?)
    16:24:30.440 [pool-2-thread-306] DEBUG c.c.c.s.m.FavoritePessimisticService - 즐겨찾기 추가 성공 : memberId = 306, productId = 1
    16:24:30.440 [pool-2-thread-306] DEBUG c.c.c.s.m.FavoritePessimisticService - 메서드 종료 직전: memberId = 306, productId = 1
    16:24:30.440 [pool-2-thread-306] DEBUG c.c.c.s.m.FavoriteConcurrencyTest - 실패 : Could not commit JPA transaction 
    16:24:30.440 [pool-2-thread-313] DEBUG org.hibernate.SQL - 
        select
            ni1_0.nutrition_info_id,
            ni1_0.caffeine,
            ni1_0.calories,
            ni1_0.carbohydrate,
            ni1_0.cholesterol,
            ni1_0.fat,
            ni1_0.product_id,
            ni1_0.protein,
            ni1_0.saturated_fat,
            ni1_0.sodium,
            ni1_0.sugar,
            ni1_0.trans_fat 
        from
            nutrition_info ni1_0 
        where
            ni1_0.product_id=?
    16:24:30.441 [pool-2-thread-315] DEBUG org.hibernate.SQL - 
        /* SELECT
            p 
        FROM
            Product p 
        WHERE
            p.id = :productId */ select
                p1_0.product_id,
                p1_0.category_id,
                p1_0.favorite_count,
                p1_0.price,
                p1_0.product_content,
                p1_0.product_name,
                p1_0.product_photo,
                p1_0.version 
            from
                product p1_0 
            where
                p1_0.product_id=? for update
    16:24:30.441 [pool-2-thread-313] DEBUG org.hibernate.SQL - 
        select
            f1_0.member_id,
            f1_0.product_id,
            f1_0.orderby 
        from
            favorite f1_0 
        where
            (
                f1_0.member_id, f1_0.product_id
            ) in ((?, ?))
    16:24:30.441 [pool-2-thread-313] DEBUG org.hibernate.SQL - 
        /* insert for
            com.codepresso.codepresso.entity.member.Favorite */insert 
        into
            favorite (orderby, member_id, product_id) 
        values
            (?, ?, ?)
    16:24:30.441 [pool-2-thread-313] DEBUG c.c.c.s.m.FavoritePessimisticService - 즐겨찾기 추가 성공 : memberId = 313, productId = 1
    16:24:30.441 [pool-2-thread-313] DEBUG c.c.c.s.m.FavoritePessimisticService - 메서드 종료 직전: memberId = 313, productId = 1
    16:24:30.442 [pool-2-thread-313] DEBUG c.c.c.s.m.FavoriteConcurrencyTest - 실패 : Could not commit JPA transaction 
    16:24:30.442 [pool-2-thread-314] DEBUG org.hibernate.SQL - 
        select
            ni1_0.nutrition_info_id,
            ni1_0.caffeine,
            ni1_0.calories,
            ni1_0.carbohydrate,
            ni1_0.cholesterol,
            ni1_0.fat,
            ni1_0.product_id,
            ni1_0.protein,
            ni1_0.saturated_fat,
            ni1_0.sodium,
            ni1_0.sugar,
            ni1_0.trans_fat 
        from
            nutrition_info ni1_0 
        where
            ni1_0.product_id=?
    16:24:30.455 [pool-2-thread-314] DEBUG org.hibernate.SQL - 
        select
            f1_0.member_id,
            f1_0.product_id,
            f1_0.orderby 
        from
            favorite f1_0 
        where
            (
                f1_0.member_id, f1_0.product_id
            ) in ((?, ?))
    16:24:30.456 [pool-2-thread-314] DEBUG org.hibernate.SQL - 
        /* insert for
            com.codepresso.codepresso.entity.member.Favorite */insert 
        into
            favorite (orderby, member_id, product_id) 
        values
            (?, ?, ?)
    16:24:30.456 [pool-2-thread-314] DEBUG c.c.c.s.m.FavoritePessimisticService - 즐겨찾기 추가 성공 : memberId = 314, productId = 1
    16:24:30.456 [pool-2-thread-314] DEBUG c.c.c.s.m.FavoritePessimisticService - 메서드 종료 직전: memberId = 314, productId = 1
    16:24:30.456 [pool-2-thread-314] DEBUG c.c.c.s.m.FavoriteConcurrencyTest - 실패 : Could not commit JPA transaction 
    16:24:30.459 [pool-2-thread-317] DEBUG org.hibernate.SQL - 
        /* SELECT
            p 
        FROM
            Product p 
        WHERE
            p.id = :productId */ select
                p1_0.product_id,
                p1_0.category_id,
                p1_0.favorite_count,
                p1_0.price,
                p1_0.product_content,
                p1_0.product_name,
                p1_0.product_photo,
                p1_0.version 
            from
                product p1_0 
            where
                p1_0.product_id=? for update
    16:24:30.459 [pool-2-thread-316] DEBUG org.hibernate.SQL - 
        /* SELECT
            p 
        FROM
            Product p 
        WHERE
            p.id = :productId */ select
                p1_0.product_id,
                p1_0.category_id,
                p1_0.favorite_count,
                p1_0.price,
                p1_0.product_content,
                p1_0.product_name,
                p1_0.product_photo,
                p1_0.version 
            from
                product p1_0 
            where
                p1_0.product_id=? for update
    16:24:30.459 [pool-2-thread-315] DEBUG org.hibernate.SQL - 
        select
            ni1_0.nutrition_info_id,
            ni1_0.caffeine,
            ni1_0.calories,
            ni1_0.carbohydrate,
            ni1_0.cholesterol,
            ni1_0.fat,
            ni1_0.product_id,
            ni1_0.protein,
            ni1_0.saturated_fat,
            ni1_0.sodium,
            ni1_0.sugar,
            ni1_0.trans_fat 
        from
            nutrition_info ni1_0 
        where
            ni1_0.product_id=?
    16:24:30.460 [pool-2-thread-315] DEBUG org.hibernate.SQL - 
        select
            f1_0.member_id,
            f1_0.product_id,
            f1_0.orderby 
        from
            favorite f1_0 
        where
            (
                f1_0.member_id, f1_0.product_id
            ) in ((?, ?))
    16:24:30.462 [pool-2-thread-315] DEBUG org.hibernate.SQL - 
        /* insert for
            com.codepresso.codepresso.entity.member.Favorite */insert 
        into
            favorite (orderby, member_id, product_id) 
        values
            (?, ?, ?)
    16:24:30.462 [pool-2-thread-315] DEBUG c.c.c.s.m.FavoritePessimisticService - 즐겨찾기 추가 성공 : memberId = 315, productId = 1
    16:24:30.462 [pool-2-thread-315] DEBUG c.c.c.s.m.FavoritePessimisticService - 메서드 종료 직전: memberId = 315, productId = 1
    16:24:30.462 [pool-2-thread-315] DEBUG c.c.c.s.m.FavoriteConcurrencyTest - 실패 : Could not commit JPA transaction 
    16:24:30.463 [pool-2-thread-318] DEBUG org.hibernate.SQL - 
        /* SELECT
            p 
        FROM
            Product p 
        WHERE
            p.id = :productId */ select
                p1_0.product_id,
                p1_0.category_id,
                p1_0.favorite_count,
                p1_0.price,
                p1_0.product_content,
                p1_0.product_name,
                p1_0.product_photo,
                p1_0.version 
            from
                product p1_0 
            where
                p1_0.product_id=? for update
    16:24:30.463 [pool-2-thread-317] DEBUG org.hibernate.SQL - 
        select
            ni1_0.nutrition_info_id,
            ni1_0.caffeine,
            ni1_0.calories,
            ni1_0.carbohydrate,
            ni1_0.cholesterol,
            ni1_0.fat,
            ni1_0.product_id,
            ni1_0.protein,
            ni1_0.saturated_fat,
            ni1_0.sodium,
            ni1_0.sugar,
            ni1_0.trans_fat 
        from
            nutrition_info ni1_0 
        where
            ni1_0.product_id=?
    16:24:30.463 [pool-2-thread-317] DEBUG org.hibernate.SQL - 
        select
            f1_0.member_id,
            f1_0.product_id,
            f1_0.orderby 
        from
            favorite f1_0 
        where
            (
                f1_0.member_id, f1_0.product_id
            ) in ((?, ?))
    16:24:30.464 [pool-2-thread-317] DEBUG org.hibernate.SQL - 
        /* insert for
            com.codepresso.codepresso.entity.member.Favorite */insert 
        into
            favorite (orderby, member_id, product_id) 
        values
            (?, ?, ?)
    16:24:30.464 [pool-2-thread-317] DEBUG c.c.c.s.m.FavoritePessimisticService - 즐겨찾기 추가 성공 : memberId = 317, productId = 1
    16:24:30.464 [pool-2-thread-317] DEBUG c.c.c.s.m.FavoritePessimisticService - 메서드 종료 직전: memberId = 317, productId = 1
    16:24:30.465 [pool-2-thread-317] DEBUG c.c.c.s.m.FavoriteConcurrencyTest - 실패 : Could not commit JPA transaction 
    16:24:30.465 [pool-2-thread-312] DEBUG org.hibernate.SQL - 
        select
            ni1_0.nutrition_info_id,
            ni1_0.caffeine,
            ni1_0.calories,
            ni1_0.carbohydrate,
            ni1_0.cholesterol,
            ni1_0.fat,
            ni1_0.product_id,
            ni1_0.protein,
            ni1_0.saturated_fat,
            ni1_0.sodium,
            ni1_0.sugar,
            ni1_0.trans_fat 
        from
            nutrition_info ni1_0 
        where
            ni1_0.product_id=?
    16:24:30.465 [pool-2-thread-319] DEBUG org.hibernate.SQL - 
        /* SELECT
            p 
        FROM
            Product p 
        WHERE
            p.id = :productId */ select
                p1_0.product_id,
                p1_0.category_id,
                p1_0.favorite_count,
                p1_0.price,
                p1_0.product_content,
                p1_0.product_name,
                p1_0.product_photo,
                p1_0.version 
            from
                product p1_0 
            where
                p1_0.product_id=? for update
    16:24:30.465 [pool-2-thread-312] DEBUG org.hibernate.SQL - 
        select
            f1_0.member_id,
            f1_0.product_id,
            f1_0.orderby 
        from
            favorite f1_0 
        where
            (
                f1_0.member_id, f1_0.product_id
            ) in ((?, ?))
    16:24:30.466 [pool-2-thread-312] DEBUG org.hibernate.SQL - 
        /* insert for
            com.codepresso.codepresso.entity.member.Favorite */insert 
        into
            favorite (orderby, member_id, product_id) 
        values
            (?, ?, ?)
    16:24:30.466 [pool-2-thread-312] DEBUG c.c.c.s.m.FavoritePessimisticService - 즐겨찾기 추가 성공 : memberId = 312, productId = 1
    16:24:30.466 [pool-2-thread-312] DEBUG c.c.c.s.m.FavoritePessimisticService - 메서드 종료 직전: memberId = 312, productId = 1
    16:24:30.466 [pool-2-thread-312] DEBUG c.c.c.s.m.FavoriteConcurrencyTest - 실패 : Could not commit JPA transaction 
    16:24:30.466 [pool-2-thread-318] DEBUG org.hibernate.SQL - 
        select
            ni1_0.nutrition_info_id,
            ni1_0.caffeine,
            ni1_0.calories,
            ni1_0.carbohydrate,
            ni1_0.cholesterol,
            ni1_0.fat,
            ni1_0.product_id,
            ni1_0.protein,
            ni1_0.saturated_fat,
            ni1_0.sodium,
            ni1_0.sugar,
            ni1_0.trans_fat 
        from
            nutrition_info ni1_0 
        where
            ni1_0.product_id=?
    16:24:30.466 [pool-2-thread-320] DEBUG org.hibernate.SQL - 
        /* SELECT
            p 
        FROM
            Product p 
        WHERE
            p.id = :productId */ select
                p1_0.product_id,
                p1_0.category_id,
                p1_0.favorite_count,
                p1_0.price,
                p1_0.product_content,
                p1_0.product_name,
                p1_0.product_photo,
                p1_0.version 
            from
                product p1_0 
            where
                p1_0.product_id=? for update
    16:24:30.467 [pool-2-thread-318] DEBUG org.hibernate.SQL - 
        select
            f1_0.member_id,
            f1_0.product_id,
            f1_0.orderby 
        from
            favorite f1_0 
        where
            (
                f1_0.member_id, f1_0.product_id
            ) in ((?, ?))
    16:24:30.467 [pool-2-thread-318] DEBUG org.hibernate.SQL - 
        /* insert for
            com.codepresso.codepresso.entity.member.Favorite */insert 
        into
            favorite (orderby, member_id, product_id) 
        values
            (?, ?, ?)
    16:24:30.467 [pool-2-thread-318] DEBUG c.c.c.s.m.FavoritePessimisticService - 즐겨찾기 추가 성공 : memberId = 318, productId = 1
    16:24:30.467 [pool-2-thread-318] DEBUG c.c.c.s.m.FavoritePessimisticService - 메서드 종료 직전: memberId = 318, productId = 1
    16:24:30.467 [pool-2-thread-318] DEBUG c.c.c.s.m.FavoriteConcurrencyTest - 실패 : Could not commit JPA transaction 
    16:24:30.467 [pool-2-thread-319] DEBUG org.hibernate.SQL - 
        select
            ni1_0.nutrition_info_id,
            ni1_0.caffeine,
            ni1_0.calories,
            ni1_0.carbohydrate,
            ni1_0.cholesterol,
            ni1_0.fat,
            ni1_0.product_id,
            ni1_0.protein,
            ni1_0.saturated_fat,
            ni1_0.sodium,
            ni1_0.sugar,
            ni1_0.trans_fat 
        from
            nutrition_info ni1_0 
        where
            ni1_0.product_id=?
    16:24:30.467 [pool-2-thread-321] DEBUG org.hibernate.SQL - 
        /* SELECT
            p 
        FROM
            Product p 
        WHERE
            p.id = :productId */ select
                p1_0.product_id,
                p1_0.category_id,
                p1_0.favorite_count,
                p1_0.price,
                p1_0.product_content,
                p1_0.product_name,
                p1_0.product_photo,
                p1_0.version 
            from
                product p1_0 
            where
                p1_0.product_id=? for update
    16:24:30.468 [pool-2-thread-319] DEBUG org.hibernate.SQL - 
        select
            f1_0.member_id,
            f1_0.product_id,
            f1_0.orderby 
        from
            favorite f1_0 
        where
            (
                f1_0.member_id, f1_0.product_id
            ) in ((?, ?))
    16:24:30.468 [pool-2-thread-319] DEBUG org.hibernate.SQL - 
        /* insert for
            com.codepresso.codepresso.entity.member.Favorite */insert 
        into
            favorite (orderby, member_id, product_id) 
        values
            (?, ?, ?)
    16:24:30.468 [pool-2-thread-319] DEBUG c.c.c.s.m.FavoritePessimisticService - 즐겨찾기 추가 성공 : memberId = 319, productId = 1
    16:24:30.468 [pool-2-thread-319] DEBUG c.c.c.s.m.FavoritePessimisticService - 메서드 종료 직전: memberId = 319, productId = 1
    16:24:30.468 [pool-2-thread-319] DEBUG c.c.c.s.m.FavoriteConcurrencyTest - 실패 : Could not commit JPA transaction 
    16:24:30.468 [pool-2-thread-320] DEBUG org.hibernate.SQL - 
        select
            ni1_0.nutrition_info_id,
            ni1_0.caffeine,
            ni1_0.calories,
            ni1_0.carbohydrate,
            ni1_0.cholesterol,
            ni1_0.fat,
            ni1_0.product_id,
            ni1_0.protein,
            ni1_0.saturated_fat,
            ni1_0.sodium,
            ni1_0.sugar,
            ni1_0.trans_fat 
        from
            nutrition_info ni1_0 
        where
            ni1_0.product_id=?
    16:24:30.468 [pool-2-thread-322] DEBUG org.hibernate.SQL - 
        /* SELECT
            p 
        FROM
            Product p 
        WHERE
            p.id = :productId */ select
                p1_0.product_id,
                p1_0.category_id,
                p1_0.favorite_count,
                p1_0.price,
                p1_0.product_content,
                p1_0.product_name,
                p1_0.product_photo,
                p1_0.version 
            from
                product p1_0 
            where
                p1_0.product_id=? for update
    16:24:30.469 [pool-2-thread-320] DEBUG org.hibernate.SQL - 
        select
            f1_0.member_id,
            f1_0.product_id,
            f1_0.orderby 
        from
            favorite f1_0 
        where
            (
                f1_0.member_id, f1_0.product_id
            ) in ((?, ?))
    16:24:30.469 [pool-2-thread-320] DEBUG org.hibernate.SQL - 
        /* insert for
            com.codepresso.codepresso.entity.member.Favorite */insert 
        into
            favorite (orderby, member_id, product_id) 
        values
            (?, ?, ?)
    16:24:30.469 [pool-2-thread-320] DEBUG c.c.c.s.m.FavoritePessimisticService - 즐겨찾기 추가 성공 : memberId = 320, productId = 1
    16:24:30.469 [pool-2-thread-320] DEBUG c.c.c.s.m.FavoritePessimisticService - 메서드 종료 직전: memberId = 320, productId = 1
    16:24:30.470 [pool-2-thread-320] DEBUG c.c.c.s.m.FavoriteConcurrencyTest - 실패 : Could not commit JPA transaction 
    16:24:30.470 [pool-2-thread-321] DEBUG org.hibernate.SQL - 
        select
            ni1_0.nutrition_info_id,
            ni1_0.caffeine,
            ni1_0.calories,
            ni1_0.carbohydrate,
            ni1_0.cholesterol,
            ni1_0.fat,
            ni1_0.product_id,
            ni1_0.protein,
            ni1_0.saturated_fat,
            ni1_0.sodium,
            ni1_0.sugar,
            ni1_0.trans_fat 
        from
            nutrition_info ni1_0 
        where
            ni1_0.product_id=?
    16:24:30.470 [pool-2-thread-323] DEBUG org.hibernate.SQL - 
        /* SELECT
            p 
        FROM
            Product p 
        WHERE
            p.id = :productId */ select
                p1_0.product_id,
                p1_0.category_id,
                p1_0.favorite_count,
                p1_0.price,
                p1_0.product_content,
                p1_0.product_name,
                p1_0.product_photo,
                p1_0.version 
            from
                product p1_0 
            where
                p1_0.product_id=? for update
    16:24:30.470 [pool-2-thread-321] DEBUG org.hibernate.SQL - 
        select
            f1_0.member_id,
            f1_0.product_id,
            f1_0.orderby 
        from
            favorite f1_0 
        where
            (
                f1_0.member_id, f1_0.product_id
            ) in ((?, ?))
    16:24:30.470 [pool-2-thread-321] DEBUG org.hibernate.SQL - 
        /* insert for
            com.codepresso.codepresso.entity.member.Favorite */insert 
        into
            favorite (orderby, member_id, product_id) 
        values
            (?, ?, ?)
    16:24:30.470 [pool-2-thread-321] DEBUG c.c.c.s.m.FavoritePessimisticService - 즐겨찾기 추가 성공 : memberId = 321, productId = 1
    16:24:30.470 [pool-2-thread-321] DEBUG c.c.c.s.m.FavoritePessimisticService - 메서드 종료 직전: memberId = 321, productId = 1
    16:24:30.471 [pool-2-thread-321] DEBUG c.c.c.s.m.FavoriteConcurrencyTest - 실패 : Could not commit JPA transaction 
    16:24:30.471 [pool-2-thread-323] DEBUG org.hibernate.SQL - 
        select
            ni1_0.nutrition_info_id,
            ni1_0.caffeine,
            ni1_0.calories,
            ni1_0.carbohydrate,
            ni1_0.cholesterol,
            ni1_0.fat,
            ni1_0.product_id,
            ni1_0.protein,
            ni1_0.saturated_fat,
            ni1_0.sodium,
            ni1_0.sugar,
            ni1_0.trans_fat 
        from
            nutrition_info ni1_0 
        where
            ni1_0.product_id=?
    16:24:30.471 [pool-2-thread-324] DEBUG org.hibernate.SQL - 
        /* SELECT
            p 
        FROM
            Product p 
        WHERE
            p.id = :productId */ select
                p1_0.product_id,
                p1_0.category_id,
                p1_0.favorite_count,
                p1_0.price,
                p1_0.product_content,
                p1_0.product_name,
                p1_0.product_photo,
                p1_0.version 
            from
                product p1_0 
            where
                p1_0.product_id=? for update
    16:24:30.471 [pool-2-thread-323] DEBUG org.hibernate.SQL - 
        select
            f1_0.member_id,
            f1_0.product_id,
            f1_0.orderby 
        from
            favorite f1_0 
        where
            (
                f1_0.member_id, f1_0.product_id
            ) in ((?, ?))
    16:24:30.471 [pool-2-thread-323] DEBUG org.hibernate.SQL - 
        /* insert for
            com.codepresso.codepresso.entity.member.Favorite */insert 
        into
            favorite (orderby, member_id, product_id) 
        values
            (?, ?, ?)
    16:24:30.472 [pool-2-thread-323] DEBUG c.c.c.s.m.FavoritePessimisticService - 즐겨찾기 추가 성공 : memberId = 323, productId = 1
    16:24:30.472 [pool-2-thread-323] DEBUG c.c.c.s.m.FavoritePessimisticService - 메서드 종료 직전: memberId = 323, productId = 1
    16:24:30.472 [pool-2-thread-323] DEBUG c.c.c.s.m.FavoriteConcurrencyTest - 실패 : Could not commit JPA transaction 
    16:24:30.472 [pool-2-thread-296] DEBUG org.hibernate.SQL - 
        select
            ni1_0.nutrition_info_id,
            ni1_0.caffeine,
            ni1_0.calories,
            ni1_0.carbohydrate,
            ni1_0.cholesterol,
            ni1_0.fat,
            ni1_0.product_id,
            ni1_0.protein,
            ni1_0.saturated_fat,
            ni1_0.sodium,
            ni1_0.sugar,
            ni1_0.trans_fat 
        from
            nutrition_info ni1_0 
        where
            ni1_0.product_id=?
    16:24:30.472 [pool-2-thread-325] DEBUG org.hibernate.SQL - 
        /* SELECT
            p 
        FROM
            Product p 
        WHERE
            p.id = :productId */ select
                p1_0.product_id,
                p1_0.category_id,
                p1_0.favorite_count,
                p1_0.price,
                p1_0.product_content,
                p1_0.product_name,
                p1_0.product_photo,
                p1_0.version 
            from
                product p1_0 
            where
                p1_0.product_id=? for update
    16:24:30.472 [pool-2-thread-296] DEBUG org.hibernate.SQL - 
        select
            f1_0.member_id,
            f1_0.product_id,
            f1_0.orderby 
        from
            favorite f1_0 
        where
            (
                f1_0.member_id, f1_0.product_id
            ) in ((?, ?))
    16:24:30.472 [pool-2-thread-296] DEBUG org.hibernate.SQL - 
        /* insert for
            com.codepresso.codepresso.entity.member.Favorite */insert 
        into
            favorite (orderby, member_id, product_id) 
        values
            (?, ?, ?)
    16:24:30.473 [pool-2-thread-296] DEBUG c.c.c.s.m.FavoritePessimisticService - 즐겨찾기 추가 성공 : memberId = 296, productId = 1
    16:24:30.473 [pool-2-thread-296] DEBUG c.c.c.s.m.FavoritePessimisticService - 메서드 종료 직전: memberId = 296, productId = 1
    16:24:30.473 [pool-2-thread-296] DEBUG c.c.c.s.m.FavoriteConcurrencyTest - 실패 : Could not commit JPA transaction 
    16:24:30.473 [pool-2-thread-324] DEBUG org.hibernate.SQL - 
        select
            ni1_0.nutrition_info_id,
            ni1_0.caffeine,
            ni1_0.calories,
            ni1_0.carbohydrate,
            ni1_0.cholesterol,
            ni1_0.fat,
            ni1_0.product_id,
            ni1_0.protein,
            ni1_0.saturated_fat,
            ni1_0.sodium,
            ni1_0.sugar,
            ni1_0.trans_fat 
        from
            nutrition_info ni1_0 
        where
            ni1_0.product_id=?
    16:24:30.473 [pool-2-thread-326] DEBUG org.hibernate.SQL - 
        /* SELECT
            p 
        FROM
            Product p 
        WHERE
            p.id = :productId */ select
                p1_0.product_id,
                p1_0.category_id,
                p1_0.favorite_count,
                p1_0.price,
                p1_0.product_content,
                p1_0.product_name,
                p1_0.product_photo,
                p1_0.version 
            from
                product p1_0 
            where
                p1_0.product_id=? for update
    16:24:30.473 [pool-2-thread-324] DEBUG org.hibernate.SQL - 
        select
            f1_0.member_id,
            f1_0.product_id,
            f1_0.orderby 
        from
            favorite f1_0 
        where
            (
                f1_0.member_id, f1_0.product_id
            ) in ((?, ?))
    16:24:30.473 [pool-2-thread-324] DEBUG org.hibernate.SQL - 
        /* insert for
            com.codepresso.codepresso.entity.member.Favorite */insert 
        into
            favorite (orderby, member_id, product_id) 
        values
            (?, ?, ?)
    16:24:30.474 [pool-2-thread-324] DEBUG c.c.c.s.m.FavoritePessimisticService - 즐겨찾기 추가 성공 : memberId = 324, productId = 1
    16:24:30.474 [pool-2-thread-324] DEBUG c.c.c.s.m.FavoritePessimisticService - 메서드 종료 직전: memberId = 324, productId = 1
    16:24:30.474 [pool-2-thread-324] DEBUG c.c.c.s.m.FavoriteConcurrencyTest - 실패 : Could not commit JPA transaction 
    16:24:30.474 [pool-2-thread-325] DEBUG org.hibernate.SQL - 
        select
            ni1_0.nutrition_info_id,
            ni1_0.caffeine,
            ni1_0.calories,
            ni1_0.carbohydrate,
            ni1_0.cholesterol,
            ni1_0.fat,
            ni1_0.product_id,
            ni1_0.protein,
            ni1_0.saturated_fat,
            ni1_0.sodium,
            ni1_0.sugar,
            ni1_0.trans_fat 
        from
            nutrition_info ni1_0 
        where
            ni1_0.product_id=?
    16:24:30.474 [pool-2-thread-327] DEBUG org.hibernate.SQL - 
        /* SELECT
            p 
        FROM
            Product p 
        WHERE
            p.id = :productId */ select
                p1_0.product_id,
                p1_0.category_id,
                p1_0.favorite_count,
                p1_0.price,
                p1_0.product_content,
                p1_0.product_name,
                p1_0.product_photo,
                p1_0.version 
            from
                product p1_0 
            where
                p1_0.product_id=? for update
    16:24:30.474 [pool-2-thread-325] DEBUG org.hibernate.SQL - 
        select
            f1_0.member_id,
            f1_0.product_id,
            f1_0.orderby 
        from
            favorite f1_0 
        where
            (
                f1_0.member_id, f1_0.product_id
            ) in ((?, ?))
    16:24:30.474 [pool-2-thread-325] DEBUG org.hibernate.SQL - 
        /* insert for
            com.codepresso.codepresso.entity.member.Favorite */insert 
        into
            favorite (orderby, member_id, product_id) 
        values
            (?, ?, ?)
    16:24:30.475 [pool-2-thread-325] DEBUG c.c.c.s.m.FavoritePessimisticService - 즐겨찾기 추가 성공 : memberId = 325, productId = 1
    16:24:30.475 [pool-2-thread-325] DEBUG c.c.c.s.m.FavoritePessimisticService - 메서드 종료 직전: memberId = 325, productId = 1
    16:24:30.475 [pool-2-thread-325] DEBUG c.c.c.s.m.FavoriteConcurrencyTest - 실패 : Could not commit JPA transaction 
    16:24:30.475 [pool-2-thread-326] DEBUG org.hibernate.SQL - 
        select
            ni1_0.nutrition_info_id,
            ni1_0.caffeine,
            ni1_0.calories,
            ni1_0.carbohydrate,
            ni1_0.cholesterol,
            ni1_0.fat,
            ni1_0.product_id,
            ni1_0.protein,
            ni1_0.saturated_fat,
            ni1_0.sodium,
            ni1_0.sugar,
            ni1_0.trans_fat 
        from
            nutrition_info ni1_0 
        where
            ni1_0.product_id=?
    16:24:30.475 [pool-2-thread-328] DEBUG org.hibernate.SQL - 
        /* SELECT
            p 
        FROM
            Product p 
        WHERE
            p.id = :productId */ select
                p1_0.product_id,
                p1_0.category_id,
                p1_0.favorite_count,
                p1_0.price,
                p1_0.product_content,
                p1_0.product_name,
                p1_0.product_photo,
                p1_0.version 
            from
                product p1_0 
            where
                p1_0.product_id=? for update
    16:24:30.475 [pool-2-thread-326] DEBUG org.hibernate.SQL - 
        select
            f1_0.member_id,
            f1_0.product_id,
            f1_0.orderby 
        from
            favorite f1_0 
        where
            (
                f1_0.member_id, f1_0.product_id
            ) in ((?, ?))
    16:24:30.475 [pool-2-thread-326] DEBUG org.hibernate.SQL - 
        /* insert for
            com.codepresso.codepresso.entity.member.Favorite */insert 
        into
            favorite (orderby, member_id, product_id) 
        values
            (?, ?, ?)
    16:24:30.476 [pool-2-thread-326] DEBUG c.c.c.s.m.FavoritePessimisticService - 즐겨찾기 추가 성공 : memberId = 326, productId = 1
    16:24:30.476 [pool-2-thread-326] DEBUG c.c.c.s.m.FavoritePessimisticService - 메서드 종료 직전: memberId = 326, productId = 1
    16:24:30.476 [pool-2-thread-326] DEBUG c.c.c.s.m.FavoriteConcurrencyTest - 실패 : Could not commit JPA transaction 
    16:24:30.476 [pool-2-thread-281] DEBUG org.hibernate.SQL - 
        select
            ni1_0.nutrition_info_id,
            ni1_0.caffeine,
            ni1_0.calories,
            ni1_0.carbohydrate,
            ni1_0.cholesterol,
            ni1_0.fat,
            ni1_0.product_id,
            ni1_0.protein,
            ni1_0.saturated_fat,
            ni1_0.sodium,
            ni1_0.sugar,
            ni1_0.trans_fat 
        from
            nutrition_info ni1_0 
        where
            ni1_0.product_id=?
    16:24:30.476 [pool-2-thread-329] DEBUG org.hibernate.SQL - 
        /* SELECT
            p 
        FROM
            Product p 
        WHERE
            p.id = :productId */ select
                p1_0.product_id,
                p1_0.category_id,
                p1_0.favorite_count,
                p1_0.price,
                p1_0.product_content,
                p1_0.product_name,
                p1_0.product_photo,
                p1_0.version 
            from
                product p1_0 
            where
                p1_0.product_id=? for update
    16:24:30.477 [pool-2-thread-281] DEBUG org.hibernate.SQL - 
        select
            f1_0.member_id,
            f1_0.product_id,
            f1_0.orderby 
        from
            favorite f1_0 
        where
            (
                f1_0.member_id, f1_0.product_id
            ) in ((?, ?))
    16:24:30.477 [pool-2-thread-281] DEBUG org.hibernate.SQL - 
        /* insert for
            com.codepresso.codepresso.entity.member.Favorite */insert 
        into
            favorite (orderby, member_id, product_id) 
        values
            (?, ?, ?)
    16:24:30.477 [pool-2-thread-281] DEBUG c.c.c.s.m.FavoritePessimisticService - 즐겨찾기 추가 성공 : memberId = 281, productId = 1
    16:24:30.477 [pool-2-thread-281] DEBUG c.c.c.s.m.FavoritePessimisticService - 메서드 종료 직전: memberId = 281, productId = 1
    16:24:30.478 [pool-2-thread-281] DEBUG c.c.c.s.m.FavoriteConcurrencyTest - 실패 : Could not commit JPA transaction 
    16:24:30.478 [pool-2-thread-328] DEBUG org.hibernate.SQL - 
        select
            ni1_0.nutrition_info_id,
            ni1_0.caffeine,
            ni1_0.calories,
            ni1_0.carbohydrate,
            ni1_0.cholesterol,
            ni1_0.fat,
            ni1_0.product_id,
            ni1_0.protein,
            ni1_0.saturated_fat,
            ni1_0.sodium,
            ni1_0.sugar,
            ni1_0.trans_fat 
        from
            nutrition_info ni1_0 
        where
            ni1_0.product_id=?
    16:24:30.478 [pool-2-thread-331] DEBUG org.hibernate.SQL - 
        /* SELECT
            p 
        FROM
            Product p 
        WHERE
            p.id = :productId */ select
                p1_0.product_id,
                p1_0.category_id,
                p1_0.favorite_count,
                p1_0.price,
                p1_0.product_content,
                p1_0.product_name,
                p1_0.product_photo,
                p1_0.version 
            from
                product p1_0 
            where
                p1_0.product_id=? for update
    16:24:30.479 [pool-2-thread-328] DEBUG org.hibernate.SQL - 
        select
            f1_0.member_id,
            f1_0.product_id,
            f1_0.orderby 
        from
            favorite f1_0 
        where
            (
                f1_0.member_id, f1_0.product_id
            ) in ((?, ?))
    16:24:30.479 [pool-2-thread-328] DEBUG org.hibernate.SQL - 
        /* insert for
            com.codepresso.codepresso.entity.member.Favorite */insert 
        into
            favorite (orderby, member_id, product_id) 
        values
            (?, ?, ?)
    16:24:30.479 [pool-2-thread-328] DEBUG c.c.c.s.m.FavoritePessimisticService - 즐겨찾기 추가 성공 : memberId = 328, productId = 1
    16:24:30.479 [pool-2-thread-328] DEBUG c.c.c.s.m.FavoritePessimisticService - 메서드 종료 직전: memberId = 328, productId = 1
    16:24:30.479 [pool-2-thread-328] DEBUG c.c.c.s.m.FavoriteConcurrencyTest - 실패 : Could not commit JPA transaction 
    16:24:30.479 [pool-2-thread-329] DEBUG org.hibernate.SQL - 
        select
            ni1_0.nutrition_info_id,
            ni1_0.caffeine,
            ni1_0.calories,
            ni1_0.carbohydrate,
            ni1_0.cholesterol,
            ni1_0.fat,
            ni1_0.product_id,
            ni1_0.protein,
            ni1_0.saturated_fat,
            ni1_0.sodium,
            ni1_0.sugar,
            ni1_0.trans_fat 
        from
            nutrition_info ni1_0 
        where
            ni1_0.product_id=?
    16:24:30.480 [pool-2-thread-330] DEBUG org.hibernate.SQL - 
        /* SELECT
            p 
        FROM
            Product p 
        WHERE
            p.id = :productId */ select
                p1_0.product_id,
                p1_0.category_id,
                p1_0.favorite_count,
                p1_0.price,
                p1_0.product_content,
                p1_0.product_name,
                p1_0.product_photo,
                p1_0.version 
            from
                product p1_0 
            where
                p1_0.product_id=? for update
    16:24:30.480 [pool-2-thread-329] DEBUG org.hibernate.SQL - 
        select
            f1_0.member_id,
            f1_0.product_id,
            f1_0.orderby 
        from
            favorite f1_0 
        where
            (
                f1_0.member_id, f1_0.product_id
            ) in ((?, ?))
    16:24:30.480 [pool-2-thread-329] DEBUG org.hibernate.SQL - 
        /* insert for
            com.codepresso.codepresso.entity.member.Favorite */insert 
        into
            favorite (orderby, member_id, product_id) 
        values
            (?, ?, ?)
    16:24:30.480 [pool-2-thread-329] DEBUG c.c.c.s.m.FavoritePessimisticService - 즐겨찾기 추가 성공 : memberId = 329, productId = 1
    16:24:30.480 [pool-2-thread-329] DEBUG c.c.c.s.m.FavoritePessimisticService - 메서드 종료 직전: memberId = 329, productId = 1
    16:24:30.481 [pool-2-thread-329] DEBUG c.c.c.s.m.FavoriteConcurrencyTest - 실패 : Could not commit JPA transaction 
    16:24:30.481 [pool-2-thread-331] DEBUG org.hibernate.SQL - 
        select
            ni1_0.nutrition_info_id,
            ni1_0.caffeine,
            ni1_0.calories,
            ni1_0.carbohydrate,
            ni1_0.cholesterol,
            ni1_0.fat,
            ni1_0.product_id,
            ni1_0.protein,
            ni1_0.saturated_fat,
            ni1_0.sodium,
            ni1_0.sugar,
            ni1_0.trans_fat 
        from
            nutrition_info ni1_0 
        where
            ni1_0.product_id=?
    16:24:30.481 [pool-2-thread-332] DEBUG org.hibernate.SQL - 
        /* SELECT
            p 
        FROM
            Product p 
        WHERE
            p.id = :productId */ select
                p1_0.product_id,
                p1_0.category_id,
                p1_0.favorite_count,
                p1_0.price,
                p1_0.product_content,
                p1_0.product_name,
                p1_0.product_photo,
                p1_0.version 
            from
                product p1_0 
            where
                p1_0.product_id=? for update
    16:24:30.481 [pool-2-thread-331] DEBUG org.hibernate.SQL - 
        select
            f1_0.member_id,
            f1_0.product_id,
            f1_0.orderby 
        from
            favorite f1_0 
        where
            (
                f1_0.member_id, f1_0.product_id
            ) in ((?, ?))
    16:24:30.481 [pool-2-thread-331] DEBUG org.hibernate.SQL - 
        /* insert for
            com.codepresso.codepresso.entity.member.Favorite */insert 
        into
            favorite (orderby, member_id, product_id) 
        values
            (?, ?, ?)
    16:24:30.482 [pool-2-thread-331] DEBUG c.c.c.s.m.FavoritePessimisticService - 즐겨찾기 추가 성공 : memberId = 331, productId = 1
    16:24:30.482 [pool-2-thread-331] DEBUG c.c.c.s.m.FavoritePessimisticService - 메서드 종료 직전: memberId = 331, productId = 1
    16:24:30.482 [pool-2-thread-331] DEBUG c.c.c.s.m.FavoriteConcurrencyTest - 실패 : Could not commit JPA transaction 
    16:24:30.483 [pool-2-thread-322] DEBUG org.hibernate.SQL - 
        select
            ni1_0.nutrition_info_id,
            ni1_0.caffeine,
            ni1_0.calories,
            ni1_0.carbohydrate,
            ni1_0.cholesterol,
            ni1_0.fat,
            ni1_0.product_id,
            ni1_0.protein,
            ni1_0.saturated_fat,
            ni1_0.sodium,
            ni1_0.sugar,
            ni1_0.trans_fat 
        from
            nutrition_info ni1_0 
        where
            ni1_0.product_id=?
    16:24:30.484 [pool-2-thread-333] DEBUG org.hibernate.SQL - 
        /* SELECT
            p 
        FROM
            Product p 
        WHERE
            p.id = :productId */ select
                p1_0.product_id,
                p1_0.category_id,
                p1_0.favorite_count,
                p1_0.price,
                p1_0.product_content,
                p1_0.product_name,
                p1_0.product_photo,
                p1_0.version 
            from
                product p1_0 
            where
                p1_0.product_id=? for update
    16:24:30.484 [pool-2-thread-322] DEBUG org.hibernate.SQL - 
        select
            f1_0.member_id,
            f1_0.product_id,
            f1_0.orderby 
        from
            favorite f1_0 
        where
            (
                f1_0.member_id, f1_0.product_id
            ) in ((?, ?))
    16:24:30.484 [pool-2-thread-322] DEBUG org.hibernate.SQL - 
        /* insert for
            com.codepresso.codepresso.entity.member.Favorite */insert 
        into
            favorite (orderby, member_id, product_id) 
        values
            (?, ?, ?)
    16:24:30.485 [pool-2-thread-322] DEBUG c.c.c.s.m.FavoritePessimisticService - 즐겨찾기 추가 성공 : memberId = 322, productId = 1
    16:24:30.485 [pool-2-thread-322] DEBUG c.c.c.s.m.FavoritePessimisticService - 메서드 종료 직전: memberId = 322, productId = 1
    16:24:30.485 [pool-2-thread-322] DEBUG c.c.c.s.m.FavoriteConcurrencyTest - 실패 : Could not commit JPA transaction 
    16:24:30.486 [pool-2-thread-334] DEBUG org.hibernate.SQL - 
        /* SELECT
            p 
        FROM
            Product p 
        WHERE
            p.id = :productId */ select
                p1_0.product_id,
                p1_0.category_id,
                p1_0.favorite_count,
                p1_0.price,
                p1_0.product_content,
                p1_0.product_name,
                p1_0.product_photo,
                p1_0.version 
            from
                product p1_0 
            where
                p1_0.product_id=? for update
    16:24:30.486 [pool-2-thread-332] DEBUG org.hibernate.SQL - 
        select
            ni1_0.nutrition_info_id,
            ni1_0.caffeine,
            ni1_0.calories,
            ni1_0.carbohydrate,
            ni1_0.cholesterol,
            ni1_0.fat,
            ni1_0.product_id,
            ni1_0.protein,
            ni1_0.saturated_fat,
            ni1_0.sodium,
            ni1_0.sugar,
            ni1_0.trans_fat 
        from
            nutrition_info ni1_0 
        where
            ni1_0.product_id=?
    16:24:30.488 [pool-2-thread-332] DEBUG org.hibernate.SQL - 
        select
            f1_0.member_id,
            f1_0.product_id,
            f1_0.orderby 
        from
            favorite f1_0 
        where
            (
                f1_0.member_id, f1_0.product_id
            ) in ((?, ?))
    16:24:30.490 [pool-2-thread-332] DEBUG org.hibernate.SQL - 
        /* insert for
            com.codepresso.codepresso.entity.member.Favorite */insert 
        into
            favorite (orderby, member_id, product_id) 
        values
            (?, ?, ?)
    16:24:30.491 [pool-2-thread-332] DEBUG c.c.c.s.m.FavoritePessimisticService - 즐겨찾기 추가 성공 : memberId = 332, productId = 1
    16:24:30.491 [pool-2-thread-332] DEBUG c.c.c.s.m.FavoritePessimisticService - 메서드 종료 직전: memberId = 332, productId = 1
    16:24:30.492 [pool-2-thread-332] DEBUG c.c.c.s.m.FavoriteConcurrencyTest - 실패 : Could not commit JPA transaction 
    16:24:30.493 [pool-2-thread-308] DEBUG org.hibernate.SQL - 
        select
            ni1_0.nutrition_info_id,
            ni1_0.caffeine,
            ni1_0.calories,
            ni1_0.carbohydrate,
            ni1_0.cholesterol,
            ni1_0.fat,
            ni1_0.product_id,
            ni1_0.protein,
            ni1_0.saturated_fat,
            ni1_0.sodium,
            ni1_0.sugar,
            ni1_0.trans_fat 
        from
            nutrition_info ni1_0 
        where
            ni1_0.product_id=?
    16:24:30.494 [pool-2-thread-308] DEBUG org.hibernate.SQL - 
        select
            f1_0.member_id,
            f1_0.product_id,
            f1_0.orderby 
        from
            favorite f1_0 
        where
            (
                f1_0.member_id, f1_0.product_id
            ) in ((?, ?))
    16:24:30.495 [pool-2-thread-335] DEBUG org.hibernate.SQL - 
        /* SELECT
            p 
        FROM
            Product p 
        WHERE
            p.id = :productId */ select
                p1_0.product_id,
                p1_0.category_id,
                p1_0.favorite_count,
                p1_0.price,
                p1_0.product_content,
                p1_0.product_name,
                p1_0.product_photo,
                p1_0.version 
            from
                product p1_0 
            where
                p1_0.product_id=? for update
    16:24:30.495 [pool-2-thread-308] DEBUG org.hibernate.SQL - 
        /* insert for
            com.codepresso.codepresso.entity.member.Favorite */insert 
        into
            favorite (orderby, member_id, product_id) 
        values
            (?, ?, ?)
    16:24:30.496 [pool-2-thread-308] DEBUG c.c.c.s.m.FavoritePessimisticService - 즐겨찾기 추가 성공 : memberId = 308, productId = 1
    16:24:30.496 [pool-2-thread-308] DEBUG c.c.c.s.m.FavoritePessimisticService - 메서드 종료 직전: memberId = 308, productId = 1
    16:24:30.496 [pool-2-thread-308] DEBUG c.c.c.s.m.FavoriteConcurrencyTest - 실패 : Could not commit JPA transaction 
    16:24:30.496 [pool-2-thread-334] DEBUG org.hibernate.SQL - 
        select
            ni1_0.nutrition_info_id,
            ni1_0.caffeine,
            ni1_0.calories,
            ni1_0.carbohydrate,
            ni1_0.cholesterol,
            ni1_0.fat,
            ni1_0.product_id,
            ni1_0.protein,
            ni1_0.saturated_fat,
            ni1_0.sodium,
            ni1_0.sugar,
            ni1_0.trans_fat 
        from
            nutrition_info ni1_0 
        where
            ni1_0.product_id=?
    16:24:30.496 [pool-2-thread-336] DEBUG org.hibernate.SQL - 
        /* SELECT
            p 
        FROM
            Product p 
        WHERE
            p.id = :productId */ select
                p1_0.product_id,
                p1_0.category_id,
                p1_0.favorite_count,
                p1_0.price,
                p1_0.product_content,
                p1_0.product_name,
                p1_0.product_photo,
                p1_0.version 
            from
                product p1_0 
            where
                p1_0.product_id=? for update
    16:24:30.497 [pool-2-thread-334] DEBUG org.hibernate.SQL - 
        select
            f1_0.member_id,
            f1_0.product_id,
            f1_0.orderby 
        from
            favorite f1_0 
        where
            (
                f1_0.member_id, f1_0.product_id
            ) in ((?, ?))
    16:24:30.497 [pool-2-thread-334] DEBUG org.hibernate.SQL - 
        /* insert for
            com.codepresso.codepresso.entity.member.Favorite */insert 
        into
            favorite (orderby, member_id, product_id) 
        values
            (?, ?, ?)
    16:24:30.497 [pool-2-thread-334] DEBUG c.c.c.s.m.FavoritePessimisticService - 즐겨찾기 추가 성공 : memberId = 334, productId = 1
    16:24:30.497 [pool-2-thread-334] DEBUG c.c.c.s.m.FavoritePessimisticService - 메서드 종료 직전: memberId = 334, productId = 1
    16:24:30.498 [pool-2-thread-334] DEBUG c.c.c.s.m.FavoriteConcurrencyTest - 실패 : Could not commit JPA transaction 
    16:24:30.498 [pool-2-thread-336] DEBUG org.hibernate.SQL - 
        select
            ni1_0.nutrition_info_id,
            ni1_0.caffeine,
            ni1_0.calories,
            ni1_0.carbohydrate,
            ni1_0.cholesterol,
            ni1_0.fat,
            ni1_0.product_id,
            ni1_0.protein,
            ni1_0.saturated_fat,
            ni1_0.sodium,
            ni1_0.sugar,
            ni1_0.trans_fat 
        from
            nutrition_info ni1_0 
        where
            ni1_0.product_id=?
    16:24:30.498 [pool-2-thread-338] DEBUG org.hibernate.SQL - 
        /* SELECT
            p 
        FROM
            Product p 
        WHERE
            p.id = :productId */ select
                p1_0.product_id,
                p1_0.category_id,
                p1_0.favorite_count,
                p1_0.price,
                p1_0.product_content,
                p1_0.product_name,
                p1_0.product_photo,
                p1_0.version 
            from
                product p1_0 
            where
                p1_0.product_id=? for update
    16:24:30.498 [pool-2-thread-336] DEBUG org.hibernate.SQL - 
        select
            f1_0.member_id,
            f1_0.product_id,
            f1_0.orderby 
        from
            favorite f1_0 
        where
            (
                f1_0.member_id, f1_0.product_id
            ) in ((?, ?))
    16:24:30.498 [pool-2-thread-336] DEBUG org.hibernate.SQL - 
        /* insert for
            com.codepresso.codepresso.entity.member.Favorite */insert 
        into
            favorite (orderby, member_id, product_id) 
        values
            (?, ?, ?)
    16:24:30.498 [pool-2-thread-336] DEBUG c.c.c.s.m.FavoritePessimisticService - 즐겨찾기 추가 성공 : memberId = 336, productId = 1
    16:24:30.498 [pool-2-thread-336] DEBUG c.c.c.s.m.FavoritePessimisticService - 메서드 종료 직전: memberId = 336, productId = 1
    16:24:30.499 [pool-2-thread-336] DEBUG c.c.c.s.m.FavoriteConcurrencyTest - 실패 : Could not commit JPA transaction 
    16:24:30.499 [pool-2-thread-309] DEBUG org.hibernate.SQL - 
        select
            ni1_0.nutrition_info_id,
            ni1_0.caffeine,
            ni1_0.calories,
            ni1_0.carbohydrate,
            ni1_0.cholesterol,
            ni1_0.fat,
            ni1_0.product_id,
            ni1_0.protein,
            ni1_0.saturated_fat,
            ni1_0.sodium,
            ni1_0.sugar,
            ni1_0.trans_fat 
        from
            nutrition_info ni1_0 
        where
            ni1_0.product_id=?
    16:24:30.499 [pool-2-thread-337] DEBUG org.hibernate.SQL - 
        /* SELECT
            p 
        FROM
            Product p 
        WHERE
            p.id = :productId */ select
                p1_0.product_id,
                p1_0.category_id,
                p1_0.favorite_count,
                p1_0.price,
                p1_0.product_content,
                p1_0.product_name,
                p1_0.product_photo,
                p1_0.version 
            from
                product p1_0 
            where
                p1_0.product_id=? for update
    16:24:30.499 [pool-2-thread-309] DEBUG org.hibernate.SQL - 
        select
            f1_0.member_id,
            f1_0.product_id,
            f1_0.orderby 
        from
            favorite f1_0 
        where
            (
                f1_0.member_id, f1_0.product_id
            ) in ((?, ?))
    16:24:30.499 [pool-2-thread-309] DEBUG org.hibernate.SQL - 
        /* insert for
            com.codepresso.codepresso.entity.member.Favorite */insert 
        into
            favorite (orderby, member_id, product_id) 
        values
            (?, ?, ?)
    16:24:30.499 [pool-2-thread-309] DEBUG c.c.c.s.m.FavoritePessimisticService - 즐겨찾기 추가 성공 : memberId = 309, productId = 1
    16:24:30.499 [pool-2-thread-309] DEBUG c.c.c.s.m.FavoritePessimisticService - 메서드 종료 직전: memberId = 309, productId = 1
    16:24:30.500 [pool-2-thread-338] DEBUG org.hibernate.SQL - 
        select
            ni1_0.nutrition_info_id,
            ni1_0.caffeine,
            ni1_0.calories,
            ni1_0.carbohydrate,
            ni1_0.cholesterol,
            ni1_0.fat,
            ni1_0.product_id,
            ni1_0.protein,
            ni1_0.saturated_fat,
            ni1_0.sodium,
            ni1_0.sugar,
            ni1_0.trans_fat 
        from
            nutrition_info ni1_0 
        where
            ni1_0.product_id=?
    16:24:30.500 [pool-2-thread-309] DEBUG c.c.c.s.m.FavoriteConcurrencyTest - 실패 : Could not commit JPA transaction 
    16:24:30.500 [pool-2-thread-339] DEBUG org.hibernate.SQL - 
        /* SELECT
            p 
        FROM
            Product p 
        WHERE
            p.id = :productId */ select
                p1_0.product_id,
                p1_0.category_id,
                p1_0.favorite_count,
                p1_0.price,
                p1_0.product_content,
                p1_0.product_name,
                p1_0.product_photo,
                p1_0.version 
            from
                product p1_0 
            where
                p1_0.product_id=? for update
    16:24:30.500 [pool-2-thread-338] DEBUG org.hibernate.SQL - 
        select
            f1_0.member_id,
            f1_0.product_id,
            f1_0.orderby 
        from
            favorite f1_0 
        where
            (
                f1_0.member_id, f1_0.product_id
            ) in ((?, ?))
    16:24:30.501 [pool-2-thread-338] DEBUG org.hibernate.SQL - 
        /* insert for
            com.codepresso.codepresso.entity.member.Favorite */insert 
        into
            favorite (orderby, member_id, product_id) 
        values
            (?, ?, ?)
    16:24:30.501 [pool-2-thread-338] DEBUG c.c.c.s.m.FavoritePessimisticService - 즐겨찾기 추가 성공 : memberId = 338, productId = 1
    16:24:30.501 [pool-2-thread-338] DEBUG c.c.c.s.m.FavoritePessimisticService - 메서드 종료 직전: memberId = 338, productId = 1
    16:24:30.501 [pool-2-thread-338] DEBUG c.c.c.s.m.FavoriteConcurrencyTest - 실패 : Could not commit JPA transaction 
    16:24:30.501 [pool-2-thread-335] DEBUG org.hibernate.SQL - 
        select
            ni1_0.nutrition_info_id,
            ni1_0.caffeine,
            ni1_0.calories,
            ni1_0.carbohydrate,
            ni1_0.cholesterol,
            ni1_0.fat,
            ni1_0.product_id,
            ni1_0.protein,
            ni1_0.saturated_fat,
            ni1_0.sodium,
            ni1_0.sugar,
            ni1_0.trans_fat 
        from
            nutrition_info ni1_0 
        where
            ni1_0.product_id=?
    16:24:30.502 [pool-2-thread-340] DEBUG org.hibernate.SQL - 
        /* SELECT
            p 
        FROM
            Product p 
        WHERE
            p.id = :productId */ select
                p1_0.product_id,
                p1_0.category_id,
                p1_0.favorite_count,
                p1_0.price,
                p1_0.product_content,
                p1_0.product_name,
                p1_0.product_photo,
                p1_0.version 
            from
                product p1_0 
            where
                p1_0.product_id=? for update
    16:24:30.502 [pool-2-thread-335] DEBUG org.hibernate.SQL - 
        select
            f1_0.member_id,
            f1_0.product_id,
            f1_0.orderby 
        from
            favorite f1_0 
        where
            (
                f1_0.member_id, f1_0.product_id
            ) in ((?, ?))
    16:24:30.502 [pool-2-thread-335] DEBUG org.hibernate.SQL - 
        /* insert for
            com.codepresso.codepresso.entity.member.Favorite */insert 
        into
            favorite (orderby, member_id, product_id) 
        values
            (?, ?, ?)
    16:24:30.502 [pool-2-thread-335] DEBUG c.c.c.s.m.FavoritePessimisticService - 즐겨찾기 추가 성공 : memberId = 335, productId = 1
    16:24:30.502 [pool-2-thread-335] DEBUG c.c.c.s.m.FavoritePessimisticService - 메서드 종료 직전: memberId = 335, productId = 1
    16:24:30.503 [pool-2-thread-335] DEBUG c.c.c.s.m.FavoriteConcurrencyTest - 실패 : Could not commit JPA transaction 
    16:24:30.503 [pool-2-thread-341] DEBUG org.hibernate.SQL - 
        /* SELECT
            p 
        FROM
            Product p 
        WHERE
            p.id = :productId */ select
                p1_0.product_id,
                p1_0.category_id,
                p1_0.favorite_count,
                p1_0.price,
                p1_0.product_content,
                p1_0.product_name,
                p1_0.product_photo,
                p1_0.version 
            from
                product p1_0 
            where
                p1_0.product_id=? for update
    16:24:30.503 [pool-2-thread-330] DEBUG org.hibernate.SQL - 
        select
            ni1_0.nutrition_info_id,
            ni1_0.caffeine,
            ni1_0.calories,
            ni1_0.carbohydrate,
            ni1_0.cholesterol,
            ni1_0.fat,
            ni1_0.product_id,
            ni1_0.protein,
            ni1_0.saturated_fat,
            ni1_0.sodium,
            ni1_0.sugar,
            ni1_0.trans_fat 
        from
            nutrition_info ni1_0 
        where
            ni1_0.product_id=?
    16:24:30.504 [pool-2-thread-330] DEBUG org.hibernate.SQL - 
        select
            f1_0.member_id,
            f1_0.product_id,
            f1_0.orderby 
        from
            favorite f1_0 
        where
            (
                f1_0.member_id, f1_0.product_id
            ) in ((?, ?))
    16:24:30.504 [pool-2-thread-330] DEBUG org.hibernate.SQL - 
        /* insert for
            com.codepresso.codepresso.entity.member.Favorite */insert 
        into
            favorite (orderby, member_id, product_id) 
        values
            (?, ?, ?)
    16:24:30.504 [pool-2-thread-330] DEBUG c.c.c.s.m.FavoritePessimisticService - 즐겨찾기 추가 성공 : memberId = 330, productId = 1
    16:24:30.504 [pool-2-thread-330] DEBUG c.c.c.s.m.FavoritePessimisticService - 메서드 종료 직전: memberId = 330, productId = 1
    16:24:30.505 [pool-2-thread-330] DEBUG c.c.c.s.m.FavoriteConcurrencyTest - 실패 : Could not commit JPA transaction 
    16:24:30.505 [pool-2-thread-341] DEBUG org.hibernate.SQL - 
        select
            ni1_0.nutrition_info_id,
            ni1_0.caffeine,
            ni1_0.calories,
            ni1_0.carbohydrate,
            ni1_0.cholesterol,
            ni1_0.fat,
            ni1_0.product_id,
            ni1_0.protein,
            ni1_0.saturated_fat,
            ni1_0.sodium,
            ni1_0.sugar,
            ni1_0.trans_fat 
        from
            nutrition_info ni1_0 
        where
            ni1_0.product_id=?
    16:24:30.505 [pool-2-thread-342] DEBUG org.hibernate.SQL - 
        /* SELECT
            p 
        FROM
            Product p 
        WHERE
            p.id = :productId */ select
                p1_0.product_id,
                p1_0.category_id,
                p1_0.favorite_count,
                p1_0.price,
                p1_0.product_content,
                p1_0.product_name,
                p1_0.product_photo,
                p1_0.version 
            from
                product p1_0 
            where
                p1_0.product_id=? for update
    16:24:30.505 [pool-2-thread-341] DEBUG org.hibernate.SQL - 
        select
            f1_0.member_id,
            f1_0.product_id,
            f1_0.orderby 
        from
            favorite f1_0 
        where
            (
                f1_0.member_id, f1_0.product_id
            ) in ((?, ?))
    16:24:30.505 [pool-2-thread-341] DEBUG org.hibernate.SQL - 
        /* insert for
            com.codepresso.codepresso.entity.member.Favorite */insert 
        into
            favorite (orderby, member_id, product_id) 
        values
            (?, ?, ?)
    16:24:30.506 [pool-2-thread-341] DEBUG c.c.c.s.m.FavoritePessimisticService - 즐겨찾기 추가 성공 : memberId = 341, productId = 1
    16:24:30.506 [pool-2-thread-341] DEBUG c.c.c.s.m.FavoritePessimisticService - 메서드 종료 직전: memberId = 341, productId = 1
    16:24:30.506 [pool-2-thread-341] DEBUG c.c.c.s.m.FavoriteConcurrencyTest - 실패 : Could not commit JPA transaction 
    16:24:30.506 [pool-2-thread-337] DEBUG org.hibernate.SQL - 
        select
            ni1_0.nutrition_info_id,
            ni1_0.caffeine,
            ni1_0.calories,
            ni1_0.carbohydrate,
            ni1_0.cholesterol,
            ni1_0.fat,
            ni1_0.product_id,
            ni1_0.protein,
            ni1_0.saturated_fat,
            ni1_0.sodium,
            ni1_0.sugar,
            ni1_0.trans_fat 
        from
            nutrition_info ni1_0 
        where
            ni1_0.product_id=?
    16:24:30.506 [pool-2-thread-343] DEBUG org.hibernate.SQL - 
        /* SELECT
            p 
        FROM
            Product p 
        WHERE
            p.id = :productId */ select
                p1_0.product_id,
                p1_0.category_id,
                p1_0.favorite_count,
                p1_0.price,
                p1_0.product_content,
                p1_0.product_name,
                p1_0.product_photo,
                p1_0.version 
            from
                product p1_0 
            where
                p1_0.product_id=? for update
    16:24:30.506 [pool-2-thread-337] DEBUG org.hibernate.SQL - 
        select
            f1_0.member_id,
            f1_0.product_id,
            f1_0.orderby 
        from
            favorite f1_0 
        where
            (
                f1_0.member_id, f1_0.product_id
            ) in ((?, ?))
    16:24:30.507 [pool-2-thread-337] DEBUG org.hibernate.SQL - 
        /* insert for
            com.codepresso.codepresso.entity.member.Favorite */insert 
        into
            favorite (orderby, member_id, product_id) 
        values
            (?, ?, ?)
    16:24:30.507 [pool-2-thread-337] DEBUG c.c.c.s.m.FavoritePessimisticService - 즐겨찾기 추가 성공 : memberId = 337, productId = 1
    16:24:30.507 [pool-2-thread-337] DEBUG c.c.c.s.m.FavoritePessimisticService - 메서드 종료 직전: memberId = 337, productId = 1
    16:24:30.507 [pool-2-thread-337] DEBUG c.c.c.s.m.FavoriteConcurrencyTest - 실패 : Could not commit JPA transaction 
    16:24:30.507 [pool-2-thread-342] DEBUG org.hibernate.SQL - 
        select
            ni1_0.nutrition_info_id,
            ni1_0.caffeine,
            ni1_0.calories,
            ni1_0.carbohydrate,
            ni1_0.cholesterol,
            ni1_0.fat,
            ni1_0.product_id,
            ni1_0.protein,
            ni1_0.saturated_fat,
            ni1_0.sodium,
            ni1_0.sugar,
            ni1_0.trans_fat 
        from
            nutrition_info ni1_0 
        where
            ni1_0.product_id=?
    16:24:30.507 [pool-2-thread-344] DEBUG org.hibernate.SQL - 
        /* SELECT
            p 
        FROM
            Product p 
        WHERE
            p.id = :productId */ select
                p1_0.product_id,
                p1_0.category_id,
                p1_0.favorite_count,
                p1_0.price,
                p1_0.product_content,
                p1_0.product_name,
                p1_0.product_photo,
                p1_0.version 
            from
                product p1_0 
            where
                p1_0.product_id=? for update
    16:24:30.507 [pool-2-thread-342] DEBUG org.hibernate.SQL - 
        select
            f1_0.member_id,
            f1_0.product_id,
            f1_0.orderby 
        from
            favorite f1_0 
        where
            (
                f1_0.member_id, f1_0.product_id
            ) in ((?, ?))
    16:24:30.508 [pool-2-thread-342] DEBUG org.hibernate.SQL - 
        /* insert for
            com.codepresso.codepresso.entity.member.Favorite */insert 
        into
            favorite (orderby, member_id, product_id) 
        values
            (?, ?, ?)
    16:24:30.508 [pool-2-thread-342] DEBUG c.c.c.s.m.FavoritePessimisticService - 즐겨찾기 추가 성공 : memberId = 342, productId = 1
    16:24:30.508 [pool-2-thread-342] DEBUG c.c.c.s.m.FavoritePessimisticService - 메서드 종료 직전: memberId = 342, productId = 1
    16:24:30.508 [pool-2-thread-342] DEBUG c.c.c.s.m.FavoriteConcurrencyTest - 실패 : Could not commit JPA transaction 
    16:24:30.509 [pool-2-thread-343] DEBUG org.hibernate.SQL - 
        select
            ni1_0.nutrition_info_id,
            ni1_0.caffeine,
            ni1_0.calories,
            ni1_0.carbohydrate,
            ni1_0.cholesterol,
            ni1_0.fat,
            ni1_0.product_id,
            ni1_0.protein,
            ni1_0.saturated_fat,
            ni1_0.sodium,
            ni1_0.sugar,
            ni1_0.trans_fat 
        from
            nutrition_info ni1_0 
        where
            ni1_0.product_id=?
    16:24:30.509 [pool-2-thread-343] DEBUG org.hibernate.SQL - 
        select
            f1_0.member_id,
            f1_0.product_id,
            f1_0.orderby 
        from
            favorite f1_0 
        where
            (
                f1_0.member_id, f1_0.product_id
            ) in ((?, ?))
    16:24:30.509 [pool-2-thread-345] DEBUG org.hibernate.SQL - 
        /* SELECT
            p 
        FROM
            Product p 
        WHERE
            p.id = :productId */ select
                p1_0.product_id,
                p1_0.category_id,
                p1_0.favorite_count,
                p1_0.price,
                p1_0.product_content,
                p1_0.product_name,
                p1_0.product_photo,
                p1_0.version 
            from
                product p1_0 
            where
                p1_0.product_id=? for update
    16:24:30.509 [pool-2-thread-343] DEBUG org.hibernate.SQL - 
        /* insert for
            com.codepresso.codepresso.entity.member.Favorite */insert 
        into
            favorite (orderby, member_id, product_id) 
        values
            (?, ?, ?)
    16:24:30.509 [pool-2-thread-343] DEBUG c.c.c.s.m.FavoritePessimisticService - 즐겨찾기 추가 성공 : memberId = 343, productId = 1
    16:24:30.509 [pool-2-thread-343] DEBUG c.c.c.s.m.FavoritePessimisticService - 메서드 종료 직전: memberId = 343, productId = 1
    16:24:30.510 [pool-2-thread-343] DEBUG c.c.c.s.m.FavoriteConcurrencyTest - 실패 : Could not commit JPA transaction 
    16:24:30.510 [pool-2-thread-344] DEBUG org.hibernate.SQL - 
        select
            ni1_0.nutrition_info_id,
            ni1_0.caffeine,
            ni1_0.calories,
            ni1_0.carbohydrate,
            ni1_0.cholesterol,
            ni1_0.fat,
            ni1_0.product_id,
            ni1_0.protein,
            ni1_0.saturated_fat,
            ni1_0.sodium,
            ni1_0.sugar,
            ni1_0.trans_fat 
        from
            nutrition_info ni1_0 
        where
            ni1_0.product_id=?
    16:24:30.510 [pool-2-thread-346] DEBUG org.hibernate.SQL - 
        /* SELECT
            p 
        FROM
            Product p 
        WHERE
            p.id = :productId */ select
                p1_0.product_id,
                p1_0.category_id,
                p1_0.favorite_count,
                p1_0.price,
                p1_0.product_content,
                p1_0.product_name,
                p1_0.product_photo,
                p1_0.version 
            from
                product p1_0 
            where
                p1_0.product_id=? for update
    16:24:30.510 [pool-2-thread-344] DEBUG org.hibernate.SQL - 
        select
            f1_0.member_id,
            f1_0.product_id,
            f1_0.orderby 
        from
            favorite f1_0 
        where
            (
                f1_0.member_id, f1_0.product_id
            ) in ((?, ?))
    16:24:30.511 [pool-2-thread-344] DEBUG org.hibernate.SQL - 
        /* insert for
            com.codepresso.codepresso.entity.member.Favorite */insert 
        into
            favorite (orderby, member_id, product_id) 
        values
            (?, ?, ?)
    16:24:30.511 [pool-2-thread-344] DEBUG c.c.c.s.m.FavoritePessimisticService - 즐겨찾기 추가 성공 : memberId = 344, productId = 1
    16:24:30.511 [pool-2-thread-344] DEBUG c.c.c.s.m.FavoritePessimisticService - 메서드 종료 직전: memberId = 344, productId = 1
    16:24:30.511 [pool-2-thread-344] DEBUG c.c.c.s.m.FavoriteConcurrencyTest - 실패 : Could not commit JPA transaction 
    16:24:30.511 [pool-2-thread-345] DEBUG org.hibernate.SQL - 
        select
            ni1_0.nutrition_info_id,
            ni1_0.caffeine,
            ni1_0.calories,
            ni1_0.carbohydrate,
            ni1_0.cholesterol,
            ni1_0.fat,
            ni1_0.product_id,
            ni1_0.protein,
            ni1_0.saturated_fat,
            ni1_0.sodium,
            ni1_0.sugar,
            ni1_0.trans_fat 
        from
            nutrition_info ni1_0 
        where
            ni1_0.product_id=?
    16:24:30.511 [pool-2-thread-347] DEBUG org.hibernate.SQL - 
        /* SELECT
            p 
        FROM
            Product p 
        WHERE
            p.id = :productId */ select
                p1_0.product_id,
                p1_0.category_id,
                p1_0.favorite_count,
                p1_0.price,
                p1_0.product_content,
                p1_0.product_name,
                p1_0.product_photo,
                p1_0.version 
            from
                product p1_0 
            where
                p1_0.product_id=? for update
    16:24:30.511 [pool-2-thread-345] DEBUG org.hibernate.SQL - 
        select
            f1_0.member_id,
            f1_0.product_id,
            f1_0.orderby 
        from
            favorite f1_0 
        where
            (
                f1_0.member_id, f1_0.product_id
            ) in ((?, ?))
    16:24:30.512 [pool-2-thread-345] DEBUG org.hibernate.SQL - 
        /* insert for
            com.codepresso.codepresso.entity.member.Favorite */insert 
        into
            favorite (orderby, member_id, product_id) 
        values
            (?, ?, ?)
    16:24:30.512 [pool-2-thread-345] DEBUG c.c.c.s.m.FavoritePessimisticService - 즐겨찾기 추가 성공 : memberId = 345, productId = 1
    16:24:30.512 [pool-2-thread-345] DEBUG c.c.c.s.m.FavoritePessimisticService - 메서드 종료 직전: memberId = 345, productId = 1
    16:24:30.512 [pool-2-thread-345] DEBUG c.c.c.s.m.FavoriteConcurrencyTest - 실패 : Could not commit JPA transaction 
    16:24:30.512 [pool-2-thread-327] DEBUG org.hibernate.SQL - 
        select
            ni1_0.nutrition_info_id,
            ni1_0.caffeine,
            ni1_0.calories,
            ni1_0.carbohydrate,
            ni1_0.cholesterol,
            ni1_0.fat,
            ni1_0.product_id,
            ni1_0.protein,
            ni1_0.saturated_fat,
            ni1_0.sodium,
            ni1_0.sugar,
            ni1_0.trans_fat 
        from
            nutrition_info ni1_0 
        where
            ni1_0.product_id=?
    16:24:30.512 [pool-2-thread-348] DEBUG org.hibernate.SQL - 
        /* SELECT
            p 
        FROM
            Product p 
        WHERE
            p.id = :productId */ select
                p1_0.product_id,
                p1_0.category_id,
                p1_0.favorite_count,
                p1_0.price,
                p1_0.product_content,
                p1_0.product_name,
                p1_0.product_photo,
                p1_0.version 
            from
                product p1_0 
            where
                p1_0.product_id=? for update
    16:24:30.512 [pool-2-thread-327] DEBUG org.hibernate.SQL - 
        select
            f1_0.member_id,
            f1_0.product_id,
            f1_0.orderby 
        from
            favorite f1_0 
        where
            (
                f1_0.member_id, f1_0.product_id
            ) in ((?, ?))
    16:24:30.513 [pool-2-thread-327] DEBUG org.hibernate.SQL - 
        /* insert for
            com.codepresso.codepresso.entity.member.Favorite */insert 
        into
            favorite (orderby, member_id, product_id) 
        values
            (?, ?, ?)
    16:24:30.513 [pool-2-thread-327] DEBUG c.c.c.s.m.FavoritePessimisticService - 즐겨찾기 추가 성공 : memberId = 327, productId = 1
    16:24:30.513 [pool-2-thread-327] DEBUG c.c.c.s.m.FavoritePessimisticService - 메서드 종료 직전: memberId = 327, productId = 1
    16:24:30.513 [pool-2-thread-327] DEBUG c.c.c.s.m.FavoriteConcurrencyTest - 실패 : Could not commit JPA transaction 
    16:24:30.513 [pool-2-thread-293] DEBUG org.hibernate.SQL - 
        select
            ni1_0.nutrition_info_id,
            ni1_0.caffeine,
            ni1_0.calories,
            ni1_0.carbohydrate,
            ni1_0.cholesterol,
            ni1_0.fat,
            ni1_0.product_id,
            ni1_0.protein,
            ni1_0.saturated_fat,
            ni1_0.sodium,
            ni1_0.sugar,
            ni1_0.trans_fat 
        from
            nutrition_info ni1_0 
        where
            ni1_0.product_id=?
    16:24:30.513 [pool-2-thread-350] DEBUG org.hibernate.SQL - 
        /* SELECT
            p 
        FROM
            Product p 
        WHERE
            p.id = :productId */ select
                p1_0.product_id,
                p1_0.category_id,
                p1_0.favorite_count,
                p1_0.price,
                p1_0.product_content,
                p1_0.product_name,
                p1_0.product_photo,
                p1_0.version 
            from
                product p1_0 
            where
                p1_0.product_id=? for update
    16:24:30.514 [pool-2-thread-293] DEBUG org.hibernate.SQL - 
        select
            f1_0.member_id,
            f1_0.product_id,
            f1_0.orderby 
        from
            favorite f1_0 
        where
            (
                f1_0.member_id, f1_0.product_id
            ) in ((?, ?))
    16:24:30.514 [pool-2-thread-293] DEBUG org.hibernate.SQL - 
        /* insert for
            com.codepresso.codepresso.entity.member.Favorite */insert 
        into
            favorite (orderby, member_id, product_id) 
        values
            (?, ?, ?)
    16:24:30.514 [pool-2-thread-293] DEBUG c.c.c.s.m.FavoritePessimisticService - 즐겨찾기 추가 성공 : memberId = 293, productId = 1
    16:24:30.514 [pool-2-thread-293] DEBUG c.c.c.s.m.FavoritePessimisticService - 메서드 종료 직전: memberId = 293, productId = 1
    16:24:30.514 [pool-2-thread-293] DEBUG c.c.c.s.m.FavoriteConcurrencyTest - 실패 : Could not commit JPA transaction 
    16:24:30.514 [pool-2-thread-340] DEBUG org.hibernate.SQL - 
        select
            ni1_0.nutrition_info_id,
            ni1_0.caffeine,
            ni1_0.calories,
            ni1_0.carbohydrate,
            ni1_0.cholesterol,
            ni1_0.fat,
            ni1_0.product_id,
            ni1_0.protein,
            ni1_0.saturated_fat,
            ni1_0.sodium,
            ni1_0.sugar,
            ni1_0.trans_fat 
        from
            nutrition_info ni1_0 
        where
            ni1_0.product_id=?
    16:24:30.515 [pool-2-thread-349] DEBUG org.hibernate.SQL - 
        /* SELECT
            p 
        FROM
            Product p 
        WHERE
            p.id = :productId */ select
                p1_0.product_id,
                p1_0.category_id,
                p1_0.favorite_count,
                p1_0.price,
                p1_0.product_content,
                p1_0.product_name,
                p1_0.product_photo,
                p1_0.version 
            from
                product p1_0 
            where
                p1_0.product_id=? for update
    16:24:30.515 [pool-2-thread-340] DEBUG org.hibernate.SQL - 
        select
            f1_0.member_id,
            f1_0.product_id,
            f1_0.orderby 
        from
            favorite f1_0 
        where
            (
                f1_0.member_id, f1_0.product_id
            ) in ((?, ?))
    16:24:30.515 [pool-2-thread-340] DEBUG org.hibernate.SQL - 
        /* insert for
            com.codepresso.codepresso.entity.member.Favorite */insert 
        into
            favorite (orderby, member_id, product_id) 
        values
            (?, ?, ?)
    16:24:30.515 [pool-2-thread-340] DEBUG c.c.c.s.m.FavoritePessimisticService - 즐겨찾기 추가 성공 : memberId = 340, productId = 1
    16:24:30.515 [pool-2-thread-340] DEBUG c.c.c.s.m.FavoritePessimisticService - 메서드 종료 직전: memberId = 340, productId = 1
    16:24:30.515 [pool-2-thread-340] DEBUG c.c.c.s.m.FavoriteConcurrencyTest - 실패 : Could not commit JPA transaction 
    16:24:30.515 [pool-2-thread-350] DEBUG org.hibernate.SQL - 
        select
            ni1_0.nutrition_info_id,
            ni1_0.caffeine,
            ni1_0.calories,
            ni1_0.carbohydrate,
            ni1_0.cholesterol,
            ni1_0.fat,
            ni1_0.product_id,
            ni1_0.protein,
            ni1_0.saturated_fat,
            ni1_0.sodium,
            ni1_0.sugar,
            ni1_0.trans_fat 
        from
            nutrition_info ni1_0 
        where
            ni1_0.product_id=?
    16:24:30.516 [pool-2-thread-350] DEBUG org.hibernate.SQL - 
        select
            f1_0.member_id,
            f1_0.product_id,
            f1_0.orderby 
        from
            favorite f1_0 
        where
            (
                f1_0.member_id, f1_0.product_id
            ) in ((?, ?))
    16:24:30.516 [pool-2-thread-351] DEBUG org.hibernate.SQL - 
        /* SELECT
            p 
        FROM
            Product p 
        WHERE
            p.id = :productId */ select
                p1_0.product_id,
                p1_0.category_id,
                p1_0.favorite_count,
                p1_0.price,
                p1_0.product_content,
                p1_0.product_name,
                p1_0.product_photo,
                p1_0.version 
            from
                product p1_0 
            where
                p1_0.product_id=? for update
    16:24:30.516 [pool-2-thread-350] DEBUG org.hibernate.SQL - 
        /* insert for
            com.codepresso.codepresso.entity.member.Favorite */insert 
        into
            favorite (orderby, member_id, product_id) 
        values
            (?, ?, ?)
    16:24:30.516 [pool-2-thread-350] DEBUG c.c.c.s.m.FavoritePessimisticService - 즐겨찾기 추가 성공 : memberId = 350, productId = 1
    16:24:30.516 [pool-2-thread-350] DEBUG c.c.c.s.m.FavoritePessimisticService - 메서드 종료 직전: memberId = 350, productId = 1
    16:24:30.516 [pool-2-thread-350] DEBUG c.c.c.s.m.FavoriteConcurrencyTest - 실패 : Could not commit JPA transaction 
    16:24:30.517 [pool-2-thread-346] DEBUG org.hibernate.SQL - 
        select
            ni1_0.nutrition_info_id,
            ni1_0.caffeine,
            ni1_0.calories,
            ni1_0.carbohydrate,
            ni1_0.cholesterol,
            ni1_0.fat,
            ni1_0.product_id,
            ni1_0.protein,
            ni1_0.saturated_fat,
            ni1_0.sodium,
            ni1_0.sugar,
            ni1_0.trans_fat 
        from
            nutrition_info ni1_0 
        where
            ni1_0.product_id=?
    16:24:30.517 [pool-2-thread-352] DEBUG org.hibernate.SQL - 
        /* SELECT
            p 
        FROM
            Product p 
        WHERE
            p.id = :productId */ select
                p1_0.product_id,
                p1_0.category_id,
                p1_0.favorite_count,
                p1_0.price,
                p1_0.product_content,
                p1_0.product_name,
                p1_0.product_photo,
                p1_0.version 
            from
                product p1_0 
            where
                p1_0.product_id=? for update
    16:24:30.518 [pool-2-thread-346] DEBUG org.hibernate.SQL - 
        select
            f1_0.member_id,
            f1_0.product_id,
            f1_0.orderby 
        from
            favorite f1_0 
        where
            (
                f1_0.member_id, f1_0.product_id
            ) in ((?, ?))
    16:24:30.518 [pool-2-thread-346] DEBUG org.hibernate.SQL - 
        /* insert for
            com.codepresso.codepresso.entity.member.Favorite */insert 
        into
            favorite (orderby, member_id, product_id) 
        values
            (?, ?, ?)
    16:24:30.518 [pool-2-thread-346] DEBUG c.c.c.s.m.FavoritePessimisticService - 즐겨찾기 추가 성공 : memberId = 346, productId = 1
    16:24:30.518 [pool-2-thread-346] DEBUG c.c.c.s.m.FavoritePessimisticService - 메서드 종료 직전: memberId = 346, productId = 1
    16:24:30.518 [pool-2-thread-346] DEBUG c.c.c.s.m.FavoriteConcurrencyTest - 실패 : Could not commit JPA transaction 
    16:24:30.518 [pool-2-thread-351] DEBUG org.hibernate.SQL - 
        select
            ni1_0.nutrition_info_id,
            ni1_0.caffeine,
            ni1_0.calories,
            ni1_0.carbohydrate,
            ni1_0.cholesterol,
            ni1_0.fat,
            ni1_0.product_id,
            ni1_0.protein,
            ni1_0.saturated_fat,
            ni1_0.sodium,
            ni1_0.sugar,
            ni1_0.trans_fat 
        from
            nutrition_info ni1_0 
        where
            ni1_0.product_id=?
    16:24:30.518 [pool-2-thread-353] DEBUG org.hibernate.SQL - 
        /* SELECT
            p 
        FROM
            Product p 
        WHERE
            p.id = :productId */ select
                p1_0.product_id,
                p1_0.category_id,
                p1_0.favorite_count,
                p1_0.price,
                p1_0.product_content,
                p1_0.product_name,
                p1_0.product_photo,
                p1_0.version 
            from
                product p1_0 
            where
                p1_0.product_id=? for update
    16:24:30.519 [pool-2-thread-351] DEBUG org.hibernate.SQL - 
        select
            f1_0.member_id,
            f1_0.product_id,
            f1_0.orderby 
        from
            favorite f1_0 
        where
            (
                f1_0.member_id, f1_0.product_id
            ) in ((?, ?))
    16:24:30.519 [pool-2-thread-351] DEBUG org.hibernate.SQL - 
        /* insert for
            com.codepresso.codepresso.entity.member.Favorite */insert 
        into
            favorite (orderby, member_id, product_id) 
        values
            (?, ?, ?)
    16:24:30.519 [pool-2-thread-351] DEBUG c.c.c.s.m.FavoritePessimisticService - 즐겨찾기 추가 성공 : memberId = 351, productId = 1
    16:24:30.520 [pool-2-thread-351] DEBUG c.c.c.s.m.FavoritePessimisticService - 메서드 종료 직전: memberId = 351, productId = 1
    16:24:30.520 [pool-2-thread-351] DEBUG c.c.c.s.m.FavoriteConcurrencyTest - 실패 : Could not commit JPA transaction 
    16:24:30.520 [pool-2-thread-348] DEBUG org.hibernate.SQL - 
        select
            ni1_0.nutrition_info_id,
            ni1_0.caffeine,
            ni1_0.calories,
            ni1_0.carbohydrate,
            ni1_0.cholesterol,
            ni1_0.fat,
            ni1_0.product_id,
            ni1_0.protein,
            ni1_0.saturated_fat,
            ni1_0.sodium,
            ni1_0.sugar,
            ni1_0.trans_fat 
        from
            nutrition_info ni1_0 
        where
            ni1_0.product_id=?
    16:24:30.527 [pool-2-thread-356] DEBUG org.hibernate.SQL - 
        /* SELECT
            p 
        FROM
            Product p 
        WHERE
            p.id = :productId */ select
                p1_0.product_id,
                p1_0.category_id,
                p1_0.favorite_count,
                p1_0.price,
                p1_0.product_content,
                p1_0.product_name,
                p1_0.product_photo,
                p1_0.version 
            from
                product p1_0 
            where
                p1_0.product_id=? for update
    16:24:30.528 [pool-2-thread-348] DEBUG org.hibernate.SQL - 
        select
            f1_0.member_id,
            f1_0.product_id,
            f1_0.orderby 
        from
            favorite f1_0 
        where
            (
                f1_0.member_id, f1_0.product_id
            ) in ((?, ?))
    16:24:30.529 [pool-2-thread-348] DEBUG org.hibernate.SQL - 
        /* insert for
            com.codepresso.codepresso.entity.member.Favorite */insert 
        into
            favorite (orderby, member_id, product_id) 
        values
            (?, ?, ?)
    16:24:30.529 [pool-2-thread-348] DEBUG c.c.c.s.m.FavoritePessimisticService - 즐겨찾기 추가 성공 : memberId = 348, productId = 1
    16:24:30.529 [pool-2-thread-348] DEBUG c.c.c.s.m.FavoritePessimisticService - 메서드 종료 직전: memberId = 348, productId = 1
    16:24:30.529 [pool-2-thread-348] DEBUG c.c.c.s.m.FavoriteConcurrencyTest - 실패 : Could not commit JPA transaction 
    16:24:30.529 [pool-2-thread-353] DEBUG org.hibernate.SQL - 
        select
            ni1_0.nutrition_info_id,
            ni1_0.caffeine,
            ni1_0.calories,
            ni1_0.carbohydrate,
            ni1_0.cholesterol,
            ni1_0.fat,
            ni1_0.product_id,
            ni1_0.protein,
            ni1_0.saturated_fat,
            ni1_0.sodium,
            ni1_0.sugar,
            ni1_0.trans_fat 
        from
            nutrition_info ni1_0 
        where
            ni1_0.product_id=?
    16:24:30.529 [pool-2-thread-355] DEBUG org.hibernate.SQL - 
        /* SELECT
            p 
        FROM
            Product p 
        WHERE
            p.id = :productId */ select
                p1_0.product_id,
                p1_0.category_id,
                p1_0.favorite_count,
                p1_0.price,
                p1_0.product_content,
                p1_0.product_name,
                p1_0.product_photo,
                p1_0.version 
            from
                product p1_0 
            where
                p1_0.product_id=? for update
    16:24:30.530 [pool-2-thread-353] DEBUG org.hibernate.SQL - 
        select
            f1_0.member_id,
            f1_0.product_id,
            f1_0.orderby 
        from
            favorite f1_0 
        where
            (
                f1_0.member_id, f1_0.product_id
            ) in ((?, ?))
    16:24:30.530 [pool-2-thread-353] DEBUG org.hibernate.SQL - 
        /* insert for
            com.codepresso.codepresso.entity.member.Favorite */insert 
        into
            favorite (orderby, member_id, product_id) 
        values
            (?, ?, ?)
    16:24:30.530 [pool-2-thread-353] DEBUG c.c.c.s.m.FavoritePessimisticService - 즐겨찾기 추가 성공 : memberId = 353, productId = 1
    16:24:30.530 [pool-2-thread-353] DEBUG c.c.c.s.m.FavoritePessimisticService - 메서드 종료 직전: memberId = 353, productId = 1
    16:24:30.531 [pool-2-thread-353] DEBUG c.c.c.s.m.FavoriteConcurrencyTest - 실패 : Could not commit JPA transaction 
    16:24:30.531 [pool-2-thread-339] DEBUG org.hibernate.SQL - 
        select
            ni1_0.nutrition_info_id,
            ni1_0.caffeine,
            ni1_0.calories,
            ni1_0.carbohydrate,
            ni1_0.cholesterol,
            ni1_0.fat,
            ni1_0.product_id,
            ni1_0.protein,
            ni1_0.saturated_fat,
            ni1_0.sodium,
            ni1_0.sugar,
            ni1_0.trans_fat 
        from
            nutrition_info ni1_0 
        where
            ni1_0.product_id=?
    16:24:30.531 [pool-2-thread-354] DEBUG org.hibernate.SQL - 
        /* SELECT
            p 
        FROM
            Product p 
        WHERE
            p.id = :productId */ select
                p1_0.product_id,
                p1_0.category_id,
                p1_0.favorite_count,
                p1_0.price,
                p1_0.product_content,
                p1_0.product_name,
                p1_0.product_photo,
                p1_0.version 
            from
                product p1_0 
            where
                p1_0.product_id=? for update
    16:24:30.531 [pool-2-thread-339] DEBUG org.hibernate.SQL - 
        select
            f1_0.member_id,
            f1_0.product_id,
            f1_0.orderby 
        from
            favorite f1_0 
        where
            (
                f1_0.member_id, f1_0.product_id
            ) in ((?, ?))
    16:24:30.531 [pool-2-thread-339] DEBUG org.hibernate.SQL - 
        /* insert for
            com.codepresso.codepresso.entity.member.Favorite */insert 
        into
            favorite (orderby, member_id, product_id) 
        values
            (?, ?, ?)
    16:24:30.531 [pool-2-thread-339] DEBUG c.c.c.s.m.FavoritePessimisticService - 즐겨찾기 추가 성공 : memberId = 339, productId = 1
    16:24:30.531 [pool-2-thread-339] DEBUG c.c.c.s.m.FavoritePessimisticService - 메서드 종료 직전: memberId = 339, productId = 1
    16:24:30.532 [pool-2-thread-339] DEBUG c.c.c.s.m.FavoriteConcurrencyTest - 실패 : Could not commit JPA transaction 
    16:24:30.532 [pool-2-thread-355] DEBUG org.hibernate.SQL - 
        select
            ni1_0.nutrition_info_id,
            ni1_0.caffeine,
            ni1_0.calories,
            ni1_0.carbohydrate,
            ni1_0.cholesterol,
            ni1_0.fat,
            ni1_0.product_id,
            ni1_0.protein,
            ni1_0.saturated_fat,
            ni1_0.sodium,
            ni1_0.sugar,
            ni1_0.trans_fat 
        from
            nutrition_info ni1_0 
        where
            ni1_0.product_id=?
    16:24:30.532 [pool-2-thread-357] DEBUG org.hibernate.SQL - 
        /* SELECT
            p 
        FROM
            Product p 
        WHERE
            p.id = :productId */ select
                p1_0.product_id,
                p1_0.category_id,
                p1_0.favorite_count,
                p1_0.price,
                p1_0.product_content,
                p1_0.product_name,
                p1_0.product_photo,
                p1_0.version 
            from
                product p1_0 
            where
                p1_0.product_id=? for update
    16:24:30.532 [pool-2-thread-355] DEBUG org.hibernate.SQL - 
        select
            f1_0.member_id,
            f1_0.product_id,
            f1_0.orderby 
        from
            favorite f1_0 
        where
            (
                f1_0.member_id, f1_0.product_id
            ) in ((?, ?))
    16:24:30.532 [pool-2-thread-355] DEBUG org.hibernate.SQL - 
        /* insert for
            com.codepresso.codepresso.entity.member.Favorite */insert 
        into
            favorite (orderby, member_id, product_id) 
        values
            (?, ?, ?)
    16:24:30.532 [pool-2-thread-355] DEBUG c.c.c.s.m.FavoritePessimisticService - 즐겨찾기 추가 성공 : memberId = 355, productId = 1
    16:24:30.532 [pool-2-thread-355] DEBUG c.c.c.s.m.FavoritePessimisticService - 메서드 종료 직전: memberId = 355, productId = 1
    16:24:30.533 [pool-2-thread-355] DEBUG c.c.c.s.m.FavoriteConcurrencyTest - 실패 : Could not commit JPA transaction 
    16:24:30.533 [pool-2-thread-356] DEBUG org.hibernate.SQL - 
        select
            ni1_0.nutrition_info_id,
            ni1_0.caffeine,
            ni1_0.calories,
            ni1_0.carbohydrate,
            ni1_0.cholesterol,
            ni1_0.fat,
            ni1_0.product_id,
            ni1_0.protein,
            ni1_0.saturated_fat,
            ni1_0.sodium,
            ni1_0.sugar,
            ni1_0.trans_fat 
        from
            nutrition_info ni1_0 
        where
            ni1_0.product_id=?
    16:24:30.533 [pool-2-thread-358] DEBUG org.hibernate.SQL - 
        /* SELECT
            p 
        FROM
            Product p 
        WHERE
            p.id = :productId */ select
                p1_0.product_id,
                p1_0.category_id,
                p1_0.favorite_count,
                p1_0.price,
                p1_0.product_content,
                p1_0.product_name,
                p1_0.product_photo,
                p1_0.version 
            from
                product p1_0 
            where
                p1_0.product_id=? for update
    16:24:30.533 [pool-2-thread-356] DEBUG org.hibernate.SQL - 
        select
            f1_0.member_id,
            f1_0.product_id,
            f1_0.orderby 
        from
            favorite f1_0 
        where
            (
                f1_0.member_id, f1_0.product_id
            ) in ((?, ?))
    16:24:30.533 [pool-2-thread-356] DEBUG org.hibernate.SQL - 
        /* insert for
            com.codepresso.codepresso.entity.member.Favorite */insert 
        into
            favorite (orderby, member_id, product_id) 
        values
            (?, ?, ?)
    16:24:30.533 [pool-2-thread-356] DEBUG c.c.c.s.m.FavoritePessimisticService - 즐겨찾기 추가 성공 : memberId = 356, productId = 1
    16:24:30.533 [pool-2-thread-356] DEBUG c.c.c.s.m.FavoritePessimisticService - 메서드 종료 직전: memberId = 356, productId = 1
    16:24:30.534 [pool-2-thread-356] DEBUG c.c.c.s.m.FavoriteConcurrencyTest - 실패 : Could not commit JPA transaction 
    16:24:30.534 [pool-2-thread-358] DEBUG org.hibernate.SQL - 
        select
            ni1_0.nutrition_info_id,
            ni1_0.caffeine,
            ni1_0.calories,
            ni1_0.carbohydrate,
            ni1_0.cholesterol,
            ni1_0.fat,
            ni1_0.product_id,
            ni1_0.protein,
            ni1_0.saturated_fat,
            ni1_0.sodium,
            ni1_0.sugar,
            ni1_0.trans_fat 
        from
            nutrition_info ni1_0 
        where
            ni1_0.product_id=?
    16:24:30.534 [pool-2-thread-359] DEBUG org.hibernate.SQL - 
        /* SELECT
            p 
        FROM
            Product p 
        WHERE
            p.id = :productId */ select
                p1_0.product_id,
                p1_0.category_id,
                p1_0.favorite_count,
                p1_0.price,
                p1_0.product_content,
                p1_0.product_name,
                p1_0.product_photo,
                p1_0.version 
            from
                product p1_0 
            where
                p1_0.product_id=? for update
    16:24:30.534 [pool-2-thread-358] DEBUG org.hibernate.SQL - 
        select
            f1_0.member_id,
            f1_0.product_id,
            f1_0.orderby 
        from
            favorite f1_0 
        where
            (
                f1_0.member_id, f1_0.product_id
            ) in ((?, ?))
    16:24:30.535 [pool-2-thread-358] DEBUG org.hibernate.SQL - 
        /* insert for
            com.codepresso.codepresso.entity.member.Favorite */insert 
        into
            favorite (orderby, member_id, product_id) 
        values
            (?, ?, ?)
    16:24:30.535 [pool-2-thread-358] DEBUG c.c.c.s.m.FavoritePessimisticService - 즐겨찾기 추가 성공 : memberId = 358, productId = 1
    16:24:30.535 [pool-2-thread-358] DEBUG c.c.c.s.m.FavoritePessimisticService - 메서드 종료 직전: memberId = 358, productId = 1
    16:24:30.535 [pool-2-thread-357] DEBUG org.hibernate.SQL - 
        select
            ni1_0.nutrition_info_id,
            ni1_0.caffeine,
            ni1_0.calories,
            ni1_0.carbohydrate,
            ni1_0.cholesterol,
            ni1_0.fat,
            ni1_0.product_id,
            ni1_0.protein,
            ni1_0.saturated_fat,
            ni1_0.sodium,
            ni1_0.sugar,
            ni1_0.trans_fat 
        from
            nutrition_info ni1_0 
        where
            ni1_0.product_id=?
    16:24:30.535 [pool-2-thread-358] DEBUG c.c.c.s.m.FavoriteConcurrencyTest - 실패 : Could not commit JPA transaction 
    16:24:30.536 [pool-2-thread-360] DEBUG org.hibernate.SQL - 
        /* SELECT
            p 
        FROM
            Product p 
        WHERE
            p.id = :productId */ select
                p1_0.product_id,
                p1_0.category_id,
                p1_0.favorite_count,
                p1_0.price,
                p1_0.product_content,
                p1_0.product_name,
                p1_0.product_photo,
                p1_0.version 
            from
                product p1_0 
            where
                p1_0.product_id=? for update
    16:24:30.536 [pool-2-thread-357] DEBUG org.hibernate.SQL - 
        select
            f1_0.member_id,
            f1_0.product_id,
            f1_0.orderby 
        from
            favorite f1_0 
        where
            (
                f1_0.member_id, f1_0.product_id
            ) in ((?, ?))
    16:24:30.536 [pool-2-thread-357] DEBUG org.hibernate.SQL - 
        /* insert for
            com.codepresso.codepresso.entity.member.Favorite */insert 
        into
            favorite (orderby, member_id, product_id) 
        values
            (?, ?, ?)
    16:24:30.536 [pool-2-thread-357] DEBUG c.c.c.s.m.FavoritePessimisticService - 즐겨찾기 추가 성공 : memberId = 357, productId = 1
    16:24:30.536 [pool-2-thread-357] DEBUG c.c.c.s.m.FavoritePessimisticService - 메서드 종료 직전: memberId = 357, productId = 1
    16:24:30.536 [pool-2-thread-357] DEBUG c.c.c.s.m.FavoriteConcurrencyTest - 실패 : Could not commit JPA transaction 
    16:24:30.537 [pool-2-thread-359] DEBUG org.hibernate.SQL - 
        select
            ni1_0.nutrition_info_id,
            ni1_0.caffeine,
            ni1_0.calories,
            ni1_0.carbohydrate,
            ni1_0.cholesterol,
            ni1_0.fat,
            ni1_0.product_id,
            ni1_0.protein,
            ni1_0.saturated_fat,
            ni1_0.sodium,
            ni1_0.sugar,
            ni1_0.trans_fat 
        from
            nutrition_info ni1_0 
        where
            ni1_0.product_id=?
    16:24:30.537 [pool-2-thread-361] DEBUG org.hibernate.SQL - 
        /* SELECT
            p 
        FROM
            Product p 
        WHERE
            p.id = :productId */ select
                p1_0.product_id,
                p1_0.category_id,
                p1_0.favorite_count,
                p1_0.price,
                p1_0.product_content,
                p1_0.product_name,
                p1_0.product_photo,
                p1_0.version 
            from
                product p1_0 
            where
                p1_0.product_id=? for update
    16:24:30.537 [pool-2-thread-359] DEBUG org.hibernate.SQL - 
        select
            f1_0.member_id,
            f1_0.product_id,
            f1_0.orderby 
        from
            favorite f1_0 
        where
            (
                f1_0.member_id, f1_0.product_id
            ) in ((?, ?))
    16:24:30.538 [pool-2-thread-359] DEBUG org.hibernate.SQL - 
        /* insert for
            com.codepresso.codepresso.entity.member.Favorite */insert 
        into
            favorite (orderby, member_id, product_id) 
        values
            (?, ?, ?)
    16:24:30.538 [pool-2-thread-359] DEBUG c.c.c.s.m.FavoritePessimisticService - 즐겨찾기 추가 성공 : memberId = 359, productId = 1
    16:24:30.538 [pool-2-thread-359] DEBUG c.c.c.s.m.FavoritePessimisticService - 메서드 종료 직전: memberId = 359, productId = 1
    16:24:30.538 [pool-2-thread-359] DEBUG c.c.c.s.m.FavoriteConcurrencyTest - 실패 : Could not commit JPA transaction 
    16:24:30.538 [pool-2-thread-360] DEBUG org.hibernate.SQL - 
        select
            ni1_0.nutrition_info_id,
            ni1_0.caffeine,
            ni1_0.calories,
            ni1_0.carbohydrate,
            ni1_0.cholesterol,
            ni1_0.fat,
            ni1_0.product_id,
            ni1_0.protein,
            ni1_0.saturated_fat,
            ni1_0.sodium,
            ni1_0.sugar,
            ni1_0.trans_fat 
        from
            nutrition_info ni1_0 
        where
            ni1_0.product_id=?
    16:24:30.538 [pool-2-thread-362] DEBUG org.hibernate.SQL - 
        /* SELECT
            p 
        FROM
            Product p 
        WHERE
            p.id = :productId */ select
                p1_0.product_id,
                p1_0.category_id,
                p1_0.favorite_count,
                p1_0.price,
                p1_0.product_content,
                p1_0.product_name,
                p1_0.product_photo,
                p1_0.version 
            from
                product p1_0 
            where
                p1_0.product_id=? for update
    16:24:30.538 [pool-2-thread-360] DEBUG org.hibernate.SQL - 
        select
            f1_0.member_id,
            f1_0.product_id,
            f1_0.orderby 
        from
            favorite f1_0 
        where
            (
                f1_0.member_id, f1_0.product_id
            ) in ((?, ?))
    16:24:30.539 [pool-2-thread-360] DEBUG org.hibernate.SQL - 
        /* insert for
            com.codepresso.codepresso.entity.member.Favorite */insert 
        into
            favorite (orderby, member_id, product_id) 
        values
            (?, ?, ?)
    16:24:30.539 [pool-2-thread-360] DEBUG c.c.c.s.m.FavoritePessimisticService - 즐겨찾기 추가 성공 : memberId = 360, productId = 1
    16:24:30.539 [pool-2-thread-360] DEBUG c.c.c.s.m.FavoritePessimisticService - 메서드 종료 직전: memberId = 360, productId = 1
    16:24:30.539 [pool-2-thread-360] DEBUG c.c.c.s.m.FavoriteConcurrencyTest - 실패 : Could not commit JPA transaction 
    16:24:30.539 [pool-2-thread-361] DEBUG org.hibernate.SQL - 
        select
            ni1_0.nutrition_info_id,
            ni1_0.caffeine,
            ni1_0.calories,
            ni1_0.carbohydrate,
            ni1_0.cholesterol,
            ni1_0.fat,
            ni1_0.product_id,
            ni1_0.protein,
            ni1_0.saturated_fat,
            ni1_0.sodium,
            ni1_0.sugar,
            ni1_0.trans_fat 
        from
            nutrition_info ni1_0 
        where
            ni1_0.product_id=?
    16:24:30.539 [pool-2-thread-363] DEBUG org.hibernate.SQL - 
        /* SELECT
            p 
        FROM
            Product p 
        WHERE
            p.id = :productId */ select
                p1_0.product_id,
                p1_0.category_id,
                p1_0.favorite_count,
                p1_0.price,
                p1_0.product_content,
                p1_0.product_name,
                p1_0.product_photo,
                p1_0.version 
            from
                product p1_0 
            where
                p1_0.product_id=? for update
    16:24:30.539 [pool-2-thread-361] DEBUG org.hibernate.SQL - 
        select
            f1_0.member_id,
            f1_0.product_id,
            f1_0.orderby 
        from
            favorite f1_0 
        where
            (
                f1_0.member_id, f1_0.product_id
            ) in ((?, ?))
    16:24:30.540 [pool-2-thread-361] DEBUG org.hibernate.SQL - 
        /* insert for
            com.codepresso.codepresso.entity.member.Favorite */insert 
        into
            favorite (orderby, member_id, product_id) 
        values
            (?, ?, ?)
    16:24:30.540 [pool-2-thread-361] DEBUG c.c.c.s.m.FavoritePessimisticService - 즐겨찾기 추가 성공 : memberId = 361, productId = 1
    16:24:30.540 [pool-2-thread-361] DEBUG c.c.c.s.m.FavoritePessimisticService - 메서드 종료 직전: memberId = 361, productId = 1
    16:24:30.540 [pool-2-thread-361] DEBUG c.c.c.s.m.FavoriteConcurrencyTest - 실패 : Could not commit JPA transaction 
    16:24:30.540 [pool-2-thread-362] DEBUG org.hibernate.SQL - 
        select
            ni1_0.nutrition_info_id,
            ni1_0.caffeine,
            ni1_0.calories,
            ni1_0.carbohydrate,
            ni1_0.cholesterol,
            ni1_0.fat,
            ni1_0.product_id,
            ni1_0.protein,
            ni1_0.saturated_fat,
            ni1_0.sodium,
            ni1_0.sugar,
            ni1_0.trans_fat 
        from
            nutrition_info ni1_0 
        where
            ni1_0.product_id=?
    16:24:30.540 [pool-2-thread-364] DEBUG org.hibernate.SQL - 
        /* SELECT
            p 
        FROM
            Product p 
        WHERE
            p.id = :productId */ select
                p1_0.product_id,
                p1_0.category_id,
                p1_0.favorite_count,
                p1_0.price,
                p1_0.product_content,
                p1_0.product_name,
                p1_0.product_photo,
                p1_0.version 
            from
                product p1_0 
            where
                p1_0.product_id=? for update
    16:24:30.540 [pool-2-thread-362] DEBUG org.hibernate.SQL - 
        select
            f1_0.member_id,
            f1_0.product_id,
            f1_0.orderby 
        from
            favorite f1_0 
        where
            (
                f1_0.member_id, f1_0.product_id
            ) in ((?, ?))
    16:24:30.541 [pool-2-thread-362] DEBUG org.hibernate.SQL - 
        /* insert for
            com.codepresso.codepresso.entity.member.Favorite */insert 
        into
            favorite (orderby, member_id, product_id) 
        values
            (?, ?, ?)
    16:24:30.541 [pool-2-thread-362] DEBUG c.c.c.s.m.FavoritePessimisticService - 즐겨찾기 추가 성공 : memberId = 362, productId = 1
    16:24:30.541 [pool-2-thread-362] DEBUG c.c.c.s.m.FavoritePessimisticService - 메서드 종료 직전: memberId = 362, productId = 1
    16:24:30.541 [pool-2-thread-362] DEBUG c.c.c.s.m.FavoriteConcurrencyTest - 실패 : Could not commit JPA transaction 
    16:24:30.541 [pool-2-thread-363] DEBUG org.hibernate.SQL - 
        select
            ni1_0.nutrition_info_id,
            ni1_0.caffeine,
            ni1_0.calories,
            ni1_0.carbohydrate,
            ni1_0.cholesterol,
            ni1_0.fat,
            ni1_0.product_id,
            ni1_0.protein,
            ni1_0.saturated_fat,
            ni1_0.sodium,
            ni1_0.sugar,
            ni1_0.trans_fat 
        from
            nutrition_info ni1_0 
        where
            ni1_0.product_id=?
    16:24:30.541 [pool-2-thread-365] DEBUG org.hibernate.SQL - 
        /* SELECT
            p 
        FROM
            Product p 
        WHERE
            p.id = :productId */ select
                p1_0.product_id,
                p1_0.category_id,
                p1_0.favorite_count,
                p1_0.price,
                p1_0.product_content,
                p1_0.product_name,
                p1_0.product_photo,
                p1_0.version 
            from
                product p1_0 
            where
                p1_0.product_id=? for update
    16:24:30.541 [pool-2-thread-363] DEBUG org.hibernate.SQL - 
        select
            f1_0.member_id,
            f1_0.product_id,
            f1_0.orderby 
        from
            favorite f1_0 
        where
            (
                f1_0.member_id, f1_0.product_id
            ) in ((?, ?))
    16:24:30.542 [pool-2-thread-363] DEBUG org.hibernate.SQL - 
        /* insert for
            com.codepresso.codepresso.entity.member.Favorite */insert 
        into
            favorite (orderby, member_id, product_id) 
        values
            (?, ?, ?)
    16:24:30.542 [pool-2-thread-363] DEBUG c.c.c.s.m.FavoritePessimisticService - 즐겨찾기 추가 성공 : memberId = 363, productId = 1
    16:24:30.542 [pool-2-thread-363] DEBUG c.c.c.s.m.FavoritePessimisticService - 메서드 종료 직전: memberId = 363, productId = 1
    16:24:30.542 [pool-2-thread-363] DEBUG c.c.c.s.m.FavoriteConcurrencyTest - 실패 : Could not commit JPA transaction 
    16:24:30.542 [pool-2-thread-364] DEBUG org.hibernate.SQL - 
        select
            ni1_0.nutrition_info_id,
            ni1_0.caffeine,
            ni1_0.calories,
            ni1_0.carbohydrate,
            ni1_0.cholesterol,
            ni1_0.fat,
            ni1_0.product_id,
            ni1_0.protein,
            ni1_0.saturated_fat,
            ni1_0.sodium,
            ni1_0.sugar,
            ni1_0.trans_fat 
        from
            nutrition_info ni1_0 
        where
            ni1_0.product_id=?
    16:24:30.542 [pool-2-thread-366] DEBUG org.hibernate.SQL - 
        /* SELECT
            p 
        FROM
            Product p 
        WHERE
            p.id = :productId */ select
                p1_0.product_id,
                p1_0.category_id,
                p1_0.favorite_count,
                p1_0.price,
                p1_0.product_content,
                p1_0.product_name,
                p1_0.product_photo,
                p1_0.version 
            from
                product p1_0 
            where
                p1_0.product_id=? for update
    16:24:30.542 [pool-2-thread-364] DEBUG org.hibernate.SQL - 
        select
            f1_0.member_id,
            f1_0.product_id,
            f1_0.orderby 
        from
            favorite f1_0 
        where
            (
                f1_0.member_id, f1_0.product_id
            ) in ((?, ?))
    16:24:30.543 [pool-2-thread-364] DEBUG org.hibernate.SQL - 
        /* insert for
            com.codepresso.codepresso.entity.member.Favorite */insert 
        into
            favorite (orderby, member_id, product_id) 
        values
            (?, ?, ?)
    16:24:30.543 [pool-2-thread-364] DEBUG c.c.c.s.m.FavoritePessimisticService - 즐겨찾기 추가 성공 : memberId = 364, productId = 1
    16:24:30.543 [pool-2-thread-364] DEBUG c.c.c.s.m.FavoritePessimisticService - 메서드 종료 직전: memberId = 364, productId = 1
    16:24:30.543 [pool-2-thread-364] DEBUG c.c.c.s.m.FavoriteConcurrencyTest - 실패 : Could not commit JPA transaction 
    16:24:30.543 [pool-2-thread-365] DEBUG org.hibernate.SQL - 
        select
            ni1_0.nutrition_info_id,
            ni1_0.caffeine,
            ni1_0.calories,
            ni1_0.carbohydrate,
            ni1_0.cholesterol,
            ni1_0.fat,
            ni1_0.product_id,
            ni1_0.protein,
            ni1_0.saturated_fat,
            ni1_0.sodium,
            ni1_0.sugar,
            ni1_0.trans_fat 
        from
            nutrition_info ni1_0 
        where
            ni1_0.product_id=?
    16:24:30.543 [pool-2-thread-367] DEBUG org.hibernate.SQL - 
        /* SELECT
            p 
        FROM
            Product p 
        WHERE
            p.id = :productId */ select
                p1_0.product_id,
                p1_0.category_id,
                p1_0.favorite_count,
                p1_0.price,
                p1_0.product_content,
                p1_0.product_name,
                p1_0.product_photo,
                p1_0.version 
            from
                product p1_0 
            where
                p1_0.product_id=? for update
    16:24:30.543 [pool-2-thread-365] DEBUG org.hibernate.SQL - 
        select
            f1_0.member_id,
            f1_0.product_id,
            f1_0.orderby 
        from
            favorite f1_0 
        where
            (
                f1_0.member_id, f1_0.product_id
            ) in ((?, ?))
    16:24:30.544 [pool-2-thread-365] DEBUG org.hibernate.SQL - 
        /* insert for
            com.codepresso.codepresso.entity.member.Favorite */insert 
        into
            favorite (orderby, member_id, product_id) 
        values
            (?, ?, ?)
    16:24:30.544 [pool-2-thread-365] DEBUG c.c.c.s.m.FavoritePessimisticService - 즐겨찾기 추가 성공 : memberId = 365, productId = 1
    16:24:30.544 [pool-2-thread-365] DEBUG c.c.c.s.m.FavoritePessimisticService - 메서드 종료 직전: memberId = 365, productId = 1
    16:24:30.544 [pool-2-thread-365] DEBUG c.c.c.s.m.FavoriteConcurrencyTest - 실패 : Could not commit JPA transaction 
    16:24:30.544 [pool-2-thread-366] DEBUG org.hibernate.SQL - 
        select
            ni1_0.nutrition_info_id,
            ni1_0.caffeine,
            ni1_0.calories,
            ni1_0.carbohydrate,
            ni1_0.cholesterol,
            ni1_0.fat,
            ni1_0.product_id,
            ni1_0.protein,
            ni1_0.saturated_fat,
            ni1_0.sodium,
            ni1_0.sugar,
            ni1_0.trans_fat 
        from
            nutrition_info ni1_0 
        where
            ni1_0.product_id=?
    16:24:30.544 [pool-2-thread-368] DEBUG org.hibernate.SQL - 
        /* SELECT
            p 
        FROM
            Product p 
        WHERE
            p.id = :productId */ select
                p1_0.product_id,
                p1_0.category_id,
                p1_0.favorite_count,
                p1_0.price,
                p1_0.product_content,
                p1_0.product_name,
                p1_0.product_photo,
                p1_0.version 
            from
                product p1_0 
            where
                p1_0.product_id=? for update
    16:24:30.544 [pool-2-thread-366] DEBUG org.hibernate.SQL - 
        select
            f1_0.member_id,
            f1_0.product_id,
            f1_0.orderby 
        from
            favorite f1_0 
        where
            (
                f1_0.member_id, f1_0.product_id
            ) in ((?, ?))
    16:24:30.545 [pool-2-thread-366] DEBUG org.hibernate.SQL - 
        /* insert for
            com.codepresso.codepresso.entity.member.Favorite */insert 
        into
            favorite (orderby, member_id, product_id) 
        values
            (?, ?, ?)
    16:24:30.545 [pool-2-thread-366] DEBUG c.c.c.s.m.FavoritePessimisticService - 즐겨찾기 추가 성공 : memberId = 366, productId = 1
    16:24:30.545 [pool-2-thread-366] DEBUG c.c.c.s.m.FavoritePessimisticService - 메서드 종료 직전: memberId = 366, productId = 1
    16:24:30.545 [pool-2-thread-366] DEBUG c.c.c.s.m.FavoriteConcurrencyTest - 실패 : Could not commit JPA transaction 
    16:24:30.545 [pool-2-thread-307] DEBUG org.hibernate.SQL - 
        select
            ni1_0.nutrition_info_id,
            ni1_0.caffeine,
            ni1_0.calories,
            ni1_0.carbohydrate,
            ni1_0.cholesterol,
            ni1_0.fat,
            ni1_0.product_id,
            ni1_0.protein,
            ni1_0.saturated_fat,
            ni1_0.sodium,
            ni1_0.sugar,
            ni1_0.trans_fat 
        from
            nutrition_info ni1_0 
        where
            ni1_0.product_id=?
    16:24:30.545 [pool-2-thread-369] DEBUG org.hibernate.SQL - 
        /* SELECT
            p 
        FROM
            Product p 
        WHERE
            p.id = :productId */ select
                p1_0.product_id,
                p1_0.category_id,
                p1_0.favorite_count,
                p1_0.price,
                p1_0.product_content,
                p1_0.product_name,
                p1_0.product_photo,
                p1_0.version 
            from
                product p1_0 
            where
                p1_0.product_id=? for update
    16:24:30.545 [pool-2-thread-307] DEBUG org.hibernate.SQL - 
        select
            f1_0.member_id,
            f1_0.product_id,
            f1_0.orderby 
        from
            favorite f1_0 
        where
            (
                f1_0.member_id, f1_0.product_id
            ) in ((?, ?))
    16:24:30.546 [pool-2-thread-307] DEBUG org.hibernate.SQL - 
        /* insert for
            com.codepresso.codepresso.entity.member.Favorite */insert 
        into
            favorite (orderby, member_id, product_id) 
        values
            (?, ?, ?)
    16:24:30.546 [pool-2-thread-307] DEBUG c.c.c.s.m.FavoritePessimisticService - 즐겨찾기 추가 성공 : memberId = 307, productId = 1
    16:24:30.546 [pool-2-thread-307] DEBUG c.c.c.s.m.FavoritePessimisticService - 메서드 종료 직전: memberId = 307, productId = 1
    16:24:30.546 [pool-2-thread-307] DEBUG c.c.c.s.m.FavoriteConcurrencyTest - 실패 : Could not commit JPA transaction 
    16:24:30.546 [pool-2-thread-369] DEBUG org.hibernate.SQL - 
        select
            ni1_0.nutrition_info_id,
            ni1_0.caffeine,
            ni1_0.calories,
            ni1_0.carbohydrate,
            ni1_0.cholesterol,
            ni1_0.fat,
            ni1_0.product_id,
            ni1_0.protein,
            ni1_0.saturated_fat,
            ni1_0.sodium,
            ni1_0.sugar,
            ni1_0.trans_fat 
        from
            nutrition_info ni1_0 
        where
            ni1_0.product_id=?
    16:24:30.546 [pool-2-thread-370] DEBUG org.hibernate.SQL - 
        /* SELECT
            p 
        FROM
            Product p 
        WHERE
            p.id = :productId */ select
                p1_0.product_id,
                p1_0.category_id,
                p1_0.favorite_count,
                p1_0.price,
                p1_0.product_content,
                p1_0.product_name,
                p1_0.product_photo,
                p1_0.version 
            from
                product p1_0 
            where
                p1_0.product_id=? for update
    16:24:30.547 [pool-2-thread-369] DEBUG org.hibernate.SQL - 
        select
            f1_0.member_id,
            f1_0.product_id,
            f1_0.orderby 
        from
            favorite f1_0 
        where
            (
                f1_0.member_id, f1_0.product_id
            ) in ((?, ?))
    16:24:30.547 [pool-2-thread-369] DEBUG org.hibernate.SQL - 
        /* insert for
            com.codepresso.codepresso.entity.member.Favorite */insert 
        into
            favorite (orderby, member_id, product_id) 
        values
            (?, ?, ?)
    16:24:30.547 [pool-2-thread-369] DEBUG c.c.c.s.m.FavoritePessimisticService - 즐겨찾기 추가 성공 : memberId = 369, productId = 1
    16:24:30.547 [pool-2-thread-369] DEBUG c.c.c.s.m.FavoritePessimisticService - 메서드 종료 직전: memberId = 369, productId = 1
    16:24:30.547 [pool-2-thread-369] DEBUG c.c.c.s.m.FavoriteConcurrencyTest - 실패 : Could not commit JPA transaction 
    16:24:30.547 [pool-2-thread-368] DEBUG org.hibernate.SQL - 
        select
            ni1_0.nutrition_info_id,
            ni1_0.caffeine,
            ni1_0.calories,
            ni1_0.carbohydrate,
            ni1_0.cholesterol,
            ni1_0.fat,
            ni1_0.product_id,
            ni1_0.protein,
            ni1_0.saturated_fat,
            ni1_0.sodium,
            ni1_0.sugar,
            ni1_0.trans_fat 
        from
            nutrition_info ni1_0 
        where
            ni1_0.product_id=?
    16:24:30.547 [pool-2-thread-373] DEBUG org.hibernate.SQL - 
        /* SELECT
            p 
        FROM
            Product p 
        WHERE
            p.id = :productId */ select
                p1_0.product_id,
                p1_0.category_id,
                p1_0.favorite_count,
                p1_0.price,
                p1_0.product_content,
                p1_0.product_name,
                p1_0.product_photo,
                p1_0.version 
            from
                product p1_0 
            where
                p1_0.product_id=? for update
    16:24:30.548 [pool-2-thread-368] DEBUG org.hibernate.SQL - 
        select
            f1_0.member_id,
            f1_0.product_id,
            f1_0.orderby 
        from
            favorite f1_0 
        where
            (
                f1_0.member_id, f1_0.product_id
            ) in ((?, ?))
    16:24:30.548 [pool-2-thread-368] DEBUG org.hibernate.SQL - 
        /* insert for
            com.codepresso.codepresso.entity.member.Favorite */insert 
        into
            favorite (orderby, member_id, product_id) 
        values
            (?, ?, ?)
    16:24:30.548 [pool-2-thread-368] DEBUG c.c.c.s.m.FavoritePessimisticService - 즐겨찾기 추가 성공 : memberId = 368, productId = 1
    16:24:30.548 [pool-2-thread-368] DEBUG c.c.c.s.m.FavoritePessimisticService - 메서드 종료 직전: memberId = 368, productId = 1
    16:24:30.548 [pool-2-thread-368] DEBUG c.c.c.s.m.FavoriteConcurrencyTest - 실패 : Could not commit JPA transaction 
    16:24:30.548 [pool-2-thread-370] DEBUG org.hibernate.SQL - 
        select
            ni1_0.nutrition_info_id,
            ni1_0.caffeine,
            ni1_0.calories,
            ni1_0.carbohydrate,
            ni1_0.cholesterol,
            ni1_0.fat,
            ni1_0.product_id,
            ni1_0.protein,
            ni1_0.saturated_fat,
            ni1_0.sodium,
            ni1_0.sugar,
            ni1_0.trans_fat 
        from
            nutrition_info ni1_0 
        where
            ni1_0.product_id=?
    16:24:30.549 [pool-2-thread-371] DEBUG org.hibernate.SQL - 
        /* SELECT
            p 
        FROM
            Product p 
        WHERE
            p.id = :productId */ select
                p1_0.product_id,
                p1_0.category_id,
                p1_0.favorite_count,
                p1_0.price,
                p1_0.product_content,
                p1_0.product_name,
                p1_0.product_photo,
                p1_0.version 
            from
                product p1_0 
            where
                p1_0.product_id=? for update
    16:24:30.549 [pool-2-thread-370] DEBUG org.hibernate.SQL - 
        select
            f1_0.member_id,
            f1_0.product_id,
            f1_0.orderby 
        from
            favorite f1_0 
        where
            (
                f1_0.member_id, f1_0.product_id
            ) in ((?, ?))
    16:24:30.549 [pool-2-thread-370] DEBUG org.hibernate.SQL - 
        /* insert for
            com.codepresso.codepresso.entity.member.Favorite */insert 
        into
            favorite (orderby, member_id, product_id) 
        values
            (?, ?, ?)
    16:24:30.549 [pool-2-thread-370] DEBUG c.c.c.s.m.FavoritePessimisticService - 즐겨찾기 추가 성공 : memberId = 370, productId = 1
    16:24:30.549 [pool-2-thread-370] DEBUG c.c.c.s.m.FavoritePessimisticService - 메서드 종료 직전: memberId = 370, productId = 1
    16:24:30.549 [pool-2-thread-370] DEBUG c.c.c.s.m.FavoriteConcurrencyTest - 실패 : Could not commit JPA transaction 
    16:24:30.549 [pool-2-thread-373] DEBUG org.hibernate.SQL - 
        select
            ni1_0.nutrition_info_id,
            ni1_0.caffeine,
            ni1_0.calories,
            ni1_0.carbohydrate,
            ni1_0.cholesterol,
            ni1_0.fat,
            ni1_0.product_id,
            ni1_0.protein,
            ni1_0.saturated_fat,
            ni1_0.sodium,
            ni1_0.sugar,
            ni1_0.trans_fat 
        from
            nutrition_info ni1_0 
        where
            ni1_0.product_id=?
    16:24:30.550 [pool-2-thread-372] DEBUG org.hibernate.SQL - 
        /* SELECT
            p 
        FROM
            Product p 
        WHERE
            p.id = :productId */ select
                p1_0.product_id,
                p1_0.category_id,
                p1_0.favorite_count,
                p1_0.price,
                p1_0.product_content,
                p1_0.product_name,
                p1_0.product_photo,
                p1_0.version 
            from
                product p1_0 
            where
                p1_0.product_id=? for update
    16:24:30.550 [pool-2-thread-373] DEBUG org.hibernate.SQL - 
        select
            f1_0.member_id,
            f1_0.product_id,
            f1_0.orderby 
        from
            favorite f1_0 
        where
            (
                f1_0.member_id, f1_0.product_id
            ) in ((?, ?))
    16:24:30.550 [pool-2-thread-373] DEBUG org.hibernate.SQL - 
        /* insert for
            com.codepresso.codepresso.entity.member.Favorite */insert 
        into
            favorite (orderby, member_id, product_id) 
        values
            (?, ?, ?)
    16:24:30.550 [pool-2-thread-373] DEBUG c.c.c.s.m.FavoritePessimisticService - 즐겨찾기 추가 성공 : memberId = 373, productId = 1
    16:24:30.550 [pool-2-thread-373] DEBUG c.c.c.s.m.FavoritePessimisticService - 메서드 종료 직전: memberId = 373, productId = 1
    16:24:30.550 [pool-2-thread-373] DEBUG c.c.c.s.m.FavoriteConcurrencyTest - 실패 : Could not commit JPA transaction 
    16:24:30.550 [pool-2-thread-371] DEBUG org.hibernate.SQL - 
        select
            ni1_0.nutrition_info_id,
            ni1_0.caffeine,
            ni1_0.calories,
            ni1_0.carbohydrate,
            ni1_0.cholesterol,
            ni1_0.fat,
            ni1_0.product_id,
            ni1_0.protein,
            ni1_0.saturated_fat,
            ni1_0.sodium,
            ni1_0.sugar,
            ni1_0.trans_fat 
        from
            nutrition_info ni1_0 
        where
            ni1_0.product_id=?
    16:24:30.550 [pool-2-thread-374] DEBUG org.hibernate.SQL - 
        /* SELECT
            p 
        FROM
            Product p 
        WHERE
            p.id = :productId */ select
                p1_0.product_id,
                p1_0.category_id,
                p1_0.favorite_count,
                p1_0.price,
                p1_0.product_content,
                p1_0.product_name,
                p1_0.product_photo,
                p1_0.version 
            from
                product p1_0 
            where
                p1_0.product_id=? for update
    16:24:30.551 [pool-2-thread-371] DEBUG org.hibernate.SQL - 
        select
            f1_0.member_id,
            f1_0.product_id,
            f1_0.orderby 
        from
            favorite f1_0 
        where
            (
                f1_0.member_id, f1_0.product_id
            ) in ((?, ?))
    16:24:30.551 [pool-2-thread-371] DEBUG org.hibernate.SQL - 
        /* insert for
            com.codepresso.codepresso.entity.member.Favorite */insert 
        into
            favorite (orderby, member_id, product_id) 
        values
            (?, ?, ?)
    16:24:30.551 [pool-2-thread-371] DEBUG c.c.c.s.m.FavoritePessimisticService - 즐겨찾기 추가 성공 : memberId = 371, productId = 1
    16:24:30.551 [pool-2-thread-371] DEBUG c.c.c.s.m.FavoritePessimisticService - 메서드 종료 직전: memberId = 371, productId = 1
    16:24:30.552 [pool-2-thread-371] DEBUG c.c.c.s.m.FavoriteConcurrencyTest - 실패 : Could not commit JPA transaction 
    16:24:30.552 [pool-2-thread-372] DEBUG org.hibernate.SQL - 
        select
            ni1_0.nutrition_info_id,
            ni1_0.caffeine,
            ni1_0.calories,
            ni1_0.carbohydrate,
            ni1_0.cholesterol,
            ni1_0.fat,
            ni1_0.product_id,
            ni1_0.protein,
            ni1_0.saturated_fat,
            ni1_0.sodium,
            ni1_0.sugar,
            ni1_0.trans_fat 
        from
            nutrition_info ni1_0 
        where
            ni1_0.product_id=?
    16:24:30.552 [pool-2-thread-375] DEBUG org.hibernate.SQL - 
        /* SELECT
            p 
        FROM
            Product p 
        WHERE
            p.id = :productId */ select
                p1_0.product_id,
                p1_0.category_id,
                p1_0.favorite_count,
                p1_0.price,
                p1_0.product_content,
                p1_0.product_name,
                p1_0.product_photo,
                p1_0.version 
            from
                product p1_0 
            where
                p1_0.product_id=? for update
    16:24:30.552 [pool-2-thread-372] DEBUG org.hibernate.SQL - 
        select
            f1_0.member_id,
            f1_0.product_id,
            f1_0.orderby 
        from
            favorite f1_0 
        where
            (
                f1_0.member_id, f1_0.product_id
            ) in ((?, ?))
    16:24:30.552 [pool-2-thread-372] DEBUG org.hibernate.SQL - 
        /* insert for
            com.codepresso.codepresso.entity.member.Favorite */insert 
        into
            favorite (orderby, member_id, product_id) 
        values
            (?, ?, ?)
    16:24:30.553 [pool-2-thread-372] DEBUG c.c.c.s.m.FavoritePessimisticService - 즐겨찾기 추가 성공 : memberId = 372, productId = 1
    16:24:30.553 [pool-2-thread-372] DEBUG c.c.c.s.m.FavoritePessimisticService - 메서드 종료 직전: memberId = 372, productId = 1
    16:24:30.553 [pool-2-thread-372] DEBUG c.c.c.s.m.FavoriteConcurrencyTest - 실패 : Could not commit JPA transaction 
    16:24:30.553 [pool-2-thread-374] DEBUG org.hibernate.SQL - 
        select
            ni1_0.nutrition_info_id,
            ni1_0.caffeine,
            ni1_0.calories,
            ni1_0.carbohydrate,
            ni1_0.cholesterol,
            ni1_0.fat,
            ni1_0.product_id,
            ni1_0.protein,
            ni1_0.saturated_fat,
            ni1_0.sodium,
            ni1_0.sugar,
            ni1_0.trans_fat 
        from
            nutrition_info ni1_0 
        where
            ni1_0.product_id=?
    16:24:30.553 [pool-2-thread-376] DEBUG org.hibernate.SQL - 
        /* SELECT
            p 
        FROM
            Product p 
        WHERE
            p.id = :productId */ select
                p1_0.product_id,
                p1_0.category_id,
                p1_0.favorite_count,
                p1_0.price,
                p1_0.product_content,
                p1_0.product_name,
                p1_0.product_photo,
                p1_0.version 
            from
                product p1_0 
            where
                p1_0.product_id=? for update
    16:24:30.553 [pool-2-thread-374] DEBUG org.hibernate.SQL - 
        select
            f1_0.member_id,
            f1_0.product_id,
            f1_0.orderby 
        from
            favorite f1_0 
        where
            (
                f1_0.member_id, f1_0.product_id
            ) in ((?, ?))
    16:24:30.554 [pool-2-thread-374] DEBUG org.hibernate.SQL - 
        /* insert for
            com.codepresso.codepresso.entity.member.Favorite */insert 
        into
            favorite (orderby, member_id, product_id) 
        values
            (?, ?, ?)
    16:24:30.554 [pool-2-thread-374] DEBUG c.c.c.s.m.FavoritePessimisticService - 즐겨찾기 추가 성공 : memberId = 374, productId = 1
    16:24:30.554 [pool-2-thread-374] DEBUG c.c.c.s.m.FavoritePessimisticService - 메서드 종료 직전: memberId = 374, productId = 1
    16:24:30.554 [pool-2-thread-374] DEBUG c.c.c.s.m.FavoriteConcurrencyTest - 실패 : Could not commit JPA transaction 
    16:24:30.554 [pool-2-thread-375] DEBUG org.hibernate.SQL - 
        select
            ni1_0.nutrition_info_id,
            ni1_0.caffeine,
            ni1_0.calories,
            ni1_0.carbohydrate,
            ni1_0.cholesterol,
            ni1_0.fat,
            ni1_0.product_id,
            ni1_0.protein,
            ni1_0.saturated_fat,
            ni1_0.sodium,
            ni1_0.sugar,
            ni1_0.trans_fat 
        from
            nutrition_info ni1_0 
        where
            ni1_0.product_id=?
    16:24:30.554 [pool-2-thread-377] DEBUG org.hibernate.SQL - 
        /* SELECT
            p 
        FROM
            Product p 
        WHERE
            p.id = :productId */ select
                p1_0.product_id,
                p1_0.category_id,
                p1_0.favorite_count,
                p1_0.price,
                p1_0.product_content,
                p1_0.product_name,
                p1_0.product_photo,
                p1_0.version 
            from
                product p1_0 
            where
                p1_0.product_id=? for update
    16:24:30.554 [pool-2-thread-375] DEBUG org.hibernate.SQL - 
        select
            f1_0.member_id,
            f1_0.product_id,
            f1_0.orderby 
        from
            favorite f1_0 
        where
            (
                f1_0.member_id, f1_0.product_id
            ) in ((?, ?))
    16:24:30.555 [pool-2-thread-375] DEBUG org.hibernate.SQL - 
        /* insert for
            com.codepresso.codepresso.entity.member.Favorite */insert 
        into
            favorite (orderby, member_id, product_id) 
        values
            (?, ?, ?)
    16:24:30.555 [pool-2-thread-375] DEBUG c.c.c.s.m.FavoritePessimisticService - 즐겨찾기 추가 성공 : memberId = 375, productId = 1
    16:24:30.555 [pool-2-thread-375] DEBUG c.c.c.s.m.FavoritePessimisticService - 메서드 종료 직전: memberId = 375, productId = 1
    16:24:30.555 [pool-2-thread-375] DEBUG c.c.c.s.m.FavoriteConcurrencyTest - 실패 : Could not commit JPA transaction 
    16:24:30.555 [pool-2-thread-376] DEBUG org.hibernate.SQL - 
        select
            ni1_0.nutrition_info_id,
            ni1_0.caffeine,
            ni1_0.calories,
            ni1_0.carbohydrate,
            ni1_0.cholesterol,
            ni1_0.fat,
            ni1_0.product_id,
            ni1_0.protein,
            ni1_0.saturated_fat,
            ni1_0.sodium,
            ni1_0.sugar,
            ni1_0.trans_fat 
        from
            nutrition_info ni1_0 
        where
            ni1_0.product_id=?
    16:24:30.555 [pool-2-thread-378] DEBUG org.hibernate.SQL - 
        /* SELECT
            p 
        FROM
            Product p 
        WHERE
            p.id = :productId */ select
                p1_0.product_id,
                p1_0.category_id,
                p1_0.favorite_count,
                p1_0.price,
                p1_0.product_content,
                p1_0.product_name,
                p1_0.product_photo,
                p1_0.version 
            from
                product p1_0 
            where
                p1_0.product_id=? for update
    16:24:30.556 [pool-2-thread-376] DEBUG org.hibernate.SQL - 
        select
            f1_0.member_id,
            f1_0.product_id,
            f1_0.orderby 
        from
            favorite f1_0 
        where
            (
                f1_0.member_id, f1_0.product_id
            ) in ((?, ?))
    16:24:30.556 [pool-2-thread-376] DEBUG org.hibernate.SQL - 
        /* insert for
            com.codepresso.codepresso.entity.member.Favorite */insert 
        into
            favorite (orderby, member_id, product_id) 
        values
            (?, ?, ?)
    16:24:30.556 [pool-2-thread-376] DEBUG c.c.c.s.m.FavoritePessimisticService - 즐겨찾기 추가 성공 : memberId = 376, productId = 1
    16:24:30.556 [pool-2-thread-376] DEBUG c.c.c.s.m.FavoritePessimisticService - 메서드 종료 직전: memberId = 376, productId = 1
    16:24:30.556 [pool-2-thread-376] DEBUG c.c.c.s.m.FavoriteConcurrencyTest - 실패 : Could not commit JPA transaction 
    16:24:30.556 [pool-2-thread-377] DEBUG org.hibernate.SQL - 
        select
            ni1_0.nutrition_info_id,
            ni1_0.caffeine,
            ni1_0.calories,
            ni1_0.carbohydrate,
            ni1_0.cholesterol,
            ni1_0.fat,
            ni1_0.product_id,
            ni1_0.protein,
            ni1_0.saturated_fat,
            ni1_0.sodium,
            ni1_0.sugar,
            ni1_0.trans_fat 
        from
            nutrition_info ni1_0 
        where
            ni1_0.product_id=?
    16:24:30.556 [pool-2-thread-379] DEBUG org.hibernate.SQL - 
        /* SELECT
            p 
        FROM
            Product p 
        WHERE
            p.id = :productId */ select
                p1_0.product_id,
                p1_0.category_id,
                p1_0.favorite_count,
                p1_0.price,
                p1_0.product_content,
                p1_0.product_name,
                p1_0.product_photo,
                p1_0.version 
            from
                product p1_0 
            where
                p1_0.product_id=? for update
    16:24:30.557 [pool-2-thread-377] DEBUG org.hibernate.SQL - 
        select
            f1_0.member_id,
            f1_0.product_id,
            f1_0.orderby 
        from
            favorite f1_0 
        where
            (
                f1_0.member_id, f1_0.product_id
            ) in ((?, ?))
    16:24:30.557 [pool-2-thread-377] DEBUG org.hibernate.SQL - 
        /* insert for
            com.codepresso.codepresso.entity.member.Favorite */insert 
        into
            favorite (orderby, member_id, product_id) 
        values
            (?, ?, ?)
    16:24:30.557 [pool-2-thread-377] DEBUG c.c.c.s.m.FavoritePessimisticService - 즐겨찾기 추가 성공 : memberId = 377, productId = 1
    16:24:30.557 [pool-2-thread-377] DEBUG c.c.c.s.m.FavoritePessimisticService - 메서드 종료 직전: memberId = 377, productId = 1
    16:24:30.557 [pool-2-thread-377] DEBUG c.c.c.s.m.FavoriteConcurrencyTest - 실패 : Could not commit JPA transaction 
    16:24:30.557 [pool-2-thread-378] DEBUG org.hibernate.SQL - 
        select
            ni1_0.nutrition_info_id,
            ni1_0.caffeine,
            ni1_0.calories,
            ni1_0.carbohydrate,
            ni1_0.cholesterol,
            ni1_0.fat,
            ni1_0.product_id,
            ni1_0.protein,
            ni1_0.saturated_fat,
            ni1_0.sodium,
            ni1_0.sugar,
            ni1_0.trans_fat 
        from
            nutrition_info ni1_0 
        where
            ni1_0.product_id=?
    16:24:30.557 [pool-2-thread-380] DEBUG org.hibernate.SQL - 
        /* SELECT
            p 
        FROM
            Product p 
        WHERE
            p.id = :productId */ select
                p1_0.product_id,
                p1_0.category_id,
                p1_0.favorite_count,
                p1_0.price,
                p1_0.product_content,
                p1_0.product_name,
                p1_0.product_photo,
                p1_0.version 
            from
                product p1_0 
            where
                p1_0.product_id=? for update
    16:24:30.557 [pool-2-thread-378] DEBUG org.hibernate.SQL - 
        select
            f1_0.member_id,
            f1_0.product_id,
            f1_0.orderby 
        from
            favorite f1_0 
        where
            (
                f1_0.member_id, f1_0.product_id
            ) in ((?, ?))
    16:24:30.558 [pool-2-thread-378] DEBUG org.hibernate.SQL - 
        /* insert for
            com.codepresso.codepresso.entity.member.Favorite */insert 
        into
            favorite (orderby, member_id, product_id) 
        values
            (?, ?, ?)
    16:24:30.558 [pool-2-thread-378] DEBUG c.c.c.s.m.FavoritePessimisticService - 즐겨찾기 추가 성공 : memberId = 378, productId = 1
    16:24:30.558 [pool-2-thread-378] DEBUG c.c.c.s.m.FavoritePessimisticService - 메서드 종료 직전: memberId = 378, productId = 1
    16:24:30.558 [pool-2-thread-378] DEBUG c.c.c.s.m.FavoriteConcurrencyTest - 실패 : Could not commit JPA transaction 
    16:24:30.559 [pool-2-thread-383] DEBUG org.hibernate.SQL - 
        /* SELECT
            p 
        FROM
            Product p 
        WHERE
            p.id = :productId */ select
                p1_0.product_id,
                p1_0.category_id,
                p1_0.favorite_count,
                p1_0.price,
                p1_0.product_content,
                p1_0.product_name,
                p1_0.product_photo,
                p1_0.version 
            from
                product p1_0 
            where
                p1_0.product_id=? for update
    16:24:30.559 [pool-2-thread-379] DEBUG org.hibernate.SQL - 
        select
            ni1_0.nutrition_info_id,
            ni1_0.caffeine,
            ni1_0.calories,
            ni1_0.carbohydrate,
            ni1_0.cholesterol,
            ni1_0.fat,
            ni1_0.product_id,
            ni1_0.protein,
            ni1_0.saturated_fat,
            ni1_0.sodium,
            ni1_0.sugar,
            ni1_0.trans_fat 
        from
            nutrition_info ni1_0 
        where
            ni1_0.product_id=?
    16:24:30.559 [pool-2-thread-379] DEBUG org.hibernate.SQL - 
        select
            f1_0.member_id,
            f1_0.product_id,
            f1_0.orderby 
        from
            favorite f1_0 
        where
            (
                f1_0.member_id, f1_0.product_id
            ) in ((?, ?))
    16:24:30.560 [pool-2-thread-379] DEBUG org.hibernate.SQL - 
        /* insert for
            com.codepresso.codepresso.entity.member.Favorite */insert 
        into
            favorite (orderby, member_id, product_id) 
        values
            (?, ?, ?)
    16:24:30.560 [pool-2-thread-379] DEBUG c.c.c.s.m.FavoritePessimisticService - 즐겨찾기 추가 성공 : memberId = 379, productId = 1
    16:24:30.560 [pool-2-thread-379] DEBUG c.c.c.s.m.FavoritePessimisticService - 메서드 종료 직전: memberId = 379, productId = 1
    16:24:30.560 [pool-2-thread-379] DEBUG c.c.c.s.m.FavoriteConcurrencyTest - 실패 : Could not commit JPA transaction 
    16:24:30.560 [pool-2-thread-383] DEBUG org.hibernate.SQL - 
        select
            ni1_0.nutrition_info_id,
            ni1_0.caffeine,
            ni1_0.calories,
            ni1_0.carbohydrate,
            ni1_0.cholesterol,
            ni1_0.fat,
            ni1_0.product_id,
            ni1_0.protein,
            ni1_0.saturated_fat,
            ni1_0.sodium,
            ni1_0.sugar,
            ni1_0.trans_fat 
        from
            nutrition_info ni1_0 
        where
            ni1_0.product_id=?
    16:24:30.560 [pool-2-thread-382] DEBUG org.hibernate.SQL - 
        /* SELECT
            p 
        FROM
            Product p 
        WHERE
            p.id = :productId */ select
                p1_0.product_id,
                p1_0.category_id,
                p1_0.favorite_count,
                p1_0.price,
                p1_0.product_content,
                p1_0.product_name,
                p1_0.product_photo,
                p1_0.version 
            from
                product p1_0 
            where
                p1_0.product_id=? for update
    16:24:30.561 [pool-2-thread-383] DEBUG org.hibernate.SQL - 
        select
            f1_0.member_id,
            f1_0.product_id,
            f1_0.orderby 
        from
            favorite f1_0 
        where
            (
                f1_0.member_id, f1_0.product_id
            ) in ((?, ?))
    16:24:30.561 [pool-2-thread-383] DEBUG org.hibernate.SQL - 
        /* insert for
            com.codepresso.codepresso.entity.member.Favorite */insert 
        into
            favorite (orderby, member_id, product_id) 
        values
            (?, ?, ?)
    16:24:30.561 [pool-2-thread-383] DEBUG c.c.c.s.m.FavoritePessimisticService - 즐겨찾기 추가 성공 : memberId = 383, productId = 1
    16:24:30.561 [pool-2-thread-383] DEBUG c.c.c.s.m.FavoritePessimisticService - 메서드 종료 직전: memberId = 383, productId = 1
    16:24:30.562 [pool-2-thread-383] DEBUG c.c.c.s.m.FavoriteConcurrencyTest - 실패 : Could not commit JPA transaction 
    16:24:30.562 [pool-2-thread-380] DEBUG org.hibernate.SQL - 
        select
            ni1_0.nutrition_info_id,
            ni1_0.caffeine,
            ni1_0.calories,
            ni1_0.carbohydrate,
            ni1_0.cholesterol,
            ni1_0.fat,
            ni1_0.product_id,
            ni1_0.protein,
            ni1_0.saturated_fat,
            ni1_0.sodium,
            ni1_0.sugar,
            ni1_0.trans_fat 
        from
            nutrition_info ni1_0 
        where
            ni1_0.product_id=?
    16:24:30.562 [pool-2-thread-381] DEBUG org.hibernate.SQL - 
        /* SELECT
            p 
        FROM
            Product p 
        WHERE
            p.id = :productId */ select
                p1_0.product_id,
                p1_0.category_id,
                p1_0.favorite_count,
                p1_0.price,
                p1_0.product_content,
                p1_0.product_name,
                p1_0.product_photo,
                p1_0.version 
            from
                product p1_0 
            where
                p1_0.product_id=? for update
    16:24:30.562 [pool-2-thread-380] DEBUG org.hibernate.SQL - 
        select
            f1_0.member_id,
            f1_0.product_id,
            f1_0.orderby 
        from
            favorite f1_0 
        where
            (
                f1_0.member_id, f1_0.product_id
            ) in ((?, ?))
    16:24:30.563 [pool-2-thread-380] DEBUG org.hibernate.SQL - 
        /* insert for
            com.codepresso.codepresso.entity.member.Favorite */insert 
        into
            favorite (orderby, member_id, product_id) 
        values
            (?, ?, ?)
    16:24:30.563 [pool-2-thread-380] DEBUG c.c.c.s.m.FavoritePessimisticService - 즐겨찾기 추가 성공 : memberId = 380, productId = 1
    16:24:30.563 [pool-2-thread-380] DEBUG c.c.c.s.m.FavoritePessimisticService - 메서드 종료 직전: memberId = 380, productId = 1
    16:24:30.563 [pool-2-thread-380] DEBUG c.c.c.s.m.FavoriteConcurrencyTest - 실패 : Could not commit JPA transaction 
    16:24:30.563 [pool-2-thread-382] DEBUG org.hibernate.SQL - 
        select
            ni1_0.nutrition_info_id,
            ni1_0.caffeine,
            ni1_0.calories,
            ni1_0.carbohydrate,
            ni1_0.cholesterol,
            ni1_0.fat,
            ni1_0.product_id,
            ni1_0.protein,
            ni1_0.saturated_fat,
            ni1_0.sodium,
            ni1_0.sugar,
            ni1_0.trans_fat 
        from
            nutrition_info ni1_0 
        where
            ni1_0.product_id=?
    16:24:30.563 [pool-2-thread-384] DEBUG org.hibernate.SQL - 
        /* SELECT
            p 
        FROM
            Product p 
        WHERE
            p.id = :productId */ select
                p1_0.product_id,
                p1_0.category_id,
                p1_0.favorite_count,
                p1_0.price,
                p1_0.product_content,
                p1_0.product_name,
                p1_0.product_photo,
                p1_0.version 
            from
                product p1_0 
            where
                p1_0.product_id=? for update
    16:24:30.563 [pool-2-thread-382] DEBUG org.hibernate.SQL - 
        select
            f1_0.member_id,
            f1_0.product_id,
            f1_0.orderby 
        from
            favorite f1_0 
        where
            (
                f1_0.member_id, f1_0.product_id
            ) in ((?, ?))
    16:24:30.564 [pool-2-thread-382] DEBUG org.hibernate.SQL - 
        /* insert for
            com.codepresso.codepresso.entity.member.Favorite */insert 
        into
            favorite (orderby, member_id, product_id) 
        values
            (?, ?, ?)
    16:24:30.564 [pool-2-thread-382] DEBUG c.c.c.s.m.FavoritePessimisticService - 즐겨찾기 추가 성공 : memberId = 382, productId = 1
    16:24:30.564 [pool-2-thread-382] DEBUG c.c.c.s.m.FavoritePessimisticService - 메서드 종료 직전: memberId = 382, productId = 1
    16:24:30.564 [pool-2-thread-382] DEBUG c.c.c.s.m.FavoriteConcurrencyTest - 실패 : Could not commit JPA transaction 
    16:24:30.564 [pool-2-thread-381] DEBUG org.hibernate.SQL - 
        select
            ni1_0.nutrition_info_id,
            ni1_0.caffeine,
            ni1_0.calories,
            ni1_0.carbohydrate,
            ni1_0.cholesterol,
            ni1_0.fat,
            ni1_0.product_id,
            ni1_0.protein,
            ni1_0.saturated_fat,
            ni1_0.sodium,
            ni1_0.sugar,
            ni1_0.trans_fat 
        from
            nutrition_info ni1_0 
        where
            ni1_0.product_id=?
    16:24:30.564 [pool-2-thread-385] DEBUG org.hibernate.SQL - 
        /* SELECT
            p 
        FROM
            Product p 
        WHERE
            p.id = :productId */ select
                p1_0.product_id,
                p1_0.category_id,
                p1_0.favorite_count,
                p1_0.price,
                p1_0.product_content,
                p1_0.product_name,
                p1_0.product_photo,
                p1_0.version 
            from
                product p1_0 
            where
                p1_0.product_id=? for update
    16:24:30.565 [pool-2-thread-381] DEBUG org.hibernate.SQL - 
        select
            f1_0.member_id,
            f1_0.product_id,
            f1_0.orderby 
        from
            favorite f1_0 
        where
            (
                f1_0.member_id, f1_0.product_id
            ) in ((?, ?))
    16:24:30.565 [pool-2-thread-381] DEBUG org.hibernate.SQL - 
        /* insert for
            com.codepresso.codepresso.entity.member.Favorite */insert 
        into
            favorite (orderby, member_id, product_id) 
        values
            (?, ?, ?)
    16:24:30.565 [pool-2-thread-381] DEBUG c.c.c.s.m.FavoritePessimisticService - 즐겨찾기 추가 성공 : memberId = 381, productId = 1
    16:24:30.565 [pool-2-thread-381] DEBUG c.c.c.s.m.FavoritePessimisticService - 메서드 종료 직전: memberId = 381, productId = 1
    16:24:30.565 [pool-2-thread-381] DEBUG c.c.c.s.m.FavoriteConcurrencyTest - 실패 : Could not commit JPA transaction 
    16:24:30.565 [pool-2-thread-384] DEBUG org.hibernate.SQL - 
        select
            ni1_0.nutrition_info_id,
            ni1_0.caffeine,
            ni1_0.calories,
            ni1_0.carbohydrate,
            ni1_0.cholesterol,
            ni1_0.fat,
            ni1_0.product_id,
            ni1_0.protein,
            ni1_0.saturated_fat,
            ni1_0.sodium,
            ni1_0.sugar,
            ni1_0.trans_fat 
        from
            nutrition_info ni1_0 
        where
            ni1_0.product_id=?
    16:24:30.565 [pool-2-thread-386] DEBUG org.hibernate.SQL - 
        /* SELECT
            p 
        FROM
            Product p 
        WHERE
            p.id = :productId */ select
                p1_0.product_id,
                p1_0.category_id,
                p1_0.favorite_count,
                p1_0.price,
                p1_0.product_content,
                p1_0.product_name,
                p1_0.product_photo,
                p1_0.version 
            from
                product p1_0 
            where
                p1_0.product_id=? for update
    16:24:30.566 [pool-2-thread-384] DEBUG org.hibernate.SQL - 
        select
            f1_0.member_id,
            f1_0.product_id,
            f1_0.orderby 
        from
            favorite f1_0 
        where
            (
                f1_0.member_id, f1_0.product_id
            ) in ((?, ?))
    16:24:30.566 [pool-2-thread-384] DEBUG org.hibernate.SQL - 
        /* insert for
            com.codepresso.codepresso.entity.member.Favorite */insert 
        into
            favorite (orderby, member_id, product_id) 
        values
            (?, ?, ?)
    16:24:30.566 [pool-2-thread-384] DEBUG c.c.c.s.m.FavoritePessimisticService - 즐겨찾기 추가 성공 : memberId = 384, productId = 1
    16:24:30.566 [pool-2-thread-384] DEBUG c.c.c.s.m.FavoritePessimisticService - 메서드 종료 직전: memberId = 384, productId = 1
    16:24:30.566 [pool-2-thread-384] DEBUG c.c.c.s.m.FavoriteConcurrencyTest - 실패 : Could not commit JPA transaction 
    16:24:30.567 [pool-2-thread-385] DEBUG org.hibernate.SQL - 
        select
            ni1_0.nutrition_info_id,
            ni1_0.caffeine,
            ni1_0.calories,
            ni1_0.carbohydrate,
            ni1_0.cholesterol,
            ni1_0.fat,
            ni1_0.product_id,
            ni1_0.protein,
            ni1_0.saturated_fat,
            ni1_0.sodium,
            ni1_0.sugar,
            ni1_0.trans_fat 
        from
            nutrition_info ni1_0 
        where
            ni1_0.product_id=?
    16:24:30.567 [pool-2-thread-387] DEBUG org.hibernate.SQL - 
        /* SELECT
            p 
        FROM
            Product p 
        WHERE
            p.id = :productId */ select
                p1_0.product_id,
                p1_0.category_id,
                p1_0.favorite_count,
                p1_0.price,
                p1_0.product_content,
                p1_0.product_name,
                p1_0.product_photo,
                p1_0.version 
            from
                product p1_0 
            where
                p1_0.product_id=? for update
    16:24:30.567 [pool-2-thread-385] DEBUG org.hibernate.SQL - 
        select
            f1_0.member_id,
            f1_0.product_id,
            f1_0.orderby 
        from
            favorite f1_0 
        where
            (
                f1_0.member_id, f1_0.product_id
            ) in ((?, ?))
    16:24:30.568 [pool-2-thread-385] DEBUG org.hibernate.SQL - 
        /* insert for
            com.codepresso.codepresso.entity.member.Favorite */insert 
        into
            favorite (orderby, member_id, product_id) 
        values
            (?, ?, ?)
    16:24:30.568 [pool-2-thread-385] DEBUG c.c.c.s.m.FavoritePessimisticService - 즐겨찾기 추가 성공 : memberId = 385, productId = 1
    16:24:30.568 [pool-2-thread-385] DEBUG c.c.c.s.m.FavoritePessimisticService - 메서드 종료 직전: memberId = 385, productId = 1
    16:24:30.568 [pool-2-thread-385] DEBUG c.c.c.s.m.FavoriteConcurrencyTest - 실패 : Could not commit JPA transaction 
    16:24:30.568 [pool-2-thread-349] DEBUG org.hibernate.SQL - 
        select
            ni1_0.nutrition_info_id,
            ni1_0.caffeine,
            ni1_0.calories,
            ni1_0.carbohydrate,
            ni1_0.cholesterol,
            ni1_0.fat,
            ni1_0.product_id,
            ni1_0.protein,
            ni1_0.saturated_fat,
            ni1_0.sodium,
            ni1_0.sugar,
            ni1_0.trans_fat 
        from
            nutrition_info ni1_0 
        where
            ni1_0.product_id=?
    16:24:30.569 [pool-2-thread-388] DEBUG org.hibernate.SQL - 
        /* SELECT
            p 
        FROM
            Product p 
        WHERE
            p.id = :productId */ select
                p1_0.product_id,
                p1_0.category_id,
                p1_0.favorite_count,
                p1_0.price,
                p1_0.product_content,
                p1_0.product_name,
                p1_0.product_photo,
                p1_0.version 
            from
                product p1_0 
            where
                p1_0.product_id=? for update
    16:24:30.569 [pool-2-thread-349] DEBUG org.hibernate.SQL - 
        select
            f1_0.member_id,
            f1_0.product_id,
            f1_0.orderby 
        from
            favorite f1_0 
        where
            (
                f1_0.member_id, f1_0.product_id
            ) in ((?, ?))
    16:24:30.570 [pool-2-thread-349] DEBUG org.hibernate.SQL - 
        /* insert for
            com.codepresso.codepresso.entity.member.Favorite */insert 
        into
            favorite (orderby, member_id, product_id) 
        values
            (?, ?, ?)
    16:24:30.570 [pool-2-thread-349] DEBUG c.c.c.s.m.FavoritePessimisticService - 즐겨찾기 추가 성공 : memberId = 349, productId = 1
    16:24:30.570 [pool-2-thread-349] DEBUG c.c.c.s.m.FavoritePessimisticService - 메서드 종료 직전: memberId = 349, productId = 1
    16:24:30.570 [pool-2-thread-349] DEBUG c.c.c.s.m.FavoriteConcurrencyTest - 실패 : Could not commit JPA transaction 
    16:24:30.570 [pool-2-thread-333] DEBUG org.hibernate.SQL - 
        select
            ni1_0.nutrition_info_id,
            ni1_0.caffeine,
            ni1_0.calories,
            ni1_0.carbohydrate,
            ni1_0.cholesterol,
            ni1_0.fat,
            ni1_0.product_id,
            ni1_0.protein,
            ni1_0.saturated_fat,
            ni1_0.sodium,
            ni1_0.sugar,
            ni1_0.trans_fat 
        from
            nutrition_info ni1_0 
        where
            ni1_0.product_id=?
    16:24:30.570 [pool-2-thread-389] DEBUG org.hibernate.SQL - 
        /* SELECT
            p 
        FROM
            Product p 
        WHERE
            p.id = :productId */ select
                p1_0.product_id,
                p1_0.category_id,
                p1_0.favorite_count,
                p1_0.price,
                p1_0.product_content,
                p1_0.product_name,
                p1_0.product_photo,
                p1_0.version 
            from
                product p1_0 
            where
                p1_0.product_id=? for update
    16:24:30.571 [pool-2-thread-333] DEBUG org.hibernate.SQL - 
        select
            f1_0.member_id,
            f1_0.product_id,
            f1_0.orderby 
        from
            favorite f1_0 
        where
            (
                f1_0.member_id, f1_0.product_id
            ) in ((?, ?))
    16:24:30.571 [pool-2-thread-333] DEBUG org.hibernate.SQL - 
        /* insert for
            com.codepresso.codepresso.entity.member.Favorite */insert 
        into
            favorite (orderby, member_id, product_id) 
        values
            (?, ?, ?)
    16:24:30.571 [pool-2-thread-333] DEBUG c.c.c.s.m.FavoritePessimisticService - 즐겨찾기 추가 성공 : memberId = 333, productId = 1
    16:24:30.571 [pool-2-thread-333] DEBUG c.c.c.s.m.FavoritePessimisticService - 메서드 종료 직전: memberId = 333, productId = 1
    16:24:30.571 [pool-2-thread-333] DEBUG c.c.c.s.m.FavoriteConcurrencyTest - 실패 : Could not commit JPA transaction 
    16:24:30.572 [pool-2-thread-388] DEBUG org.hibernate.SQL - 
        select
            ni1_0.nutrition_info_id,
            ni1_0.caffeine,
            ni1_0.calories,
            ni1_0.carbohydrate,
            ni1_0.cholesterol,
            ni1_0.fat,
            ni1_0.product_id,
            ni1_0.protein,
            ni1_0.saturated_fat,
            ni1_0.sodium,
            ni1_0.sugar,
            ni1_0.trans_fat 
        from
            nutrition_info ni1_0 
        where
            ni1_0.product_id=?
    16:24:30.572 [pool-2-thread-11] DEBUG org.hibernate.SQL - 
        /* SELECT
            p 
        FROM
            Product p 
        WHERE
            p.id = :productId */ select
                p1_0.product_id,
                p1_0.category_id,
                p1_0.favorite_count,
                p1_0.price,
                p1_0.product_content,
                p1_0.product_name,
                p1_0.product_photo,
                p1_0.version 
            from
                product p1_0 
            where
                p1_0.product_id=? for update
    16:24:30.572 [pool-2-thread-388] DEBUG org.hibernate.SQL - 
        select
            f1_0.member_id,
            f1_0.product_id,
            f1_0.orderby 
        from
            favorite f1_0 
        where
            (
                f1_0.member_id, f1_0.product_id
            ) in ((?, ?))
    16:24:30.572 [pool-2-thread-388] DEBUG org.hibernate.SQL - 
        /* insert for
            com.codepresso.codepresso.entity.member.Favorite */insert 
        into
            favorite (orderby, member_id, product_id) 
        values
            (?, ?, ?)
    16:24:30.572 [pool-2-thread-388] DEBUG c.c.c.s.m.FavoritePessimisticService - 즐겨찾기 추가 성공 : memberId = 388, productId = 1
    16:24:30.572 [pool-2-thread-388] DEBUG c.c.c.s.m.FavoritePessimisticService - 메서드 종료 직전: memberId = 388, productId = 1
    16:24:30.573 [pool-2-thread-388] DEBUG c.c.c.s.m.FavoriteConcurrencyTest - 실패 : Could not commit JPA transaction 
    16:24:30.573 [pool-2-thread-387] DEBUG org.hibernate.SQL - 
        select
            ni1_0.nutrition_info_id,
            ni1_0.caffeine,
            ni1_0.calories,
            ni1_0.carbohydrate,
            ni1_0.cholesterol,
            ni1_0.fat,
            ni1_0.product_id,
            ni1_0.protein,
            ni1_0.saturated_fat,
            ni1_0.sodium,
            ni1_0.sugar,
            ni1_0.trans_fat 
        from
            nutrition_info ni1_0 
        where
            ni1_0.product_id=?
    16:24:30.573 [pool-2-thread-391] DEBUG org.hibernate.SQL - 
        /* SELECT
            p 
        FROM
            Product p 
        WHERE
            p.id = :productId */ select
                p1_0.product_id,
                p1_0.category_id,
                p1_0.favorite_count,
                p1_0.price,
                p1_0.product_content,
                p1_0.product_name,
                p1_0.product_photo,
                p1_0.version 
            from
                product p1_0 
            where
                p1_0.product_id=? for update
    16:24:30.573 [pool-2-thread-387] DEBUG org.hibernate.SQL - 
        select
            f1_0.member_id,
            f1_0.product_id,
            f1_0.orderby 
        from
            favorite f1_0 
        where
            (
                f1_0.member_id, f1_0.product_id
            ) in ((?, ?))
    16:24:30.573 [pool-2-thread-387] DEBUG org.hibernate.SQL - 
        /* insert for
            com.codepresso.codepresso.entity.member.Favorite */insert 
        into
            favorite (orderby, member_id, product_id) 
        values
            (?, ?, ?)
    16:24:30.573 [pool-2-thread-387] DEBUG c.c.c.s.m.FavoritePessimisticService - 즐겨찾기 추가 성공 : memberId = 387, productId = 1
    16:24:30.573 [pool-2-thread-387] DEBUG c.c.c.s.m.FavoritePessimisticService - 메서드 종료 직전: memberId = 387, productId = 1
    16:24:30.574 [pool-2-thread-387] DEBUG c.c.c.s.m.FavoriteConcurrencyTest - 실패 : Could not commit JPA transaction 
    16:24:30.574 [pool-2-thread-11] DEBUG org.hibernate.SQL - 
        select
            ni1_0.nutrition_info_id,
            ni1_0.caffeine,
            ni1_0.calories,
            ni1_0.carbohydrate,
            ni1_0.cholesterol,
            ni1_0.fat,
            ni1_0.product_id,
            ni1_0.protein,
            ni1_0.saturated_fat,
            ni1_0.sodium,
            ni1_0.sugar,
            ni1_0.trans_fat 
        from
            nutrition_info ni1_0 
        where
            ni1_0.product_id=?
    16:24:30.574 [pool-2-thread-392] DEBUG org.hibernate.SQL - 
        /* SELECT
            p 
        FROM
            Product p 
        WHERE
            p.id = :productId */ select
                p1_0.product_id,
                p1_0.category_id,
                p1_0.favorite_count,
                p1_0.price,
                p1_0.product_content,
                p1_0.product_name,
                p1_0.product_photo,
                p1_0.version 
            from
                product p1_0 
            where
                p1_0.product_id=? for update
    16:24:30.574 [pool-2-thread-11] DEBUG org.hibernate.SQL - 
        select
            f1_0.member_id,
            f1_0.product_id,
            f1_0.orderby 
        from
            favorite f1_0 
        where
            (
                f1_0.member_id, f1_0.product_id
            ) in ((?, ?))
    16:24:30.574 [pool-2-thread-11] DEBUG org.hibernate.SQL - 
        /* insert for
            com.codepresso.codepresso.entity.member.Favorite */insert 
        into
            favorite (orderby, member_id, product_id) 
        values
            (?, ?, ?)
    16:24:30.575 [pool-2-thread-11] DEBUG c.c.c.s.m.FavoritePessimisticService - 즐겨찾기 추가 성공 : memberId = 11, productId = 1
    16:24:30.575 [pool-2-thread-11] DEBUG c.c.c.s.m.FavoritePessimisticService - 메서드 종료 직전: memberId = 11, productId = 1
    16:24:30.575 [pool-2-thread-11] DEBUG c.c.c.s.m.FavoriteConcurrencyTest - 실패 : Could not commit JPA transaction 
    16:24:30.575 [pool-2-thread-393] DEBUG org.hibernate.SQL - 
        /* SELECT
            p 
        FROM
            Product p 
        WHERE
            p.id = :productId */ select
                p1_0.product_id,
                p1_0.category_id,
                p1_0.favorite_count,
                p1_0.price,
                p1_0.product_content,
                p1_0.product_name,
                p1_0.product_photo,
                p1_0.version 
            from
                product p1_0 
            where
                p1_0.product_id=? for update
    16:24:30.575 [pool-2-thread-391] DEBUG org.hibernate.SQL - 
        select
            ni1_0.nutrition_info_id,
            ni1_0.caffeine,
            ni1_0.calories,
            ni1_0.carbohydrate,
            ni1_0.cholesterol,
            ni1_0.fat,
            ni1_0.product_id,
            ni1_0.protein,
            ni1_0.saturated_fat,
            ni1_0.sodium,
            ni1_0.sugar,
            ni1_0.trans_fat 
        from
            nutrition_info ni1_0 
        where
            ni1_0.product_id=?
    16:24:30.576 [pool-2-thread-391] DEBUG org.hibernate.SQL - 
        select
            f1_0.member_id,
            f1_0.product_id,
            f1_0.orderby 
        from
            favorite f1_0 
        where
            (
                f1_0.member_id, f1_0.product_id
            ) in ((?, ?))
    16:24:30.576 [pool-2-thread-391] DEBUG org.hibernate.SQL - 
        /* insert for
            com.codepresso.codepresso.entity.member.Favorite */insert 
        into
            favorite (orderby, member_id, product_id) 
        values
            (?, ?, ?)
    16:24:30.576 [pool-2-thread-391] DEBUG c.c.c.s.m.FavoritePessimisticService - 즐겨찾기 추가 성공 : memberId = 391, productId = 1
    16:24:30.576 [pool-2-thread-391] DEBUG c.c.c.s.m.FavoritePessimisticService - 메서드 종료 직전: memberId = 391, productId = 1
    16:24:30.577 [pool-2-thread-391] DEBUG c.c.c.s.m.FavoriteConcurrencyTest - 실패 : Could not commit JPA transaction 
    16:24:30.577 [pool-2-thread-392] DEBUG org.hibernate.SQL - 
        select
            ni1_0.nutrition_info_id,
            ni1_0.caffeine,
            ni1_0.calories,
            ni1_0.carbohydrate,
            ni1_0.cholesterol,
            ni1_0.fat,
            ni1_0.product_id,
            ni1_0.protein,
            ni1_0.saturated_fat,
            ni1_0.sodium,
            ni1_0.sugar,
            ni1_0.trans_fat 
        from
            nutrition_info ni1_0 
        where
            ni1_0.product_id=?
    16:24:30.577 [pool-2-thread-394] DEBUG org.hibernate.SQL - 
        /* SELECT
            p 
        FROM
            Product p 
        WHERE
            p.id = :productId */ select
                p1_0.product_id,
                p1_0.category_id,
                p1_0.favorite_count,
                p1_0.price,
                p1_0.product_content,
                p1_0.product_name,
                p1_0.product_photo,
                p1_0.version 
            from
                product p1_0 
            where
                p1_0.product_id=? for update
    16:24:30.577 [pool-2-thread-392] DEBUG org.hibernate.SQL - 
        select
            f1_0.member_id,
            f1_0.product_id,
            f1_0.orderby 
        from
            favorite f1_0 
        where
            (
                f1_0.member_id, f1_0.product_id
            ) in ((?, ?))
    16:24:30.578 [pool-2-thread-392] DEBUG org.hibernate.SQL - 
        /* insert for
            com.codepresso.codepresso.entity.member.Favorite */insert 
        into
            favorite (orderby, member_id, product_id) 
        values
            (?, ?, ?)
    16:24:30.578 [pool-2-thread-392] DEBUG c.c.c.s.m.FavoritePessimisticService - 즐겨찾기 추가 성공 : memberId = 392, productId = 1
    16:24:30.578 [pool-2-thread-392] DEBUG c.c.c.s.m.FavoritePessimisticService - 메서드 종료 직전: memberId = 392, productId = 1
    16:24:30.579 [pool-2-thread-393] DEBUG org.hibernate.SQL - 
        select
            ni1_0.nutrition_info_id,
            ni1_0.caffeine,
            ni1_0.calories,
            ni1_0.carbohydrate,
            ni1_0.cholesterol,
            ni1_0.fat,
            ni1_0.product_id,
            ni1_0.protein,
            ni1_0.saturated_fat,
            ni1_0.sodium,
            ni1_0.sugar,
            ni1_0.trans_fat 
        from
            nutrition_info ni1_0 
        where
            ni1_0.product_id=?
    16:24:30.579 [pool-2-thread-392] DEBUG c.c.c.s.m.FavoriteConcurrencyTest - 실패 : Could not commit JPA transaction 
    16:24:30.579 [pool-2-thread-393] DEBUG org.hibernate.SQL - 
        select
            f1_0.member_id,
            f1_0.product_id,
            f1_0.orderby 
        from
            favorite f1_0 
        where
            (
                f1_0.member_id, f1_0.product_id
            ) in ((?, ?))
    16:24:30.579 [pool-2-thread-395] DEBUG org.hibernate.SQL - 
        /* SELECT
            p 
        FROM
            Product p 
        WHERE
            p.id = :productId */ select
                p1_0.product_id,
                p1_0.category_id,
                p1_0.favorite_count,
                p1_0.price,
                p1_0.product_content,
                p1_0.product_name,
                p1_0.product_photo,
                p1_0.version 
            from
                product p1_0 
            where
                p1_0.product_id=? for update
    16:24:30.579 [pool-2-thread-393] DEBUG org.hibernate.SQL - 
        /* insert for
            com.codepresso.codepresso.entity.member.Favorite */insert 
        into
            favorite (orderby, member_id, product_id) 
        values
            (?, ?, ?)
    16:24:30.579 [pool-2-thread-393] DEBUG c.c.c.s.m.FavoritePessimisticService - 즐겨찾기 추가 성공 : memberId = 393, productId = 1
    16:24:30.579 [pool-2-thread-393] DEBUG c.c.c.s.m.FavoritePessimisticService - 메서드 종료 직전: memberId = 393, productId = 1
    16:24:30.580 [pool-2-thread-393] DEBUG c.c.c.s.m.FavoriteConcurrencyTest - 실패 : Could not commit JPA transaction 
    16:24:30.580 [pool-2-thread-394] DEBUG org.hibernate.SQL - 
        select
            ni1_0.nutrition_info_id,
            ni1_0.caffeine,
            ni1_0.calories,
            ni1_0.carbohydrate,
            ni1_0.cholesterol,
            ni1_0.fat,
            ni1_0.product_id,
            ni1_0.protein,
            ni1_0.saturated_fat,
            ni1_0.sodium,
            ni1_0.sugar,
            ni1_0.trans_fat 
        from
            nutrition_info ni1_0 
        where
            ni1_0.product_id=?
    16:24:30.580 [pool-2-thread-396] DEBUG org.hibernate.SQL - 
        /* SELECT
            p 
        FROM
            Product p 
        WHERE
            p.id = :productId */ select
                p1_0.product_id,
                p1_0.category_id,
                p1_0.favorite_count,
                p1_0.price,
                p1_0.product_content,
                p1_0.product_name,
                p1_0.product_photo,
                p1_0.version 
            from
                product p1_0 
            where
                p1_0.product_id=? for update
    16:24:30.580 [pool-2-thread-394] DEBUG org.hibernate.SQL - 
        select
            f1_0.member_id,
            f1_0.product_id,
            f1_0.orderby 
        from
            favorite f1_0 
        where
            (
                f1_0.member_id, f1_0.product_id
            ) in ((?, ?))
    16:24:30.580 [pool-2-thread-394] DEBUG org.hibernate.SQL - 
        /* insert for
            com.codepresso.codepresso.entity.member.Favorite */insert 
        into
            favorite (orderby, member_id, product_id) 
        values
            (?, ?, ?)
    16:24:30.581 [pool-2-thread-394] DEBUG c.c.c.s.m.FavoritePessimisticService - 즐겨찾기 추가 성공 : memberId = 394, productId = 1
    16:24:30.581 [pool-2-thread-394] DEBUG c.c.c.s.m.FavoritePessimisticService - 메서드 종료 직전: memberId = 394, productId = 1
    16:24:30.581 [pool-2-thread-394] DEBUG c.c.c.s.m.FavoriteConcurrencyTest - 실패 : Could not commit JPA transaction 
    16:24:30.581 [pool-2-thread-395] DEBUG org.hibernate.SQL - 
        select
            ni1_0.nutrition_info_id,
            ni1_0.caffeine,
            ni1_0.calories,
            ni1_0.carbohydrate,
            ni1_0.cholesterol,
            ni1_0.fat,
            ni1_0.product_id,
            ni1_0.protein,
            ni1_0.saturated_fat,
            ni1_0.sodium,
            ni1_0.sugar,
            ni1_0.trans_fat 
        from
            nutrition_info ni1_0 
        where
            ni1_0.product_id=?
    16:24:30.581 [pool-2-thread-397] DEBUG org.hibernate.SQL - 
        /* SELECT
            p 
        FROM
            Product p 
        WHERE
            p.id = :productId */ select
                p1_0.product_id,
                p1_0.category_id,
                p1_0.favorite_count,
                p1_0.price,
                p1_0.product_content,
                p1_0.product_name,
                p1_0.product_photo,
                p1_0.version 
            from
                product p1_0 
            where
                p1_0.product_id=? for update
    16:24:30.581 [pool-2-thread-395] DEBUG org.hibernate.SQL - 
        select
            f1_0.member_id,
            f1_0.product_id,
            f1_0.orderby 
        from
            favorite f1_0 
        where
            (
                f1_0.member_id, f1_0.product_id
            ) in ((?, ?))
    16:24:30.582 [pool-2-thread-395] DEBUG org.hibernate.SQL - 
        /* insert for
            com.codepresso.codepresso.entity.member.Favorite */insert 
        into
            favorite (orderby, member_id, product_id) 
        values
            (?, ?, ?)
    16:24:30.582 [pool-2-thread-395] DEBUG c.c.c.s.m.FavoritePessimisticService - 즐겨찾기 추가 성공 : memberId = 395, productId = 1
    16:24:30.582 [pool-2-thread-395] DEBUG c.c.c.s.m.FavoritePessimisticService - 메서드 종료 직전: memberId = 395, productId = 1
    16:24:30.582 [pool-2-thread-395] DEBUG c.c.c.s.m.FavoriteConcurrencyTest - 실패 : Could not commit JPA transaction 
    16:24:30.582 [pool-2-thread-396] DEBUG org.hibernate.SQL - 
        select
            ni1_0.nutrition_info_id,
            ni1_0.caffeine,
            ni1_0.calories,
            ni1_0.carbohydrate,
            ni1_0.cholesterol,
            ni1_0.fat,
            ni1_0.product_id,
            ni1_0.protein,
            ni1_0.saturated_fat,
            ni1_0.sodium,
            ni1_0.sugar,
            ni1_0.trans_fat 
        from
            nutrition_info ni1_0 
        where
            ni1_0.product_id=?
    16:24:30.582 [pool-2-thread-398] DEBUG org.hibernate.SQL - 
        /* SELECT
            p 
        FROM
            Product p 
        WHERE
            p.id = :productId */ select
                p1_0.product_id,
                p1_0.category_id,
                p1_0.favorite_count,
                p1_0.price,
                p1_0.product_content,
                p1_0.product_name,
                p1_0.product_photo,
                p1_0.version 
            from
                product p1_0 
            where
                p1_0.product_id=? for update
    16:24:30.582 [pool-2-thread-396] DEBUG org.hibernate.SQL - 
        select
            f1_0.member_id,
            f1_0.product_id,
            f1_0.orderby 
        from
            favorite f1_0 
        where
            (
                f1_0.member_id, f1_0.product_id
            ) in ((?, ?))
    16:24:30.583 [pool-2-thread-396] DEBUG org.hibernate.SQL - 
        /* insert for
            com.codepresso.codepresso.entity.member.Favorite */insert 
        into
            favorite (orderby, member_id, product_id) 
        values
            (?, ?, ?)
    16:24:30.583 [pool-2-thread-396] DEBUG c.c.c.s.m.FavoritePessimisticService - 즐겨찾기 추가 성공 : memberId = 396, productId = 1
    16:24:30.583 [pool-2-thread-396] DEBUG c.c.c.s.m.FavoritePessimisticService - 메서드 종료 직전: memberId = 396, productId = 1
    16:24:30.583 [pool-2-thread-396] DEBUG c.c.c.s.m.FavoriteConcurrencyTest - 실패 : Could not commit JPA transaction 
    16:24:30.583 [pool-2-thread-389] DEBUG org.hibernate.SQL - 
        select
            ni1_0.nutrition_info_id,
            ni1_0.caffeine,
            ni1_0.calories,
            ni1_0.carbohydrate,
            ni1_0.cholesterol,
            ni1_0.fat,
            ni1_0.product_id,
            ni1_0.protein,
            ni1_0.saturated_fat,
            ni1_0.sodium,
            ni1_0.sugar,
            ni1_0.trans_fat 
        from
            nutrition_info ni1_0 
        where
            ni1_0.product_id=?
    16:24:30.583 [pool-2-thread-399] DEBUG org.hibernate.SQL - 
        /* SELECT
            p 
        FROM
            Product p 
        WHERE
            p.id = :productId */ select
                p1_0.product_id,
                p1_0.category_id,
                p1_0.favorite_count,
                p1_0.price,
                p1_0.product_content,
                p1_0.product_name,
                p1_0.product_photo,
                p1_0.version 
            from
                product p1_0 
            where
                p1_0.product_id=? for update
    16:24:30.585 [pool-2-thread-389] DEBUG org.hibernate.SQL - 
        select
            f1_0.member_id,
            f1_0.product_id,
            f1_0.orderby 
        from
            favorite f1_0 
        where
            (
                f1_0.member_id, f1_0.product_id
            ) in ((?, ?))
    16:24:30.585 [pool-2-thread-389] DEBUG org.hibernate.SQL - 
        /* insert for
            com.codepresso.codepresso.entity.member.Favorite */insert 
        into
            favorite (orderby, member_id, product_id) 
        values
            (?, ?, ?)
    16:24:30.586 [pool-2-thread-389] DEBUG c.c.c.s.m.FavoritePessimisticService - 즐겨찾기 추가 성공 : memberId = 389, productId = 1
    16:24:30.586 [pool-2-thread-389] DEBUG c.c.c.s.m.FavoritePessimisticService - 메서드 종료 직전: memberId = 389, productId = 1
    16:24:30.586 [pool-2-thread-389] DEBUG c.c.c.s.m.FavoriteConcurrencyTest - 실패 : Could not commit JPA transaction 
    16:24:30.586 [pool-2-thread-398] DEBUG org.hibernate.SQL - 
        select
            ni1_0.nutrition_info_id,
            ni1_0.caffeine,
            ni1_0.calories,
            ni1_0.carbohydrate,
            ni1_0.cholesterol,
            ni1_0.fat,
            ni1_0.product_id,
            ni1_0.protein,
            ni1_0.saturated_fat,
            ni1_0.sodium,
            ni1_0.sugar,
            ni1_0.trans_fat 
        from
            nutrition_info ni1_0 
        where
            ni1_0.product_id=?
    16:24:30.586 [pool-2-thread-400] DEBUG org.hibernate.SQL - 
        /* SELECT
            p 
        FROM
            Product p 
        WHERE
            p.id = :productId */ select
                p1_0.product_id,
                p1_0.category_id,
                p1_0.favorite_count,
                p1_0.price,
                p1_0.product_content,
                p1_0.product_name,
                p1_0.product_photo,
                p1_0.version 
            from
                product p1_0 
            where
                p1_0.product_id=? for update
    16:24:30.587 [pool-2-thread-398] DEBUG org.hibernate.SQL - 
        select
            f1_0.member_id,
            f1_0.product_id,
            f1_0.orderby 
        from
            favorite f1_0 
        where
            (
                f1_0.member_id, f1_0.product_id
            ) in ((?, ?))
    16:24:30.587 [pool-2-thread-398] DEBUG org.hibernate.SQL - 
        /* insert for
            com.codepresso.codepresso.entity.member.Favorite */insert 
        into
            favorite (orderby, member_id, product_id) 
        values
            (?, ?, ?)
    16:24:30.587 [pool-2-thread-398] DEBUG c.c.c.s.m.FavoritePessimisticService - 즐겨찾기 추가 성공 : memberId = 398, productId = 1
    16:24:30.587 [pool-2-thread-398] DEBUG c.c.c.s.m.FavoritePessimisticService - 메서드 종료 직전: memberId = 398, productId = 1
    16:24:30.587 [pool-2-thread-398] DEBUG c.c.c.s.m.FavoriteConcurrencyTest - 실패 : Could not commit JPA transaction 
    16:24:30.588 [pool-2-thread-400] DEBUG org.hibernate.SQL - 
        select
            ni1_0.nutrition_info_id,
            ni1_0.caffeine,
            ni1_0.calories,
            ni1_0.carbohydrate,
            ni1_0.cholesterol,
            ni1_0.fat,
            ni1_0.product_id,
            ni1_0.protein,
            ni1_0.saturated_fat,
            ni1_0.sodium,
            ni1_0.sugar,
            ni1_0.trans_fat 
        from
            nutrition_info ni1_0 
        where
            ni1_0.product_id=?
    16:24:30.588 [pool-2-thread-401] DEBUG org.hibernate.SQL - 
        /* SELECT
            p 
        FROM
            Product p 
        WHERE
            p.id = :productId */ select
                p1_0.product_id,
                p1_0.category_id,
                p1_0.favorite_count,
                p1_0.price,
                p1_0.product_content,
                p1_0.product_name,
                p1_0.product_photo,
                p1_0.version 
            from
                product p1_0 
            where
                p1_0.product_id=? for update
    16:24:30.588 [pool-2-thread-400] DEBUG org.hibernate.SQL - 
        select
            f1_0.member_id,
            f1_0.product_id,
            f1_0.orderby 
        from
            favorite f1_0 
        where
            (
                f1_0.member_id, f1_0.product_id
            ) in ((?, ?))
    16:24:30.588 [pool-2-thread-400] DEBUG org.hibernate.SQL - 
        /* insert for
            com.codepresso.codepresso.entity.member.Favorite */insert 
        into
            favorite (orderby, member_id, product_id) 
        values
            (?, ?, ?)
    16:24:30.588 [pool-2-thread-400] DEBUG c.c.c.s.m.FavoritePessimisticService - 즐겨찾기 추가 성공 : memberId = 400, productId = 1
    16:24:30.588 [pool-2-thread-400] DEBUG c.c.c.s.m.FavoritePessimisticService - 메서드 종료 직전: memberId = 400, productId = 1
    16:24:30.589 [pool-2-thread-400] DEBUG c.c.c.s.m.FavoriteConcurrencyTest - 실패 : Could not commit JPA transaction 
    16:24:30.589 [pool-2-thread-352] DEBUG org.hibernate.SQL - 
        select
            ni1_0.nutrition_info_id,
            ni1_0.caffeine,
            ni1_0.calories,
            ni1_0.carbohydrate,
            ni1_0.cholesterol,
            ni1_0.fat,
            ni1_0.product_id,
            ni1_0.protein,
            ni1_0.saturated_fat,
            ni1_0.sodium,
            ni1_0.sugar,
            ni1_0.trans_fat 
        from
            nutrition_info ni1_0 
        where
            ni1_0.product_id=?
    16:24:30.589 [pool-2-thread-402] DEBUG org.hibernate.SQL - 
        /* SELECT
            p 
        FROM
            Product p 
        WHERE
            p.id = :productId */ select
                p1_0.product_id,
                p1_0.category_id,
                p1_0.favorite_count,
                p1_0.price,
                p1_0.product_content,
                p1_0.product_name,
                p1_0.product_photo,
                p1_0.version 
            from
                product p1_0 
            where
                p1_0.product_id=? for update
    16:24:30.590 [pool-2-thread-352] DEBUG org.hibernate.SQL - 
        select
            f1_0.member_id,
            f1_0.product_id,
            f1_0.orderby 
        from
            favorite f1_0 
        where
            (
                f1_0.member_id, f1_0.product_id
            ) in ((?, ?))
    16:24:30.591 [pool-2-thread-352] DEBUG org.hibernate.SQL - 
        /* insert for
            com.codepresso.codepresso.entity.member.Favorite */insert 
        into
            favorite (orderby, member_id, product_id) 
        values
            (?, ?, ?)
    16:24:30.591 [pool-2-thread-352] DEBUG c.c.c.s.m.FavoritePessimisticService - 즐겨찾기 추가 성공 : memberId = 352, productId = 1
    16:24:30.591 [pool-2-thread-352] DEBUG c.c.c.s.m.FavoritePessimisticService - 메서드 종료 직전: memberId = 352, productId = 1
    16:24:30.591 [pool-2-thread-352] DEBUG c.c.c.s.m.FavoriteConcurrencyTest - 실패 : Could not commit JPA transaction 
    16:24:30.592 [pool-2-thread-401] DEBUG org.hibernate.SQL - 
        select
            ni1_0.nutrition_info_id,
            ni1_0.caffeine,
            ni1_0.calories,
            ni1_0.carbohydrate,
            ni1_0.cholesterol,
            ni1_0.fat,
            ni1_0.product_id,
            ni1_0.protein,
            ni1_0.saturated_fat,
            ni1_0.sodium,
            ni1_0.sugar,
            ni1_0.trans_fat 
        from
            nutrition_info ni1_0 
        where
            ni1_0.product_id=?
    16:24:30.592 [pool-2-thread-403] DEBUG org.hibernate.SQL - 
        /* SELECT
            p 
        FROM
            Product p 
        WHERE
            p.id = :productId */ select
                p1_0.product_id,
                p1_0.category_id,
                p1_0.favorite_count,
                p1_0.price,
                p1_0.product_content,
                p1_0.product_name,
                p1_0.product_photo,
                p1_0.version 
            from
                product p1_0 
            where
                p1_0.product_id=? for update
    16:24:30.592 [pool-2-thread-401] DEBUG org.hibernate.SQL - 
        select
            f1_0.member_id,
            f1_0.product_id,
            f1_0.orderby 
        from
            favorite f1_0 
        where
            (
                f1_0.member_id, f1_0.product_id
            ) in ((?, ?))
    16:24:30.592 [pool-2-thread-401] DEBUG org.hibernate.SQL - 
        /* insert for
            com.codepresso.codepresso.entity.member.Favorite */insert 
        into
            favorite (orderby, member_id, product_id) 
        values
            (?, ?, ?)
    16:24:30.593 [pool-2-thread-401] DEBUG c.c.c.s.m.FavoritePessimisticService - 즐겨찾기 추가 성공 : memberId = 401, productId = 1
    16:24:30.593 [pool-2-thread-401] DEBUG c.c.c.s.m.FavoritePessimisticService - 메서드 종료 직전: memberId = 401, productId = 1
    16:24:30.593 [pool-2-thread-401] DEBUG c.c.c.s.m.FavoriteConcurrencyTest - 실패 : Could not commit JPA transaction 
    16:24:30.593 [pool-2-thread-354] DEBUG org.hibernate.SQL - 
        select
            ni1_0.nutrition_info_id,
            ni1_0.caffeine,
            ni1_0.calories,
            ni1_0.carbohydrate,
            ni1_0.cholesterol,
            ni1_0.fat,
            ni1_0.product_id,
            ni1_0.protein,
            ni1_0.saturated_fat,
            ni1_0.sodium,
            ni1_0.sugar,
            ni1_0.trans_fat 
        from
            nutrition_info ni1_0 
        where
            ni1_0.product_id=?
    16:24:30.593 [pool-2-thread-404] DEBUG org.hibernate.SQL - 
        /* SELECT
            p 
        FROM
            Product p 
        WHERE
            p.id = :productId */ select
                p1_0.product_id,
                p1_0.category_id,
                p1_0.favorite_count,
                p1_0.price,
                p1_0.product_content,
                p1_0.product_name,
                p1_0.product_photo,
                p1_0.version 
            from
                product p1_0 
            where
                p1_0.product_id=? for update
    16:24:30.593 [pool-2-thread-354] DEBUG org.hibernate.SQL - 
        select
            f1_0.member_id,
            f1_0.product_id,
            f1_0.orderby 
        from
            favorite f1_0 
        where
            (
                f1_0.member_id, f1_0.product_id
            ) in ((?, ?))
    16:24:30.594 [pool-2-thread-354] DEBUG org.hibernate.SQL - 
        /* insert for
            com.codepresso.codepresso.entity.member.Favorite */insert 
        into
            favorite (orderby, member_id, product_id) 
        values
            (?, ?, ?)
    16:24:30.594 [pool-2-thread-354] DEBUG c.c.c.s.m.FavoritePessimisticService - 즐겨찾기 추가 성공 : memberId = 354, productId = 1
    16:24:30.594 [pool-2-thread-354] DEBUG c.c.c.s.m.FavoritePessimisticService - 메서드 종료 직전: memberId = 354, productId = 1
    16:24:30.595 [pool-2-thread-354] DEBUG c.c.c.s.m.FavoriteConcurrencyTest - 실패 : Could not commit JPA transaction 
    16:24:30.595 [pool-2-thread-397] DEBUG org.hibernate.SQL - 
        select
            ni1_0.nutrition_info_id,
            ni1_0.caffeine,
            ni1_0.calories,
            ni1_0.carbohydrate,
            ni1_0.cholesterol,
            ni1_0.fat,
            ni1_0.product_id,
            ni1_0.protein,
            ni1_0.saturated_fat,
            ni1_0.sodium,
            ni1_0.sugar,
            ni1_0.trans_fat 
        from
            nutrition_info ni1_0 
        where
            ni1_0.product_id=?
    16:24:30.595 [pool-2-thread-405] DEBUG org.hibernate.SQL - 
        /* SELECT
            p 
        FROM
            Product p 
        WHERE
            p.id = :productId */ select
                p1_0.product_id,
                p1_0.category_id,
                p1_0.favorite_count,
                p1_0.price,
                p1_0.product_content,
                p1_0.product_name,
                p1_0.product_photo,
                p1_0.version 
            from
                product p1_0 
            where
                p1_0.product_id=? for update
    16:24:30.595 [pool-2-thread-397] DEBUG org.hibernate.SQL - 
        select
            f1_0.member_id,
            f1_0.product_id,
            f1_0.orderby 
        from
            favorite f1_0 
        where
            (
                f1_0.member_id, f1_0.product_id
            ) in ((?, ?))
    16:24:30.596 [pool-2-thread-397] DEBUG org.hibernate.SQL - 
        /* insert for
            com.codepresso.codepresso.entity.member.Favorite */insert 
        into
            favorite (orderby, member_id, product_id) 
        values
            (?, ?, ?)
    16:24:30.596 [pool-2-thread-397] DEBUG c.c.c.s.m.FavoritePessimisticService - 즐겨찾기 추가 성공 : memberId = 397, productId = 1
    16:24:30.596 [pool-2-thread-397] DEBUG c.c.c.s.m.FavoritePessimisticService - 메서드 종료 직전: memberId = 397, productId = 1
    16:24:30.596 [pool-2-thread-397] DEBUG c.c.c.s.m.FavoriteConcurrencyTest - 실패 : Could not commit JPA transaction 
    16:24:30.597 [pool-2-thread-399] DEBUG org.hibernate.SQL - 
        select
            ni1_0.nutrition_info_id,
            ni1_0.caffeine,
            ni1_0.calories,
            ni1_0.carbohydrate,
            ni1_0.cholesterol,
            ni1_0.fat,
            ni1_0.product_id,
            ni1_0.protein,
            ni1_0.saturated_fat,
            ni1_0.sodium,
            ni1_0.sugar,
            ni1_0.trans_fat 
        from
            nutrition_info ni1_0 
        where
            ni1_0.product_id=?
    16:24:30.597 [pool-2-thread-406] DEBUG org.hibernate.SQL - 
        /* SELECT
            p 
        FROM
            Product p 
        WHERE
            p.id = :productId */ select
                p1_0.product_id,
                p1_0.category_id,
                p1_0.favorite_count,
                p1_0.price,
                p1_0.product_content,
                p1_0.product_name,
                p1_0.product_photo,
                p1_0.version 
            from
                product p1_0 
            where
                p1_0.product_id=? for update
    16:24:30.597 [pool-2-thread-399] DEBUG org.hibernate.SQL - 
        select
            f1_0.member_id,
            f1_0.product_id,
            f1_0.orderby 
        from
            favorite f1_0 
        where
            (
                f1_0.member_id, f1_0.product_id
            ) in ((?, ?))
    16:24:30.597 [pool-2-thread-399] DEBUG org.hibernate.SQL - 
        /* insert for
            com.codepresso.codepresso.entity.member.Favorite */insert 
        into
            favorite (orderby, member_id, product_id) 
        values
            (?, ?, ?)
    16:24:30.598 [pool-2-thread-399] DEBUG c.c.c.s.m.FavoritePessimisticService - 즐겨찾기 추가 성공 : memberId = 399, productId = 1
    16:24:30.598 [pool-2-thread-399] DEBUG c.c.c.s.m.FavoritePessimisticService - 메서드 종료 직전: memberId = 399, productId = 1
    16:24:30.598 [pool-2-thread-399] DEBUG c.c.c.s.m.FavoriteConcurrencyTest - 실패 : Could not commit JPA transaction 
    16:24:30.598 [pool-2-thread-386] DEBUG org.hibernate.SQL - 
        select
            ni1_0.nutrition_info_id,
            ni1_0.caffeine,
            ni1_0.calories,
            ni1_0.carbohydrate,
            ni1_0.cholesterol,
            ni1_0.fat,
            ni1_0.product_id,
            ni1_0.protein,
            ni1_0.saturated_fat,
            ni1_0.sodium,
            ni1_0.sugar,
            ni1_0.trans_fat 
        from
            nutrition_info ni1_0 
        where
            ni1_0.product_id=?
    16:24:30.599 [pool-2-thread-386] DEBUG org.hibernate.SQL - 
        select
            f1_0.member_id,
            f1_0.product_id,
            f1_0.orderby 
        from
            favorite f1_0 
        where
            (
                f1_0.member_id, f1_0.product_id
            ) in ((?, ?))
    16:24:30.599 [pool-2-thread-407] DEBUG org.hibernate.SQL - 
        /* SELECT
            p 
        FROM
            Product p 
        WHERE
            p.id = :productId */ select
                p1_0.product_id,
                p1_0.category_id,
                p1_0.favorite_count,
                p1_0.price,
                p1_0.product_content,
                p1_0.product_name,
                p1_0.product_photo,
                p1_0.version 
            from
                product p1_0 
            where
                p1_0.product_id=? for update
    16:24:30.599 [pool-2-thread-386] DEBUG org.hibernate.SQL - 
        /* insert for
            com.codepresso.codepresso.entity.member.Favorite */insert 
        into
            favorite (orderby, member_id, product_id) 
        values
            (?, ?, ?)
    16:24:30.599 [pool-2-thread-386] DEBUG c.c.c.s.m.FavoritePessimisticService - 즐겨찾기 추가 성공 : memberId = 386, productId = 1
    16:24:30.599 [pool-2-thread-386] DEBUG c.c.c.s.m.FavoritePessimisticService - 메서드 종료 직전: memberId = 386, productId = 1
    16:24:30.600 [pool-2-thread-386] DEBUG c.c.c.s.m.FavoriteConcurrencyTest - 실패 : Could not commit JPA transaction 
    16:24:30.600 [pool-2-thread-405] DEBUG org.hibernate.SQL - 
        select
            ni1_0.nutrition_info_id,
            ni1_0.caffeine,
            ni1_0.calories,
            ni1_0.carbohydrate,
            ni1_0.cholesterol,
            ni1_0.fat,
            ni1_0.product_id,
            ni1_0.protein,
            ni1_0.saturated_fat,
            ni1_0.sodium,
            ni1_0.sugar,
            ni1_0.trans_fat 
        from
            nutrition_info ni1_0 
        where
            ni1_0.product_id=?
    16:24:30.600 [pool-2-thread-12] DEBUG org.hibernate.SQL - 
        /* SELECT
            p 
        FROM
            Product p 
        WHERE
            p.id = :productId */ select
                p1_0.product_id,
                p1_0.category_id,
                p1_0.favorite_count,
                p1_0.price,
                p1_0.product_content,
                p1_0.product_name,
                p1_0.product_photo,
                p1_0.version 
            from
                product p1_0 
            where
                p1_0.product_id=? for update
    16:24:30.601 [pool-2-thread-405] DEBUG org.hibernate.SQL - 
        select
            f1_0.member_id,
            f1_0.product_id,
            f1_0.orderby 
        from
            favorite f1_0 
        where
            (
                f1_0.member_id, f1_0.product_id
            ) in ((?, ?))
    16:24:30.602 [pool-2-thread-405] DEBUG org.hibernate.SQL - 
        /* insert for
            com.codepresso.codepresso.entity.member.Favorite */insert 
        into
            favorite (orderby, member_id, product_id) 
        values
            (?, ?, ?)
    16:24:30.602 [pool-2-thread-405] DEBUG c.c.c.s.m.FavoritePessimisticService - 즐겨찾기 추가 성공 : memberId = 405, productId = 1
    16:24:30.602 [pool-2-thread-405] DEBUG c.c.c.s.m.FavoritePessimisticService - 메서드 종료 직전: memberId = 405, productId = 1
    16:24:30.602 [pool-2-thread-405] DEBUG c.c.c.s.m.FavoriteConcurrencyTest - 실패 : Could not commit JPA transaction 
    16:24:30.602 [pool-2-thread-367] DEBUG org.hibernate.SQL - 
        select
            ni1_0.nutrition_info_id,
            ni1_0.caffeine,
            ni1_0.calories,
            ni1_0.carbohydrate,
            ni1_0.cholesterol,
            ni1_0.fat,
            ni1_0.product_id,
            ni1_0.protein,
            ni1_0.saturated_fat,
            ni1_0.sodium,
            ni1_0.sugar,
            ni1_0.trans_fat 
        from
            nutrition_info ni1_0 
        where
            ni1_0.product_id=?
    16:24:30.602 [pool-2-thread-409] DEBUG org.hibernate.SQL - 
        /* SELECT
            p 
        FROM
            Product p 
        WHERE
            p.id = :productId */ select
                p1_0.product_id,
                p1_0.category_id,
                p1_0.favorite_count,
                p1_0.price,
                p1_0.product_content,
                p1_0.product_name,
                p1_0.product_photo,
                p1_0.version 
            from
                product p1_0 
            where
                p1_0.product_id=? for update
    16:24:30.603 [pool-2-thread-367] DEBUG org.hibernate.SQL - 
        select
            f1_0.member_id,
            f1_0.product_id,
            f1_0.orderby 
        from
            favorite f1_0 
        where
            (
                f1_0.member_id, f1_0.product_id
            ) in ((?, ?))
    16:24:30.603 [pool-2-thread-367] DEBUG org.hibernate.SQL - 
        /* insert for
            com.codepresso.codepresso.entity.member.Favorite */insert 
        into
            favorite (orderby, member_id, product_id) 
        values
            (?, ?, ?)
    16:24:30.603 [pool-2-thread-367] DEBUG c.c.c.s.m.FavoritePessimisticService - 즐겨찾기 추가 성공 : memberId = 367, productId = 1
    16:24:30.603 [pool-2-thread-367] DEBUG c.c.c.s.m.FavoritePessimisticService - 메서드 종료 직전: memberId = 367, productId = 1
    16:24:30.603 [pool-2-thread-367] DEBUG c.c.c.s.m.FavoriteConcurrencyTest - 실패 : Could not commit JPA transaction 
    16:24:30.604 [pool-2-thread-410] DEBUG org.hibernate.SQL - 
        /* SELECT
            p 
        FROM
            Product p 
        WHERE
            p.id = :productId */ select
                p1_0.product_id,
                p1_0.category_id,
                p1_0.favorite_count,
                p1_0.price,
                p1_0.product_content,
                p1_0.product_name,
                p1_0.product_photo,
                p1_0.version 
            from
                product p1_0 
            where
                p1_0.product_id=? for update
    16:24:30.604 [pool-2-thread-12] DEBUG org.hibernate.SQL - 
        select
            ni1_0.nutrition_info_id,
            ni1_0.caffeine,
            ni1_0.calories,
            ni1_0.carbohydrate,
            ni1_0.cholesterol,
            ni1_0.fat,
            ni1_0.product_id,
            ni1_0.protein,
            ni1_0.saturated_fat,
            ni1_0.sodium,
            ni1_0.sugar,
            ni1_0.trans_fat 
        from
            nutrition_info ni1_0 
        where
            ni1_0.product_id=?
    16:24:30.604 [pool-2-thread-12] DEBUG org.hibernate.SQL - 
        select
            f1_0.member_id,
            f1_0.product_id,
            f1_0.orderby 
        from
            favorite f1_0 
        where
            (
                f1_0.member_id, f1_0.product_id
            ) in ((?, ?))
    16:24:30.605 [pool-2-thread-12] DEBUG org.hibernate.SQL - 
        /* insert for
            com.codepresso.codepresso.entity.member.Favorite */insert 
        into
            favorite (orderby, member_id, product_id) 
        values
            (?, ?, ?)
    16:24:30.605 [pool-2-thread-12] DEBUG c.c.c.s.m.FavoritePessimisticService - 즐겨찾기 추가 성공 : memberId = 12, productId = 1
    16:24:30.605 [pool-2-thread-12] DEBUG c.c.c.s.m.FavoritePessimisticService - 메서드 종료 직전: memberId = 12, productId = 1
    16:24:30.605 [pool-2-thread-12] DEBUG c.c.c.s.m.FavoriteConcurrencyTest - 실패 : Could not commit JPA transaction 
    16:24:30.605 [pool-2-thread-347] DEBUG org.hibernate.SQL - 
        select
            ni1_0.nutrition_info_id,
            ni1_0.caffeine,
            ni1_0.calories,
            ni1_0.carbohydrate,
            ni1_0.cholesterol,
            ni1_0.fat,
            ni1_0.product_id,
            ni1_0.protein,
            ni1_0.saturated_fat,
            ni1_0.sodium,
            ni1_0.sugar,
            ni1_0.trans_fat 
        from
            nutrition_info ni1_0 
        where
            ni1_0.product_id=?
    16:24:30.606 [pool-2-thread-411] DEBUG org.hibernate.SQL - 
        /* SELECT
            p 
        FROM
            Product p 
        WHERE
            p.id = :productId */ select
                p1_0.product_id,
                p1_0.category_id,
                p1_0.favorite_count,
                p1_0.price,
                p1_0.product_content,
                p1_0.product_name,
                p1_0.product_photo,
                p1_0.version 
            from
                product p1_0 
            where
                p1_0.product_id=? for update
    16:24:30.606 [pool-2-thread-347] DEBUG org.hibernate.SQL - 
        select
            f1_0.member_id,
            f1_0.product_id,
            f1_0.orderby 
        from
            favorite f1_0 
        where
            (
                f1_0.member_id, f1_0.product_id
            ) in ((?, ?))
    16:24:30.606 [pool-2-thread-347] DEBUG org.hibernate.SQL - 
        /* insert for
            com.codepresso.codepresso.entity.member.Favorite */insert 
        into
            favorite (orderby, member_id, product_id) 
        values
            (?, ?, ?)
    16:24:30.607 [pool-2-thread-347] DEBUG c.c.c.s.m.FavoritePessimisticService - 즐겨찾기 추가 성공 : memberId = 347, productId = 1
    16:24:30.607 [pool-2-thread-347] DEBUG c.c.c.s.m.FavoritePessimisticService - 메서드 종료 직전: memberId = 347, productId = 1
    16:24:30.607 [pool-2-thread-347] DEBUG c.c.c.s.m.FavoriteConcurrencyTest - 실패 : Could not commit JPA transaction 
    16:24:30.607 [pool-2-thread-403] DEBUG org.hibernate.SQL - 
        select
            ni1_0.nutrition_info_id,
            ni1_0.caffeine,
            ni1_0.calories,
            ni1_0.carbohydrate,
            ni1_0.cholesterol,
            ni1_0.fat,
            ni1_0.product_id,
            ni1_0.protein,
            ni1_0.saturated_fat,
            ni1_0.sodium,
            ni1_0.sugar,
            ni1_0.trans_fat 
        from
            nutrition_info ni1_0 
        where
            ni1_0.product_id=?
    16:24:30.607 [pool-2-thread-412] DEBUG org.hibernate.SQL - 
        /* SELECT
            p 
        FROM
            Product p 
        WHERE
            p.id = :productId */ select
                p1_0.product_id,
                p1_0.category_id,
                p1_0.favorite_count,
                p1_0.price,
                p1_0.product_content,
                p1_0.product_name,
                p1_0.product_photo,
                p1_0.version 
            from
                product p1_0 
            where
                p1_0.product_id=? for update
    16:24:30.607 [pool-2-thread-403] DEBUG org.hibernate.SQL - 
        select
            f1_0.member_id,
            f1_0.product_id,
            f1_0.orderby 
        from
            favorite f1_0 
        where
            (
                f1_0.member_id, f1_0.product_id
            ) in ((?, ?))
    16:24:30.608 [pool-2-thread-403] DEBUG org.hibernate.SQL - 
        /* insert for
            com.codepresso.codepresso.entity.member.Favorite */insert 
        into
            favorite (orderby, member_id, product_id) 
        values
            (?, ?, ?)
    16:24:30.608 [pool-2-thread-403] DEBUG c.c.c.s.m.FavoritePessimisticService - 즐겨찾기 추가 성공 : memberId = 403, productId = 1
    16:24:30.608 [pool-2-thread-403] DEBUG c.c.c.s.m.FavoritePessimisticService - 메서드 종료 직전: memberId = 403, productId = 1
    16:24:30.608 [pool-2-thread-403] DEBUG c.c.c.s.m.FavoriteConcurrencyTest - 실패 : Could not commit JPA transaction 
    16:24:30.608 [pool-2-thread-411] DEBUG org.hibernate.SQL - 
        select
            ni1_0.nutrition_info_id,
            ni1_0.caffeine,
            ni1_0.calories,
            ni1_0.carbohydrate,
            ni1_0.cholesterol,
            ni1_0.fat,
            ni1_0.product_id,
            ni1_0.protein,
            ni1_0.saturated_fat,
            ni1_0.sodium,
            ni1_0.sugar,
            ni1_0.trans_fat 
        from
            nutrition_info ni1_0 
        where
            ni1_0.product_id=?
    16:24:30.608 [pool-2-thread-413] DEBUG org.hibernate.SQL - 
        /* SELECT
            p 
        FROM
            Product p 
        WHERE
            p.id = :productId */ select
                p1_0.product_id,
                p1_0.category_id,
                p1_0.favorite_count,
                p1_0.price,
                p1_0.product_content,
                p1_0.product_name,
                p1_0.product_photo,
                p1_0.version 
            from
                product p1_0 
            where
                p1_0.product_id=? for update
    16:24:30.608 [pool-2-thread-411] DEBUG org.hibernate.SQL - 
        select
            f1_0.member_id,
            f1_0.product_id,
            f1_0.orderby 
        from
            favorite f1_0 
        where
            (
                f1_0.member_id, f1_0.product_id
            ) in ((?, ?))
    16:24:30.609 [pool-2-thread-411] DEBUG org.hibernate.SQL - 
        /* insert for
            com.codepresso.codepresso.entity.member.Favorite */insert 
        into
            favorite (orderby, member_id, product_id) 
        values
            (?, ?, ?)
    16:24:30.609 [pool-2-thread-411] DEBUG c.c.c.s.m.FavoritePessimisticService - 즐겨찾기 추가 성공 : memberId = 411, productId = 1
    16:24:30.609 [pool-2-thread-411] DEBUG c.c.c.s.m.FavoritePessimisticService - 메서드 종료 직전: memberId = 411, productId = 1
    16:24:30.609 [pool-2-thread-411] DEBUG c.c.c.s.m.FavoriteConcurrencyTest - 실패 : Could not commit JPA transaction 
    16:24:30.609 [pool-2-thread-412] DEBUG org.hibernate.SQL - 
        select
            ni1_0.nutrition_info_id,
            ni1_0.caffeine,
            ni1_0.calories,
            ni1_0.carbohydrate,
            ni1_0.cholesterol,
            ni1_0.fat,
            ni1_0.product_id,
            ni1_0.protein,
            ni1_0.saturated_fat,
            ni1_0.sodium,
            ni1_0.sugar,
            ni1_0.trans_fat 
        from
            nutrition_info ni1_0 
        where
            ni1_0.product_id=?
    16:24:30.609 [pool-2-thread-415] DEBUG org.hibernate.SQL - 
        /* SELECT
            p 
        FROM
            Product p 
        WHERE
            p.id = :productId */ select
                p1_0.product_id,
                p1_0.category_id,
                p1_0.favorite_count,
                p1_0.price,
                p1_0.product_content,
                p1_0.product_name,
                p1_0.product_photo,
                p1_0.version 
            from
                product p1_0 
            where
                p1_0.product_id=? for update
    16:24:30.610 [pool-2-thread-412] DEBUG org.hibernate.SQL - 
        select
            f1_0.member_id,
            f1_0.product_id,
            f1_0.orderby 
        from
            favorite f1_0 
        where
            (
                f1_0.member_id, f1_0.product_id
            ) in ((?, ?))
    16:24:30.610 [pool-2-thread-412] DEBUG org.hibernate.SQL - 
        /* insert for
            com.codepresso.codepresso.entity.member.Favorite */insert 
        into
            favorite (orderby, member_id, product_id) 
        values
            (?, ?, ?)
    16:24:30.610 [pool-2-thread-412] DEBUG c.c.c.s.m.FavoritePessimisticService - 즐겨찾기 추가 성공 : memberId = 412, productId = 1
    16:24:30.610 [pool-2-thread-412] DEBUG c.c.c.s.m.FavoritePessimisticService - 메서드 종료 직전: memberId = 412, productId = 1
    16:24:30.610 [pool-2-thread-412] DEBUG c.c.c.s.m.FavoriteConcurrencyTest - 실패 : Could not commit JPA transaction 
    16:24:30.611 [pool-2-thread-413] DEBUG org.hibernate.SQL - 
        select
            ni1_0.nutrition_info_id,
            ni1_0.caffeine,
            ni1_0.calories,
            ni1_0.carbohydrate,
            ni1_0.cholesterol,
            ni1_0.fat,
            ni1_0.product_id,
            ni1_0.protein,
            ni1_0.saturated_fat,
            ni1_0.sodium,
            ni1_0.sugar,
            ni1_0.trans_fat 
        from
            nutrition_info ni1_0 
        where
            ni1_0.product_id=?
    16:24:30.611 [pool-2-thread-416] DEBUG org.hibernate.SQL - 
        /* SELECT
            p 
        FROM
            Product p 
        WHERE
            p.id = :productId */ select
                p1_0.product_id,
                p1_0.category_id,
                p1_0.favorite_count,
                p1_0.price,
                p1_0.product_content,
                p1_0.product_name,
                p1_0.product_photo,
                p1_0.version 
            from
                product p1_0 
            where
                p1_0.product_id=? for update
    16:24:30.611 [pool-2-thread-413] DEBUG org.hibernate.SQL - 
        select
            f1_0.member_id,
            f1_0.product_id,
            f1_0.orderby 
        from
            favorite f1_0 
        where
            (
                f1_0.member_id, f1_0.product_id
            ) in ((?, ?))
    16:24:30.612 [pool-2-thread-413] DEBUG org.hibernate.SQL - 
        /* insert for
            com.codepresso.codepresso.entity.member.Favorite */insert 
        into
            favorite (orderby, member_id, product_id) 
        values
            (?, ?, ?)
    16:24:30.612 [pool-2-thread-413] DEBUG c.c.c.s.m.FavoritePessimisticService - 즐겨찾기 추가 성공 : memberId = 413, productId = 1
    16:24:30.612 [pool-2-thread-413] DEBUG c.c.c.s.m.FavoritePessimisticService - 메서드 종료 직전: memberId = 413, productId = 1
    16:24:30.612 [pool-2-thread-413] DEBUG c.c.c.s.m.FavoriteConcurrencyTest - 실패 : Could not commit JPA transaction 
    16:24:30.612 [pool-2-thread-404] DEBUG org.hibernate.SQL - 
        select
            ni1_0.nutrition_info_id,
            ni1_0.caffeine,
            ni1_0.calories,
            ni1_0.carbohydrate,
            ni1_0.cholesterol,
            ni1_0.fat,
            ni1_0.product_id,
            ni1_0.protein,
            ni1_0.saturated_fat,
            ni1_0.sodium,
            ni1_0.sugar,
            ni1_0.trans_fat 
        from
            nutrition_info ni1_0 
        where
            ni1_0.product_id=?
    16:24:30.613 [pool-2-thread-414] DEBUG org.hibernate.SQL - 
        /* SELECT
            p 
        FROM
            Product p 
        WHERE
            p.id = :productId */ select
                p1_0.product_id,
                p1_0.category_id,
                p1_0.favorite_count,
                p1_0.price,
                p1_0.product_content,
                p1_0.product_name,
                p1_0.product_photo,
                p1_0.version 
            from
                product p1_0 
            where
                p1_0.product_id=? for update
    16:24:30.613 [pool-2-thread-404] DEBUG org.hibernate.SQL - 
        select
            f1_0.member_id,
            f1_0.product_id,
            f1_0.orderby 
        from
            favorite f1_0 
        where
            (
                f1_0.member_id, f1_0.product_id
            ) in ((?, ?))
    16:24:30.613 [pool-2-thread-404] DEBUG org.hibernate.SQL - 
        /* insert for
            com.codepresso.codepresso.entity.member.Favorite */insert 
        into
            favorite (orderby, member_id, product_id) 
        values
            (?, ?, ?)
    16:24:30.613 [pool-2-thread-404] DEBUG c.c.c.s.m.FavoritePessimisticService - 즐겨찾기 추가 성공 : memberId = 404, productId = 1
    16:24:30.613 [pool-2-thread-404] DEBUG c.c.c.s.m.FavoritePessimisticService - 메서드 종료 직전: memberId = 404, productId = 1
    16:24:30.614 [pool-2-thread-404] DEBUG c.c.c.s.m.FavoriteConcurrencyTest - 실패 : Could not commit JPA transaction 
    16:24:30.614 [pool-2-thread-402] DEBUG org.hibernate.SQL - 
        select
            ni1_0.nutrition_info_id,
            ni1_0.caffeine,
            ni1_0.calories,
            ni1_0.carbohydrate,
            ni1_0.cholesterol,
            ni1_0.fat,
            ni1_0.product_id,
            ni1_0.protein,
            ni1_0.saturated_fat,
            ni1_0.sodium,
            ni1_0.sugar,
            ni1_0.trans_fat 
        from
            nutrition_info ni1_0 
        where
            ni1_0.product_id=?
    16:24:30.614 [pool-2-thread-417] DEBUG org.hibernate.SQL - 
        /* SELECT
            p 
        FROM
            Product p 
        WHERE
            p.id = :productId */ select
                p1_0.product_id,
                p1_0.category_id,
                p1_0.favorite_count,
                p1_0.price,
                p1_0.product_content,
                p1_0.product_name,
                p1_0.product_photo,
                p1_0.version 
            from
                product p1_0 
            where
                p1_0.product_id=? for update
    16:24:30.614 [pool-2-thread-402] DEBUG org.hibernate.SQL - 
        select
            f1_0.member_id,
            f1_0.product_id,
            f1_0.orderby 
        from
            favorite f1_0 
        where
            (
                f1_0.member_id, f1_0.product_id
            ) in ((?, ?))
    16:24:30.615 [pool-2-thread-402] DEBUG org.hibernate.SQL - 
        /* insert for
            com.codepresso.codepresso.entity.member.Favorite */insert 
        into
            favorite (orderby, member_id, product_id) 
        values
            (?, ?, ?)
    16:24:30.615 [pool-2-thread-402] DEBUG c.c.c.s.m.FavoritePessimisticService - 즐겨찾기 추가 성공 : memberId = 402, productId = 1
    16:24:30.615 [pool-2-thread-402] DEBUG c.c.c.s.m.FavoritePessimisticService - 메서드 종료 직전: memberId = 402, productId = 1
    16:24:30.615 [pool-2-thread-402] DEBUG c.c.c.s.m.FavoriteConcurrencyTest - 실패 : Could not commit JPA transaction 
    16:24:30.615 [pool-2-thread-415] DEBUG org.hibernate.SQL - 
        select
            ni1_0.nutrition_info_id,
            ni1_0.caffeine,
            ni1_0.calories,
            ni1_0.carbohydrate,
            ni1_0.cholesterol,
            ni1_0.fat,
            ni1_0.product_id,
            ni1_0.protein,
            ni1_0.saturated_fat,
            ni1_0.sodium,
            ni1_0.sugar,
            ni1_0.trans_fat 
        from
            nutrition_info ni1_0 
        where
            ni1_0.product_id=?
    16:24:30.616 [pool-2-thread-418] DEBUG org.hibernate.SQL - 
        /* SELECT
            p 
        FROM
            Product p 
        WHERE
            p.id = :productId */ select
                p1_0.product_id,
                p1_0.category_id,
                p1_0.favorite_count,
                p1_0.price,
                p1_0.product_content,
                p1_0.product_name,
                p1_0.product_photo,
                p1_0.version 
            from
                product p1_0 
            where
                p1_0.product_id=? for update
    16:24:30.616 [pool-2-thread-415] DEBUG org.hibernate.SQL - 
        select
            f1_0.member_id,
            f1_0.product_id,
            f1_0.orderby 
        from
            favorite f1_0 
        where
            (
                f1_0.member_id, f1_0.product_id
            ) in ((?, ?))
    16:24:30.616 [pool-2-thread-415] DEBUG org.hibernate.SQL - 
        /* insert for
            com.codepresso.codepresso.entity.member.Favorite */insert 
        into
            favorite (orderby, member_id, product_id) 
        values
            (?, ?, ?)
    16:24:30.616 [pool-2-thread-415] DEBUG c.c.c.s.m.FavoritePessimisticService - 즐겨찾기 추가 성공 : memberId = 415, productId = 1
    16:24:30.616 [pool-2-thread-415] DEBUG c.c.c.s.m.FavoritePessimisticService - 메서드 종료 직전: memberId = 415, productId = 1
    16:24:30.617 [pool-2-thread-415] DEBUG c.c.c.s.m.FavoriteConcurrencyTest - 실패 : Could not commit JPA transaction 
    16:24:30.617 [pool-2-thread-418] DEBUG org.hibernate.SQL - 
        select
            ni1_0.nutrition_info_id,
            ni1_0.caffeine,
            ni1_0.calories,
            ni1_0.carbohydrate,
            ni1_0.cholesterol,
            ni1_0.fat,
            ni1_0.product_id,
            ni1_0.protein,
            ni1_0.saturated_fat,
            ni1_0.sodium,
            ni1_0.sugar,
            ni1_0.trans_fat 
        from
            nutrition_info ni1_0 
        where
            ni1_0.product_id=?
    16:24:30.617 [pool-2-thread-419] DEBUG org.hibernate.SQL - 
        /* SELECT
            p 
        FROM
            Product p 
        WHERE
            p.id = :productId */ select
                p1_0.product_id,
                p1_0.category_id,
                p1_0.favorite_count,
                p1_0.price,
                p1_0.product_content,
                p1_0.product_name,
                p1_0.product_photo,
                p1_0.version 
            from
                product p1_0 
            where
                p1_0.product_id=? for update
    16:24:30.617 [pool-2-thread-418] DEBUG org.hibernate.SQL - 
        select
            f1_0.member_id,
            f1_0.product_id,
            f1_0.orderby 
        from
            favorite f1_0 
        where
            (
                f1_0.member_id, f1_0.product_id
            ) in ((?, ?))
    16:24:30.617 [pool-2-thread-418] DEBUG org.hibernate.SQL - 
        /* insert for
            com.codepresso.codepresso.entity.member.Favorite */insert 
        into
            favorite (orderby, member_id, product_id) 
        values
            (?, ?, ?)
    16:24:30.617 [pool-2-thread-418] DEBUG c.c.c.s.m.FavoritePessimisticService - 즐겨찾기 추가 성공 : memberId = 418, productId = 1
    16:24:30.617 [pool-2-thread-418] DEBUG c.c.c.s.m.FavoritePessimisticService - 메서드 종료 직전: memberId = 418, productId = 1
    16:24:30.618 [pool-2-thread-418] DEBUG c.c.c.s.m.FavoriteConcurrencyTest - 실패 : Could not commit JPA transaction 
    16:24:30.618 [pool-2-thread-417] DEBUG org.hibernate.SQL - 
        select
            ni1_0.nutrition_info_id,
            ni1_0.caffeine,
            ni1_0.calories,
            ni1_0.carbohydrate,
            ni1_0.cholesterol,
            ni1_0.fat,
            ni1_0.product_id,
            ni1_0.protein,
            ni1_0.saturated_fat,
            ni1_0.sodium,
            ni1_0.sugar,
            ni1_0.trans_fat 
        from
            nutrition_info ni1_0 
        where
            ni1_0.product_id=?
    16:24:30.618 [pool-2-thread-420] DEBUG org.hibernate.SQL - 
        /* SELECT
            p 
        FROM
            Product p 
        WHERE
            p.id = :productId */ select
                p1_0.product_id,
                p1_0.category_id,
                p1_0.favorite_count,
                p1_0.price,
                p1_0.product_content,
                p1_0.product_name,
                p1_0.product_photo,
                p1_0.version 
            from
                product p1_0 
            where
                p1_0.product_id=? for update
    16:24:30.618 [pool-2-thread-417] DEBUG org.hibernate.SQL - 
        select
            f1_0.member_id,
            f1_0.product_id,
            f1_0.orderby 
        from
            favorite f1_0 
        where
            (
                f1_0.member_id, f1_0.product_id
            ) in ((?, ?))
    16:24:30.619 [pool-2-thread-417] DEBUG org.hibernate.SQL - 
        /* insert for
            com.codepresso.codepresso.entity.member.Favorite */insert 
        into
            favorite (orderby, member_id, product_id) 
        values
            (?, ?, ?)
    16:24:30.619 [pool-2-thread-417] DEBUG c.c.c.s.m.FavoritePessimisticService - 즐겨찾기 추가 성공 : memberId = 417, productId = 1
    16:24:30.619 [pool-2-thread-417] DEBUG c.c.c.s.m.FavoritePessimisticService - 메서드 종료 직전: memberId = 417, productId = 1
    16:24:30.619 [pool-2-thread-417] DEBUG c.c.c.s.m.FavoriteConcurrencyTest - 실패 : Could not commit JPA transaction 
    16:24:30.619 [pool-2-thread-419] DEBUG org.hibernate.SQL - 
        select
            ni1_0.nutrition_info_id,
            ni1_0.caffeine,
            ni1_0.calories,
            ni1_0.carbohydrate,
            ni1_0.cholesterol,
            ni1_0.fat,
            ni1_0.product_id,
            ni1_0.protein,
            ni1_0.saturated_fat,
            ni1_0.sodium,
            ni1_0.sugar,
            ni1_0.trans_fat 
        from
            nutrition_info ni1_0 
        where
            ni1_0.product_id=?
    16:24:30.619 [pool-2-thread-421] DEBUG org.hibernate.SQL - 
        /* SELECT
            p 
        FROM
            Product p 
        WHERE
            p.id = :productId */ select
                p1_0.product_id,
                p1_0.category_id,
                p1_0.favorite_count,
                p1_0.price,
                p1_0.product_content,
                p1_0.product_name,
                p1_0.product_photo,
                p1_0.version 
            from
                product p1_0 
            where
                p1_0.product_id=? for update
    16:24:30.620 [pool-2-thread-419] DEBUG org.hibernate.SQL - 
        select
            f1_0.member_id,
            f1_0.product_id,
            f1_0.orderby 
        from
            favorite f1_0 
        where
            (
                f1_0.member_id, f1_0.product_id
            ) in ((?, ?))
    16:24:30.620 [pool-2-thread-419] DEBUG org.hibernate.SQL - 
        /* insert for
            com.codepresso.codepresso.entity.member.Favorite */insert 
        into
            favorite (orderby, member_id, product_id) 
        values
            (?, ?, ?)
    16:24:30.620 [pool-2-thread-419] DEBUG c.c.c.s.m.FavoritePessimisticService - 즐겨찾기 추가 성공 : memberId = 419, productId = 1
    16:24:30.620 [pool-2-thread-419] DEBUG c.c.c.s.m.FavoritePessimisticService - 메서드 종료 직전: memberId = 419, productId = 1
    16:24:30.621 [pool-2-thread-420] DEBUG org.hibernate.SQL - 
        select
            ni1_0.nutrition_info_id,
            ni1_0.caffeine,
            ni1_0.calories,
            ni1_0.carbohydrate,
            ni1_0.cholesterol,
            ni1_0.fat,
            ni1_0.product_id,
            ni1_0.protein,
            ni1_0.saturated_fat,
            ni1_0.sodium,
            ni1_0.sugar,
            ni1_0.trans_fat 
        from
            nutrition_info ni1_0 
        where
            ni1_0.product_id=?
    16:24:30.621 [pool-2-thread-419] DEBUG c.c.c.s.m.FavoriteConcurrencyTest - 실패 : Could not commit JPA transaction 
    16:24:30.621 [pool-2-thread-422] DEBUG org.hibernate.SQL - 
        /* SELECT
            p 
        FROM
            Product p 
        WHERE
            p.id = :productId */ select
                p1_0.product_id,
                p1_0.category_id,
                p1_0.favorite_count,
                p1_0.price,
                p1_0.product_content,
                p1_0.product_name,
                p1_0.product_photo,
                p1_0.version 
            from
                product p1_0 
            where
                p1_0.product_id=? for update
    16:24:30.621 [pool-2-thread-420] DEBUG org.hibernate.SQL - 
        select
            f1_0.member_id,
            f1_0.product_id,
            f1_0.orderby 
        from
            favorite f1_0 
        where
            (
                f1_0.member_id, f1_0.product_id
            ) in ((?, ?))
    16:24:30.621 [pool-2-thread-420] DEBUG org.hibernate.SQL - 
        /* insert for
            com.codepresso.codepresso.entity.member.Favorite */insert 
        into
            favorite (orderby, member_id, product_id) 
        values
            (?, ?, ?)
    16:24:30.621 [pool-2-thread-420] DEBUG c.c.c.s.m.FavoritePessimisticService - 즐겨찾기 추가 성공 : memberId = 420, productId = 1
    16:24:30.621 [pool-2-thread-420] DEBUG c.c.c.s.m.FavoritePessimisticService - 메서드 종료 직전: memberId = 420, productId = 1
    16:24:30.622 [pool-2-thread-420] DEBUG c.c.c.s.m.FavoriteConcurrencyTest - 실패 : Could not commit JPA transaction 
    16:24:30.622 [pool-2-thread-421] DEBUG org.hibernate.SQL - 
        select
            ni1_0.nutrition_info_id,
            ni1_0.caffeine,
            ni1_0.calories,
            ni1_0.carbohydrate,
            ni1_0.cholesterol,
            ni1_0.fat,
            ni1_0.product_id,
            ni1_0.protein,
            ni1_0.saturated_fat,
            ni1_0.sodium,
            ni1_0.sugar,
            ni1_0.trans_fat 
        from
            nutrition_info ni1_0 
        where
            ni1_0.product_id=?
    16:24:30.622 [pool-2-thread-423] DEBUG org.hibernate.SQL - 
        /* SELECT
            p 
        FROM
            Product p 
        WHERE
            p.id = :productId */ select
                p1_0.product_id,
                p1_0.category_id,
                p1_0.favorite_count,
                p1_0.price,
                p1_0.product_content,
                p1_0.product_name,
                p1_0.product_photo,
                p1_0.version 
            from
                product p1_0 
            where
                p1_0.product_id=? for update
    16:24:30.622 [pool-2-thread-421] DEBUG org.hibernate.SQL - 
        select
            f1_0.member_id,
            f1_0.product_id,
            f1_0.orderby 
        from
            favorite f1_0 
        where
            (
                f1_0.member_id, f1_0.product_id
            ) in ((?, ?))
    16:24:30.622 [pool-2-thread-421] DEBUG org.hibernate.SQL - 
        /* insert for
            com.codepresso.codepresso.entity.member.Favorite */insert 
        into
            favorite (orderby, member_id, product_id) 
        values
            (?, ?, ?)
    16:24:30.623 [pool-2-thread-421] DEBUG c.c.c.s.m.FavoritePessimisticService - 즐겨찾기 추가 성공 : memberId = 421, productId = 1
    16:24:30.623 [pool-2-thread-421] DEBUG c.c.c.s.m.FavoritePessimisticService - 메서드 종료 직전: memberId = 421, productId = 1
    16:24:30.623 [pool-2-thread-421] DEBUG c.c.c.s.m.FavoriteConcurrencyTest - 실패 : Could not commit JPA transaction 
    16:24:30.623 [pool-2-thread-422] DEBUG org.hibernate.SQL - 
        select
            ni1_0.nutrition_info_id,
            ni1_0.caffeine,
            ni1_0.calories,
            ni1_0.carbohydrate,
            ni1_0.cholesterol,
            ni1_0.fat,
            ni1_0.product_id,
            ni1_0.protein,
            ni1_0.saturated_fat,
            ni1_0.sodium,
            ni1_0.sugar,
            ni1_0.trans_fat 
        from
            nutrition_info ni1_0 
        where
            ni1_0.product_id=?
    16:24:30.623 [pool-2-thread-424] DEBUG org.hibernate.SQL - 
        /* SELECT
            p 
        FROM
            Product p 
        WHERE
            p.id = :productId */ select
                p1_0.product_id,
                p1_0.category_id,
                p1_0.favorite_count,
                p1_0.price,
                p1_0.product_content,
                p1_0.product_name,
                p1_0.product_photo,
                p1_0.version 
            from
                product p1_0 
            where
                p1_0.product_id=? for update
    16:24:30.623 [pool-2-thread-422] DEBUG org.hibernate.SQL - 
        select
            f1_0.member_id,
            f1_0.product_id,
            f1_0.orderby 
        from
            favorite f1_0 
        where
            (
                f1_0.member_id, f1_0.product_id
            ) in ((?, ?))
    16:24:30.623 [pool-2-thread-422] DEBUG org.hibernate.SQL - 
        /* insert for
            com.codepresso.codepresso.entity.member.Favorite */insert 
        into
            favorite (orderby, member_id, product_id) 
        values
            (?, ?, ?)
    16:24:30.623 [pool-2-thread-422] DEBUG c.c.c.s.m.FavoritePessimisticService - 즐겨찾기 추가 성공 : memberId = 422, productId = 1
    16:24:30.623 [pool-2-thread-422] DEBUG c.c.c.s.m.FavoritePessimisticService - 메서드 종료 직전: memberId = 422, productId = 1
    16:24:30.624 [pool-2-thread-422] DEBUG c.c.c.s.m.FavoriteConcurrencyTest - 실패 : Could not commit JPA transaction 
    16:24:30.624 [pool-2-thread-423] DEBUG org.hibernate.SQL - 
        select
            ni1_0.nutrition_info_id,
            ni1_0.caffeine,
            ni1_0.calories,
            ni1_0.carbohydrate,
            ni1_0.cholesterol,
            ni1_0.fat,
            ni1_0.product_id,
            ni1_0.protein,
            ni1_0.saturated_fat,
            ni1_0.sodium,
            ni1_0.sugar,
            ni1_0.trans_fat 
        from
            nutrition_info ni1_0 
        where
            ni1_0.product_id=?
    16:24:30.624 [pool-2-thread-425] DEBUG org.hibernate.SQL - 
        /* SELECT
            p 
        FROM
            Product p 
        WHERE
            p.id = :productId */ select
                p1_0.product_id,
                p1_0.category_id,
                p1_0.favorite_count,
                p1_0.price,
                p1_0.product_content,
                p1_0.product_name,
                p1_0.product_photo,
                p1_0.version 
            from
                product p1_0 
            where
                p1_0.product_id=? for update
    16:24:30.624 [pool-2-thread-423] DEBUG org.hibernate.SQL - 
        select
            f1_0.member_id,
            f1_0.product_id,
            f1_0.orderby 
        from
            favorite f1_0 
        where
            (
                f1_0.member_id, f1_0.product_id
            ) in ((?, ?))
    16:24:30.625 [pool-2-thread-423] DEBUG org.hibernate.SQL - 
        /* insert for
            com.codepresso.codepresso.entity.member.Favorite */insert 
        into
            favorite (orderby, member_id, product_id) 
        values
            (?, ?, ?)
    16:24:30.625 [pool-2-thread-423] DEBUG c.c.c.s.m.FavoritePessimisticService - 즐겨찾기 추가 성공 : memberId = 423, productId = 1
    16:24:30.625 [pool-2-thread-423] DEBUG c.c.c.s.m.FavoritePessimisticService - 메서드 종료 직전: memberId = 423, productId = 1
    16:24:30.625 [pool-2-thread-423] DEBUG c.c.c.s.m.FavoriteConcurrencyTest - 실패 : Could not commit JPA transaction 
    16:24:30.626 [pool-2-thread-426] DEBUG org.hibernate.SQL - 
        /* SELECT
            p 
        FROM
            Product p 
        WHERE
            p.id = :productId */ select
                p1_0.product_id,
                p1_0.category_id,
                p1_0.favorite_count,
                p1_0.price,
                p1_0.product_content,
                p1_0.product_name,
                p1_0.product_photo,
                p1_0.version 
            from
                product p1_0 
            where
                p1_0.product_id=? for update
    16:24:30.626 [pool-2-thread-424] DEBUG org.hibernate.SQL - 
        select
            ni1_0.nutrition_info_id,
            ni1_0.caffeine,
            ni1_0.calories,
            ni1_0.carbohydrate,
            ni1_0.cholesterol,
            ni1_0.fat,
            ni1_0.product_id,
            ni1_0.protein,
            ni1_0.saturated_fat,
            ni1_0.sodium,
            ni1_0.sugar,
            ni1_0.trans_fat 
        from
            nutrition_info ni1_0 
        where
            ni1_0.product_id=?
    16:24:30.627 [pool-2-thread-424] DEBUG org.hibernate.SQL - 
        select
            f1_0.member_id,
            f1_0.product_id,
            f1_0.orderby 
        from
            favorite f1_0 
        where
            (
                f1_0.member_id, f1_0.product_id
            ) in ((?, ?))
    16:24:30.627 [pool-2-thread-424] DEBUG org.hibernate.SQL - 
        /* insert for
            com.codepresso.codepresso.entity.member.Favorite */insert 
        into
            favorite (orderby, member_id, product_id) 
        values
            (?, ?, ?)
    16:24:30.627 [pool-2-thread-424] DEBUG c.c.c.s.m.FavoritePessimisticService - 즐겨찾기 추가 성공 : memberId = 424, productId = 1
    16:24:30.627 [pool-2-thread-424] DEBUG c.c.c.s.m.FavoritePessimisticService - 메서드 종료 직전: memberId = 424, productId = 1
    16:24:30.628 [pool-2-thread-410] DEBUG org.hibernate.SQL - 
        select
            ni1_0.nutrition_info_id,
            ni1_0.caffeine,
            ni1_0.calories,
            ni1_0.carbohydrate,
            ni1_0.cholesterol,
            ni1_0.fat,
            ni1_0.product_id,
            ni1_0.protein,
            ni1_0.saturated_fat,
            ni1_0.sodium,
            ni1_0.sugar,
            ni1_0.trans_fat 
        from
            nutrition_info ni1_0 
        where
            ni1_0.product_id=?
    16:24:30.628 [pool-2-thread-424] DEBUG c.c.c.s.m.FavoriteConcurrencyTest - 실패 : Could not commit JPA transaction 
    16:24:30.628 [pool-2-thread-13] DEBUG org.hibernate.SQL - 
        /* SELECT
            p 
        FROM
            Product p 
        WHERE
            p.id = :productId */ select
                p1_0.product_id,
                p1_0.category_id,
                p1_0.favorite_count,
                p1_0.price,
                p1_0.product_content,
                p1_0.product_name,
                p1_0.product_photo,
                p1_0.version 
            from
                product p1_0 
            where
                p1_0.product_id=? for update
    16:24:30.628 [pool-2-thread-410] DEBUG org.hibernate.SQL - 
        select
            f1_0.member_id,
            f1_0.product_id,
            f1_0.orderby 
        from
            favorite f1_0 
        where
            (
                f1_0.member_id, f1_0.product_id
            ) in ((?, ?))
    16:24:30.629 [pool-2-thread-410] DEBUG org.hibernate.SQL - 
        /* insert for
            com.codepresso.codepresso.entity.member.Favorite */insert 
        into
            favorite (orderby, member_id, product_id) 
        values
            (?, ?, ?)
    16:24:30.629 [pool-2-thread-410] DEBUG c.c.c.s.m.FavoritePessimisticService - 즐겨찾기 추가 성공 : memberId = 410, productId = 1
    16:24:30.629 [pool-2-thread-410] DEBUG c.c.c.s.m.FavoritePessimisticService - 메서드 종료 직전: memberId = 410, productId = 1
    16:24:30.629 [pool-2-thread-410] DEBUG c.c.c.s.m.FavoriteConcurrencyTest - 실패 : Could not commit JPA transaction 
    16:24:30.629 [pool-2-thread-406] DEBUG org.hibernate.SQL - 
        select
            ni1_0.nutrition_info_id,
            ni1_0.caffeine,
            ni1_0.calories,
            ni1_0.carbohydrate,
            ni1_0.cholesterol,
            ni1_0.fat,
            ni1_0.product_id,
            ni1_0.protein,
            ni1_0.saturated_fat,
            ni1_0.sodium,
            ni1_0.sugar,
            ni1_0.trans_fat 
        from
            nutrition_info ni1_0 
        where
            ni1_0.product_id=?
    16:24:30.629 [pool-2-thread-428] DEBUG org.hibernate.SQL - 
        /* SELECT
            p 
        FROM
            Product p 
        WHERE
            p.id = :productId */ select
                p1_0.product_id,
                p1_0.category_id,
                p1_0.favorite_count,
                p1_0.price,
                p1_0.product_content,
                p1_0.product_name,
                p1_0.product_photo,
                p1_0.version 
            from
                product p1_0 
            where
                p1_0.product_id=? for update
    16:24:30.630 [pool-2-thread-406] DEBUG org.hibernate.SQL - 
        select
            f1_0.member_id,
            f1_0.product_id,
            f1_0.orderby 
        from
            favorite f1_0 
        where
            (
                f1_0.member_id, f1_0.product_id
            ) in ((?, ?))
    16:24:30.630 [pool-2-thread-406] DEBUG org.hibernate.SQL - 
        /* insert for
            com.codepresso.codepresso.entity.member.Favorite */insert 
        into
            favorite (orderby, member_id, product_id) 
        values
            (?, ?, ?)
    16:24:30.630 [pool-2-thread-406] DEBUG c.c.c.s.m.FavoritePessimisticService - 즐겨찾기 추가 성공 : memberId = 406, productId = 1
    16:24:30.630 [pool-2-thread-406] DEBUG c.c.c.s.m.FavoritePessimisticService - 메서드 종료 직전: memberId = 406, productId = 1
    16:24:30.631 [pool-2-thread-406] DEBUG c.c.c.s.m.FavoriteConcurrencyTest - 실패 : Could not commit JPA transaction 
    16:24:30.631 [pool-2-thread-13] DEBUG org.hibernate.SQL - 
        select
            ni1_0.nutrition_info_id,
            ni1_0.caffeine,
            ni1_0.calories,
            ni1_0.carbohydrate,
            ni1_0.cholesterol,
            ni1_0.fat,
            ni1_0.product_id,
            ni1_0.protein,
            ni1_0.saturated_fat,
            ni1_0.sodium,
            ni1_0.sugar,
            ni1_0.trans_fat 
        from
            nutrition_info ni1_0 
        where
            ni1_0.product_id=?
    16:24:30.631 [pool-2-thread-429] DEBUG org.hibernate.SQL - 
        /* SELECT
            p 
        FROM
            Product p 
        WHERE
            p.id = :productId */ select
                p1_0.product_id,
                p1_0.category_id,
                p1_0.favorite_count,
                p1_0.price,
                p1_0.product_content,
                p1_0.product_name,
                p1_0.product_photo,
                p1_0.version 
            from
                product p1_0 
            where
                p1_0.product_id=? for update
    16:24:30.631 [pool-2-thread-13] DEBUG org.hibernate.SQL - 
        select
            f1_0.member_id,
            f1_0.product_id,
            f1_0.orderby 
        from
            favorite f1_0 
        where
            (
                f1_0.member_id, f1_0.product_id
            ) in ((?, ?))
    16:24:30.631 [pool-2-thread-13] DEBUG org.hibernate.SQL - 
        /* insert for
            com.codepresso.codepresso.entity.member.Favorite */insert 
        into
            favorite (orderby, member_id, product_id) 
        values
            (?, ?, ?)
    16:24:30.631 [pool-2-thread-13] DEBUG c.c.c.s.m.FavoritePessimisticService - 즐겨찾기 추가 성공 : memberId = 13, productId = 1
    16:24:30.631 [pool-2-thread-13] DEBUG c.c.c.s.m.FavoritePessimisticService - 메서드 종료 직전: memberId = 13, productId = 1
    16:24:30.632 [pool-2-thread-13] DEBUG c.c.c.s.m.FavoriteConcurrencyTest - 실패 : Could not commit JPA transaction 
    16:24:30.632 [pool-2-thread-426] DEBUG org.hibernate.SQL - 
        select
            ni1_0.nutrition_info_id,
            ni1_0.caffeine,
            ni1_0.calories,
            ni1_0.carbohydrate,
            ni1_0.cholesterol,
            ni1_0.fat,
            ni1_0.product_id,
            ni1_0.protein,
            ni1_0.saturated_fat,
            ni1_0.sodium,
            ni1_0.sugar,
            ni1_0.trans_fat 
        from
            nutrition_info ni1_0 
        where
            ni1_0.product_id=?
    16:24:30.632 [pool-2-thread-430] DEBUG org.hibernate.SQL - 
        /* SELECT
            p 
        FROM
            Product p 
        WHERE
            p.id = :productId */ select
                p1_0.product_id,
                p1_0.category_id,
                p1_0.favorite_count,
                p1_0.price,
                p1_0.product_content,
                p1_0.product_name,
                p1_0.product_photo,
                p1_0.version 
            from
                product p1_0 
            where
                p1_0.product_id=? for update
    16:24:30.632 [pool-2-thread-426] DEBUG org.hibernate.SQL - 
        select
            f1_0.member_id,
            f1_0.product_id,
            f1_0.orderby 
        from
            favorite f1_0 
        where
            (
                f1_0.member_id, f1_0.product_id
            ) in ((?, ?))
    16:24:30.633 [pool-2-thread-426] DEBUG org.hibernate.SQL - 
        /* insert for
            com.codepresso.codepresso.entity.member.Favorite */insert 
        into
            favorite (orderby, member_id, product_id) 
        values
            (?, ?, ?)
    16:24:30.633 [pool-2-thread-426] DEBUG c.c.c.s.m.FavoritePessimisticService - 즐겨찾기 추가 성공 : memberId = 426, productId = 1
    16:24:30.633 [pool-2-thread-426] DEBUG c.c.c.s.m.FavoritePessimisticService - 메서드 종료 직전: memberId = 426, productId = 1
    16:24:30.633 [pool-2-thread-426] DEBUG c.c.c.s.m.FavoriteConcurrencyTest - 실패 : Could not commit JPA transaction 
    16:24:30.634 [pool-2-thread-428] DEBUG org.hibernate.SQL - 
        select
            ni1_0.nutrition_info_id,
            ni1_0.caffeine,
            ni1_0.calories,
            ni1_0.carbohydrate,
            ni1_0.cholesterol,
            ni1_0.fat,
            ni1_0.product_id,
            ni1_0.protein,
            ni1_0.saturated_fat,
            ni1_0.sodium,
            ni1_0.sugar,
            ni1_0.trans_fat 
        from
            nutrition_info ni1_0 
        where
            ni1_0.product_id=?
    16:24:30.634 [pool-2-thread-431] DEBUG org.hibernate.SQL - 
        /* SELECT
            p 
        FROM
            Product p 
        WHERE
            p.id = :productId */ select
                p1_0.product_id,
                p1_0.category_id,
                p1_0.favorite_count,
                p1_0.price,
                p1_0.product_content,
                p1_0.product_name,
                p1_0.product_photo,
                p1_0.version 
            from
                product p1_0 
            where
                p1_0.product_id=? for update
    16:24:30.634 [pool-2-thread-428] DEBUG org.hibernate.SQL - 
        select
            f1_0.member_id,
            f1_0.product_id,
            f1_0.orderby 
        from
            favorite f1_0 
        where
            (
                f1_0.member_id, f1_0.product_id
            ) in ((?, ?))
    16:24:30.635 [pool-2-thread-428] DEBUG org.hibernate.SQL - 
        /* insert for
            com.codepresso.codepresso.entity.member.Favorite */insert 
        into
            favorite (orderby, member_id, product_id) 
        values
            (?, ?, ?)
    16:24:30.635 [pool-2-thread-428] DEBUG c.c.c.s.m.FavoritePessimisticService - 즐겨찾기 추가 성공 : memberId = 428, productId = 1
    16:24:30.635 [pool-2-thread-428] DEBUG c.c.c.s.m.FavoritePessimisticService - 메서드 종료 직전: memberId = 428, productId = 1
    16:24:30.635 [pool-2-thread-428] DEBUG c.c.c.s.m.FavoriteConcurrencyTest - 실패 : Could not commit JPA transaction 
    16:24:30.636 [pool-2-thread-430] DEBUG org.hibernate.SQL - 
        select
            ni1_0.nutrition_info_id,
            ni1_0.caffeine,
            ni1_0.calories,
            ni1_0.carbohydrate,
            ni1_0.cholesterol,
            ni1_0.fat,
            ni1_0.product_id,
            ni1_0.protein,
            ni1_0.saturated_fat,
            ni1_0.sodium,
            ni1_0.sugar,
            ni1_0.trans_fat 
        from
            nutrition_info ni1_0 
        where
            ni1_0.product_id=?
    16:24:30.636 [pool-2-thread-430] DEBUG org.hibernate.SQL - 
        select
            f1_0.member_id,
            f1_0.product_id,
            f1_0.orderby 
        from
            favorite f1_0 
        where
            (
                f1_0.member_id, f1_0.product_id
            ) in ((?, ?))
    16:24:30.636 [pool-2-thread-432] DEBUG org.hibernate.SQL - 
        /* SELECT
            p 
        FROM
            Product p 
        WHERE
            p.id = :productId */ select
                p1_0.product_id,
                p1_0.category_id,
                p1_0.favorite_count,
                p1_0.price,
                p1_0.product_content,
                p1_0.product_name,
                p1_0.product_photo,
                p1_0.version 
            from
                product p1_0 
            where
                p1_0.product_id=? for update
    16:24:30.636 [pool-2-thread-430] DEBUG org.hibernate.SQL - 
        /* insert for
            com.codepresso.codepresso.entity.member.Favorite */insert 
        into
            favorite (orderby, member_id, product_id) 
        values
            (?, ?, ?)
    16:24:30.638 [pool-2-thread-430] DEBUG c.c.c.s.m.FavoritePessimisticService - 즐겨찾기 추가 성공 : memberId = 430, productId = 1
    16:24:30.638 [pool-2-thread-430] DEBUG c.c.c.s.m.FavoritePessimisticService - 메서드 종료 직전: memberId = 430, productId = 1
    16:24:30.638 [pool-2-thread-430] DEBUG c.c.c.s.m.FavoriteConcurrencyTest - 실패 : Could not commit JPA transaction 
    16:24:30.638 [pool-2-thread-429] DEBUG org.hibernate.SQL - 
        select
            ni1_0.nutrition_info_id,
            ni1_0.caffeine,
            ni1_0.calories,
            ni1_0.carbohydrate,
            ni1_0.cholesterol,
            ni1_0.fat,
            ni1_0.product_id,
            ni1_0.protein,
            ni1_0.saturated_fat,
            ni1_0.sodium,
            ni1_0.sugar,
            ni1_0.trans_fat 
        from
            nutrition_info ni1_0 
        where
            ni1_0.product_id=?
    16:24:30.639 [pool-2-thread-429] DEBUG org.hibernate.SQL - 
        select
            f1_0.member_id,
            f1_0.product_id,
            f1_0.orderby 
        from
            favorite f1_0 
        where
            (
                f1_0.member_id, f1_0.product_id
            ) in ((?, ?))
    16:24:30.639 [pool-2-thread-429] DEBUG org.hibernate.SQL - 
        /* insert for
            com.codepresso.codepresso.entity.member.Favorite */insert 
        into
            favorite (orderby, member_id, product_id) 
        values
            (?, ?, ?)
    16:24:30.639 [pool-2-thread-429] DEBUG c.c.c.s.m.FavoritePessimisticService - 즐겨찾기 추가 성공 : memberId = 429, productId = 1
    16:24:30.639 [pool-2-thread-429] DEBUG c.c.c.s.m.FavoritePessimisticService - 메서드 종료 직전: memberId = 429, productId = 1
    16:24:30.640 [pool-2-thread-429] DEBUG c.c.c.s.m.FavoriteConcurrencyTest - 실패 : Could not commit JPA transaction 
    16:24:30.640 [pool-2-thread-433] DEBUG org.hibernate.SQL - 
        /* SELECT
            p 
        FROM
            Product p 
        WHERE
            p.id = :productId */ select
                p1_0.product_id,
                p1_0.category_id,
                p1_0.favorite_count,
                p1_0.price,
                p1_0.product_content,
                p1_0.product_name,
                p1_0.product_photo,
                p1_0.version 
            from
                product p1_0 
            where
                p1_0.product_id=? for update
    16:24:30.641 [pool-2-thread-433] DEBUG org.hibernate.SQL - 
        select
            ni1_0.nutrition_info_id,
            ni1_0.caffeine,
            ni1_0.calories,
            ni1_0.carbohydrate,
            ni1_0.cholesterol,
            ni1_0.fat,
            ni1_0.product_id,
            ni1_0.protein,
            ni1_0.saturated_fat,
            ni1_0.sodium,
            ni1_0.sugar,
            ni1_0.trans_fat 
        from
            nutrition_info ni1_0 
        where
            ni1_0.product_id=?
    16:24:30.641 [pool-2-thread-433] DEBUG org.hibernate.SQL - 
        select
            f1_0.member_id,
            f1_0.product_id,
            f1_0.orderby 
        from
            favorite f1_0 
        where
            (
                f1_0.member_id, f1_0.product_id
            ) in ((?, ?))
    16:24:30.642 [pool-2-thread-433] DEBUG org.hibernate.SQL - 
        /* insert for
            com.codepresso.codepresso.entity.member.Favorite */insert 
        into
            favorite (orderby, member_id, product_id) 
        values
            (?, ?, ?)
    16:24:30.642 [pool-2-thread-433] DEBUG c.c.c.s.m.FavoritePessimisticService - 즐겨찾기 추가 성공 : memberId = 433, productId = 1
    16:24:30.642 [pool-2-thread-433] DEBUG c.c.c.s.m.FavoritePessimisticService - 메서드 종료 직전: memberId = 433, productId = 1
    16:24:30.642 [pool-2-thread-434] DEBUG org.hibernate.SQL - 
        /* SELECT
            p 
        FROM
            Product p 
        WHERE
            p.id = :productId */ select
                p1_0.product_id,
                p1_0.category_id,
                p1_0.favorite_count,
                p1_0.price,
                p1_0.product_content,
                p1_0.product_name,
                p1_0.product_photo,
                p1_0.version 
            from
                product p1_0 
            where
                p1_0.product_id=? for update
    16:24:30.642 [pool-2-thread-425] DEBUG org.hibernate.SQL - 
        select
            ni1_0.nutrition_info_id,
            ni1_0.caffeine,
            ni1_0.calories,
            ni1_0.carbohydrate,
            ni1_0.cholesterol,
            ni1_0.fat,
            ni1_0.product_id,
            ni1_0.protein,
            ni1_0.saturated_fat,
            ni1_0.sodium,
            ni1_0.sugar,
            ni1_0.trans_fat 
        from
            nutrition_info ni1_0 
        where
            ni1_0.product_id=?
    16:24:30.642 [pool-2-thread-433] DEBUG c.c.c.s.m.FavoriteConcurrencyTest - 실패 : Could not commit JPA transaction 
    16:24:30.643 [pool-2-thread-435] DEBUG org.hibernate.SQL - 
        /* SELECT
            p 
        FROM
            Product p 
        WHERE
            p.id = :productId */ select
                p1_0.product_id,
                p1_0.category_id,
                p1_0.favorite_count,
                p1_0.price,
                p1_0.product_content,
                p1_0.product_name,
                p1_0.product_photo,
                p1_0.version 
            from
                product p1_0 
            where
                p1_0.product_id=? for update
    16:24:30.643 [pool-2-thread-425] DEBUG org.hibernate.SQL - 
        select
            f1_0.member_id,
            f1_0.product_id,
            f1_0.orderby 
        from
            favorite f1_0 
        where
            (
                f1_0.member_id, f1_0.product_id
            ) in ((?, ?))
    16:24:30.644 [pool-2-thread-425] DEBUG org.hibernate.SQL - 
        /* insert for
            com.codepresso.codepresso.entity.member.Favorite */insert 
        into
            favorite (orderby, member_id, product_id) 
        values
            (?, ?, ?)
    16:24:30.644 [pool-2-thread-425] DEBUG c.c.c.s.m.FavoritePessimisticService - 즐겨찾기 추가 성공 : memberId = 425, productId = 1
    16:24:30.644 [pool-2-thread-425] DEBUG c.c.c.s.m.FavoritePessimisticService - 메서드 종료 직전: memberId = 425, productId = 1
    16:24:30.646 [pool-2-thread-425] DEBUG c.c.c.s.m.FavoriteConcurrencyTest - 실패 : Could not commit JPA transaction 
    16:24:30.646 [pool-2-thread-414] DEBUG org.hibernate.SQL - 
        select
            ni1_0.nutrition_info_id,
            ni1_0.caffeine,
            ni1_0.calories,
            ni1_0.carbohydrate,
            ni1_0.cholesterol,
            ni1_0.fat,
            ni1_0.product_id,
            ni1_0.protein,
            ni1_0.saturated_fat,
            ni1_0.sodium,
            ni1_0.sugar,
            ni1_0.trans_fat 
        from
            nutrition_info ni1_0 
        where
            ni1_0.product_id=?
    16:24:30.647 [pool-2-thread-436] DEBUG org.hibernate.SQL - 
        /* SELECT
            p 
        FROM
            Product p 
        WHERE
            p.id = :productId */ select
                p1_0.product_id,
                p1_0.category_id,
                p1_0.favorite_count,
                p1_0.price,
                p1_0.product_content,
                p1_0.product_name,
                p1_0.product_photo,
                p1_0.version 
            from
                product p1_0 
            where
                p1_0.product_id=? for update
    16:24:30.647 [pool-2-thread-414] DEBUG org.hibernate.SQL - 
        select
            f1_0.member_id,
            f1_0.product_id,
            f1_0.orderby 
        from
            favorite f1_0 
        where
            (
                f1_0.member_id, f1_0.product_id
            ) in ((?, ?))
    16:24:30.648 [pool-2-thread-414] DEBUG org.hibernate.SQL - 
        /* insert for
            com.codepresso.codepresso.entity.member.Favorite */insert 
        into
            favorite (orderby, member_id, product_id) 
        values
            (?, ?, ?)
    16:24:30.648 [pool-2-thread-414] DEBUG c.c.c.s.m.FavoritePessimisticService - 즐겨찾기 추가 성공 : memberId = 414, productId = 1
    16:24:30.648 [pool-2-thread-414] DEBUG c.c.c.s.m.FavoritePessimisticService - 메서드 종료 직전: memberId = 414, productId = 1
    16:24:30.648 [pool-2-thread-414] DEBUG c.c.c.s.m.FavoriteConcurrencyTest - 실패 : Could not commit JPA transaction 
    16:24:30.648 [pool-2-thread-435] DEBUG org.hibernate.SQL - 
        select
            ni1_0.nutrition_info_id,
            ni1_0.caffeine,
            ni1_0.calories,
            ni1_0.carbohydrate,
            ni1_0.cholesterol,
            ni1_0.fat,
            ni1_0.product_id,
            ni1_0.protein,
            ni1_0.saturated_fat,
            ni1_0.sodium,
            ni1_0.sugar,
            ni1_0.trans_fat 
        from
            nutrition_info ni1_0 
        where
            ni1_0.product_id=?
    16:24:30.649 [pool-2-thread-437] DEBUG org.hibernate.SQL - 
        /* SELECT
            p 
        FROM
            Product p 
        WHERE
            p.id = :productId */ select
                p1_0.product_id,
                p1_0.category_id,
                p1_0.favorite_count,
                p1_0.price,
                p1_0.product_content,
                p1_0.product_name,
                p1_0.product_photo,
                p1_0.version 
            from
                product p1_0 
            where
                p1_0.product_id=? for update
    16:24:30.649 [pool-2-thread-435] DEBUG org.hibernate.SQL - 
        select
            f1_0.member_id,
            f1_0.product_id,
            f1_0.orderby 
        from
            favorite f1_0 
        where
            (
                f1_0.member_id, f1_0.product_id
            ) in ((?, ?))
    16:24:30.649 [pool-2-thread-435] DEBUG org.hibernate.SQL - 
        /* insert for
            com.codepresso.codepresso.entity.member.Favorite */insert 
        into
            favorite (orderby, member_id, product_id) 
        values
            (?, ?, ?)
    16:24:30.649 [pool-2-thread-435] DEBUG c.c.c.s.m.FavoritePessimisticService - 즐겨찾기 추가 성공 : memberId = 435, productId = 1
    16:24:30.649 [pool-2-thread-435] DEBUG c.c.c.s.m.FavoritePessimisticService - 메서드 종료 직전: memberId = 435, productId = 1
    16:24:30.649 [pool-2-thread-435] DEBUG c.c.c.s.m.FavoriteConcurrencyTest - 실패 : Could not commit JPA transaction 
    16:24:30.650 [pool-2-thread-434] DEBUG org.hibernate.SQL - 
        select
            ni1_0.nutrition_info_id,
            ni1_0.caffeine,
            ni1_0.calories,
            ni1_0.carbohydrate,
            ni1_0.cholesterol,
            ni1_0.fat,
            ni1_0.product_id,
            ni1_0.protein,
            ni1_0.saturated_fat,
            ni1_0.sodium,
            ni1_0.sugar,
            ni1_0.trans_fat 
        from
            nutrition_info ni1_0 
        where
            ni1_0.product_id=?
    16:24:30.650 [pool-2-thread-438] DEBUG org.hibernate.SQL - 
        /* SELECT
            p 
        FROM
            Product p 
        WHERE
            p.id = :productId */ select
                p1_0.product_id,
                p1_0.category_id,
                p1_0.favorite_count,
                p1_0.price,
                p1_0.product_content,
                p1_0.product_name,
                p1_0.product_photo,
                p1_0.version 
            from
                product p1_0 
            where
                p1_0.product_id=? for update
    16:24:30.650 [pool-2-thread-434] DEBUG org.hibernate.SQL - 
        select
            f1_0.member_id,
            f1_0.product_id,
            f1_0.orderby 
        from
            favorite f1_0 
        where
            (
                f1_0.member_id, f1_0.product_id
            ) in ((?, ?))
    16:24:30.650 [pool-2-thread-434] DEBUG org.hibernate.SQL - 
        /* insert for
            com.codepresso.codepresso.entity.member.Favorite */insert 
        into
            favorite (orderby, member_id, product_id) 
        values
            (?, ?, ?)
    16:24:30.650 [pool-2-thread-434] DEBUG c.c.c.s.m.FavoritePessimisticService - 즐겨찾기 추가 성공 : memberId = 434, productId = 1
    16:24:30.650 [pool-2-thread-434] DEBUG c.c.c.s.m.FavoritePessimisticService - 메서드 종료 직전: memberId = 434, productId = 1
    16:24:30.651 [pool-2-thread-434] DEBUG c.c.c.s.m.FavoriteConcurrencyTest - 실패 : Could not commit JPA transaction 
    16:24:30.651 [pool-2-thread-437] DEBUG org.hibernate.SQL - 
        select
            ni1_0.nutrition_info_id,
            ni1_0.caffeine,
            ni1_0.calories,
            ni1_0.carbohydrate,
            ni1_0.cholesterol,
            ni1_0.fat,
            ni1_0.product_id,
            ni1_0.protein,
            ni1_0.saturated_fat,
            ni1_0.sodium,
            ni1_0.sugar,
            ni1_0.trans_fat 
        from
            nutrition_info ni1_0 
        where
            ni1_0.product_id=?
    16:24:30.651 [pool-2-thread-439] DEBUG org.hibernate.SQL - 
        /* SELECT
            p 
        FROM
            Product p 
        WHERE
            p.id = :productId */ select
                p1_0.product_id,
                p1_0.category_id,
                p1_0.favorite_count,
                p1_0.price,
                p1_0.product_content,
                p1_0.product_name,
                p1_0.product_photo,
                p1_0.version 
            from
                product p1_0 
            where
                p1_0.product_id=? for update
    16:24:30.651 [pool-2-thread-437] DEBUG org.hibernate.SQL - 
        select
            f1_0.member_id,
            f1_0.product_id,
            f1_0.orderby 
        from
            favorite f1_0 
        where
            (
                f1_0.member_id, f1_0.product_id
            ) in ((?, ?))
    16:24:30.652 [pool-2-thread-437] DEBUG org.hibernate.SQL - 
        /* insert for
            com.codepresso.codepresso.entity.member.Favorite */insert 
        into
            favorite (orderby, member_id, product_id) 
        values
            (?, ?, ?)
    16:24:30.652 [pool-2-thread-437] DEBUG c.c.c.s.m.FavoritePessimisticService - 즐겨찾기 추가 성공 : memberId = 437, productId = 1
    16:24:30.652 [pool-2-thread-437] DEBUG c.c.c.s.m.FavoritePessimisticService - 메서드 종료 직전: memberId = 437, productId = 1
    16:24:30.652 [pool-2-thread-437] DEBUG c.c.c.s.m.FavoriteConcurrencyTest - 실패 : Could not commit JPA transaction 
    16:24:30.652 [pool-2-thread-316] DEBUG org.hibernate.SQL - 
        select
            ni1_0.nutrition_info_id,
            ni1_0.caffeine,
            ni1_0.calories,
            ni1_0.carbohydrate,
            ni1_0.cholesterol,
            ni1_0.fat,
            ni1_0.product_id,
            ni1_0.protein,
            ni1_0.saturated_fat,
            ni1_0.sodium,
            ni1_0.sugar,
            ni1_0.trans_fat 
        from
            nutrition_info ni1_0 
        where
            ni1_0.product_id=?
    16:24:30.652 [pool-2-thread-440] DEBUG org.hibernate.SQL - 
        /* SELECT
            p 
        FROM
            Product p 
        WHERE
            p.id = :productId */ select
                p1_0.product_id,
                p1_0.category_id,
                p1_0.favorite_count,
                p1_0.price,
                p1_0.product_content,
                p1_0.product_name,
                p1_0.product_photo,
                p1_0.version 
            from
                product p1_0 
            where
                p1_0.product_id=? for update
    16:24:30.652 [pool-2-thread-316] DEBUG org.hibernate.SQL - 
        select
            f1_0.member_id,
            f1_0.product_id,
            f1_0.orderby 
        from
            favorite f1_0 
        where
            (
                f1_0.member_id, f1_0.product_id
            ) in ((?, ?))
    16:24:30.653 [pool-2-thread-316] DEBUG org.hibernate.SQL - 
        /* insert for
            com.codepresso.codepresso.entity.member.Favorite */insert 
        into
            favorite (orderby, member_id, product_id) 
        values
            (?, ?, ?)
    16:24:30.653 [pool-2-thread-316] DEBUG c.c.c.s.m.FavoritePessimisticService - 즐겨찾기 추가 성공 : memberId = 316, productId = 1
    16:24:30.653 [pool-2-thread-316] DEBUG c.c.c.s.m.FavoritePessimisticService - 메서드 종료 직전: memberId = 316, productId = 1
    16:24:30.653 [pool-2-thread-316] DEBUG c.c.c.s.m.FavoriteConcurrencyTest - 실패 : Could not commit JPA transaction 
    16:24:30.653 [pool-2-thread-439] DEBUG org.hibernate.SQL - 
        select
            ni1_0.nutrition_info_id,
            ni1_0.caffeine,
            ni1_0.calories,
            ni1_0.carbohydrate,
            ni1_0.cholesterol,
            ni1_0.fat,
            ni1_0.product_id,
            ni1_0.protein,
            ni1_0.saturated_fat,
            ni1_0.sodium,
            ni1_0.sugar,
            ni1_0.trans_fat 
        from
            nutrition_info ni1_0 
        where
            ni1_0.product_id=?
    16:24:30.653 [pool-2-thread-441] DEBUG org.hibernate.SQL - 
        /* SELECT
            p 
        FROM
            Product p 
        WHERE
            p.id = :productId */ select
                p1_0.product_id,
                p1_0.category_id,
                p1_0.favorite_count,
                p1_0.price,
                p1_0.product_content,
                p1_0.product_name,
                p1_0.product_photo,
                p1_0.version 
            from
                product p1_0 
            where
                p1_0.product_id=? for update
    16:24:30.654 [pool-2-thread-439] DEBUG org.hibernate.SQL - 
        select
            f1_0.member_id,
            f1_0.product_id,
            f1_0.orderby 
        from
            favorite f1_0 
        where
            (
                f1_0.member_id, f1_0.product_id
            ) in ((?, ?))
    16:24:30.654 [pool-2-thread-439] DEBUG org.hibernate.SQL - 
        /* insert for
            com.codepresso.codepresso.entity.member.Favorite */insert 
        into
            favorite (orderby, member_id, product_id) 
        values
            (?, ?, ?)
    16:24:30.654 [pool-2-thread-439] DEBUG c.c.c.s.m.FavoritePessimisticService - 즐겨찾기 추가 성공 : memberId = 439, productId = 1
    16:24:30.654 [pool-2-thread-439] DEBUG c.c.c.s.m.FavoritePessimisticService - 메서드 종료 직전: memberId = 439, productId = 1
    16:24:30.654 [pool-2-thread-439] DEBUG c.c.c.s.m.FavoriteConcurrencyTest - 실패 : Could not commit JPA transaction 
    16:24:30.654 [pool-2-thread-440] DEBUG org.hibernate.SQL - 
        select
            ni1_0.nutrition_info_id,
            ni1_0.caffeine,
            ni1_0.calories,
            ni1_0.carbohydrate,
            ni1_0.cholesterol,
            ni1_0.fat,
            ni1_0.product_id,
            ni1_0.protein,
            ni1_0.saturated_fat,
            ni1_0.sodium,
            ni1_0.sugar,
            ni1_0.trans_fat 
        from
            nutrition_info ni1_0 
        where
            ni1_0.product_id=?
    16:24:30.654 [pool-2-thread-442] DEBUG org.hibernate.SQL - 
        /* SELECT
            p 
        FROM
            Product p 
        WHERE
            p.id = :productId */ select
                p1_0.product_id,
                p1_0.category_id,
                p1_0.favorite_count,
                p1_0.price,
                p1_0.product_content,
                p1_0.product_name,
                p1_0.product_photo,
                p1_0.version 
            from
                product p1_0 
            where
                p1_0.product_id=? for update
    16:24:30.654 [pool-2-thread-440] DEBUG org.hibernate.SQL - 
        select
            f1_0.member_id,
            f1_0.product_id,
            f1_0.orderby 
        from
            favorite f1_0 
        where
            (
                f1_0.member_id, f1_0.product_id
            ) in ((?, ?))
    16:24:30.655 [pool-2-thread-440] DEBUG org.hibernate.SQL - 
        /* insert for
            com.codepresso.codepresso.entity.member.Favorite */insert 
        into
            favorite (orderby, member_id, product_id) 
        values
            (?, ?, ?)
    16:24:30.655 [pool-2-thread-440] DEBUG c.c.c.s.m.FavoritePessimisticService - 즐겨찾기 추가 성공 : memberId = 440, productId = 1
    16:24:30.655 [pool-2-thread-440] DEBUG c.c.c.s.m.FavoritePessimisticService - 메서드 종료 직전: memberId = 440, productId = 1
    16:24:30.655 [pool-2-thread-440] DEBUG c.c.c.s.m.FavoriteConcurrencyTest - 실패 : Could not commit JPA transaction 
    16:24:30.655 [pool-2-thread-441] DEBUG org.hibernate.SQL - 
        select
            ni1_0.nutrition_info_id,
            ni1_0.caffeine,
            ni1_0.calories,
            ni1_0.carbohydrate,
            ni1_0.cholesterol,
            ni1_0.fat,
            ni1_0.product_id,
            ni1_0.protein,
            ni1_0.saturated_fat,
            ni1_0.sodium,
            ni1_0.sugar,
            ni1_0.trans_fat 
        from
            nutrition_info ni1_0 
        where
            ni1_0.product_id=?
    16:24:30.655 [pool-2-thread-443] DEBUG org.hibernate.SQL - 
        /* SELECT
            p 
        FROM
            Product p 
        WHERE
            p.id = :productId */ select
                p1_0.product_id,
                p1_0.category_id,
                p1_0.favorite_count,
                p1_0.price,
                p1_0.product_content,
                p1_0.product_name,
                p1_0.product_photo,
                p1_0.version 
            from
                product p1_0 
            where
                p1_0.product_id=? for update
    16:24:30.655 [pool-2-thread-441] DEBUG org.hibernate.SQL - 
        select
            f1_0.member_id,
            f1_0.product_id,
            f1_0.orderby 
        from
            favorite f1_0 
        where
            (
                f1_0.member_id, f1_0.product_id
            ) in ((?, ?))
    16:24:30.656 [pool-2-thread-441] DEBUG org.hibernate.SQL - 
        /* insert for
            com.codepresso.codepresso.entity.member.Favorite */insert 
        into
            favorite (orderby, member_id, product_id) 
        values
            (?, ?, ?)
    16:24:30.656 [pool-2-thread-441] DEBUG c.c.c.s.m.FavoritePessimisticService - 즐겨찾기 추가 성공 : memberId = 441, productId = 1
    16:24:30.656 [pool-2-thread-441] DEBUG c.c.c.s.m.FavoritePessimisticService - 메서드 종료 직전: memberId = 441, productId = 1
    16:24:30.656 [pool-2-thread-441] DEBUG c.c.c.s.m.FavoriteConcurrencyTest - 실패 : Could not commit JPA transaction 
    16:24:30.656 [pool-2-thread-442] DEBUG org.hibernate.SQL - 
        select
            ni1_0.nutrition_info_id,
            ni1_0.caffeine,
            ni1_0.calories,
            ni1_0.carbohydrate,
            ni1_0.cholesterol,
            ni1_0.fat,
            ni1_0.product_id,
            ni1_0.protein,
            ni1_0.saturated_fat,
            ni1_0.sodium,
            ni1_0.sugar,
            ni1_0.trans_fat 
        from
            nutrition_info ni1_0 
        where
            ni1_0.product_id=?
    16:24:30.656 [pool-2-thread-444] DEBUG org.hibernate.SQL - 
        /* SELECT
            p 
        FROM
            Product p 
        WHERE
            p.id = :productId */ select
                p1_0.product_id,
                p1_0.category_id,
                p1_0.favorite_count,
                p1_0.price,
                p1_0.product_content,
                p1_0.product_name,
                p1_0.product_photo,
                p1_0.version 
            from
                product p1_0 
            where
                p1_0.product_id=? for update
    16:24:30.657 [pool-2-thread-442] DEBUG org.hibernate.SQL - 
        select
            f1_0.member_id,
            f1_0.product_id,
            f1_0.orderby 
        from
            favorite f1_0 
        where
            (
                f1_0.member_id, f1_0.product_id
            ) in ((?, ?))
    16:24:30.657 [pool-2-thread-442] DEBUG org.hibernate.SQL - 
        /* insert for
            com.codepresso.codepresso.entity.member.Favorite */insert 
        into
            favorite (orderby, member_id, product_id) 
        values
            (?, ?, ?)
    16:24:30.657 [pool-2-thread-442] DEBUG c.c.c.s.m.FavoritePessimisticService - 즐겨찾기 추가 성공 : memberId = 442, productId = 1
    16:24:30.657 [pool-2-thread-442] DEBUG c.c.c.s.m.FavoritePessimisticService - 메서드 종료 직전: memberId = 442, productId = 1
    16:24:30.657 [pool-2-thread-442] DEBUG c.c.c.s.m.FavoriteConcurrencyTest - 실패 : Could not commit JPA transaction 
    16:24:30.657 [pool-2-thread-443] DEBUG org.hibernate.SQL - 
        select
            ni1_0.nutrition_info_id,
            ni1_0.caffeine,
            ni1_0.calories,
            ni1_0.carbohydrate,
            ni1_0.cholesterol,
            ni1_0.fat,
            ni1_0.product_id,
            ni1_0.protein,
            ni1_0.saturated_fat,
            ni1_0.sodium,
            ni1_0.sugar,
            ni1_0.trans_fat 
        from
            nutrition_info ni1_0 
        where
            ni1_0.product_id=?
    16:24:30.657 [pool-2-thread-445] DEBUG org.hibernate.SQL - 
        /* SELECT
            p 
        FROM
            Product p 
        WHERE
            p.id = :productId */ select
                p1_0.product_id,
                p1_0.category_id,
                p1_0.favorite_count,
                p1_0.price,
                p1_0.product_content,
                p1_0.product_name,
                p1_0.product_photo,
                p1_0.version 
            from
                product p1_0 
            where
                p1_0.product_id=? for update
    16:24:30.658 [pool-2-thread-443] DEBUG org.hibernate.SQL - 
        select
            f1_0.member_id,
            f1_0.product_id,
            f1_0.orderby 
        from
            favorite f1_0 
        where
            (
                f1_0.member_id, f1_0.product_id
            ) in ((?, ?))
    16:24:30.659 [pool-2-thread-443] DEBUG org.hibernate.SQL - 
        /* insert for
            com.codepresso.codepresso.entity.member.Favorite */insert 
        into
            favorite (orderby, member_id, product_id) 
        values
            (?, ?, ?)
    16:24:30.659 [pool-2-thread-443] DEBUG c.c.c.s.m.FavoritePessimisticService - 즐겨찾기 추가 성공 : memberId = 443, productId = 1
    16:24:30.659 [pool-2-thread-443] DEBUG c.c.c.s.m.FavoritePessimisticService - 메서드 종료 직전: memberId = 443, productId = 1
    16:24:30.659 [pool-2-thread-443] DEBUG c.c.c.s.m.FavoriteConcurrencyTest - 실패 : Could not commit JPA transaction 
    16:24:30.659 [pool-2-thread-432] DEBUG org.hibernate.SQL - 
        select
            ni1_0.nutrition_info_id,
            ni1_0.caffeine,
            ni1_0.calories,
            ni1_0.carbohydrate,
            ni1_0.cholesterol,
            ni1_0.fat,
            ni1_0.product_id,
            ni1_0.protein,
            ni1_0.saturated_fat,
            ni1_0.sodium,
            ni1_0.sugar,
            ni1_0.trans_fat 
        from
            nutrition_info ni1_0 
        where
            ni1_0.product_id=?
    16:24:30.660 [pool-2-thread-446] DEBUG org.hibernate.SQL - 
        /* SELECT
            p 
        FROM
            Product p 
        WHERE
            p.id = :productId */ select
                p1_0.product_id,
                p1_0.category_id,
                p1_0.favorite_count,
                p1_0.price,
                p1_0.product_content,
                p1_0.product_name,
                p1_0.product_photo,
                p1_0.version 
            from
                product p1_0 
            where
                p1_0.product_id=? for update
    16:24:30.660 [pool-2-thread-432] DEBUG org.hibernate.SQL - 
        select
            f1_0.member_id,
            f1_0.product_id,
            f1_0.orderby 
        from
            favorite f1_0 
        where
            (
                f1_0.member_id, f1_0.product_id
            ) in ((?, ?))
    16:24:30.660 [pool-2-thread-432] DEBUG org.hibernate.SQL - 
        /* insert for
            com.codepresso.codepresso.entity.member.Favorite */insert 
        into
            favorite (orderby, member_id, product_id) 
        values
            (?, ?, ?)
    16:24:30.661 [pool-2-thread-432] DEBUG c.c.c.s.m.FavoritePessimisticService - 즐겨찾기 추가 성공 : memberId = 432, productId = 1
    16:24:30.661 [pool-2-thread-432] DEBUG c.c.c.s.m.FavoritePessimisticService - 메서드 종료 직전: memberId = 432, productId = 1
    16:24:30.661 [pool-2-thread-432] DEBUG c.c.c.s.m.FavoriteConcurrencyTest - 실패 : Could not commit JPA transaction 
    16:24:30.661 [pool-2-thread-445] DEBUG org.hibernate.SQL - 
        select
            ni1_0.nutrition_info_id,
            ni1_0.caffeine,
            ni1_0.calories,
            ni1_0.carbohydrate,
            ni1_0.cholesterol,
            ni1_0.fat,
            ni1_0.product_id,
            ni1_0.protein,
            ni1_0.saturated_fat,
            ni1_0.sodium,
            ni1_0.sugar,
            ni1_0.trans_fat 
        from
            nutrition_info ni1_0 
        where
            ni1_0.product_id=?
    16:24:30.662 [pool-2-thread-445] DEBUG org.hibernate.SQL - 
        select
            f1_0.member_id,
            f1_0.product_id,
            f1_0.orderby 
        from
            favorite f1_0 
        where
            (
                f1_0.member_id, f1_0.product_id
            ) in ((?, ?))
    16:24:30.662 [pool-2-thread-447] DEBUG org.hibernate.SQL - 
        /* SELECT
            p 
        FROM
            Product p 
        WHERE
            p.id = :productId */ select
                p1_0.product_id,
                p1_0.category_id,
                p1_0.favorite_count,
                p1_0.price,
                p1_0.product_content,
                p1_0.product_name,
                p1_0.product_photo,
                p1_0.version 
            from
                product p1_0 
            where
                p1_0.product_id=? for update
    16:24:30.662 [pool-2-thread-445] DEBUG org.hibernate.SQL - 
        /* insert for
            com.codepresso.codepresso.entity.member.Favorite */insert 
        into
            favorite (orderby, member_id, product_id) 
        values
            (?, ?, ?)
    16:24:30.662 [pool-2-thread-445] DEBUG c.c.c.s.m.FavoritePessimisticService - 즐겨찾기 추가 성공 : memberId = 445, productId = 1
    16:24:30.662 [pool-2-thread-445] DEBUG c.c.c.s.m.FavoritePessimisticService - 메서드 종료 직전: memberId = 445, productId = 1
    16:24:30.662 [pool-2-thread-445] DEBUG c.c.c.s.m.FavoriteConcurrencyTest - 실패 : Could not commit JPA transaction 
    16:24:30.663 [pool-2-thread-446] DEBUG org.hibernate.SQL - 
        select
            ni1_0.nutrition_info_id,
            ni1_0.caffeine,
            ni1_0.calories,
            ni1_0.carbohydrate,
            ni1_0.cholesterol,
            ni1_0.fat,
            ni1_0.product_id,
            ni1_0.protein,
            ni1_0.saturated_fat,
            ni1_0.sodium,
            ni1_0.sugar,
            ni1_0.trans_fat 
        from
            nutrition_info ni1_0 
        where
            ni1_0.product_id=?
    16:24:30.663 [pool-2-thread-446] DEBUG org.hibernate.SQL - 
        select
            f1_0.member_id,
            f1_0.product_id,
            f1_0.orderby 
        from
            favorite f1_0 
        where
            (
                f1_0.member_id, f1_0.product_id
            ) in ((?, ?))
    16:24:30.663 [pool-2-thread-449] DEBUG org.hibernate.SQL - 
        /* SELECT
            p 
        FROM
            Product p 
        WHERE
            p.id = :productId */ select
                p1_0.product_id,
                p1_0.category_id,
                p1_0.favorite_count,
                p1_0.price,
                p1_0.product_content,
                p1_0.product_name,
                p1_0.product_photo,
                p1_0.version 
            from
                product p1_0 
            where
                p1_0.product_id=? for update
    16:24:30.664 [pool-2-thread-446] DEBUG org.hibernate.SQL - 
        /* insert for
            com.codepresso.codepresso.entity.member.Favorite */insert 
        into
            favorite (orderby, member_id, product_id) 
        values
            (?, ?, ?)
    16:24:30.664 [pool-2-thread-446] DEBUG c.c.c.s.m.FavoritePessimisticService - 즐겨찾기 추가 성공 : memberId = 446, productId = 1
    16:24:30.664 [pool-2-thread-446] DEBUG c.c.c.s.m.FavoritePessimisticService - 메서드 종료 직전: memberId = 446, productId = 1
    16:24:30.664 [pool-2-thread-446] DEBUG c.c.c.s.m.FavoriteConcurrencyTest - 실패 : Could not commit JPA transaction 
    16:24:30.664 [pool-2-thread-447] DEBUG org.hibernate.SQL - 
        select
            ni1_0.nutrition_info_id,
            ni1_0.caffeine,
            ni1_0.calories,
            ni1_0.carbohydrate,
            ni1_0.cholesterol,
            ni1_0.fat,
            ni1_0.product_id,
            ni1_0.protein,
            ni1_0.saturated_fat,
            ni1_0.sodium,
            ni1_0.sugar,
            ni1_0.trans_fat 
        from
            nutrition_info ni1_0 
        where
            ni1_0.product_id=?
    16:24:30.664 [pool-2-thread-17] DEBUG org.hibernate.SQL - 
        /* SELECT
            p 
        FROM
            Product p 
        WHERE
            p.id = :productId */ select
                p1_0.product_id,
                p1_0.category_id,
                p1_0.favorite_count,
                p1_0.price,
                p1_0.product_content,
                p1_0.product_name,
                p1_0.product_photo,
                p1_0.version 
            from
                product p1_0 
            where
                p1_0.product_id=? for update
    16:24:30.665 [pool-2-thread-447] DEBUG org.hibernate.SQL - 
        select
            f1_0.member_id,
            f1_0.product_id,
            f1_0.orderby 
        from
            favorite f1_0 
        where
            (
                f1_0.member_id, f1_0.product_id
            ) in ((?, ?))
    16:24:30.665 [pool-2-thread-447] DEBUG org.hibernate.SQL - 
        /* insert for
            com.codepresso.codepresso.entity.member.Favorite */insert 
        into
            favorite (orderby, member_id, product_id) 
        values
            (?, ?, ?)
    16:24:30.665 [pool-2-thread-447] DEBUG c.c.c.s.m.FavoritePessimisticService - 즐겨찾기 추가 성공 : memberId = 447, productId = 1
    16:24:30.665 [pool-2-thread-447] DEBUG c.c.c.s.m.FavoritePessimisticService - 메서드 종료 직전: memberId = 447, productId = 1
    16:24:30.665 [pool-2-thread-447] DEBUG c.c.c.s.m.FavoriteConcurrencyTest - 실패 : Could not commit JPA transaction 
    16:24:30.665 [pool-2-thread-444] DEBUG org.hibernate.SQL - 
        select
            ni1_0.nutrition_info_id,
            ni1_0.caffeine,
            ni1_0.calories,
            ni1_0.carbohydrate,
            ni1_0.cholesterol,
            ni1_0.fat,
            ni1_0.product_id,
            ni1_0.protein,
            ni1_0.saturated_fat,
            ni1_0.sodium,
            ni1_0.sugar,
            ni1_0.trans_fat 
        from
            nutrition_info ni1_0 
        where
            ni1_0.product_id=?
    16:24:30.665 [pool-2-thread-450] DEBUG org.hibernate.SQL - 
        /* SELECT
            p 
        FROM
            Product p 
        WHERE
            p.id = :productId */ select
                p1_0.product_id,
                p1_0.category_id,
                p1_0.favorite_count,
                p1_0.price,
                p1_0.product_content,
                p1_0.product_name,
                p1_0.product_photo,
                p1_0.version 
            from
                product p1_0 
            where
                p1_0.product_id=? for update
    16:24:30.666 [pool-2-thread-444] DEBUG org.hibernate.SQL - 
        select
            f1_0.member_id,
            f1_0.product_id,
            f1_0.orderby 
        from
            favorite f1_0 
        where
            (
                f1_0.member_id, f1_0.product_id
            ) in ((?, ?))
    16:24:30.666 [pool-2-thread-444] DEBUG org.hibernate.SQL - 
        /* insert for
            com.codepresso.codepresso.entity.member.Favorite */insert 
        into
            favorite (orderby, member_id, product_id) 
        values
            (?, ?, ?)
    16:24:30.666 [pool-2-thread-444] DEBUG c.c.c.s.m.FavoritePessimisticService - 즐겨찾기 추가 성공 : memberId = 444, productId = 1
    16:24:30.666 [pool-2-thread-444] DEBUG c.c.c.s.m.FavoritePessimisticService - 메서드 종료 직전: memberId = 444, productId = 1
    16:24:30.666 [pool-2-thread-444] DEBUG c.c.c.s.m.FavoriteConcurrencyTest - 실패 : Could not commit JPA transaction 
    16:24:30.666 [pool-2-thread-449] DEBUG org.hibernate.SQL - 
        select
            ni1_0.nutrition_info_id,
            ni1_0.caffeine,
            ni1_0.calories,
            ni1_0.carbohydrate,
            ni1_0.cholesterol,
            ni1_0.fat,
            ni1_0.product_id,
            ni1_0.protein,
            ni1_0.saturated_fat,
            ni1_0.sodium,
            ni1_0.sugar,
            ni1_0.trans_fat 
        from
            nutrition_info ni1_0 
        where
            ni1_0.product_id=?
    16:24:30.666 [pool-2-thread-451] DEBUG org.hibernate.SQL - 
        /* SELECT
            p 
        FROM
            Product p 
        WHERE
            p.id = :productId */ select
                p1_0.product_id,
                p1_0.category_id,
                p1_0.favorite_count,
                p1_0.price,
                p1_0.product_content,
                p1_0.product_name,
                p1_0.product_photo,
                p1_0.version 
            from
                product p1_0 
            where
                p1_0.product_id=? for update
    16:24:30.666 [pool-2-thread-449] DEBUG org.hibernate.SQL - 
        select
            f1_0.member_id,
            f1_0.product_id,
            f1_0.orderby 
        from
            favorite f1_0 
        where
            (
                f1_0.member_id, f1_0.product_id
            ) in ((?, ?))
    16:24:30.667 [pool-2-thread-449] DEBUG org.hibernate.SQL - 
        /* insert for
            com.codepresso.codepresso.entity.member.Favorite */insert 
        into
            favorite (orderby, member_id, product_id) 
        values
            (?, ?, ?)
    16:24:30.667 [pool-2-thread-449] DEBUG c.c.c.s.m.FavoritePessimisticService - 즐겨찾기 추가 성공 : memberId = 449, productId = 1
    16:24:30.667 [pool-2-thread-449] DEBUG c.c.c.s.m.FavoritePessimisticService - 메서드 종료 직전: memberId = 449, productId = 1
    16:24:30.667 [pool-2-thread-449] DEBUG c.c.c.s.m.FavoriteConcurrencyTest - 실패 : Could not commit JPA transaction 
    16:24:30.667 [pool-2-thread-450] DEBUG org.hibernate.SQL - 
        select
            ni1_0.nutrition_info_id,
            ni1_0.caffeine,
            ni1_0.calories,
            ni1_0.carbohydrate,
            ni1_0.cholesterol,
            ni1_0.fat,
            ni1_0.product_id,
            ni1_0.protein,
            ni1_0.saturated_fat,
            ni1_0.sodium,
            ni1_0.sugar,
            ni1_0.trans_fat 
        from
            nutrition_info ni1_0 
        where
            ni1_0.product_id=?
    16:24:30.667 [pool-2-thread-452] DEBUG org.hibernate.SQL - 
        /* SELECT
            p 
        FROM
            Product p 
        WHERE
            p.id = :productId */ select
                p1_0.product_id,
                p1_0.category_id,
                p1_0.favorite_count,
                p1_0.price,
                p1_0.product_content,
                p1_0.product_name,
                p1_0.product_photo,
                p1_0.version 
            from
                product p1_0 
            where
                p1_0.product_id=? for update
    16:24:30.668 [pool-2-thread-450] DEBUG org.hibernate.SQL - 
        select
            f1_0.member_id,
            f1_0.product_id,
            f1_0.orderby 
        from
            favorite f1_0 
        where
            (
                f1_0.member_id, f1_0.product_id
            ) in ((?, ?))
    16:24:30.668 [pool-2-thread-450] DEBUG org.hibernate.SQL - 
        /* insert for
            com.codepresso.codepresso.entity.member.Favorite */insert 
        into
            favorite (orderby, member_id, product_id) 
        values
            (?, ?, ?)
    16:24:30.668 [pool-2-thread-450] DEBUG c.c.c.s.m.FavoritePessimisticService - 즐겨찾기 추가 성공 : memberId = 450, productId = 1
    16:24:30.668 [pool-2-thread-450] DEBUG c.c.c.s.m.FavoritePessimisticService - 메서드 종료 직전: memberId = 450, productId = 1
    16:24:30.668 [pool-2-thread-450] DEBUG c.c.c.s.m.FavoriteConcurrencyTest - 실패 : Could not commit JPA transaction 
    16:24:30.668 [pool-2-thread-451] DEBUG org.hibernate.SQL - 
        select
            ni1_0.nutrition_info_id,
            ni1_0.caffeine,
            ni1_0.calories,
            ni1_0.carbohydrate,
            ni1_0.cholesterol,
            ni1_0.fat,
            ni1_0.product_id,
            ni1_0.protein,
            ni1_0.saturated_fat,
            ni1_0.sodium,
            ni1_0.sugar,
            ni1_0.trans_fat 
        from
            nutrition_info ni1_0 
        where
            ni1_0.product_id=?
    16:24:30.668 [pool-2-thread-453] DEBUG org.hibernate.SQL - 
        /* SELECT
            p 
        FROM
            Product p 
        WHERE
            p.id = :productId */ select
                p1_0.product_id,
                p1_0.category_id,
                p1_0.favorite_count,
                p1_0.price,
                p1_0.product_content,
                p1_0.product_name,
                p1_0.product_photo,
                p1_0.version 
            from
                product p1_0 
            where
                p1_0.product_id=? for update
    16:24:30.669 [pool-2-thread-451] DEBUG org.hibernate.SQL - 
        select
            f1_0.member_id,
            f1_0.product_id,
            f1_0.orderby 
        from
            favorite f1_0 
        where
            (
                f1_0.member_id, f1_0.product_id
            ) in ((?, ?))
    16:24:30.669 [pool-2-thread-451] DEBUG org.hibernate.SQL - 
        /* insert for
            com.codepresso.codepresso.entity.member.Favorite */insert 
        into
            favorite (orderby, member_id, product_id) 
        values
            (?, ?, ?)
    16:24:30.669 [pool-2-thread-451] DEBUG c.c.c.s.m.FavoritePessimisticService - 즐겨찾기 추가 성공 : memberId = 451, productId = 1
    16:24:30.669 [pool-2-thread-451] DEBUG c.c.c.s.m.FavoritePessimisticService - 메서드 종료 직전: memberId = 451, productId = 1
    16:24:30.669 [pool-2-thread-451] DEBUG c.c.c.s.m.FavoriteConcurrencyTest - 실패 : Could not commit JPA transaction 
    16:24:30.669 [pool-2-thread-452] DEBUG org.hibernate.SQL - 
        select
            ni1_0.nutrition_info_id,
            ni1_0.caffeine,
            ni1_0.calories,
            ni1_0.carbohydrate,
            ni1_0.cholesterol,
            ni1_0.fat,
            ni1_0.product_id,
            ni1_0.protein,
            ni1_0.saturated_fat,
            ni1_0.sodium,
            ni1_0.sugar,
            ni1_0.trans_fat 
        from
            nutrition_info ni1_0 
        where
            ni1_0.product_id=?
    16:24:30.670 [pool-2-thread-455] DEBUG org.hibernate.SQL - 
        /* SELECT
            p 
        FROM
            Product p 
        WHERE
            p.id = :productId */ select
                p1_0.product_id,
                p1_0.category_id,
                p1_0.favorite_count,
                p1_0.price,
                p1_0.product_content,
                p1_0.product_name,
                p1_0.product_photo,
                p1_0.version 
            from
                product p1_0 
            where
                p1_0.product_id=? for update
    16:24:30.670 [pool-2-thread-452] DEBUG org.hibernate.SQL - 
        select
            f1_0.member_id,
            f1_0.product_id,
            f1_0.orderby 
        from
            favorite f1_0 
        where
            (
                f1_0.member_id, f1_0.product_id
            ) in ((?, ?))
    16:24:30.670 [pool-2-thread-452] DEBUG org.hibernate.SQL - 
        /* insert for
            com.codepresso.codepresso.entity.member.Favorite */insert 
        into
            favorite (orderby, member_id, product_id) 
        values
            (?, ?, ?)
    16:24:30.670 [pool-2-thread-452] DEBUG c.c.c.s.m.FavoritePessimisticService - 즐겨찾기 추가 성공 : memberId = 452, productId = 1
    16:24:30.670 [pool-2-thread-452] DEBUG c.c.c.s.m.FavoritePessimisticService - 메서드 종료 직전: memberId = 452, productId = 1
    16:24:30.670 [pool-2-thread-452] DEBUG c.c.c.s.m.FavoriteConcurrencyTest - 실패 : Could not commit JPA transaction 
    16:24:30.670 [pool-2-thread-453] DEBUG org.hibernate.SQL - 
        select
            ni1_0.nutrition_info_id,
            ni1_0.caffeine,
            ni1_0.calories,
            ni1_0.carbohydrate,
            ni1_0.cholesterol,
            ni1_0.fat,
            ni1_0.product_id,
            ni1_0.protein,
            ni1_0.saturated_fat,
            ni1_0.sodium,
            ni1_0.sugar,
            ni1_0.trans_fat 
        from
            nutrition_info ni1_0 
        where
            ni1_0.product_id=?
    16:24:30.671 [pool-2-thread-454] DEBUG org.hibernate.SQL - 
        /* SELECT
            p 
        FROM
            Product p 
        WHERE
            p.id = :productId */ select
                p1_0.product_id,
                p1_0.category_id,
                p1_0.favorite_count,
                p1_0.price,
                p1_0.product_content,
                p1_0.product_name,
                p1_0.product_photo,
                p1_0.version 
            from
                product p1_0 
            where
                p1_0.product_id=? for update
    16:24:30.671 [pool-2-thread-453] DEBUG org.hibernate.SQL - 
        select
            f1_0.member_id,
            f1_0.product_id,
            f1_0.orderby 
        from
            favorite f1_0 
        where
            (
                f1_0.member_id, f1_0.product_id
            ) in ((?, ?))
    16:24:30.671 [pool-2-thread-453] DEBUG org.hibernate.SQL - 
        /* insert for
            com.codepresso.codepresso.entity.member.Favorite */insert 
        into
            favorite (orderby, member_id, product_id) 
        values
            (?, ?, ?)
    16:24:30.671 [pool-2-thread-453] DEBUG c.c.c.s.m.FavoritePessimisticService - 즐겨찾기 추가 성공 : memberId = 453, productId = 1
    16:24:30.671 [pool-2-thread-453] DEBUG c.c.c.s.m.FavoritePessimisticService - 메서드 종료 직전: memberId = 453, productId = 1
    16:24:30.671 [pool-2-thread-453] DEBUG c.c.c.s.m.FavoriteConcurrencyTest - 실패 : Could not commit JPA transaction 
    16:24:30.672 [pool-2-thread-455] DEBUG org.hibernate.SQL - 
        select
            ni1_0.nutrition_info_id,
            ni1_0.caffeine,
            ni1_0.calories,
            ni1_0.carbohydrate,
            ni1_0.cholesterol,
            ni1_0.fat,
            ni1_0.product_id,
            ni1_0.protein,
            ni1_0.saturated_fat,
            ni1_0.sodium,
            ni1_0.sugar,
            ni1_0.trans_fat 
        from
            nutrition_info ni1_0 
        where
            ni1_0.product_id=?
    16:24:30.672 [pool-2-thread-456] DEBUG org.hibernate.SQL - 
        /* SELECT
            p 
        FROM
            Product p 
        WHERE
            p.id = :productId */ select
                p1_0.product_id,
                p1_0.category_id,
                p1_0.favorite_count,
                p1_0.price,
                p1_0.product_content,
                p1_0.product_name,
                p1_0.product_photo,
                p1_0.version 
            from
                product p1_0 
            where
                p1_0.product_id=? for update
    16:24:30.672 [pool-2-thread-455] DEBUG org.hibernate.SQL - 
        select
            f1_0.member_id,
            f1_0.product_id,
            f1_0.orderby 
        from
            favorite f1_0 
        where
            (
                f1_0.member_id, f1_0.product_id
            ) in ((?, ?))
    16:24:30.672 [pool-2-thread-455] DEBUG org.hibernate.SQL - 
        /* insert for
            com.codepresso.codepresso.entity.member.Favorite */insert 
        into
            favorite (orderby, member_id, product_id) 
        values
            (?, ?, ?)
    16:24:30.672 [pool-2-thread-455] DEBUG c.c.c.s.m.FavoritePessimisticService - 즐겨찾기 추가 성공 : memberId = 455, productId = 1
    16:24:30.672 [pool-2-thread-455] DEBUG c.c.c.s.m.FavoritePessimisticService - 메서드 종료 직전: memberId = 455, productId = 1
    16:24:30.673 [pool-2-thread-455] DEBUG c.c.c.s.m.FavoriteConcurrencyTest - 실패 : Could not commit JPA transaction 
    16:24:30.673 [pool-2-thread-454] DEBUG org.hibernate.SQL - 
        select
            ni1_0.nutrition_info_id,
            ni1_0.caffeine,
            ni1_0.calories,
            ni1_0.carbohydrate,
            ni1_0.cholesterol,
            ni1_0.fat,
            ni1_0.product_id,
            ni1_0.protein,
            ni1_0.saturated_fat,
            ni1_0.sodium,
            ni1_0.sugar,
            ni1_0.trans_fat 
        from
            nutrition_info ni1_0 
        where
            ni1_0.product_id=?
    16:24:30.673 [pool-2-thread-458] DEBUG org.hibernate.SQL - 
        /* SELECT
            p 
        FROM
            Product p 
        WHERE
            p.id = :productId */ select
                p1_0.product_id,
                p1_0.category_id,
                p1_0.favorite_count,
                p1_0.price,
                p1_0.product_content,
                p1_0.product_name,
                p1_0.product_photo,
                p1_0.version 
            from
                product p1_0 
            where
                p1_0.product_id=? for update
    16:24:30.673 [pool-2-thread-454] DEBUG org.hibernate.SQL - 
        select
            f1_0.member_id,
            f1_0.product_id,
            f1_0.orderby 
        from
            favorite f1_0 
        where
            (
                f1_0.member_id, f1_0.product_id
            ) in ((?, ?))
    16:24:30.673 [pool-2-thread-454] DEBUG org.hibernate.SQL - 
        /* insert for
            com.codepresso.codepresso.entity.member.Favorite */insert 
        into
            favorite (orderby, member_id, product_id) 
        values
            (?, ?, ?)
    16:24:30.674 [pool-2-thread-454] DEBUG c.c.c.s.m.FavoritePessimisticService - 즐겨찾기 추가 성공 : memberId = 454, productId = 1
    16:24:30.674 [pool-2-thread-454] DEBUG c.c.c.s.m.FavoritePessimisticService - 메서드 종료 직전: memberId = 454, productId = 1
    16:24:30.674 [pool-2-thread-456] DEBUG org.hibernate.SQL - 
        select
            ni1_0.nutrition_info_id,
            ni1_0.caffeine,
            ni1_0.calories,
            ni1_0.carbohydrate,
            ni1_0.cholesterol,
            ni1_0.fat,
            ni1_0.product_id,
            ni1_0.protein,
            ni1_0.saturated_fat,
            ni1_0.sodium,
            ni1_0.sugar,
            ni1_0.trans_fat 
        from
            nutrition_info ni1_0 
        where
            ni1_0.product_id=?
    16:24:30.674 [pool-2-thread-454] DEBUG c.c.c.s.m.FavoriteConcurrencyTest - 실패 : Could not commit JPA transaction 
    16:24:30.674 [pool-2-thread-457] DEBUG org.hibernate.SQL - 
        /* SELECT
            p 
        FROM
            Product p 
        WHERE
            p.id = :productId */ select
                p1_0.product_id,
                p1_0.category_id,
                p1_0.favorite_count,
                p1_0.price,
                p1_0.product_content,
                p1_0.product_name,
                p1_0.product_photo,
                p1_0.version 
            from
                product p1_0 
            where
                p1_0.product_id=? for update
    16:24:30.675 [pool-2-thread-456] DEBUG org.hibernate.SQL - 
        select
            f1_0.member_id,
            f1_0.product_id,
            f1_0.orderby 
        from
            favorite f1_0 
        where
            (
                f1_0.member_id, f1_0.product_id
            ) in ((?, ?))
    16:24:30.678 [pool-2-thread-456] DEBUG org.hibernate.SQL - 
        /* insert for
            com.codepresso.codepresso.entity.member.Favorite */insert 
        into
            favorite (orderby, member_id, product_id) 
        values
            (?, ?, ?)
    16:24:30.679 [pool-2-thread-456] DEBUG c.c.c.s.m.FavoritePessimisticService - 즐겨찾기 추가 성공 : memberId = 456, productId = 1
    16:24:30.679 [pool-2-thread-456] DEBUG c.c.c.s.m.FavoritePessimisticService - 메서드 종료 직전: memberId = 456, productId = 1
    16:24:30.680 [pool-2-thread-456] DEBUG c.c.c.s.m.FavoriteConcurrencyTest - 실패 : Could not commit JPA transaction 
    16:24:30.681 [pool-2-thread-459] DEBUG org.hibernate.SQL - 
        /* SELECT
            p 
        FROM
            Product p 
        WHERE
            p.id = :productId */ select
                p1_0.product_id,
                p1_0.category_id,
                p1_0.favorite_count,
                p1_0.price,
                p1_0.product_content,
                p1_0.product_name,
                p1_0.product_photo,
                p1_0.version 
            from
                product p1_0 
            where
                p1_0.product_id=? for update
    16:24:30.681 [pool-2-thread-438] DEBUG org.hibernate.SQL - 
        select
            ni1_0.nutrition_info_id,
            ni1_0.caffeine,
            ni1_0.calories,
            ni1_0.carbohydrate,
            ni1_0.cholesterol,
            ni1_0.fat,
            ni1_0.product_id,
            ni1_0.protein,
            ni1_0.saturated_fat,
            ni1_0.sodium,
            ni1_0.sugar,
            ni1_0.trans_fat 
        from
            nutrition_info ni1_0 
        where
            ni1_0.product_id=?
    16:24:30.682 [pool-2-thread-438] DEBUG org.hibernate.SQL - 
        select
            f1_0.member_id,
            f1_0.product_id,
            f1_0.orderby 
        from
            favorite f1_0 
        where
            (
                f1_0.member_id, f1_0.product_id
            ) in ((?, ?))
    16:24:30.682 [pool-2-thread-438] DEBUG org.hibernate.SQL - 
        /* insert for
            com.codepresso.codepresso.entity.member.Favorite */insert 
        into
            favorite (orderby, member_id, product_id) 
        values
            (?, ?, ?)
    16:24:30.683 [pool-2-thread-438] DEBUG c.c.c.s.m.FavoritePessimisticService - 즐겨찾기 추가 성공 : memberId = 438, productId = 1
    16:24:30.683 [pool-2-thread-438] DEBUG c.c.c.s.m.FavoritePessimisticService - 메서드 종료 직전: memberId = 438, productId = 1
    16:24:30.683 [pool-2-thread-438] DEBUG c.c.c.s.m.FavoriteConcurrencyTest - 실패 : Could not commit JPA transaction 
    16:24:30.683 [pool-2-thread-458] DEBUG org.hibernate.SQL - 
        select
            ni1_0.nutrition_info_id,
            ni1_0.caffeine,
            ni1_0.calories,
            ni1_0.carbohydrate,
            ni1_0.cholesterol,
            ni1_0.fat,
            ni1_0.product_id,
            ni1_0.protein,
            ni1_0.saturated_fat,
            ni1_0.sodium,
            ni1_0.sugar,
            ni1_0.trans_fat 
        from
            nutrition_info ni1_0 
        where
            ni1_0.product_id=?
    16:24:30.683 [pool-2-thread-460] DEBUG org.hibernate.SQL - 
        /* SELECT
            p 
        FROM
            Product p 
        WHERE
            p.id = :productId */ select
                p1_0.product_id,
                p1_0.category_id,
                p1_0.favorite_count,
                p1_0.price,
                p1_0.product_content,
                p1_0.product_name,
                p1_0.product_photo,
                p1_0.version 
            from
                product p1_0 
            where
                p1_0.product_id=? for update
    16:24:30.685 [pool-2-thread-458] DEBUG org.hibernate.SQL - 
        select
            f1_0.member_id,
            f1_0.product_id,
            f1_0.orderby 
        from
            favorite f1_0 
        where
            (
                f1_0.member_id, f1_0.product_id
            ) in ((?, ?))
    16:24:30.686 [pool-2-thread-458] DEBUG org.hibernate.SQL - 
        /* insert for
            com.codepresso.codepresso.entity.member.Favorite */insert 
        into
            favorite (orderby, member_id, product_id) 
        values
            (?, ?, ?)
    16:24:30.686 [pool-2-thread-458] DEBUG c.c.c.s.m.FavoritePessimisticService - 즐겨찾기 추가 성공 : memberId = 458, productId = 1
    16:24:30.686 [pool-2-thread-458] DEBUG c.c.c.s.m.FavoritePessimisticService - 메서드 종료 직전: memberId = 458, productId = 1
    16:24:30.686 [pool-2-thread-458] DEBUG c.c.c.s.m.FavoriteConcurrencyTest - 실패 : Could not commit JPA transaction 
    16:24:30.686 [pool-2-thread-436] DEBUG org.hibernate.SQL - 
        select
            ni1_0.nutrition_info_id,
            ni1_0.caffeine,
            ni1_0.calories,
            ni1_0.carbohydrate,
            ni1_0.cholesterol,
            ni1_0.fat,
            ni1_0.product_id,
            ni1_0.protein,
            ni1_0.saturated_fat,
            ni1_0.sodium,
            ni1_0.sugar,
            ni1_0.trans_fat 
        from
            nutrition_info ni1_0 
        where
            ni1_0.product_id=?
    16:24:30.687 [pool-2-thread-461] DEBUG org.hibernate.SQL - 
        /* SELECT
            p 
        FROM
            Product p 
        WHERE
            p.id = :productId */ select
                p1_0.product_id,
                p1_0.category_id,
                p1_0.favorite_count,
                p1_0.price,
                p1_0.product_content,
                p1_0.product_name,
                p1_0.product_photo,
                p1_0.version 
            from
                product p1_0 
            where
                p1_0.product_id=? for update
    16:24:30.687 [pool-2-thread-436] DEBUG org.hibernate.SQL - 
        select
            f1_0.member_id,
            f1_0.product_id,
            f1_0.orderby 
        from
            favorite f1_0 
        where
            (
                f1_0.member_id, f1_0.product_id
            ) in ((?, ?))
    16:24:30.688 [pool-2-thread-436] DEBUG org.hibernate.SQL - 
        /* insert for
            com.codepresso.codepresso.entity.member.Favorite */insert 
        into
            favorite (orderby, member_id, product_id) 
        values
            (?, ?, ?)
    16:24:30.688 [pool-2-thread-436] DEBUG c.c.c.s.m.FavoritePessimisticService - 즐겨찾기 추가 성공 : memberId = 436, productId = 1
    16:24:30.688 [pool-2-thread-436] DEBUG c.c.c.s.m.FavoritePessimisticService - 메서드 종료 직전: memberId = 436, productId = 1
    16:24:30.689 [pool-2-thread-436] DEBUG c.c.c.s.m.FavoriteConcurrencyTest - 실패 : Could not commit JPA transaction 
    16:24:30.689 [pool-2-thread-459] DEBUG org.hibernate.SQL - 
        select
            ni1_0.nutrition_info_id,
            ni1_0.caffeine,
            ni1_0.calories,
            ni1_0.carbohydrate,
            ni1_0.cholesterol,
            ni1_0.fat,
            ni1_0.product_id,
            ni1_0.protein,
            ni1_0.saturated_fat,
            ni1_0.sodium,
            ni1_0.sugar,
            ni1_0.trans_fat 
        from
            nutrition_info ni1_0 
        where
            ni1_0.product_id=?
    16:24:30.689 [pool-2-thread-462] DEBUG org.hibernate.SQL - 
        /* SELECT
            p 
        FROM
            Product p 
        WHERE
            p.id = :productId */ select
                p1_0.product_id,
                p1_0.category_id,
                p1_0.favorite_count,
                p1_0.price,
                p1_0.product_content,
                p1_0.product_name,
                p1_0.product_photo,
                p1_0.version 
            from
                product p1_0 
            where
                p1_0.product_id=? for update
    16:24:30.689 [pool-2-thread-459] DEBUG org.hibernate.SQL - 
        select
            f1_0.member_id,
            f1_0.product_id,
            f1_0.orderby 
        from
            favorite f1_0 
        where
            (
                f1_0.member_id, f1_0.product_id
            ) in ((?, ?))
    16:24:30.690 [pool-2-thread-459] DEBUG org.hibernate.SQL - 
        /* insert for
            com.codepresso.codepresso.entity.member.Favorite */insert 
        into
            favorite (orderby, member_id, product_id) 
        values
            (?, ?, ?)
    16:24:30.690 [pool-2-thread-459] DEBUG c.c.c.s.m.FavoritePessimisticService - 즐겨찾기 추가 성공 : memberId = 459, productId = 1
    16:24:30.690 [pool-2-thread-459] DEBUG c.c.c.s.m.FavoritePessimisticService - 메서드 종료 직전: memberId = 459, productId = 1
    16:24:30.690 [pool-2-thread-459] DEBUG c.c.c.s.m.FavoriteConcurrencyTest - 실패 : Could not commit JPA transaction 
    16:24:30.690 [pool-2-thread-463] DEBUG org.hibernate.SQL - 
        /* SELECT
            p 
        FROM
            Product p 
        WHERE
            p.id = :productId */ select
                p1_0.product_id,
                p1_0.category_id,
                p1_0.favorite_count,
                p1_0.price,
                p1_0.product_content,
                p1_0.product_name,
                p1_0.product_photo,
                p1_0.version 
            from
                product p1_0 
            where
                p1_0.product_id=? for update
    16:24:30.690 [pool-2-thread-461] DEBUG org.hibernate.SQL - 
        select
            ni1_0.nutrition_info_id,
            ni1_0.caffeine,
            ni1_0.calories,
            ni1_0.carbohydrate,
            ni1_0.cholesterol,
            ni1_0.fat,
            ni1_0.product_id,
            ni1_0.protein,
            ni1_0.saturated_fat,
            ni1_0.sodium,
            ni1_0.sugar,
            ni1_0.trans_fat 
        from
            nutrition_info ni1_0 
        where
            ni1_0.product_id=?
    16:24:30.691 [pool-2-thread-461] DEBUG org.hibernate.SQL - 
        select
            f1_0.member_id,
            f1_0.product_id,
            f1_0.orderby 
        from
            favorite f1_0 
        where
            (
                f1_0.member_id, f1_0.product_id
            ) in ((?, ?))
    16:24:30.691 [pool-2-thread-461] DEBUG org.hibernate.SQL - 
        /* insert for
            com.codepresso.codepresso.entity.member.Favorite */insert 
        into
            favorite (orderby, member_id, product_id) 
        values
            (?, ?, ?)
    16:24:30.691 [pool-2-thread-461] DEBUG c.c.c.s.m.FavoritePessimisticService - 즐겨찾기 추가 성공 : memberId = 461, productId = 1
    16:24:30.691 [pool-2-thread-461] DEBUG c.c.c.s.m.FavoritePessimisticService - 메서드 종료 직전: memberId = 461, productId = 1
    16:24:30.692 [pool-2-thread-461] DEBUG c.c.c.s.m.FavoriteConcurrencyTest - 실패 : Could not commit JPA transaction 
    16:24:30.692 [pool-2-thread-464] DEBUG org.hibernate.SQL - 
        /* SELECT
            p 
        FROM
            Product p 
        WHERE
            p.id = :productId */ select
                p1_0.product_id,
                p1_0.category_id,
                p1_0.favorite_count,
                p1_0.price,
                p1_0.product_content,
                p1_0.product_name,
                p1_0.product_photo,
                p1_0.version 
            from
                product p1_0 
            where
                p1_0.product_id=? for update
    16:24:30.692 [pool-2-thread-409] DEBUG org.hibernate.SQL - 
        select
            ni1_0.nutrition_info_id,
            ni1_0.caffeine,
            ni1_0.calories,
            ni1_0.carbohydrate,
            ni1_0.cholesterol,
            ni1_0.fat,
            ni1_0.product_id,
            ni1_0.protein,
            ni1_0.saturated_fat,
            ni1_0.sodium,
            ni1_0.sugar,
            ni1_0.trans_fat 
        from
            nutrition_info ni1_0 
        where
            ni1_0.product_id=?
    16:24:30.693 [pool-2-thread-409] DEBUG org.hibernate.SQL - 
        select
            f1_0.member_id,
            f1_0.product_id,
            f1_0.orderby 
        from
            favorite f1_0 
        where
            (
                f1_0.member_id, f1_0.product_id
            ) in ((?, ?))
    16:24:30.693 [pool-2-thread-409] DEBUG org.hibernate.SQL - 
        /* insert for
            com.codepresso.codepresso.entity.member.Favorite */insert 
        into
            favorite (orderby, member_id, product_id) 
        values
            (?, ?, ?)
    16:24:30.693 [pool-2-thread-409] DEBUG c.c.c.s.m.FavoritePessimisticService - 즐겨찾기 추가 성공 : memberId = 409, productId = 1
    16:24:30.693 [pool-2-thread-409] DEBUG c.c.c.s.m.FavoritePessimisticService - 메서드 종료 직전: memberId = 409, productId = 1
    16:24:30.694 [pool-2-thread-409] DEBUG c.c.c.s.m.FavoriteConcurrencyTest - 실패 : Could not commit JPA transaction 
    16:24:30.694 [pool-2-thread-457] DEBUG org.hibernate.SQL - 
        select
            ni1_0.nutrition_info_id,
            ni1_0.caffeine,
            ni1_0.calories,
            ni1_0.carbohydrate,
            ni1_0.cholesterol,
            ni1_0.fat,
            ni1_0.product_id,
            ni1_0.protein,
            ni1_0.saturated_fat,
            ni1_0.sodium,
            ni1_0.sugar,
            ni1_0.trans_fat 
        from
            nutrition_info ni1_0 
        where
            ni1_0.product_id=?
    16:24:30.694 [pool-2-thread-465] DEBUG org.hibernate.SQL - 
        /* SELECT
            p 
        FROM
            Product p 
        WHERE
            p.id = :productId */ select
                p1_0.product_id,
                p1_0.category_id,
                p1_0.favorite_count,
                p1_0.price,
                p1_0.product_content,
                p1_0.product_name,
                p1_0.product_photo,
                p1_0.version 
            from
                product p1_0 
            where
                p1_0.product_id=? for update
    16:24:30.695 [pool-2-thread-457] DEBUG org.hibernate.SQL - 
        select
            f1_0.member_id,
            f1_0.product_id,
            f1_0.orderby 
        from
            favorite f1_0 
        where
            (
                f1_0.member_id, f1_0.product_id
            ) in ((?, ?))
    16:24:30.695 [pool-2-thread-457] DEBUG org.hibernate.SQL - 
        /* insert for
            com.codepresso.codepresso.entity.member.Favorite */insert 
        into
            favorite (orderby, member_id, product_id) 
        values
            (?, ?, ?)
    16:24:30.695 [pool-2-thread-457] DEBUG c.c.c.s.m.FavoritePessimisticService - 즐겨찾기 추가 성공 : memberId = 457, productId = 1
    16:24:30.695 [pool-2-thread-457] DEBUG c.c.c.s.m.FavoritePessimisticService - 메서드 종료 직전: memberId = 457, productId = 1
    16:24:30.695 [pool-2-thread-457] DEBUG c.c.c.s.m.FavoriteConcurrencyTest - 실패 : Could not commit JPA transaction 
    16:24:30.696 [pool-2-thread-463] DEBUG org.hibernate.SQL - 
        select
            ni1_0.nutrition_info_id,
            ni1_0.caffeine,
            ni1_0.calories,
            ni1_0.carbohydrate,
            ni1_0.cholesterol,
            ni1_0.fat,
            ni1_0.product_id,
            ni1_0.protein,
            ni1_0.saturated_fat,
            ni1_0.sodium,
            ni1_0.sugar,
            ni1_0.trans_fat 
        from
            nutrition_info ni1_0 
        where
            ni1_0.product_id=?
    16:24:30.696 [pool-2-thread-466] DEBUG org.hibernate.SQL - 
        /* SELECT
            p 
        FROM
            Product p 
        WHERE
            p.id = :productId */ select
                p1_0.product_id,
                p1_0.category_id,
                p1_0.favorite_count,
                p1_0.price,
                p1_0.product_content,
                p1_0.product_name,
                p1_0.product_photo,
                p1_0.version 
            from
                product p1_0 
            where
                p1_0.product_id=? for update
    16:24:30.696 [pool-2-thread-463] DEBUG org.hibernate.SQL - 
        select
            f1_0.member_id,
            f1_0.product_id,
            f1_0.orderby 
        from
            favorite f1_0 
        where
            (
                f1_0.member_id, f1_0.product_id
            ) in ((?, ?))
    16:24:30.697 [pool-2-thread-463] DEBUG org.hibernate.SQL - 
        /* insert for
            com.codepresso.codepresso.entity.member.Favorite */insert 
        into
            favorite (orderby, member_id, product_id) 
        values
            (?, ?, ?)
    16:24:30.697 [pool-2-thread-463] DEBUG c.c.c.s.m.FavoritePessimisticService - 즐겨찾기 추가 성공 : memberId = 463, productId = 1
    16:24:30.697 [pool-2-thread-463] DEBUG c.c.c.s.m.FavoritePessimisticService - 메서드 종료 직전: memberId = 463, productId = 1
    16:24:30.697 [pool-2-thread-463] DEBUG c.c.c.s.m.FavoriteConcurrencyTest - 실패 : Could not commit JPA transaction 
    16:24:30.697 [pool-2-thread-465] DEBUG org.hibernate.SQL - 
        select
            ni1_0.nutrition_info_id,
            ni1_0.caffeine,
            ni1_0.calories,
            ni1_0.carbohydrate,
            ni1_0.cholesterol,
            ni1_0.fat,
            ni1_0.product_id,
            ni1_0.protein,
            ni1_0.saturated_fat,
            ni1_0.sodium,
            ni1_0.sugar,
            ni1_0.trans_fat 
        from
            nutrition_info ni1_0 
        where
            ni1_0.product_id=?
    16:24:30.697 [pool-2-thread-467] DEBUG org.hibernate.SQL - 
        /* SELECT
            p 
        FROM
            Product p 
        WHERE
            p.id = :productId */ select
                p1_0.product_id,
                p1_0.category_id,
                p1_0.favorite_count,
                p1_0.price,
                p1_0.product_content,
                p1_0.product_name,
                p1_0.product_photo,
                p1_0.version 
            from
                product p1_0 
            where
                p1_0.product_id=? for update
    16:24:30.698 [pool-2-thread-465] DEBUG org.hibernate.SQL - 
        select
            f1_0.member_id,
            f1_0.product_id,
            f1_0.orderby 
        from
            favorite f1_0 
        where
            (
                f1_0.member_id, f1_0.product_id
            ) in ((?, ?))
    16:24:30.699 [pool-2-thread-465] DEBUG org.hibernate.SQL - 
        /* insert for
            com.codepresso.codepresso.entity.member.Favorite */insert 
        into
            favorite (orderby, member_id, product_id) 
        values
            (?, ?, ?)
    16:24:30.699 [pool-2-thread-465] DEBUG c.c.c.s.m.FavoritePessimisticService - 즐겨찾기 추가 성공 : memberId = 465, productId = 1
    16:24:30.699 [pool-2-thread-465] DEBUG c.c.c.s.m.FavoritePessimisticService - 메서드 종료 직전: memberId = 465, productId = 1
    16:24:30.699 [pool-2-thread-465] DEBUG c.c.c.s.m.FavoriteConcurrencyTest - 실패 : Could not commit JPA transaction 
    16:24:30.699 [pool-2-thread-460] DEBUG org.hibernate.SQL - 
        select
            ni1_0.nutrition_info_id,
            ni1_0.caffeine,
            ni1_0.calories,
            ni1_0.carbohydrate,
            ni1_0.cholesterol,
            ni1_0.fat,
            ni1_0.product_id,
            ni1_0.protein,
            ni1_0.saturated_fat,
            ni1_0.sodium,
            ni1_0.sugar,
            ni1_0.trans_fat 
        from
            nutrition_info ni1_0 
        where
            ni1_0.product_id=?
    16:24:30.700 [pool-2-thread-460] DEBUG org.hibernate.SQL - 
        select
            f1_0.member_id,
            f1_0.product_id,
            f1_0.orderby 
        from
            favorite f1_0 
        where
            (
                f1_0.member_id, f1_0.product_id
            ) in ((?, ?))
    16:24:30.700 [pool-2-thread-468] DEBUG org.hibernate.SQL - 
        /* SELECT
            p 
        FROM
            Product p 
        WHERE
            p.id = :productId */ select
                p1_0.product_id,
                p1_0.category_id,
                p1_0.favorite_count,
                p1_0.price,
                p1_0.product_content,
                p1_0.product_name,
                p1_0.product_photo,
                p1_0.version 
            from
                product p1_0 
            where
                p1_0.product_id=? for update
    16:24:30.700 [pool-2-thread-460] DEBUG org.hibernate.SQL - 
        /* insert for
            com.codepresso.codepresso.entity.member.Favorite */insert 
        into
            favorite (orderby, member_id, product_id) 
        values
            (?, ?, ?)
    16:24:30.700 [pool-2-thread-460] DEBUG c.c.c.s.m.FavoritePessimisticService - 즐겨찾기 추가 성공 : memberId = 460, productId = 1
    16:24:30.700 [pool-2-thread-460] DEBUG c.c.c.s.m.FavoritePessimisticService - 메서드 종료 직전: memberId = 460, productId = 1
    16:24:30.700 [pool-2-thread-460] DEBUG c.c.c.s.m.FavoriteConcurrencyTest - 실패 : Could not commit JPA transaction 
    16:24:30.700 [pool-2-thread-467] DEBUG org.hibernate.SQL - 
        select
            ni1_0.nutrition_info_id,
            ni1_0.caffeine,
            ni1_0.calories,
            ni1_0.carbohydrate,
            ni1_0.cholesterol,
            ni1_0.fat,
            ni1_0.product_id,
            ni1_0.protein,
            ni1_0.saturated_fat,
            ni1_0.sodium,
            ni1_0.sugar,
            ni1_0.trans_fat 
        from
            nutrition_info ni1_0 
        where
            ni1_0.product_id=?
    16:24:30.700 [pool-2-thread-469] DEBUG org.hibernate.SQL - 
        /* SELECT
            p 
        FROM
            Product p 
        WHERE
            p.id = :productId */ select
                p1_0.product_id,
                p1_0.category_id,
                p1_0.favorite_count,
                p1_0.price,
                p1_0.product_content,
                p1_0.product_name,
                p1_0.product_photo,
                p1_0.version 
            from
                product p1_0 
            where
                p1_0.product_id=? for update
    16:24:30.700 [pool-2-thread-467] DEBUG org.hibernate.SQL - 
        select
            f1_0.member_id,
            f1_0.product_id,
            f1_0.orderby 
        from
            favorite f1_0 
        where
            (
                f1_0.member_id, f1_0.product_id
            ) in ((?, ?))
    16:24:30.701 [pool-2-thread-467] DEBUG org.hibernate.SQL - 
        /* insert for
            com.codepresso.codepresso.entity.member.Favorite */insert 
        into
            favorite (orderby, member_id, product_id) 
        values
            (?, ?, ?)
    16:24:30.701 [pool-2-thread-467] DEBUG c.c.c.s.m.FavoritePessimisticService - 즐겨찾기 추가 성공 : memberId = 467, productId = 1
    16:24:30.701 [pool-2-thread-467] DEBUG c.c.c.s.m.FavoritePessimisticService - 메서드 종료 직전: memberId = 467, productId = 1
    16:24:30.701 [pool-2-thread-467] DEBUG c.c.c.s.m.FavoriteConcurrencyTest - 실패 : Could not commit JPA transaction 
    16:24:30.701 [pool-2-thread-468] DEBUG org.hibernate.SQL - 
        select
            ni1_0.nutrition_info_id,
            ni1_0.caffeine,
            ni1_0.calories,
            ni1_0.carbohydrate,
            ni1_0.cholesterol,
            ni1_0.fat,
            ni1_0.product_id,
            ni1_0.protein,
            ni1_0.saturated_fat,
            ni1_0.sodium,
            ni1_0.sugar,
            ni1_0.trans_fat 
        from
            nutrition_info ni1_0 
        where
            ni1_0.product_id=?
    16:24:30.701 [pool-2-thread-470] DEBUG org.hibernate.SQL - 
        /* SELECT
            p 
        FROM
            Product p 
        WHERE
            p.id = :productId */ select
                p1_0.product_id,
                p1_0.category_id,
                p1_0.favorite_count,
                p1_0.price,
                p1_0.product_content,
                p1_0.product_name,
                p1_0.product_photo,
                p1_0.version 
            from
                product p1_0 
            where
                p1_0.product_id=? for update
    16:24:30.701 [pool-2-thread-468] DEBUG org.hibernate.SQL - 
        select
            f1_0.member_id,
            f1_0.product_id,
            f1_0.orderby 
        from
            favorite f1_0 
        where
            (
                f1_0.member_id, f1_0.product_id
            ) in ((?, ?))
    16:24:30.702 [pool-2-thread-468] DEBUG org.hibernate.SQL - 
        /* insert for
            com.codepresso.codepresso.entity.member.Favorite */insert 
        into
            favorite (orderby, member_id, product_id) 
        values
            (?, ?, ?)
    16:24:30.702 [pool-2-thread-468] DEBUG c.c.c.s.m.FavoritePessimisticService - 즐겨찾기 추가 성공 : memberId = 468, productId = 1
    16:24:30.702 [pool-2-thread-468] DEBUG c.c.c.s.m.FavoritePessimisticService - 메서드 종료 직전: memberId = 468, productId = 1
    16:24:30.702 [pool-2-thread-468] DEBUG c.c.c.s.m.FavoriteConcurrencyTest - 실패 : Could not commit JPA transaction 
    16:24:30.702 [pool-2-thread-469] DEBUG org.hibernate.SQL - 
        select
            ni1_0.nutrition_info_id,
            ni1_0.caffeine,
            ni1_0.calories,
            ni1_0.carbohydrate,
            ni1_0.cholesterol,
            ni1_0.fat,
            ni1_0.product_id,
            ni1_0.protein,
            ni1_0.saturated_fat,
            ni1_0.sodium,
            ni1_0.sugar,
            ni1_0.trans_fat 
        from
            nutrition_info ni1_0 
        where
            ni1_0.product_id=?
    16:24:30.702 [pool-2-thread-471] DEBUG org.hibernate.SQL - 
        /* SELECT
            p 
        FROM
            Product p 
        WHERE
            p.id = :productId */ select
                p1_0.product_id,
                p1_0.category_id,
                p1_0.favorite_count,
                p1_0.price,
                p1_0.product_content,
                p1_0.product_name,
                p1_0.product_photo,
                p1_0.version 
            from
                product p1_0 
            where
                p1_0.product_id=? for update
    16:24:30.703 [pool-2-thread-469] DEBUG org.hibernate.SQL - 
        select
            f1_0.member_id,
            f1_0.product_id,
            f1_0.orderby 
        from
            favorite f1_0 
        where
            (
                f1_0.member_id, f1_0.product_id
            ) in ((?, ?))
    16:24:30.703 [pool-2-thread-469] DEBUG org.hibernate.SQL - 
        /* insert for
            com.codepresso.codepresso.entity.member.Favorite */insert 
        into
            favorite (orderby, member_id, product_id) 
        values
            (?, ?, ?)
    16:24:30.703 [pool-2-thread-469] DEBUG c.c.c.s.m.FavoritePessimisticService - 즐겨찾기 추가 성공 : memberId = 469, productId = 1
    16:24:30.703 [pool-2-thread-469] DEBUG c.c.c.s.m.FavoritePessimisticService - 메서드 종료 직전: memberId = 469, productId = 1
    16:24:30.703 [pool-2-thread-469] DEBUG c.c.c.s.m.FavoriteConcurrencyTest - 실패 : Could not commit JPA transaction 
    16:24:30.703 [pool-2-thread-416] DEBUG org.hibernate.SQL - 
        select
            ni1_0.nutrition_info_id,
            ni1_0.caffeine,
            ni1_0.calories,
            ni1_0.carbohydrate,
            ni1_0.cholesterol,
            ni1_0.fat,
            ni1_0.product_id,
            ni1_0.protein,
            ni1_0.saturated_fat,
            ni1_0.sodium,
            ni1_0.sugar,
            ni1_0.trans_fat 
        from
            nutrition_info ni1_0 
        where
            ni1_0.product_id=?
    16:24:30.703 [pool-2-thread-472] DEBUG org.hibernate.SQL - 
        /* SELECT
            p 
        FROM
            Product p 
        WHERE
            p.id = :productId */ select
                p1_0.product_id,
                p1_0.category_id,
                p1_0.favorite_count,
                p1_0.price,
                p1_0.product_content,
                p1_0.product_name,
                p1_0.product_photo,
                p1_0.version 
            from
                product p1_0 
            where
                p1_0.product_id=? for update
    16:24:30.704 [pool-2-thread-416] DEBUG org.hibernate.SQL - 
        select
            f1_0.member_id,
            f1_0.product_id,
            f1_0.orderby 
        from
            favorite f1_0 
        where
            (
                f1_0.member_id, f1_0.product_id
            ) in ((?, ?))
    16:24:30.704 [pool-2-thread-416] DEBUG org.hibernate.SQL - 
        /* insert for
            com.codepresso.codepresso.entity.member.Favorite */insert 
        into
            favorite (orderby, member_id, product_id) 
        values
            (?, ?, ?)
    16:24:30.704 [pool-2-thread-416] DEBUG c.c.c.s.m.FavoritePessimisticService - 즐겨찾기 추가 성공 : memberId = 416, productId = 1
    16:24:30.704 [pool-2-thread-416] DEBUG c.c.c.s.m.FavoritePessimisticService - 메서드 종료 직전: memberId = 416, productId = 1
    16:24:30.704 [pool-2-thread-416] DEBUG c.c.c.s.m.FavoriteConcurrencyTest - 실패 : Could not commit JPA transaction 
    16:24:30.704 [pool-2-thread-471] DEBUG org.hibernate.SQL - 
        select
            ni1_0.nutrition_info_id,
            ni1_0.caffeine,
            ni1_0.calories,
            ni1_0.carbohydrate,
            ni1_0.cholesterol,
            ni1_0.fat,
            ni1_0.product_id,
            ni1_0.protein,
            ni1_0.saturated_fat,
            ni1_0.sodium,
            ni1_0.sugar,
            ni1_0.trans_fat 
        from
            nutrition_info ni1_0 
        where
            ni1_0.product_id=?
    16:24:30.705 [pool-2-thread-473] DEBUG org.hibernate.SQL - 
        /* SELECT
            p 
        FROM
            Product p 
        WHERE
            p.id = :productId */ select
                p1_0.product_id,
                p1_0.category_id,
                p1_0.favorite_count,
                p1_0.price,
                p1_0.product_content,
                p1_0.product_name,
                p1_0.product_photo,
                p1_0.version 
            from
                product p1_0 
            where
                p1_0.product_id=? for update
    16:24:30.705 [pool-2-thread-471] DEBUG org.hibernate.SQL - 
        select
            f1_0.member_id,
            f1_0.product_id,
            f1_0.orderby 
        from
            favorite f1_0 
        where
            (
                f1_0.member_id, f1_0.product_id
            ) in ((?, ?))
    16:24:30.705 [pool-2-thread-471] DEBUG org.hibernate.SQL - 
        /* insert for
            com.codepresso.codepresso.entity.member.Favorite */insert 
        into
            favorite (orderby, member_id, product_id) 
        values
            (?, ?, ?)
    16:24:30.706 [pool-2-thread-471] DEBUG c.c.c.s.m.FavoritePessimisticService - 즐겨찾기 추가 성공 : memberId = 471, productId = 1
    16:24:30.706 [pool-2-thread-471] DEBUG c.c.c.s.m.FavoritePessimisticService - 메서드 종료 직전: memberId = 471, productId = 1
    16:24:30.706 [pool-2-thread-471] DEBUG c.c.c.s.m.FavoriteConcurrencyTest - 실패 : Could not commit JPA transaction 
    16:24:30.706 [pool-2-thread-472] DEBUG org.hibernate.SQL - 
        select
            ni1_0.nutrition_info_id,
            ni1_0.caffeine,
            ni1_0.calories,
            ni1_0.carbohydrate,
            ni1_0.cholesterol,
            ni1_0.fat,
            ni1_0.product_id,
            ni1_0.protein,
            ni1_0.saturated_fat,
            ni1_0.sodium,
            ni1_0.sugar,
            ni1_0.trans_fat 
        from
            nutrition_info ni1_0 
        where
            ni1_0.product_id=?
    16:24:30.706 [pool-2-thread-474] DEBUG org.hibernate.SQL - 
        /* SELECT
            p 
        FROM
            Product p 
        WHERE
            p.id = :productId */ select
                p1_0.product_id,
                p1_0.category_id,
                p1_0.favorite_count,
                p1_0.price,
                p1_0.product_content,
                p1_0.product_name,
                p1_0.product_photo,
                p1_0.version 
            from
                product p1_0 
            where
                p1_0.product_id=? for update
    16:24:30.706 [pool-2-thread-472] DEBUG org.hibernate.SQL - 
        select
            f1_0.member_id,
            f1_0.product_id,
            f1_0.orderby 
        from
            favorite f1_0 
        where
            (
                f1_0.member_id, f1_0.product_id
            ) in ((?, ?))
    16:24:30.706 [pool-2-thread-472] DEBUG org.hibernate.SQL - 
        /* insert for
            com.codepresso.codepresso.entity.member.Favorite */insert 
        into
            favorite (orderby, member_id, product_id) 
        values
            (?, ?, ?)
    16:24:30.707 [pool-2-thread-472] DEBUG c.c.c.s.m.FavoritePessimisticService - 즐겨찾기 추가 성공 : memberId = 472, productId = 1
    16:24:30.707 [pool-2-thread-472] DEBUG c.c.c.s.m.FavoritePessimisticService - 메서드 종료 직전: memberId = 472, productId = 1
    16:24:30.707 [pool-2-thread-472] DEBUG c.c.c.s.m.FavoriteConcurrencyTest - 실패 : Could not commit JPA transaction 
    16:24:30.707 [pool-2-thread-473] DEBUG org.hibernate.SQL - 
        select
            ni1_0.nutrition_info_id,
            ni1_0.caffeine,
            ni1_0.calories,
            ni1_0.carbohydrate,
            ni1_0.cholesterol,
            ni1_0.fat,
            ni1_0.product_id,
            ni1_0.protein,
            ni1_0.saturated_fat,
            ni1_0.sodium,
            ni1_0.sugar,
            ni1_0.trans_fat 
        from
            nutrition_info ni1_0 
        where
            ni1_0.product_id=?
    16:24:30.707 [pool-2-thread-475] DEBUG org.hibernate.SQL - 
        /* SELECT
            p 
        FROM
            Product p 
        WHERE
            p.id = :productId */ select
                p1_0.product_id,
                p1_0.category_id,
                p1_0.favorite_count,
                p1_0.price,
                p1_0.product_content,
                p1_0.product_name,
                p1_0.product_photo,
                p1_0.version 
            from
                product p1_0 
            where
                p1_0.product_id=? for update
    16:24:30.707 [pool-2-thread-473] DEBUG org.hibernate.SQL - 
        select
            f1_0.member_id,
            f1_0.product_id,
            f1_0.orderby 
        from
            favorite f1_0 
        where
            (
                f1_0.member_id, f1_0.product_id
            ) in ((?, ?))
    16:24:30.708 [pool-2-thread-473] DEBUG org.hibernate.SQL - 
        /* insert for
            com.codepresso.codepresso.entity.member.Favorite */insert 
        into
            favorite (orderby, member_id, product_id) 
        values
            (?, ?, ?)
    16:24:30.708 [pool-2-thread-473] DEBUG c.c.c.s.m.FavoritePessimisticService - 즐겨찾기 추가 성공 : memberId = 473, productId = 1
    16:24:30.708 [pool-2-thread-473] DEBUG c.c.c.s.m.FavoritePessimisticService - 메서드 종료 직전: memberId = 473, productId = 1
    16:24:30.708 [pool-2-thread-473] DEBUG c.c.c.s.m.FavoriteConcurrencyTest - 실패 : Could not commit JPA transaction 
    16:24:30.708 [pool-2-thread-474] DEBUG org.hibernate.SQL - 
        select
            ni1_0.nutrition_info_id,
            ni1_0.caffeine,
            ni1_0.calories,
            ni1_0.carbohydrate,
            ni1_0.cholesterol,
            ni1_0.fat,
            ni1_0.product_id,
            ni1_0.protein,
            ni1_0.saturated_fat,
            ni1_0.sodium,
            ni1_0.sugar,
            ni1_0.trans_fat 
        from
            nutrition_info ni1_0 
        where
            ni1_0.product_id=?
    16:24:30.708 [pool-2-thread-477] DEBUG org.hibernate.SQL - 
        /* SELECT
            p 
        FROM
            Product p 
        WHERE
            p.id = :productId */ select
                p1_0.product_id,
                p1_0.category_id,
                p1_0.favorite_count,
                p1_0.price,
                p1_0.product_content,
                p1_0.product_name,
                p1_0.product_photo,
                p1_0.version 
            from
                product p1_0 
            where
                p1_0.product_id=? for update
    16:24:30.709 [pool-2-thread-474] DEBUG org.hibernate.SQL - 
        select
            f1_0.member_id,
            f1_0.product_id,
            f1_0.orderby 
        from
            favorite f1_0 
        where
            (
                f1_0.member_id, f1_0.product_id
            ) in ((?, ?))
    16:24:30.709 [pool-2-thread-474] DEBUG org.hibernate.SQL - 
        /* insert for
            com.codepresso.codepresso.entity.member.Favorite */insert 
        into
            favorite (orderby, member_id, product_id) 
        values
            (?, ?, ?)
    16:24:30.709 [pool-2-thread-474] DEBUG c.c.c.s.m.FavoritePessimisticService - 즐겨찾기 추가 성공 : memberId = 474, productId = 1
    16:24:30.709 [pool-2-thread-474] DEBUG c.c.c.s.m.FavoritePessimisticService - 메서드 종료 직전: memberId = 474, productId = 1
    16:24:30.709 [pool-2-thread-474] DEBUG c.c.c.s.m.FavoriteConcurrencyTest - 실패 : Could not commit JPA transaction 
    16:24:30.709 [pool-2-thread-475] DEBUG org.hibernate.SQL - 
        select
            ni1_0.nutrition_info_id,
            ni1_0.caffeine,
            ni1_0.calories,
            ni1_0.carbohydrate,
            ni1_0.cholesterol,
            ni1_0.fat,
            ni1_0.product_id,
            ni1_0.protein,
            ni1_0.saturated_fat,
            ni1_0.sodium,
            ni1_0.sugar,
            ni1_0.trans_fat 
        from
            nutrition_info ni1_0 
        where
            ni1_0.product_id=?
    16:24:30.709 [pool-2-thread-476] DEBUG org.hibernate.SQL - 
        /* SELECT
            p 
        FROM
            Product p 
        WHERE
            p.id = :productId */ select
                p1_0.product_id,
                p1_0.category_id,
                p1_0.favorite_count,
                p1_0.price,
                p1_0.product_content,
                p1_0.product_name,
                p1_0.product_photo,
                p1_0.version 
            from
                product p1_0 
            where
                p1_0.product_id=? for update
    16:24:30.710 [pool-2-thread-475] DEBUG org.hibernate.SQL - 
        select
            f1_0.member_id,
            f1_0.product_id,
            f1_0.orderby 
        from
            favorite f1_0 
        where
            (
                f1_0.member_id, f1_0.product_id
            ) in ((?, ?))
    16:24:30.710 [pool-2-thread-475] DEBUG org.hibernate.SQL - 
        /* insert for
            com.codepresso.codepresso.entity.member.Favorite */insert 
        into
            favorite (orderby, member_id, product_id) 
        values
            (?, ?, ?)
    16:24:30.710 [pool-2-thread-475] DEBUG c.c.c.s.m.FavoritePessimisticService - 즐겨찾기 추가 성공 : memberId = 475, productId = 1
    16:24:30.710 [pool-2-thread-475] DEBUG c.c.c.s.m.FavoritePessimisticService - 메서드 종료 직전: memberId = 475, productId = 1
    16:24:30.710 [pool-2-thread-475] DEBUG c.c.c.s.m.FavoriteConcurrencyTest - 실패 : Could not commit JPA transaction 
    16:24:30.711 [pool-2-thread-477] DEBUG org.hibernate.SQL - 
        select
            ni1_0.nutrition_info_id,
            ni1_0.caffeine,
            ni1_0.calories,
            ni1_0.carbohydrate,
            ni1_0.cholesterol,
            ni1_0.fat,
            ni1_0.product_id,
            ni1_0.protein,
            ni1_0.saturated_fat,
            ni1_0.sodium,
            ni1_0.sugar,
            ni1_0.trans_fat 
        from
            nutrition_info ni1_0 
        where
            ni1_0.product_id=?
    16:24:30.711 [pool-2-thread-478] DEBUG org.hibernate.SQL - 
        /* SELECT
            p 
        FROM
            Product p 
        WHERE
            p.id = :productId */ select
                p1_0.product_id,
                p1_0.category_id,
                p1_0.favorite_count,
                p1_0.price,
                p1_0.product_content,
                p1_0.product_name,
                p1_0.product_photo,
                p1_0.version 
            from
                product p1_0 
            where
                p1_0.product_id=? for update
    16:24:30.711 [pool-2-thread-477] DEBUG org.hibernate.SQL - 
        select
            f1_0.member_id,
            f1_0.product_id,
            f1_0.orderby 
        from
            favorite f1_0 
        where
            (
                f1_0.member_id, f1_0.product_id
            ) in ((?, ?))
    16:24:30.712 [pool-2-thread-477] DEBUG org.hibernate.SQL - 
        /* insert for
            com.codepresso.codepresso.entity.member.Favorite */insert 
        into
            favorite (orderby, member_id, product_id) 
        values
            (?, ?, ?)
    16:24:30.712 [pool-2-thread-477] DEBUG c.c.c.s.m.FavoritePessimisticService - 즐겨찾기 추가 성공 : memberId = 477, productId = 1
    16:24:30.712 [pool-2-thread-477] DEBUG c.c.c.s.m.FavoritePessimisticService - 메서드 종료 직전: memberId = 477, productId = 1
    16:24:30.712 [pool-2-thread-477] DEBUG c.c.c.s.m.FavoriteConcurrencyTest - 실패 : Could not commit JPA transaction 
    16:24:30.712 [pool-2-thread-476] DEBUG org.hibernate.SQL - 
        select
            ni1_0.nutrition_info_id,
            ni1_0.caffeine,
            ni1_0.calories,
            ni1_0.carbohydrate,
            ni1_0.cholesterol,
            ni1_0.fat,
            ni1_0.product_id,
            ni1_0.protein,
            ni1_0.saturated_fat,
            ni1_0.sodium,
            ni1_0.sugar,
            ni1_0.trans_fat 
        from
            nutrition_info ni1_0 
        where
            ni1_0.product_id=?
    16:24:30.713 [pool-2-thread-479] DEBUG org.hibernate.SQL - 
        /* SELECT
            p 
        FROM
            Product p 
        WHERE
            p.id = :productId */ select
                p1_0.product_id,
                p1_0.category_id,
                p1_0.favorite_count,
                p1_0.price,
                p1_0.product_content,
                p1_0.product_name,
                p1_0.product_photo,
                p1_0.version 
            from
                product p1_0 
            where
                p1_0.product_id=? for update
    16:24:30.713 [pool-2-thread-476] DEBUG org.hibernate.SQL - 
        select
            f1_0.member_id,
            f1_0.product_id,
            f1_0.orderby 
        from
            favorite f1_0 
        where
            (
                f1_0.member_id, f1_0.product_id
            ) in ((?, ?))
    16:24:30.713 [pool-2-thread-476] DEBUG org.hibernate.SQL - 
        /* insert for
            com.codepresso.codepresso.entity.member.Favorite */insert 
        into
            favorite (orderby, member_id, product_id) 
        values
            (?, ?, ?)
    16:24:30.713 [pool-2-thread-476] DEBUG c.c.c.s.m.FavoritePessimisticService - 즐겨찾기 추가 성공 : memberId = 476, productId = 1
    16:24:30.713 [pool-2-thread-476] DEBUG c.c.c.s.m.FavoritePessimisticService - 메서드 종료 직전: memberId = 476, productId = 1
    16:24:30.713 [pool-2-thread-476] DEBUG c.c.c.s.m.FavoriteConcurrencyTest - 실패 : Could not commit JPA transaction 
    16:24:30.714 [pool-2-thread-478] DEBUG org.hibernate.SQL - 
        select
            ni1_0.nutrition_info_id,
            ni1_0.caffeine,
            ni1_0.calories,
            ni1_0.carbohydrate,
            ni1_0.cholesterol,
            ni1_0.fat,
            ni1_0.product_id,
            ni1_0.protein,
            ni1_0.saturated_fat,
            ni1_0.sodium,
            ni1_0.sugar,
            ni1_0.trans_fat 
        from
            nutrition_info ni1_0 
        where
            ni1_0.product_id=?
    16:24:30.714 [pool-2-thread-18] DEBUG org.hibernate.SQL - 
        /* SELECT
            p 
        FROM
            Product p 
        WHERE
            p.id = :productId */ select
                p1_0.product_id,
                p1_0.category_id,
                p1_0.favorite_count,
                p1_0.price,
                p1_0.product_content,
                p1_0.product_name,
                p1_0.product_photo,
                p1_0.version 
            from
                product p1_0 
            where
                p1_0.product_id=? for update
    16:24:30.714 [pool-2-thread-478] DEBUG org.hibernate.SQL - 
        select
            f1_0.member_id,
            f1_0.product_id,
            f1_0.orderby 
        from
            favorite f1_0 
        where
            (
                f1_0.member_id, f1_0.product_id
            ) in ((?, ?))
    16:24:30.715 [pool-2-thread-478] DEBUG org.hibernate.SQL - 
        /* insert for
            com.codepresso.codepresso.entity.member.Favorite */insert 
        into
            favorite (orderby, member_id, product_id) 
        values
            (?, ?, ?)
    16:24:30.715 [pool-2-thread-478] DEBUG c.c.c.s.m.FavoritePessimisticService - 즐겨찾기 추가 성공 : memberId = 478, productId = 1
    16:24:30.715 [pool-2-thread-478] DEBUG c.c.c.s.m.FavoritePessimisticService - 메서드 종료 직전: memberId = 478, productId = 1
    16:24:30.715 [pool-2-thread-479] DEBUG org.hibernate.SQL - 
        select
            ni1_0.nutrition_info_id,
            ni1_0.caffeine,
            ni1_0.calories,
            ni1_0.carbohydrate,
            ni1_0.cholesterol,
            ni1_0.fat,
            ni1_0.product_id,
            ni1_0.protein,
            ni1_0.saturated_fat,
            ni1_0.sodium,
            ni1_0.sugar,
            ni1_0.trans_fat 
        from
            nutrition_info ni1_0 
        where
            ni1_0.product_id=?
    16:24:30.715 [pool-2-thread-478] DEBUG c.c.c.s.m.FavoriteConcurrencyTest - 실패 : Could not commit JPA transaction 
    16:24:30.715 [pool-2-thread-481] DEBUG org.hibernate.SQL - 
        /* SELECT
            p 
        FROM
            Product p 
        WHERE
            p.id = :productId */ select
                p1_0.product_id,
                p1_0.category_id,
                p1_0.favorite_count,
                p1_0.price,
                p1_0.product_content,
                p1_0.product_name,
                p1_0.product_photo,
                p1_0.version 
            from
                product p1_0 
            where
                p1_0.product_id=? for update
    16:24:30.715 [pool-2-thread-479] DEBUG org.hibernate.SQL - 
        select
            f1_0.member_id,
            f1_0.product_id,
            f1_0.orderby 
        from
            favorite f1_0 
        where
            (
                f1_0.member_id, f1_0.product_id
            ) in ((?, ?))
    16:24:30.716 [pool-2-thread-479] DEBUG org.hibernate.SQL - 
        /* insert for
            com.codepresso.codepresso.entity.member.Favorite */insert 
        into
            favorite (orderby, member_id, product_id) 
        values
            (?, ?, ?)
    16:24:30.716 [pool-2-thread-479] DEBUG c.c.c.s.m.FavoritePessimisticService - 즐겨찾기 추가 성공 : memberId = 479, productId = 1
    16:24:30.716 [pool-2-thread-479] DEBUG c.c.c.s.m.FavoritePessimisticService - 메서드 종료 직전: memberId = 479, productId = 1
    16:24:30.716 [pool-2-thread-479] DEBUG c.c.c.s.m.FavoriteConcurrencyTest - 실패 : Could not commit JPA transaction 
    16:24:30.716 [pool-2-thread-18] DEBUG org.hibernate.SQL - 
        select
            ni1_0.nutrition_info_id,
            ni1_0.caffeine,
            ni1_0.calories,
            ni1_0.carbohydrate,
            ni1_0.cholesterol,
            ni1_0.fat,
            ni1_0.product_id,
            ni1_0.protein,
            ni1_0.saturated_fat,
            ni1_0.sodium,
            ni1_0.sugar,
            ni1_0.trans_fat 
        from
            nutrition_info ni1_0 
        where
            ni1_0.product_id=?
    16:24:30.716 [pool-2-thread-482] DEBUG org.hibernate.SQL - 
        /* SELECT
            p 
        FROM
            Product p 
        WHERE
            p.id = :productId */ select
                p1_0.product_id,
                p1_0.category_id,
                p1_0.favorite_count,
                p1_0.price,
                p1_0.product_content,
                p1_0.product_name,
                p1_0.product_photo,
                p1_0.version 
            from
                product p1_0 
            where
                p1_0.product_id=? for update
    16:24:30.717 [pool-2-thread-18] DEBUG org.hibernate.SQL - 
        select
            f1_0.member_id,
            f1_0.product_id,
            f1_0.orderby 
        from
            favorite f1_0 
        where
            (
                f1_0.member_id, f1_0.product_id
            ) in ((?, ?))
    16:24:30.717 [pool-2-thread-18] DEBUG org.hibernate.SQL - 
        /* insert for
            com.codepresso.codepresso.entity.member.Favorite */insert 
        into
            favorite (orderby, member_id, product_id) 
        values
            (?, ?, ?)
    16:24:30.717 [pool-2-thread-18] DEBUG c.c.c.s.m.FavoritePessimisticService - 즐겨찾기 추가 성공 : memberId = 18, productId = 1
    16:24:30.717 [pool-2-thread-18] DEBUG c.c.c.s.m.FavoritePessimisticService - 메서드 종료 직전: memberId = 18, productId = 1
    16:24:30.717 [pool-2-thread-18] DEBUG c.c.c.s.m.FavoriteConcurrencyTest - 실패 : Could not commit JPA transaction 
    16:24:30.717 [pool-2-thread-481] DEBUG org.hibernate.SQL - 
        select
            ni1_0.nutrition_info_id,
            ni1_0.caffeine,
            ni1_0.calories,
            ni1_0.carbohydrate,
            ni1_0.cholesterol,
            ni1_0.fat,
            ni1_0.product_id,
            ni1_0.protein,
            ni1_0.saturated_fat,
            ni1_0.sodium,
            ni1_0.sugar,
            ni1_0.trans_fat 
        from
            nutrition_info ni1_0 
        where
            ni1_0.product_id=?
    16:24:30.718 [pool-2-thread-483] DEBUG org.hibernate.SQL - 
        /* SELECT
            p 
        FROM
            Product p 
        WHERE
            p.id = :productId */ select
                p1_0.product_id,
                p1_0.category_id,
                p1_0.favorite_count,
                p1_0.price,
                p1_0.product_content,
                p1_0.product_name,
                p1_0.product_photo,
                p1_0.version 
            from
                product p1_0 
            where
                p1_0.product_id=? for update
    16:24:30.718 [pool-2-thread-481] DEBUG org.hibernate.SQL - 
        select
            f1_0.member_id,
            f1_0.product_id,
            f1_0.orderby 
        from
            favorite f1_0 
        where
            (
                f1_0.member_id, f1_0.product_id
            ) in ((?, ?))
    16:24:30.718 [pool-2-thread-481] DEBUG org.hibernate.SQL - 
        /* insert for
            com.codepresso.codepresso.entity.member.Favorite */insert 
        into
            favorite (orderby, member_id, product_id) 
        values
            (?, ?, ?)
    16:24:30.718 [pool-2-thread-481] DEBUG c.c.c.s.m.FavoritePessimisticService - 즐겨찾기 추가 성공 : memberId = 481, productId = 1
    16:24:30.718 [pool-2-thread-481] DEBUG c.c.c.s.m.FavoritePessimisticService - 메서드 종료 직전: memberId = 481, productId = 1
    16:24:30.719 [pool-2-thread-481] DEBUG c.c.c.s.m.FavoriteConcurrencyTest - 실패 : Could not commit JPA transaction 
    16:24:30.719 [pool-2-thread-482] DEBUG org.hibernate.SQL - 
        select
            ni1_0.nutrition_info_id,
            ni1_0.caffeine,
            ni1_0.calories,
            ni1_0.carbohydrate,
            ni1_0.cholesterol,
            ni1_0.fat,
            ni1_0.product_id,
            ni1_0.protein,
            ni1_0.saturated_fat,
            ni1_0.sodium,
            ni1_0.sugar,
            ni1_0.trans_fat 
        from
            nutrition_info ni1_0 
        where
            ni1_0.product_id=?
    16:24:30.719 [pool-2-thread-484] DEBUG org.hibernate.SQL - 
        /* SELECT
            p 
        FROM
            Product p 
        WHERE
            p.id = :productId */ select
                p1_0.product_id,
                p1_0.category_id,
                p1_0.favorite_count,
                p1_0.price,
                p1_0.product_content,
                p1_0.product_name,
                p1_0.product_photo,
                p1_0.version 
            from
                product p1_0 
            where
                p1_0.product_id=? for update
    16:24:30.719 [pool-2-thread-482] DEBUG org.hibernate.SQL - 
        select
            f1_0.member_id,
            f1_0.product_id,
            f1_0.orderby 
        from
            favorite f1_0 
        where
            (
                f1_0.member_id, f1_0.product_id
            ) in ((?, ?))
    16:24:30.719 [pool-2-thread-482] DEBUG org.hibernate.SQL - 
        /* insert for
            com.codepresso.codepresso.entity.member.Favorite */insert 
        into
            favorite (orderby, member_id, product_id) 
        values
            (?, ?, ?)
    16:24:30.720 [pool-2-thread-482] DEBUG c.c.c.s.m.FavoritePessimisticService - 즐겨찾기 추가 성공 : memberId = 482, productId = 1
    16:24:30.720 [pool-2-thread-482] DEBUG c.c.c.s.m.FavoritePessimisticService - 메서드 종료 직전: memberId = 482, productId = 1
    16:24:30.720 [pool-2-thread-482] DEBUG c.c.c.s.m.FavoriteConcurrencyTest - 실패 : Could not commit JPA transaction 
    16:24:30.720 [pool-2-thread-464] DEBUG org.hibernate.SQL - 
        select
            ni1_0.nutrition_info_id,
            ni1_0.caffeine,
            ni1_0.calories,
            ni1_0.carbohydrate,
            ni1_0.cholesterol,
            ni1_0.fat,
            ni1_0.product_id,
            ni1_0.protein,
            ni1_0.saturated_fat,
            ni1_0.sodium,
            ni1_0.sugar,
            ni1_0.trans_fat 
        from
            nutrition_info ni1_0 
        where
            ni1_0.product_id=?
    16:24:30.720 [pool-2-thread-485] DEBUG org.hibernate.SQL - 
        /* SELECT
            p 
        FROM
            Product p 
        WHERE
            p.id = :productId */ select
                p1_0.product_id,
                p1_0.category_id,
                p1_0.favorite_count,
                p1_0.price,
                p1_0.product_content,
                p1_0.product_name,
                p1_0.product_photo,
                p1_0.version 
            from
                product p1_0 
            where
                p1_0.product_id=? for update
    16:24:30.720 [pool-2-thread-464] DEBUG org.hibernate.SQL - 
        select
            f1_0.member_id,
            f1_0.product_id,
            f1_0.orderby 
        from
            favorite f1_0 
        where
            (
                f1_0.member_id, f1_0.product_id
            ) in ((?, ?))
    16:24:30.721 [pool-2-thread-464] DEBUG org.hibernate.SQL - 
        /* insert for
            com.codepresso.codepresso.entity.member.Favorite */insert 
        into
            favorite (orderby, member_id, product_id) 
        values
            (?, ?, ?)
    16:24:30.721 [pool-2-thread-464] DEBUG c.c.c.s.m.FavoritePessimisticService - 즐겨찾기 추가 성공 : memberId = 464, productId = 1
    16:24:30.721 [pool-2-thread-464] DEBUG c.c.c.s.m.FavoritePessimisticService - 메서드 종료 직전: memberId = 464, productId = 1
    16:24:30.721 [pool-2-thread-464] DEBUG c.c.c.s.m.FavoriteConcurrencyTest - 실패 : Could not commit JPA transaction 
    16:24:30.721 [pool-2-thread-466] DEBUG org.hibernate.SQL - 
        select
            ni1_0.nutrition_info_id,
            ni1_0.caffeine,
            ni1_0.calories,
            ni1_0.carbohydrate,
            ni1_0.cholesterol,
            ni1_0.fat,
            ni1_0.product_id,
            ni1_0.protein,
            ni1_0.saturated_fat,
            ni1_0.sodium,
            ni1_0.sugar,
            ni1_0.trans_fat 
        from
            nutrition_info ni1_0 
        where
            ni1_0.product_id=?
    16:24:30.721 [pool-2-thread-486] DEBUG org.hibernate.SQL - 
        /* SELECT
            p 
        FROM
            Product p 
        WHERE
            p.id = :productId */ select
                p1_0.product_id,
                p1_0.category_id,
                p1_0.favorite_count,
                p1_0.price,
                p1_0.product_content,
                p1_0.product_name,
                p1_0.product_photo,
                p1_0.version 
            from
                product p1_0 
            where
                p1_0.product_id=? for update
    16:24:30.721 [pool-2-thread-466] DEBUG org.hibernate.SQL - 
        select
            f1_0.member_id,
            f1_0.product_id,
            f1_0.orderby 
        from
            favorite f1_0 
        where
            (
                f1_0.member_id, f1_0.product_id
            ) in ((?, ?))
    16:24:30.721 [pool-2-thread-466] DEBUG org.hibernate.SQL - 
        /* insert for
            com.codepresso.codepresso.entity.member.Favorite */insert 
        into
            favorite (orderby, member_id, product_id) 
        values
            (?, ?, ?)
    16:24:30.721 [pool-2-thread-466] DEBUG c.c.c.s.m.FavoritePessimisticService - 즐겨찾기 추가 성공 : memberId = 466, productId = 1
    16:24:30.721 [pool-2-thread-466] DEBUG c.c.c.s.m.FavoritePessimisticService - 메서드 종료 직전: memberId = 466, productId = 1
    16:24:30.722 [pool-2-thread-466] DEBUG c.c.c.s.m.FavoriteConcurrencyTest - 실패 : Could not commit JPA transaction 
    16:24:30.722 [pool-2-thread-485] DEBUG org.hibernate.SQL - 
        select
            ni1_0.nutrition_info_id,
            ni1_0.caffeine,
            ni1_0.calories,
            ni1_0.carbohydrate,
            ni1_0.cholesterol,
            ni1_0.fat,
            ni1_0.product_id,
            ni1_0.protein,
            ni1_0.saturated_fat,
            ni1_0.sodium,
            ni1_0.sugar,
            ni1_0.trans_fat 
        from
            nutrition_info ni1_0 
        where
            ni1_0.product_id=?
    16:24:30.722 [pool-2-thread-487] DEBUG org.hibernate.SQL - 
        /* SELECT
            p 
        FROM
            Product p 
        WHERE
            p.id = :productId */ select
                p1_0.product_id,
                p1_0.category_id,
                p1_0.favorite_count,
                p1_0.price,
                p1_0.product_content,
                p1_0.product_name,
                p1_0.product_photo,
                p1_0.version 
            from
                product p1_0 
            where
                p1_0.product_id=? for update
    16:24:30.722 [pool-2-thread-485] DEBUG org.hibernate.SQL - 
        select
            f1_0.member_id,
            f1_0.product_id,
            f1_0.orderby 
        from
            favorite f1_0 
        where
            (
                f1_0.member_id, f1_0.product_id
            ) in ((?, ?))
    16:24:30.722 [pool-2-thread-485] DEBUG org.hibernate.SQL - 
        /* insert for
            com.codepresso.codepresso.entity.member.Favorite */insert 
        into
            favorite (orderby, member_id, product_id) 
        values
            (?, ?, ?)
    16:24:30.722 [pool-2-thread-485] DEBUG c.c.c.s.m.FavoritePessimisticService - 즐겨찾기 추가 성공 : memberId = 485, productId = 1
    16:24:30.722 [pool-2-thread-485] DEBUG c.c.c.s.m.FavoritePessimisticService - 메서드 종료 직전: memberId = 485, productId = 1
    16:24:30.723 [pool-2-thread-485] DEBUG c.c.c.s.m.FavoriteConcurrencyTest - 실패 : Could not commit JPA transaction 
    16:24:30.723 [pool-2-thread-487] DEBUG org.hibernate.SQL - 
        select
            ni1_0.nutrition_info_id,
            ni1_0.caffeine,
            ni1_0.calories,
            ni1_0.carbohydrate,
            ni1_0.cholesterol,
            ni1_0.fat,
            ni1_0.product_id,
            ni1_0.protein,
            ni1_0.saturated_fat,
            ni1_0.sodium,
            ni1_0.sugar,
            ni1_0.trans_fat 
        from
            nutrition_info ni1_0 
        where
            ni1_0.product_id=?
    16:24:30.723 [pool-2-thread-488] DEBUG org.hibernate.SQL - 
        /* SELECT
            p 
        FROM
            Product p 
        WHERE
            p.id = :productId */ select
                p1_0.product_id,
                p1_0.category_id,
                p1_0.favorite_count,
                p1_0.price,
                p1_0.product_content,
                p1_0.product_name,
                p1_0.product_photo,
                p1_0.version 
            from
                product p1_0 
            where
                p1_0.product_id=? for update
    16:24:30.723 [pool-2-thread-487] DEBUG org.hibernate.SQL - 
        select
            f1_0.member_id,
            f1_0.product_id,
            f1_0.orderby 
        from
            favorite f1_0 
        where
            (
                f1_0.member_id, f1_0.product_id
            ) in ((?, ?))
    16:24:30.723 [pool-2-thread-487] DEBUG org.hibernate.SQL - 
        /* insert for
            com.codepresso.codepresso.entity.member.Favorite */insert 
        into
            favorite (orderby, member_id, product_id) 
        values
            (?, ?, ?)
    16:24:30.723 [pool-2-thread-487] DEBUG c.c.c.s.m.FavoritePessimisticService - 즐겨찾기 추가 성공 : memberId = 487, productId = 1
    16:24:30.723 [pool-2-thread-487] DEBUG c.c.c.s.m.FavoritePessimisticService - 메서드 종료 직전: memberId = 487, productId = 1
    16:24:30.723 [pool-2-thread-487] DEBUG c.c.c.s.m.FavoriteConcurrencyTest - 실패 : Could not commit JPA transaction 
    16:24:30.723 [pool-2-thread-483] DEBUG org.hibernate.SQL - 
        select
            ni1_0.nutrition_info_id,
            ni1_0.caffeine,
            ni1_0.calories,
            ni1_0.carbohydrate,
            ni1_0.cholesterol,
            ni1_0.fat,
            ni1_0.product_id,
            ni1_0.protein,
            ni1_0.saturated_fat,
            ni1_0.sodium,
            ni1_0.sugar,
            ni1_0.trans_fat 
        from
            nutrition_info ni1_0 
        where
            ni1_0.product_id=?
    16:24:30.723 [pool-2-thread-489] DEBUG org.hibernate.SQL - 
        /* SELECT
            p 
        FROM
            Product p 
        WHERE
            p.id = :productId */ select
                p1_0.product_id,
                p1_0.category_id,
                p1_0.favorite_count,
                p1_0.price,
                p1_0.product_content,
                p1_0.product_name,
                p1_0.product_photo,
                p1_0.version 
            from
                product p1_0 
            where
                p1_0.product_id=? for update
    16:24:30.724 [pool-2-thread-483] DEBUG org.hibernate.SQL - 
        select
            f1_0.member_id,
            f1_0.product_id,
            f1_0.orderby 
        from
            favorite f1_0 
        where
            (
                f1_0.member_id, f1_0.product_id
            ) in ((?, ?))
    16:24:30.724 [pool-2-thread-483] DEBUG org.hibernate.SQL - 
        /* insert for
            com.codepresso.codepresso.entity.member.Favorite */insert 
        into
            favorite (orderby, member_id, product_id) 
        values
            (?, ?, ?)
    16:24:30.724 [pool-2-thread-483] DEBUG c.c.c.s.m.FavoritePessimisticService - 즐겨찾기 추가 성공 : memberId = 483, productId = 1
    16:24:30.724 [pool-2-thread-483] DEBUG c.c.c.s.m.FavoritePessimisticService - 메서드 종료 직전: memberId = 483, productId = 1
    16:24:30.724 [pool-2-thread-483] DEBUG c.c.c.s.m.FavoriteConcurrencyTest - 실패 : Could not commit JPA transaction 
    16:24:30.724 [pool-2-thread-488] DEBUG org.hibernate.SQL - 
        select
            ni1_0.nutrition_info_id,
            ni1_0.caffeine,
            ni1_0.calories,
            ni1_0.carbohydrate,
            ni1_0.cholesterol,
            ni1_0.fat,
            ni1_0.product_id,
            ni1_0.protein,
            ni1_0.saturated_fat,
            ni1_0.sodium,
            ni1_0.sugar,
            ni1_0.trans_fat 
        from
            nutrition_info ni1_0 
        where
            ni1_0.product_id=?
    16:24:30.724 [pool-2-thread-490] DEBUG org.hibernate.SQL - 
        /* SELECT
            p 
        FROM
            Product p 
        WHERE
            p.id = :productId */ select
                p1_0.product_id,
                p1_0.category_id,
                p1_0.favorite_count,
                p1_0.price,
                p1_0.product_content,
                p1_0.product_name,
                p1_0.product_photo,
                p1_0.version 
            from
                product p1_0 
            where
                p1_0.product_id=? for update
    16:24:30.725 [pool-2-thread-488] DEBUG org.hibernate.SQL - 
        select
            f1_0.member_id,
            f1_0.product_id,
            f1_0.orderby 
        from
            favorite f1_0 
        where
            (
                f1_0.member_id, f1_0.product_id
            ) in ((?, ?))
    16:24:30.725 [pool-2-thread-488] DEBUG org.hibernate.SQL - 
        /* insert for
            com.codepresso.codepresso.entity.member.Favorite */insert 
        into
            favorite (orderby, member_id, product_id) 
        values
            (?, ?, ?)
    16:24:30.725 [pool-2-thread-488] DEBUG c.c.c.s.m.FavoritePessimisticService - 즐겨찾기 추가 성공 : memberId = 488, productId = 1
    16:24:30.725 [pool-2-thread-488] DEBUG c.c.c.s.m.FavoritePessimisticService - 메서드 종료 직전: memberId = 488, productId = 1
    16:24:30.725 [pool-2-thread-488] DEBUG c.c.c.s.m.FavoriteConcurrencyTest - 실패 : Could not commit JPA transaction 
    16:24:30.725 [pool-2-thread-489] DEBUG org.hibernate.SQL - 
        select
            ni1_0.nutrition_info_id,
            ni1_0.caffeine,
            ni1_0.calories,
            ni1_0.carbohydrate,
            ni1_0.cholesterol,
            ni1_0.fat,
            ni1_0.product_id,
            ni1_0.protein,
            ni1_0.saturated_fat,
            ni1_0.sodium,
            ni1_0.sugar,
            ni1_0.trans_fat 
        from
            nutrition_info ni1_0 
        where
            ni1_0.product_id=?
    16:24:30.726 [pool-2-thread-491] DEBUG org.hibernate.SQL - 
        /* SELECT
            p 
        FROM
            Product p 
        WHERE
            p.id = :productId */ select
                p1_0.product_id,
                p1_0.category_id,
                p1_0.favorite_count,
                p1_0.price,
                p1_0.product_content,
                p1_0.product_name,
                p1_0.product_photo,
                p1_0.version 
            from
                product p1_0 
            where
                p1_0.product_id=? for update
    16:24:30.726 [pool-2-thread-489] DEBUG org.hibernate.SQL - 
        select
            f1_0.member_id,
            f1_0.product_id,
            f1_0.orderby 
        from
            favorite f1_0 
        where
            (
                f1_0.member_id, f1_0.product_id
            ) in ((?, ?))
    16:24:30.726 [pool-2-thread-489] DEBUG org.hibernate.SQL - 
        /* insert for
            com.codepresso.codepresso.entity.member.Favorite */insert 
        into
            favorite (orderby, member_id, product_id) 
        values
            (?, ?, ?)
    16:24:30.726 [pool-2-thread-489] DEBUG c.c.c.s.m.FavoritePessimisticService - 즐겨찾기 추가 성공 : memberId = 489, productId = 1
    16:24:30.726 [pool-2-thread-489] DEBUG c.c.c.s.m.FavoritePessimisticService - 메서드 종료 직전: memberId = 489, productId = 1
    16:24:30.726 [pool-2-thread-489] DEBUG c.c.c.s.m.FavoriteConcurrencyTest - 실패 : Could not commit JPA transaction 
    16:24:30.726 [pool-2-thread-484] DEBUG org.hibernate.SQL - 
        select
            ni1_0.nutrition_info_id,
            ni1_0.caffeine,
            ni1_0.calories,
            ni1_0.carbohydrate,
            ni1_0.cholesterol,
            ni1_0.fat,
            ni1_0.product_id,
            ni1_0.protein,
            ni1_0.saturated_fat,
            ni1_0.sodium,
            ni1_0.sugar,
            ni1_0.trans_fat 
        from
            nutrition_info ni1_0 
        where
            ni1_0.product_id=?
    16:24:30.727 [pool-2-thread-492] DEBUG org.hibernate.SQL - 
        /* SELECT
            p 
        FROM
            Product p 
        WHERE
            p.id = :productId */ select
                p1_0.product_id,
                p1_0.category_id,
                p1_0.favorite_count,
                p1_0.price,
                p1_0.product_content,
                p1_0.product_name,
                p1_0.product_photo,
                p1_0.version 
            from
                product p1_0 
            where
                p1_0.product_id=? for update
    16:24:30.727 [pool-2-thread-484] DEBUG org.hibernate.SQL - 
        select
            f1_0.member_id,
            f1_0.product_id,
            f1_0.orderby 
        from
            favorite f1_0 
        where
            (
                f1_0.member_id, f1_0.product_id
            ) in ((?, ?))
    16:24:30.727 [pool-2-thread-484] DEBUG org.hibernate.SQL - 
        /* insert for
            com.codepresso.codepresso.entity.member.Favorite */insert 
        into
            favorite (orderby, member_id, product_id) 
        values
            (?, ?, ?)
    16:24:30.727 [pool-2-thread-484] DEBUG c.c.c.s.m.FavoritePessimisticService - 즐겨찾기 추가 성공 : memberId = 484, productId = 1
    16:24:30.727 [pool-2-thread-484] DEBUG c.c.c.s.m.FavoritePessimisticService - 메서드 종료 직전: memberId = 484, productId = 1
    16:24:30.727 [pool-2-thread-484] DEBUG c.c.c.s.m.FavoriteConcurrencyTest - 실패 : Could not commit JPA transaction 
    16:24:30.728 [pool-2-thread-491] DEBUG org.hibernate.SQL - 
        select
            ni1_0.nutrition_info_id,
            ni1_0.caffeine,
            ni1_0.calories,
            ni1_0.carbohydrate,
            ni1_0.cholesterol,
            ni1_0.fat,
            ni1_0.product_id,
            ni1_0.protein,
            ni1_0.saturated_fat,
            ni1_0.sodium,
            ni1_0.sugar,
            ni1_0.trans_fat 
        from
            nutrition_info ni1_0 
        where
            ni1_0.product_id=?
    16:24:30.728 [pool-2-thread-493] DEBUG org.hibernate.SQL - 
        /* SELECT
            p 
        FROM
            Product p 
        WHERE
            p.id = :productId */ select
                p1_0.product_id,
                p1_0.category_id,
                p1_0.favorite_count,
                p1_0.price,
                p1_0.product_content,
                p1_0.product_name,
                p1_0.product_photo,
                p1_0.version 
            from
                product p1_0 
            where
                p1_0.product_id=? for update
    16:24:30.728 [pool-2-thread-491] DEBUG org.hibernate.SQL - 
        select
            f1_0.member_id,
            f1_0.product_id,
            f1_0.orderby 
        from
            favorite f1_0 
        where
            (
                f1_0.member_id, f1_0.product_id
            ) in ((?, ?))
    16:24:30.728 [pool-2-thread-491] DEBUG org.hibernate.SQL - 
        /* insert for
            com.codepresso.codepresso.entity.member.Favorite */insert 
        into
            favorite (orderby, member_id, product_id) 
        values
            (?, ?, ?)
    16:24:30.728 [pool-2-thread-491] DEBUG c.c.c.s.m.FavoritePessimisticService - 즐겨찾기 추가 성공 : memberId = 491, productId = 1
    16:24:30.728 [pool-2-thread-491] DEBUG c.c.c.s.m.FavoritePessimisticService - 메서드 종료 직전: memberId = 491, productId = 1
    16:24:30.728 [pool-2-thread-491] DEBUG c.c.c.s.m.FavoriteConcurrencyTest - 실패 : Could not commit JPA transaction 
    16:24:30.729 [pool-2-thread-492] DEBUG org.hibernate.SQL - 
        select
            ni1_0.nutrition_info_id,
            ni1_0.caffeine,
            ni1_0.calories,
            ni1_0.carbohydrate,
            ni1_0.cholesterol,
            ni1_0.fat,
            ni1_0.product_id,
            ni1_0.protein,
            ni1_0.saturated_fat,
            ni1_0.sodium,
            ni1_0.sugar,
            ni1_0.trans_fat 
        from
            nutrition_info ni1_0 
        where
            ni1_0.product_id=?
    16:24:30.729 [pool-2-thread-494] DEBUG org.hibernate.SQL - 
        /* SELECT
            p 
        FROM
            Product p 
        WHERE
            p.id = :productId */ select
                p1_0.product_id,
                p1_0.category_id,
                p1_0.favorite_count,
                p1_0.price,
                p1_0.product_content,
                p1_0.product_name,
                p1_0.product_photo,
                p1_0.version 
            from
                product p1_0 
            where
                p1_0.product_id=? for update
    16:24:30.729 [pool-2-thread-492] DEBUG org.hibernate.SQL - 
        select
            f1_0.member_id,
            f1_0.product_id,
            f1_0.orderby 
        from
            favorite f1_0 
        where
            (
                f1_0.member_id, f1_0.product_id
            ) in ((?, ?))
    16:24:30.729 [pool-2-thread-492] DEBUG org.hibernate.SQL - 
        /* insert for
            com.codepresso.codepresso.entity.member.Favorite */insert 
        into
            favorite (orderby, member_id, product_id) 
        values
            (?, ?, ?)
    16:24:30.729 [pool-2-thread-492] DEBUG c.c.c.s.m.FavoritePessimisticService - 즐겨찾기 추가 성공 : memberId = 492, productId = 1
    16:24:30.729 [pool-2-thread-492] DEBUG c.c.c.s.m.FavoritePessimisticService - 메서드 종료 직전: memberId = 492, productId = 1
    16:24:30.730 [pool-2-thread-492] DEBUG c.c.c.s.m.FavoriteConcurrencyTest - 실패 : Could not commit JPA transaction 
    16:24:30.730 [pool-2-thread-493] DEBUG org.hibernate.SQL - 
        select
            ni1_0.nutrition_info_id,
            ni1_0.caffeine,
            ni1_0.calories,
            ni1_0.carbohydrate,
            ni1_0.cholesterol,
            ni1_0.fat,
            ni1_0.product_id,
            ni1_0.protein,
            ni1_0.saturated_fat,
            ni1_0.sodium,
            ni1_0.sugar,
            ni1_0.trans_fat 
        from
            nutrition_info ni1_0 
        where
            ni1_0.product_id=?
    16:24:30.730 [pool-2-thread-495] DEBUG org.hibernate.SQL - 
        /* SELECT
            p 
        FROM
            Product p 
        WHERE
            p.id = :productId */ select
                p1_0.product_id,
                p1_0.category_id,
                p1_0.favorite_count,
                p1_0.price,
                p1_0.product_content,
                p1_0.product_name,
                p1_0.product_photo,
                p1_0.version 
            from
                product p1_0 
            where
                p1_0.product_id=? for update
    16:24:30.730 [pool-2-thread-493] DEBUG org.hibernate.SQL - 
        select
            f1_0.member_id,
            f1_0.product_id,
            f1_0.orderby 
        from
            favorite f1_0 
        where
            (
                f1_0.member_id, f1_0.product_id
            ) in ((?, ?))
    16:24:30.730 [pool-2-thread-493] DEBUG org.hibernate.SQL - 
        /* insert for
            com.codepresso.codepresso.entity.member.Favorite */insert 
        into
            favorite (orderby, member_id, product_id) 
        values
            (?, ?, ?)
    16:24:30.731 [pool-2-thread-493] DEBUG c.c.c.s.m.FavoritePessimisticService - 즐겨찾기 추가 성공 : memberId = 493, productId = 1
    16:24:30.731 [pool-2-thread-493] DEBUG c.c.c.s.m.FavoritePessimisticService - 메서드 종료 직전: memberId = 493, productId = 1
    16:24:30.731 [pool-2-thread-493] DEBUG c.c.c.s.m.FavoriteConcurrencyTest - 실패 : Could not commit JPA transaction 
    16:24:30.731 [pool-2-thread-494] DEBUG org.hibernate.SQL - 
        select
            ni1_0.nutrition_info_id,
            ni1_0.caffeine,
            ni1_0.calories,
            ni1_0.carbohydrate,
            ni1_0.cholesterol,
            ni1_0.fat,
            ni1_0.product_id,
            ni1_0.protein,
            ni1_0.saturated_fat,
            ni1_0.sodium,
            ni1_0.sugar,
            ni1_0.trans_fat 
        from
            nutrition_info ni1_0 
        where
            ni1_0.product_id=?
    16:24:30.731 [pool-2-thread-496] DEBUG org.hibernate.SQL - 
        /* SELECT
            p 
        FROM
            Product p 
        WHERE
            p.id = :productId */ select
                p1_0.product_id,
                p1_0.category_id,
                p1_0.favorite_count,
                p1_0.price,
                p1_0.product_content,
                p1_0.product_name,
                p1_0.product_photo,
                p1_0.version 
            from
                product p1_0 
            where
                p1_0.product_id=? for update
    16:24:30.731 [pool-2-thread-494] DEBUG org.hibernate.SQL - 
        select
            f1_0.member_id,
            f1_0.product_id,
            f1_0.orderby 
        from
            favorite f1_0 
        where
            (
                f1_0.member_id, f1_0.product_id
            ) in ((?, ?))
    16:24:30.731 [pool-2-thread-494] DEBUG org.hibernate.SQL - 
        /* insert for
            com.codepresso.codepresso.entity.member.Favorite */insert 
        into
            favorite (orderby, member_id, product_id) 
        values
            (?, ?, ?)
    16:24:30.732 [pool-2-thread-494] DEBUG c.c.c.s.m.FavoritePessimisticService - 즐겨찾기 추가 성공 : memberId = 494, productId = 1
    16:24:30.732 [pool-2-thread-494] DEBUG c.c.c.s.m.FavoritePessimisticService - 메서드 종료 직전: memberId = 494, productId = 1
    16:24:30.732 [pool-2-thread-494] DEBUG c.c.c.s.m.FavoriteConcurrencyTest - 실패 : Could not commit JPA transaction 
    16:24:30.732 [pool-2-thread-495] DEBUG org.hibernate.SQL - 
        select
            ni1_0.nutrition_info_id,
            ni1_0.caffeine,
            ni1_0.calories,
            ni1_0.carbohydrate,
            ni1_0.cholesterol,
            ni1_0.fat,
            ni1_0.product_id,
            ni1_0.protein,
            ni1_0.saturated_fat,
            ni1_0.sodium,
            ni1_0.sugar,
            ni1_0.trans_fat 
        from
            nutrition_info ni1_0 
        where
            ni1_0.product_id=?
    16:24:30.732 [pool-2-thread-497] DEBUG org.hibernate.SQL - 
        /* SELECT
            p 
        FROM
            Product p 
        WHERE
            p.id = :productId */ select
                p1_0.product_id,
                p1_0.category_id,
                p1_0.favorite_count,
                p1_0.price,
                p1_0.product_content,
                p1_0.product_name,
                p1_0.product_photo,
                p1_0.version 
            from
                product p1_0 
            where
                p1_0.product_id=? for update
    16:24:30.732 [pool-2-thread-495] DEBUG org.hibernate.SQL - 
        select
            f1_0.member_id,
            f1_0.product_id,
            f1_0.orderby 
        from
            favorite f1_0 
        where
            (
                f1_0.member_id, f1_0.product_id
            ) in ((?, ?))
    16:24:30.733 [pool-2-thread-495] DEBUG org.hibernate.SQL - 
        /* insert for
            com.codepresso.codepresso.entity.member.Favorite */insert 
        into
            favorite (orderby, member_id, product_id) 
        values
            (?, ?, ?)
    16:24:30.733 [pool-2-thread-495] DEBUG c.c.c.s.m.FavoritePessimisticService - 즐겨찾기 추가 성공 : memberId = 495, productId = 1
    16:24:30.733 [pool-2-thread-495] DEBUG c.c.c.s.m.FavoritePessimisticService - 메서드 종료 직전: memberId = 495, productId = 1
    16:24:30.733 [pool-2-thread-495] DEBUG c.c.c.s.m.FavoriteConcurrencyTest - 실패 : Could not commit JPA transaction 
    16:24:30.733 [pool-2-thread-497] DEBUG org.hibernate.SQL - 
        select
            ni1_0.nutrition_info_id,
            ni1_0.caffeine,
            ni1_0.calories,
            ni1_0.carbohydrate,
            ni1_0.cholesterol,
            ni1_0.fat,
            ni1_0.product_id,
            ni1_0.protein,
            ni1_0.saturated_fat,
            ni1_0.sodium,
            ni1_0.sugar,
            ni1_0.trans_fat 
        from
            nutrition_info ni1_0 
        where
            ni1_0.product_id=?
    16:24:30.733 [pool-2-thread-498] DEBUG org.hibernate.SQL - 
        /* SELECT
            p 
        FROM
            Product p 
        WHERE
            p.id = :productId */ select
                p1_0.product_id,
                p1_0.category_id,
                p1_0.favorite_count,
                p1_0.price,
                p1_0.product_content,
                p1_0.product_name,
                p1_0.product_photo,
                p1_0.version 
            from
                product p1_0 
            where
                p1_0.product_id=? for update
    16:24:30.733 [pool-2-thread-497] DEBUG org.hibernate.SQL - 
        select
            f1_0.member_id,
            f1_0.product_id,
            f1_0.orderby 
        from
            favorite f1_0 
        where
            (
                f1_0.member_id, f1_0.product_id
            ) in ((?, ?))
    16:24:30.734 [pool-2-thread-497] DEBUG org.hibernate.SQL - 
        /* insert for
            com.codepresso.codepresso.entity.member.Favorite */insert 
        into
            favorite (orderby, member_id, product_id) 
        values
            (?, ?, ?)
    16:24:30.734 [pool-2-thread-497] DEBUG c.c.c.s.m.FavoritePessimisticService - 즐겨찾기 추가 성공 : memberId = 497, productId = 1
    16:24:30.734 [pool-2-thread-497] DEBUG c.c.c.s.m.FavoritePessimisticService - 메서드 종료 직전: memberId = 497, productId = 1
    16:24:30.734 [pool-2-thread-497] DEBUG c.c.c.s.m.FavoriteConcurrencyTest - 실패 : Could not commit JPA transaction 
    16:24:30.734 [pool-2-thread-490] DEBUG org.hibernate.SQL - 
        select
            ni1_0.nutrition_info_id,
            ni1_0.caffeine,
            ni1_0.calories,
            ni1_0.carbohydrate,
            ni1_0.cholesterol,
            ni1_0.fat,
            ni1_0.product_id,
            ni1_0.protein,
            ni1_0.saturated_fat,
            ni1_0.sodium,
            ni1_0.sugar,
            ni1_0.trans_fat 
        from
            nutrition_info ni1_0 
        where
            ni1_0.product_id=?
    16:24:30.734 [pool-2-thread-499] DEBUG org.hibernate.SQL - 
        /* SELECT
            p 
        FROM
            Product p 
        WHERE
            p.id = :productId */ select
                p1_0.product_id,
                p1_0.category_id,
                p1_0.favorite_count,
                p1_0.price,
                p1_0.product_content,
                p1_0.product_name,
                p1_0.product_photo,
                p1_0.version 
            from
                product p1_0 
            where
                p1_0.product_id=? for update
    16:24:30.735 [pool-2-thread-490] DEBUG org.hibernate.SQL - 
        select
            f1_0.member_id,
            f1_0.product_id,
            f1_0.orderby 
        from
            favorite f1_0 
        where
            (
                f1_0.member_id, f1_0.product_id
            ) in ((?, ?))
    16:24:30.735 [pool-2-thread-490] DEBUG org.hibernate.SQL - 
        /* insert for
            com.codepresso.codepresso.entity.member.Favorite */insert 
        into
            favorite (orderby, member_id, product_id) 
        values
            (?, ?, ?)
    16:24:30.735 [pool-2-thread-490] DEBUG c.c.c.s.m.FavoritePessimisticService - 즐겨찾기 추가 성공 : memberId = 490, productId = 1
    16:24:30.735 [pool-2-thread-490] DEBUG c.c.c.s.m.FavoritePessimisticService - 메서드 종료 직전: memberId = 490, productId = 1
    16:24:30.736 [pool-2-thread-490] DEBUG c.c.c.s.m.FavoriteConcurrencyTest - 실패 : Could not commit JPA transaction 
    16:24:30.736 [pool-2-thread-470] DEBUG org.hibernate.SQL - 
        select
            ni1_0.nutrition_info_id,
            ni1_0.caffeine,
            ni1_0.calories,
            ni1_0.carbohydrate,
            ni1_0.cholesterol,
            ni1_0.fat,
            ni1_0.product_id,
            ni1_0.protein,
            ni1_0.saturated_fat,
            ni1_0.sodium,
            ni1_0.sugar,
            ni1_0.trans_fat 
        from
            nutrition_info ni1_0 
        where
            ni1_0.product_id=?
    16:24:30.736 [pool-2-thread-500] DEBUG org.hibernate.SQL - 
        /* SELECT
            p 
        FROM
            Product p 
        WHERE
            p.id = :productId */ select
                p1_0.product_id,
                p1_0.category_id,
                p1_0.favorite_count,
                p1_0.price,
                p1_0.product_content,
                p1_0.product_name,
                p1_0.product_photo,
                p1_0.version 
            from
                product p1_0 
            where
                p1_0.product_id=? for update
    16:24:30.736 [pool-2-thread-470] DEBUG org.hibernate.SQL - 
        select
            f1_0.member_id,
            f1_0.product_id,
            f1_0.orderby 
        from
            favorite f1_0 
        where
            (
                f1_0.member_id, f1_0.product_id
            ) in ((?, ?))
    16:24:30.736 [pool-2-thread-470] DEBUG org.hibernate.SQL - 
        /* insert for
            com.codepresso.codepresso.entity.member.Favorite */insert 
        into
            favorite (orderby, member_id, product_id) 
        values
            (?, ?, ?)
    16:24:30.736 [pool-2-thread-470] DEBUG c.c.c.s.m.FavoritePessimisticService - 즐겨찾기 추가 성공 : memberId = 470, productId = 1
    16:24:30.736 [pool-2-thread-470] DEBUG c.c.c.s.m.FavoritePessimisticService - 메서드 종료 직전: memberId = 470, productId = 1
    16:24:30.736 [pool-2-thread-470] DEBUG c.c.c.s.m.FavoriteConcurrencyTest - 실패 : Could not commit JPA transaction 
    16:24:30.736 [pool-2-thread-500] DEBUG org.hibernate.SQL - 
        select
            ni1_0.nutrition_info_id,
            ni1_0.caffeine,
            ni1_0.calories,
            ni1_0.carbohydrate,
            ni1_0.cholesterol,
            ni1_0.fat,
            ni1_0.product_id,
            ni1_0.protein,
            ni1_0.saturated_fat,
            ni1_0.sodium,
            ni1_0.sugar,
            ni1_0.trans_fat 
        from
            nutrition_info ni1_0 
        where
            ni1_0.product_id=?
    16:24:30.737 [pool-2-thread-500] DEBUG org.hibernate.SQL - 
        select
            f1_0.member_id,
            f1_0.product_id,
            f1_0.orderby 
        from
            favorite f1_0 
        where
            (
                f1_0.member_id, f1_0.product_id
            ) in ((?, ?))
    16:24:30.737 [pool-2-thread-500] DEBUG org.hibernate.SQL - 
        /* insert for
            com.codepresso.codepresso.entity.member.Favorite */insert 
        into
            favorite (orderby, member_id, product_id) 
        values
            (?, ?, ?)
    16:24:30.737 [pool-2-thread-500] DEBUG c.c.c.s.m.FavoritePessimisticService - 즐겨찾기 추가 성공 : memberId = 500, productId = 1
    16:24:30.737 [pool-2-thread-500] DEBUG c.c.c.s.m.FavoritePessimisticService - 메서드 종료 직전: memberId = 500, productId = 1
    16:24:30.737 [pool-2-thread-500] DEBUG c.c.c.s.m.FavoriteConcurrencyTest - 실패 : Could not commit JPA transaction 
    16:24:30.737 [pool-2-thread-498] DEBUG org.hibernate.SQL - 
        select
            ni1_0.nutrition_info_id,
            ni1_0.caffeine,
            ni1_0.calories,
            ni1_0.carbohydrate,
            ni1_0.cholesterol,
            ni1_0.fat,
            ni1_0.product_id,
            ni1_0.protein,
            ni1_0.saturated_fat,
            ni1_0.sodium,
            ni1_0.sugar,
            ni1_0.trans_fat 
        from
            nutrition_info ni1_0 
        where
            ni1_0.product_id=?
    16:24:30.738 [pool-2-thread-498] DEBUG org.hibernate.SQL - 
        select
            f1_0.member_id,
            f1_0.product_id,
            f1_0.orderby 
        from
            favorite f1_0 
        where
            (
                f1_0.member_id, f1_0.product_id
            ) in ((?, ?))
    16:24:30.738 [pool-2-thread-498] DEBUG org.hibernate.SQL - 
        /* insert for
            com.codepresso.codepresso.entity.member.Favorite */insert 
        into
            favorite (orderby, member_id, product_id) 
        values
            (?, ?, ?)
    16:24:30.738 [pool-2-thread-498] DEBUG c.c.c.s.m.FavoritePessimisticService - 즐겨찾기 추가 성공 : memberId = 498, productId = 1
    16:24:30.738 [pool-2-thread-498] DEBUG c.c.c.s.m.FavoritePessimisticService - 메서드 종료 직전: memberId = 498, productId = 1
    16:24:30.738 [pool-2-thread-498] DEBUG c.c.c.s.m.FavoriteConcurrencyTest - 실패 : Could not commit JPA transaction 
    16:24:30.738 [pool-2-thread-431] DEBUG org.hibernate.SQL - 
        select
            ni1_0.nutrition_info_id,
            ni1_0.caffeine,
            ni1_0.calories,
            ni1_0.carbohydrate,
            ni1_0.cholesterol,
            ni1_0.fat,
            ni1_0.product_id,
            ni1_0.protein,
            ni1_0.saturated_fat,
            ni1_0.sodium,
            ni1_0.sugar,
            ni1_0.trans_fat 
        from
            nutrition_info ni1_0 
        where
            ni1_0.product_id=?
    16:24:30.738 [pool-2-thread-431] DEBUG org.hibernate.SQL - 
        select
            f1_0.member_id,
            f1_0.product_id,
            f1_0.orderby 
        from
            favorite f1_0 
        where
            (
                f1_0.member_id, f1_0.product_id
            ) in ((?, ?))
    16:24:30.739 [pool-2-thread-431] DEBUG org.hibernate.SQL - 
        /* insert for
            com.codepresso.codepresso.entity.member.Favorite */insert 
        into
            favorite (orderby, member_id, product_id) 
        values
            (?, ?, ?)
    16:24:30.739 [pool-2-thread-431] DEBUG c.c.c.s.m.FavoritePessimisticService - 즐겨찾기 추가 성공 : memberId = 431, productId = 1
    16:24:30.739 [pool-2-thread-431] DEBUG c.c.c.s.m.FavoritePessimisticService - 메서드 종료 직전: memberId = 431, productId = 1
    16:24:30.739 [pool-2-thread-431] DEBUG c.c.c.s.m.FavoriteConcurrencyTest - 실패 : Could not commit JPA transaction 
    16:24:30.739 [pool-2-thread-499] DEBUG org.hibernate.SQL - 
        select
            ni1_0.nutrition_info_id,
            ni1_0.caffeine,
            ni1_0.calories,
            ni1_0.carbohydrate,
            ni1_0.cholesterol,
            ni1_0.fat,
            ni1_0.product_id,
            ni1_0.protein,
            ni1_0.saturated_fat,
            ni1_0.sodium,
            ni1_0.sugar,
            ni1_0.trans_fat 
        from
            nutrition_info ni1_0 
        where
            ni1_0.product_id=?
    16:24:30.739 [pool-2-thread-499] DEBUG org.hibernate.SQL - 
        select
            f1_0.member_id,
            f1_0.product_id,
            f1_0.orderby 
        from
            favorite f1_0 
        where
            (
                f1_0.member_id, f1_0.product_id
            ) in ((?, ?))
    16:24:30.740 [pool-2-thread-499] DEBUG org.hibernate.SQL - 
        /* insert for
            com.codepresso.codepresso.entity.member.Favorite */insert 
        into
            favorite (orderby, member_id, product_id) 
        values
            (?, ?, ?)
    16:24:30.740 [pool-2-thread-499] DEBUG c.c.c.s.m.FavoritePessimisticService - 즐겨찾기 추가 성공 : memberId = 499, productId = 1
    16:24:30.740 [pool-2-thread-499] DEBUG c.c.c.s.m.FavoritePessimisticService - 메서드 종료 직전: memberId = 499, productId = 1
    16:24:30.740 [pool-2-thread-499] DEBUG c.c.c.s.m.FavoriteConcurrencyTest - 실패 : Could not commit JPA transaction 
    16:24:30.740 [pool-2-thread-496] DEBUG org.hibernate.SQL - 
        select
            ni1_0.nutrition_info_id,
            ni1_0.caffeine,
            ni1_0.calories,
            ni1_0.carbohydrate,
            ni1_0.cholesterol,
            ni1_0.fat,
            ni1_0.product_id,
            ni1_0.protein,
            ni1_0.saturated_fat,
            ni1_0.sodium,
            ni1_0.sugar,
            ni1_0.trans_fat 
        from
            nutrition_info ni1_0 
        where
            ni1_0.product_id=?
    16:24:30.740 [pool-2-thread-496] DEBUG org.hibernate.SQL - 
        select
            f1_0.member_id,
            f1_0.product_id,
            f1_0.orderby 
        from
            favorite f1_0 
        where
            (
                f1_0.member_id, f1_0.product_id
            ) in ((?, ?))
    16:24:30.741 [pool-2-thread-496] DEBUG org.hibernate.SQL - 
        /* insert for
            com.codepresso.codepresso.entity.member.Favorite */insert 
        into
            favorite (orderby, member_id, product_id) 
        values
            (?, ?, ?)
    16:24:30.741 [pool-2-thread-496] DEBUG c.c.c.s.m.FavoritePessimisticService - 즐겨찾기 추가 성공 : memberId = 496, productId = 1
    16:24:30.741 [pool-2-thread-496] DEBUG c.c.c.s.m.FavoritePessimisticService - 메서드 종료 직전: memberId = 496, productId = 1
    16:24:30.741 [pool-2-thread-496] DEBUG c.c.c.s.m.FavoriteConcurrencyTest - 실패 : Could not commit JPA transaction 
    16:24:30.741 [pool-2-thread-462] DEBUG org.hibernate.SQL - 
        select
            ni1_0.nutrition_info_id,
            ni1_0.caffeine,
            ni1_0.calories,
            ni1_0.carbohydrate,
            ni1_0.cholesterol,
            ni1_0.fat,
            ni1_0.product_id,
            ni1_0.protein,
            ni1_0.saturated_fat,
            ni1_0.sodium,
            ni1_0.sugar,
            ni1_0.trans_fat 
        from
            nutrition_info ni1_0 
        where
            ni1_0.product_id=?
    16:24:30.741 [pool-2-thread-462] DEBUG org.hibernate.SQL - 
        select
            f1_0.member_id,
            f1_0.product_id,
            f1_0.orderby 
        from
            favorite f1_0 
        where
            (
                f1_0.member_id, f1_0.product_id
            ) in ((?, ?))
    16:24:30.742 [pool-2-thread-462] DEBUG org.hibernate.SQL - 
        /* insert for
            com.codepresso.codepresso.entity.member.Favorite */insert 
        into
            favorite (orderby, member_id, product_id) 
        values
            (?, ?, ?)
    16:24:30.742 [pool-2-thread-462] DEBUG c.c.c.s.m.FavoritePessimisticService - 즐겨찾기 추가 성공 : memberId = 462, productId = 1
    16:24:30.742 [pool-2-thread-462] DEBUG c.c.c.s.m.FavoritePessimisticService - 메서드 종료 직전: memberId = 462, productId = 1
    16:24:30.742 [pool-2-thread-462] DEBUG c.c.c.s.m.FavoriteConcurrencyTest - 실패 : Could not commit JPA transaction 
    16:24:30.742 [pool-2-thread-486] DEBUG org.hibernate.SQL - 
        select
            ni1_0.nutrition_info_id,
            ni1_0.caffeine,
            ni1_0.calories,
            ni1_0.carbohydrate,
            ni1_0.cholesterol,
            ni1_0.fat,
            ni1_0.product_id,
            ni1_0.protein,
            ni1_0.saturated_fat,
            ni1_0.sodium,
            ni1_0.sugar,
            ni1_0.trans_fat 
        from
            nutrition_info ni1_0 
        where
            ni1_0.product_id=?
    16:24:30.743 [pool-2-thread-486] DEBUG org.hibernate.SQL - 
        select
            f1_0.member_id,
            f1_0.product_id,
            f1_0.orderby 
        from
            favorite f1_0 
        where
            (
                f1_0.member_id, f1_0.product_id
            ) in ((?, ?))
    16:24:30.743 [pool-2-thread-486] DEBUG org.hibernate.SQL - 
        /* insert for
            com.codepresso.codepresso.entity.member.Favorite */insert 
        into
            favorite (orderby, member_id, product_id) 
        values
            (?, ?, ?)
    16:24:30.743 [pool-2-thread-486] DEBUG c.c.c.s.m.FavoritePessimisticService - 즐겨찾기 추가 성공 : memberId = 486, productId = 1
    16:24:30.743 [pool-2-thread-486] DEBUG c.c.c.s.m.FavoritePessimisticService - 메서드 종료 직전: memberId = 486, productId = 1
    16:24:30.743 [pool-2-thread-486] DEBUG c.c.c.s.m.FavoriteConcurrencyTest - 실패 : Could not commit JPA transaction 
    16:24:30.743 [pool-2-thread-407] DEBUG org.hibernate.SQL - 
        select
            ni1_0.nutrition_info_id,
            ni1_0.caffeine,
            ni1_0.calories,
            ni1_0.carbohydrate,
            ni1_0.cholesterol,
            ni1_0.fat,
            ni1_0.product_id,
            ni1_0.protein,
            ni1_0.saturated_fat,
            ni1_0.sodium,
            ni1_0.sugar,
            ni1_0.trans_fat 
        from
            nutrition_info ni1_0 
        where
            ni1_0.product_id=?
    16:24:30.744 [pool-2-thread-407] DEBUG org.hibernate.SQL - 
        select
            f1_0.member_id,
            f1_0.product_id,
            f1_0.orderby 
        from
            favorite f1_0 
        where
            (
                f1_0.member_id, f1_0.product_id
            ) in ((?, ?))
    16:24:30.744 [pool-2-thread-407] DEBUG org.hibernate.SQL - 
        /* insert for
            com.codepresso.codepresso.entity.member.Favorite */insert 
        into
            favorite (orderby, member_id, product_id) 
        values
            (?, ?, ?)
    16:24:30.744 [pool-2-thread-407] DEBUG c.c.c.s.m.FavoritePessimisticService - 즐겨찾기 추가 성공 : memberId = 407, productId = 1
    16:24:30.744 [pool-2-thread-407] DEBUG c.c.c.s.m.FavoritePessimisticService - 메서드 종료 직전: memberId = 407, productId = 1
    16:24:30.744 [pool-2-thread-407] DEBUG c.c.c.s.m.FavoriteConcurrencyTest - 실패 : Could not commit JPA transaction 
    16:24:30.745 [pool-2-thread-17] DEBUG org.hibernate.SQL - 
        select
            ni1_0.nutrition_info_id,
            ni1_0.caffeine,
            ni1_0.calories,
            ni1_0.carbohydrate,
            ni1_0.cholesterol,
            ni1_0.fat,
            ni1_0.product_id,
            ni1_0.protein,
            ni1_0.saturated_fat,
            ni1_0.sodium,
            ni1_0.sugar,
            ni1_0.trans_fat 
        from
            nutrition_info ni1_0 
        where
            ni1_0.product_id=?
    16:24:30.745 [pool-2-thread-17] DEBUG org.hibernate.SQL - 
        select
            f1_0.member_id,
            f1_0.product_id,
            f1_0.orderby 
        from
            favorite f1_0 
        where
            (
                f1_0.member_id, f1_0.product_id
            ) in ((?, ?))
    16:24:30.745 [pool-2-thread-17] DEBUG org.hibernate.SQL - 
        /* insert for
            com.codepresso.codepresso.entity.member.Favorite */insert 
        into
            favorite (orderby, member_id, product_id) 
        values
            (?, ?, ?)
    16:24:30.745 [pool-2-thread-17] DEBUG c.c.c.s.m.FavoritePessimisticService - 즐겨찾기 추가 성공 : memberId = 17, productId = 1
    16:24:30.745 [pool-2-thread-17] DEBUG c.c.c.s.m.FavoritePessimisticService - 메서드 종료 직전: memberId = 17, productId = 1
    16:24:30.746 [pool-2-thread-17] DEBUG c.c.c.s.m.FavoriteConcurrencyTest - 실패 : Could not commit JPA transaction 
    16:24:30.756 [Test worker] DEBUG org.hibernate.SQL - 
        select
            p1_0.product_id,
            p1_0.category_id,
            p1_0.favorite_count,
            ni1_0.nutrition_info_id,
            ni1_0.caffeine,
            ni1_0.calories,
            ni1_0.carbohydrate,
            ni1_0.cholesterol,
            ni1_0.fat,
            ni1_0.protein,
            ni1_0.saturated_fat,
            ni1_0.sodium,
            ni1_0.sugar,
            ni1_0.trans_fat,
            p1_0.price,
            p1_0.product_content,
            p1_0.product_name,
            p1_0.product_photo,
            p1_0.version 
        from
            product p1_0 
        left join
            nutrition_info ni1_0 
                on p1_0.product_id=ni1_0.product_id 
        where
            p1_0.product_id=?
    16:24:30.785 [Test worker] DEBUG org.hibernate.SQL - 
        /* <criteria> */ select
            count(*) 
        from
            favorite f1_0 
        where
            f1_0.product_id=?
    16:24:30.789 [Test worker] INFO  c.c.c.s.m.FavoriteConcurrencyTest - ========================
    16:24:30.789 [Test worker] INFO  c.c.c.s.m.FavoriteConcurrencyTest - 비관적 락 테스트 결과
    16:24:30.789 [Test worker] INFO  c.c.c.s.m.FavoriteConcurrencyTest - 실행시간 : 1098ms
    16:24:30.789 [Test worker] INFO  c.c.c.s.m.FavoriteConcurrencyTest - 성공 요청 : 0
    16:24:30.789 [Test worker] INFO  c.c.c.s.m.FavoriteConcurrencyTest - 실패 요청 : 500
    16:24:30.789 [Test worker] INFO  c.c.c.s.m.FavoriteConcurrencyTest - 실제 Favorite 레코드 수 : 0
    16:24:30.789 [Test worker] INFO  c.c.c.s.m.FavoriteConcurrencyTest - 데이터 정합성 : 실패 (예상 : 500, 실제 : 0)
    16:24:30.789 [Test worker] INFO  c.c.c.s.m.FavoriteConcurrencyTest - ========================

FavoriteConcurrencyTest > 비관적 락 - 500명 동시 요청 FAILED
    org.opentest4j.AssertionFailedError: 
    expected: 500L
     but was: 0L
        at app//com.codepresso.codepresso.service.member.FavoriteConcurrencyTest.testPessimisticLock(FavoriteConcurrencyTest.java:142)

1 test completed, 1 failed
Finished generating test XML results (0.024 secs) into: /Users/admin/Documents/codepresso-cafe-platform/build/test-results/test
Generating HTML test report...
Finished generating test html results (0.026 secs) into: /Users/admin/Documents/codepresso-cafe-platform/build/reports/tests/test

FAILURE: Build failed with an exception.

* What went wrong:
Execution failed for task ':test'.
> There were failing tests. See the report at: file:///Users/admin/Documents/codepresso-cafe-platform/build/reports/tests/test/index.html

* Try:
> Run with --scan to get full insights.

BUILD FAILED in 9s
5 actionable tasks: 1 executed, 4 up-to-date
Watched directory hierarchies: [/Users/admin/Documents/codepresso-cafe-platform]
